@@BENCH-BEGIN@@ {"t":"begin","schema":1,"cells":71,"boot_us":3797791,"reset":3,"build":{"app_git":"802104f3869e","app_dirty":true,"app_branch":"main","pax_git":"f18645c3ac7e","pax_dirty":false,"pax_branch":"opt/text-rendering","idf":"v6.0.2","opt":"Og","app_ver":"802104f-dirty","app_date":"Aug 20 2026 13:19:22"},"hw":{"chip":"esp32p4","rev":103,"cores":2,"cpu_mhz_nom":360,"cpu_mhz_meas":360.00,"l2_kb":128,"l2_line":64,"psram":true},"cfg":{"pm_enable":true,"pm_lock":true,"tick_hz":100,"wdt":false,"pax":{"bounds_check":false,"orientation":true,"async":"multithread","range_setter":true,"range_merger":true,"fixed_point":true,"long_fixed_point":true,"queue_size":32,"sso_len":32}},"mem":{"tile_dim":256,"int_addr":"0x4ff40700","psram_addr":"0x4811a900","int_free":324567,"int_largest":192512,"psram_free":30524228},"bench":{"n_samples":15,"warmup":2,"target_sample_us":110000,"cell_budget_us":2000000,"corpus_ver":1,"join_placement":"per_sample","driver_core":0,"driver_prio":5,"scrub_bytes":524288}} @@bbf85756@@
@@BENCH-CELL@@ {"t":"cell","i":0,"id":"drift.first","g":"drift","ax":{"fmt":"888","font":"saira_regular","size":18.0,"ratio":1.0000,"path":"blit/alpha","orient":"rotcw","mem":"psram","rend":"async2","alpha":255,"halign":0,"corpus":0},"w":{"rows":12,"glyphs":161,"chars":175,"src_px":13512,"dest_px":13512},"m":{"reps":20,"n":15,"min":97687,"med":97796,"max":98015,"mean":97817.0,"sd":99.9},"d":{"ns_iter":4889800,"ns_px":361.89},"q":{"cv":0.10,"spread":0.34,"mhz":360.0,"outliers":0,"flags":[]},"h":"de65743c"} @@a790554c@@
@@BENCH-RAW@@ {"i":0,"s":[97870,97739,97942,98012,97737,97796,97798,97812,97728,98015,97793,97687,97778,97845,97703]} @@948acd6a@@
I (6604) bench: [1/71] drift.first                       4889800 ns/iter  361.89 ns/px  cv 0.10%
@@BENCH-CELL@@ {"t":"cell","i":1,"id":"c565.fast1.upright.psram.sync","g":"cube","ax":{"fmt":"565","font":"sky","size":9.0,"ratio":1.0000,"path":"blit/direct","orient":"upright","mem":"psram","rend":"sync","alpha":255,"halign":0,"corpus":0},"w":{"rows":23,"glyphs":373,"chars":397,"src_px":10135,"dest_px":10135},"m":{"reps":41,"n":15,"min":89369,"med":89773,"max":89893,"mean":89714.8,"sd":152.9},"d":{"ns_iter":2189585,"ns_px":216.04},"q":{"cv":0.17,"spread":0.58,"mhz":360.0,"outliers":0,"flags":[]},"h":"16b7abd1"} @@d0337d76@@
@@BENCH-RAW@@ {"i":1,"s":[89369,89437,89519,89706,89893,89687,89638,89831,89770,89822,89842,89817,89773,89836,89782]} @@50eab151@@
I (7984) bench: [2/71] c565.fast1.upright.psram.sync     2189585 ns/iter  216.04 ns/px  cv 0.17%
@@BENCH-CELL@@ {"t":"cell","i":2,"id":"c565.fast1.upright.psram.async2","g":"cube","ax":{"fmt":"565","font":"sky","size":9.0,"ratio":1.0000,"path":"blit/direct","orient":"upright","mem":"psram","rend":"async2","alpha":255,"halign":0,"corpus":0},"w":{"rows":23,"glyphs":373,"chars":397,"src_px":10135,"dest_px":10135},"m":{"reps":26,"n":15,"min":103335,"med":103406,"max":103542,"mean":103424.1,"sd":57.5},"d":{"ns_iter":3977153,"ns_px":392.42},"q":{"cv":0.06,"spread":0.20,"mhz":360.0,"outliers":0,"flags":[]},"h":"16b7abd1"} @@5411161e@@
@@BENCH-RAW@@ {"i":2,"s":[103471,103374,103402,103360,103335,103502,103393,103438,103454,103364,103485,103454,103542,103406,103382]} @@cb61aa58@@
I (9584) bench: [3/71] c565.fast1.upright.psram.async2   3977153 ns/iter  392.42 ns/px  cv 0.06%
@@BENCH-CELL@@ {"t":"cell","i":3,"id":"c565.fast1.upright.sram.sync","g":"cube","ax":{"fmt":"565","font":"sky","size":9.0,"ratio":1.0000,"path":"blit/direct","orient":"upright","mem":"sram","rend":"sync","alpha":255,"halign":0,"corpus":0},"w":{"rows":23,"glyphs":373,"chars":397,"src_px":10135,"dest_px":10135},"m":{"reps":46,"n":15,"min":100189,"med":100254,"max":100433,"mean":100260.6,"sd":56.0},"d":{"ns_iter":2179434,"ns_px":215.04},"q":{"cv":0.06,"spread":0.24,"mhz":360.0,"outliers":0,"flags":[]},"h":"16b7abd1"} @@988cfd49@@
@@BENCH-RAW@@ {"i":3,"s":[100433,100273,100189,100193,100240,100225,100230,100254,100264,100220,100248,100267,100300,100287,100286]} @@b91344cc@@
I (11114) bench: [4/71] c565.fast1.upright.sram.sync      2179434 ns/iter  215.04 ns/px  cv 0.06%
@@BENCH-CELL@@ {"t":"cell","i":4,"id":"c565.fast1.upright.sram.async2","g":"cube","ax":{"fmt":"565","font":"sky","size":9.0,"ratio":1.0000,"path":"blit/direct","orient":"upright","mem":"sram","rend":"async2","alpha":255,"halign":0,"corpus":0},"w":{"rows":23,"glyphs":373,"chars":397,"src_px":10135,"dest_px":10135},"m":{"reps":28,"n":15,"min":110931,"med":111110,"max":111228,"mean":111122.1,"sd":73.1},"d":{"ns_iter":3968214,"ns_px":391.54},"q":{"cv":0.07,"spread":0.27,"mhz":360.0,"outliers":0,"flags":[]},"h":"16b7abd1"} @@9ff71c2c@@
@@BENCH-RAW@@ {"i":4,"s":[111110,111102,111228,111157,111106,111131,111136,111043,111071,111172,111101,111228,111110,111205,110931]} @@188fc38b@@
I (12814) bench: [5/71] c565.fast1.upright.sram.async2    3968214 ns/iter  391.54 ns/px  cv 0.07%
@@BENCH-CELL@@ {"t":"cell","i":5,"id":"c565.fast1.rotcw.psram.sync","g":"cube","ax":{"fmt":"565","font":"sky","size":9.0,"ratio":1.0000,"path":"blit/direct","orient":"rotcw","mem":"psram","rend":"sync","alpha":255,"halign":0,"corpus":0},"w":{"rows":23,"glyphs":373,"chars":397,"src_px":10135,"dest_px":10135},"m":{"reps":36,"n":15,"min":79071,"med":79166,"max":79256,"mean":79170.6,"sd":46.0},"d":{"ns_iter":2199055,"ns_px":216.98},"q":{"cv":0.06,"spread":0.23,"mhz":360.0,"outliers":0,"flags":[]},"h":"70d20c11"} @@53a9f214@@
@@BENCH-RAW@@ {"i":5,"s":[79121,79127,79071,79171,79256,79150,79151,79146,79230,79166,79182,79165,79187,79205,79231]} @@15081ae3@@
I (14044) bench: [6/71] c565.fast1.rotcw.psram.sync       2199055 ns/iter  216.98 ns/px  cv 0.06%
@@BENCH-CELL@@ {"t":"cell","i":6,"id":"c565.fast1.rotcw.psram.async2","g":"cube","ax":{"fmt":"565","font":"sky","size":9.0,"ratio":1.0000,"path":"blit/direct","orient":"rotcw","mem":"psram","rend":"async2","alpha":255,"halign":0,"corpus":0},"w":{"rows":23,"glyphs":373,"chars":397,"src_px":10135,"dest_px":10135},"m":{"reps":24,"n":15,"min":98464,"med":98638,"max":98936,"mean":98646.7,"sd":136.8},"d":{"ns_iter":4109916,"ns_px":405.52},"q":{"cv":0.14,"spread":0.48,"mhz":360.0,"outliers":0,"flags":[]},"h":"70d20c11"} @@6e954ece@@
@@BENCH-RAW@@ {"i":6,"s":[98667,98728,98474,98562,98575,98736,98936,98917,98540,98638,98589,98681,98675,98518,98464]} @@e9fe8f2f@@
I (15554) bench: [7/71] c565.fast1.rotcw.psram.async2     4109916 ns/iter  405.52 ns/px  cv 0.14%
@@BENCH-CELL@@ {"t":"cell","i":7,"id":"c565.fast1.rotcw.sram.sync","g":"cube","ax":{"fmt":"565","font":"sky","size":9.0,"ratio":1.0000,"path":"blit/direct","orient":"rotcw","mem":"sram","rend":"sync","alpha":255,"halign":0,"corpus":0},"w":{"rows":23,"glyphs":373,"chars":397,"src_px":10135,"dest_px":10135},"m":{"reps":46,"n":15,"min":100761,"med":100988,"max":101132,"mean":100980.8,"sd":107.5},"d":{"ns_iter":2195391,"ns_px":216.61},"q":{"cv":0.11,"spread":0.37,"mhz":360.0,"outliers":0,"flags":[]},"h":"70d20c11"} @@ed38ed0a@@
@@BENCH-RAW@@ {"i":7,"s":[100868,101093,101093,101005,100988,100999,100956,100941,100901,100761,100816,100966,101079,101132,101114]} @@5107d129@@
I (17104) bench: [8/71] c565.fast1.rotcw.sram.sync        2195391 ns/iter  216.61 ns/px  cv 0.11%
@@BENCH-CELL@@ {"t":"cell","i":8,"id":"c565.fast1.rotcw.sram.async2","g":"cube","ax":{"fmt":"565","font":"sky","size":9.0,"ratio":1.0000,"path":"blit/direct","orient":"rotcw","mem":"sram","rend":"async2","alpha":255,"halign":0,"corpus":0},"w":{"rows":23,"glyphs":373,"chars":397,"src_px":10135,"dest_px":10135},"m":{"reps":28,"n":15,"min":114225,"med":114454,"max":114582,"mean":114426.3,"sd":116.3},"d":{"ns_iter":4087642,"ns_px":403.32},"q":{"cv":0.10,"spread":0.31,"mhz":360.0,"outliers":0,"flags":[]},"h":"70d20c11"} @@7f22bc03@@
@@BENCH-RAW@@ {"i":8,"s":[114454,114292,114521,114571,114419,114460,114458,114566,114582,114225,114330,114227,114327,114518,114444]} @@6102f91a@@
I (18854) bench: [9/71] c565.fast1.rotcw.sram.async2      4087642 ns/iter  403.32 ns/px  cv 0.10%
@@BENCH-CELL@@ {"t":"cell","i":9,"id":"c565.fast2.upright.psram.sync","g":"cube","ax":{"fmt":"565","font":"saira_regular","size":18.0,"ratio":1.0000,"path":"blit/alpha","orient":"upright","mem":"psram","rend":"sync","alpha":255,"halign":0,"corpus":0},"w":{"rows":12,"glyphs":161,"chars":175,"src_px":13512,"dest_px":13512},"m":{"reps":17,"n":15,"min":102566,"med":102752,"max":102854,"mean":102754.3,"sd":70.9},"d":{"ns_iter":6044235,"ns_px":447.32},"q":{"cv":0.07,"spread":0.28,"mhz":360.0,"outliers":0,"flags":[]},"h":"ecacce31"} @@4c3933ae@@
@@BENCH-RAW@@ {"i":9,"s":[102846,102815,102751,102736,102566,102749,102695,102752,102758,102815,102809,102776,102691,102701,102854]} @@3d6ab7f9@@
I (20444) bench: [10/71] c565.fast2.upright.psram.sync     6044235 ns/iter  447.32 ns/px  cv 0.07%
@@BENCH-CELL@@ {"t":"cell","i":10,"id":"c565.fast2.upright.psram.async2","g":"cube","ax":{"fmt":"565","font":"saira_regular","size":18.0,"ratio":1.0000,"path":"blit/alpha","orient":"upright","mem":"psram","rend":"async2","alpha":255,"halign":0,"corpus":0},"w":{"rows":12,"glyphs":161,"chars":175,"src_px":13512,"dest_px":13512},"m":{"reps":23,"n":15,"min":98219,"med":98271,"max":98443,"mean":98307.0,"sd":71.7},"d":{"ns_iter":4272652,"ns_px":316.21},"q":{"cv":0.07,"spread":0.23,"mhz":360.0,"outliers":0,"flags":[]},"h":"ecacce31"} @@efe317a6@@
@@BENCH-RAW@@ {"i":10,"s":[98263,98248,98219,98365,98234,98315,98269,98258,98407,98299,98271,98227,98443,98383,98404]} @@7990cd78@@
I (21964) bench: [11/71] c565.fast2.upright.psram.async2   4272652 ns/iter  316.21 ns/px  cv 0.07%
@@BENCH-CELL@@ {"t":"cell","i":11,"id":"c565.fast2.upright.sram.sync","g":"cube","ax":{"fmt":"565","font":"saira_regular","size":18.0,"ratio":1.0000,"path":"blit/alpha","orient":"upright","mem":"sram","rend":"sync","alpha":255,"halign":0,"corpus":0},"w":{"rows":12,"glyphs":161,"chars":175,"src_px":13512,"dest_px":13512},"m":{"reps":18,"n":15,"min":108725,"med":108811,"max":108921,"mean":108797.5,"sd":51.5},"d":{"ns_iter":6045055,"ns_px":447.38},"q":{"cv":0.05,"spread":0.18,"mhz":360.0,"outliers":0,"flags":[]},"h":"ecacce31"} @@ea62e533@@
@@BENCH-RAW@@ {"i":11,"s":[108921,108835,108848,108818,108811,108746,108750,108749,108845,108725,108816,108765,108742,108777,108814]} @@55742005@@
I (23644) bench: [12/71] c565.fast2.upright.sram.sync      6045055 ns/iter  447.38 ns/px  cv 0.05%
@@BENCH-CELL@@ {"t":"cell","i":12,"id":"c565.fast2.upright.sram.async2","g":"cube","ax":{"fmt":"565","font":"saira_regular","size":18.0,"ratio":1.0000,"path":"blit/alpha","orient":"upright","mem":"sram","rend":"async2","alpha":255,"halign":0,"corpus":0},"w":{"rows":12,"glyphs":161,"chars":175,"src_px":13512,"dest_px":13512},"m":{"reps":25,"n":15,"min":106835,"med":106953,"max":107148,"mean":106962.5,"sd":86.7},"d":{"ns_iter":4278120,"ns_px":316.62},"q":{"cv":0.08,"spread":0.29,"mhz":360.0,"outliers":0,"flags":[]},"h":"ecacce31"} @@a9df0e81@@
@@BENCH-RAW@@ {"i":12,"s":[107019,106911,106953,106988,106978,106926,107148,106889,106839,106967,106931,106835,107131,107005,106918]} @@22cfd7f6@@
I (25284) bench: [13/71] c565.fast2.upright.sram.async2    4278120 ns/iter  316.62 ns/px  cv 0.08%
@@BENCH-CELL@@ {"t":"cell","i":13,"id":"c565.fast2.rotcw.psram.sync","g":"cube","ax":{"fmt":"565","font":"saira_regular","size":18.0,"ratio":1.0000,"path":"blit/alpha","orient":"rotcw","mem":"psram","rend":"sync","alpha":255,"halign":0,"corpus":0},"w":{"rows":12,"glyphs":161,"chars":175,"src_px":13512,"dest_px":13512},"m":{"reps":16,"n":15,"min":97483,"med":97549,"max":97679,"mean":97562.2,"sd":63.5},"d":{"ns_iter":6096812,"ns_px":451.21},"q":{"cv":0.07,"spread":0.20,"mhz":360.0,"outliers":0,"flags":[]},"h":"70889db9"} @@c06b018d@@
@@BENCH-RAW@@ {"i":13,"s":[97661,97508,97561,97518,97503,97492,97483,97552,97604,97651,97549,97679,97628,97527,97517]} @@e4a19e5b@@
I (26804) bench: [14/71] c565.fast2.rotcw.psram.sync       6096812 ns/iter  451.21 ns/px  cv 0.07%
@@BENCH-CELL@@ {"t":"cell","i":14,"id":"c565.fast2.rotcw.psram.async2","g":"cube","ax":{"fmt":"565","font":"saira_regular","size":18.0,"ratio":1.0000,"path":"blit/alpha","orient":"rotcw","mem":"psram","rend":"async2","alpha":255,"halign":0,"corpus":0},"w":{"rows":12,"glyphs":161,"chars":175,"src_px":13512,"dest_px":13512},"m":{"reps":20,"n":15,"min":92755,"med":92842,"max":93032,"mean":92854.7,"sd":64.7},"d":{"ns_iter":4642100,"ns_px":343.55},"q":{"cv":0.07,"spread":0.30,"mhz":360.0,"outliers":0,"flags":[]},"h":"70889db9"} @@628fa2fd@@
@@BENCH-RAW@@ {"i":14,"s":[92898,92841,92810,92847,92872,92820,93032,92793,92842,92801,92818,92755,92887,92934,92870]} @@ba81eeaa@@
I (28234) bench: [15/71] c565.fast2.rotcw.psram.async2     4642100 ns/iter  343.55 ns/px  cv 0.07%
@@BENCH-CELL@@ {"t":"cell","i":15,"id":"c565.fast2.rotcw.sram.sync","g":"cube","ax":{"fmt":"565","font":"saira_regular","size":18.0,"ratio":1.0000,"path":"blit/alpha","orient":"rotcw","mem":"sram","rend":"sync","alpha":255,"halign":0,"corpus":0},"w":{"rows":12,"glyphs":161,"chars":175,"src_px":13512,"dest_px":13512},"m":{"reps":18,"n":15,"min":109260,"med":109377,"max":109458,"mean":109349.9,"sd":63.7},"d":{"ns_iter":6076500,"ns_px":449.71},"q":{"cv":0.06,"spread":0.18,"mhz":360.0,"outliers":0,"flags":[]},"h":"70889db9"} @@eee5d994@@
@@BENCH-RAW@@ {"i":15,"s":[109268,109293,109270,109291,109420,109458,109409,109328,109295,109260,109385,109411,109383,109401,109377]} @@1ed43d08@@
I (29924) bench: [16/71] c565.fast2.rotcw.sram.sync        6076500 ns/iter  449.71 ns/px  cv 0.06%
@@BENCH-CELL@@ {"t":"cell","i":16,"id":"c565.fast2.rotcw.sram.async2","g":"cube","ax":{"fmt":"565","font":"saira_regular","size":18.0,"ratio":1.0000,"path":"blit/alpha","orient":"rotcw","mem":"sram","rend":"async2","alpha":255,"halign":0,"corpus":0},"w":{"rows":12,"glyphs":161,"chars":175,"src_px":13512,"dest_px":13512},"m":{"reps":23,"n":15,"min":104201,"med":104266,"max":104437,"mean":104279.7,"sd":51.3},"d":{"ns_iter":4533304,"ns_px":335.50},"q":{"cv":0.05,"spread":0.23,"mhz":360.0,"outliers":0,"flags":[]},"h":"70889db9"} @@65cd55aa@@
@@BENCH-RAW@@ {"i":16,"s":[104286,104295,104266,104265,104261,104437,104201,104295,104275,104299,104266,104259,104261,104317,104213]} @@39565575@@
I (31524) bench: [17/71] c565.fast2.rotcw.sram.async2      4533304 ns/iter  335.50 ns/px  cv 0.05%
@@BENCH-CELL@@ {"t":"cell","i":17,"id":"c565.shader.upright.psram.sync","g":"cube","ax":{"fmt":"565","font":"saira_regular","size":27.0,"ratio":1.5000,"path":"shader/aa","orient":"upright","mem":"psram","rend":"sync","alpha":255,"halign":0,"corpus":0},"w":{"rows":8,"glyphs":92,"chars":100,"src_px":7701,"dest_px":18002},"m":{"reps":1,"n":13,"min":129618,"med":129644,"max":129702,"mean":129646.2,"sd":20.4},"d":{"ns_iter":129644000,"ns_px":7201.64},"q":{"cv":0.02,"spread":0.06,"mhz":360.0,"outliers":0,"flags":[]},"h":"f8db19ed"} @@49a400be@@
@@BENCH-RAW@@ {"i":17,"s":[129648,129644,129651,129657,129702,129661,129638,129642,129635,129631,129621,129618,129652]} @@bbead7ca@@
I (33754) bench: [18/71] c565.shader.upright.psram.sync   129644000 ns/iter  7201.64 ns/px  cv 0.02%
@@BENCH-CELL@@ {"t":"cell","i":18,"id":"c565.shader.upright.psram.async2","g":"cube","ax":{"fmt":"565","font":"saira_regular","size":27.0,"ratio":1.5000,"path":"shader/aa","orient":"upright","mem":"psram","rend":"async2","alpha":255,"halign":0,"corpus":0},"w":{"rows":8,"glyphs":92,"chars":100,"src_px":7701,"dest_px":18002},"m":{"reps":2,"n":12,"min":133916,"med":133951,"max":133991,"mean":133952.3,"sd":23.0},"d":{"ns_iter":66975500,"ns_px":3720.45},"q":{"cv":0.02,"spread":0.06,"mhz":360.0,"outliers":0,"flags":[]},"h":"f8db19ed"} @@6765f5f5@@
@@BENCH-RAW@@ {"i":18,"s":[133948,133916,133951,133957,133947,133991,133963,133971,133990,133918,133937,133939]} @@22073199@@
I (35654) bench: [19/71] c565.shader.upright.psram.async2 66975500 ns/iter  3720.45 ns/px  cv 0.02%
@@BENCH-CELL@@ {"t":"cell","i":19,"id":"c565.shader.upright.sram.sync","g":"cube","ax":{"fmt":"565","font":"saira_regular","size":27.0,"ratio":1.5000,"path":"shader/aa","orient":"upright","mem":"sram","rend":"sync","alpha":255,"halign":0,"corpus":0},"w":{"rows":8,"glyphs":92,"chars":100,"src_px":7701,"dest_px":18002},"m":{"reps":1,"n":13,"min":129618,"med":129629,"max":129643,"mean":129628.6,"sd":6.9},"d":{"ns_iter":129629000,"ns_px":7200.81},"q":{"cv":0.01,"spread":0.02,"mhz":360.0,"outliers":0,"flags":[]},"h":"f8db19ed"} @@3d408562@@
@@BENCH-RAW@@ {"i":19,"s":[129625,129633,129629,129637,129619,129635,129643,129629,129627,129624,129623,129630,129618]} @@6e9f4c88@@
I (37884) bench: [20/71] c565.shader.upright.sram.sync    129629000 ns/iter  7200.81 ns/px  cv 0.01%
@@BENCH-CELL@@ {"t":"cell","i":20,"id":"c565.shader.upright.sram.async2","g":"cube","ax":{"fmt":"565","font":"saira_regular","size":27.0,"ratio":1.5000,"path":"shader/aa","orient":"upright","mem":"sram","rend":"async2","alpha":255,"halign":0,"corpus":0},"w":{"rows":8,"glyphs":92,"chars":100,"src_px":7701,"dest_px":18002},"m":{"reps":2,"n":12,"min":133780,"med":133807,"max":134013,"mean":133821.7,"sd":59.7},"d":{"ns_iter":66903500,"ns_px":3716.45},"q":{"cv":0.04,"spread":0.17,"mhz":360.0,"outliers":0,"flags":[]},"h":"f8db19ed"} @@d94f332f@@
@@BENCH-RAW@@ {"i":20,"s":[133798,133790,133789,133829,134013,133830,133794,133807,133812,133820,133780,133798]} @@10c82e4f@@
I (39784) bench: [21/71] c565.shader.upright.sram.async2  66903500 ns/iter  3716.45 ns/px  cv 0.04%
@@BENCH-CELL@@ {"t":"cell","i":21,"id":"c565.shader.rotcw.psram.sync","g":"cube","ax":{"fmt":"565","font":"saira_regular","size":27.0,"ratio":1.5000,"path":"shader/aa","orient":"rotcw","mem":"psram","rend":"sync","alpha":255,"halign":0,"corpus":0},"w":{"rows":8,"glyphs":92,"chars":100,"src_px":7701,"dest_px":18002},"m":{"reps":1,"n":13,"min":126281,"med":126366,"max":126406,"mean":126357.2,"sd":33.4},"d":{"ns_iter":126366000,"ns_px":7019.55},"q":{"cv":0.03,"spread":0.10,"mhz":360.0,"outliers":0,"flags":[]},"h":"796ae951"} @@e7631083@@
@@BENCH-RAW@@ {"i":21,"s":[126366,126397,126370,126406,126321,126387,126319,126340,126355,126376,126281,126355,126371]} @@2f5696df@@
I (41954) bench: [22/71] c565.shader.rotcw.psram.sync     126366000 ns/iter  7019.55 ns/px  cv 0.03%
@@BENCH-CELL@@ {"t":"cell","i":22,"id":"c565.shader.rotcw.psram.async2","g":"cube","ax":{"fmt":"565","font":"saira_regular","size":27.0,"ratio":1.5000,"path":"shader/aa","orient":"rotcw","mem":"psram","rend":"async2","alpha":255,"halign":0,"corpus":0},"w":{"rows":8,"glyphs":92,"chars":100,"src_px":7701,"dest_px":18002},"m":{"reps":2,"n":12,"min":133913,"med":133991,"max":134107,"mean":133984.2,"sd":55.9},"d":{"ns_iter":66995500,"ns_px":3721.56},"q":{"cv":0.04,"spread":0.14,"mhz":360.0,"outliers":0,"flags":[]},"h":"796ae951"} @@9c7c8632@@
@@BENCH-RAW@@ {"i":22,"s":[133933,133938,133913,133922,134107,134017,134035,134029,134012,133991,133977,133937]} @@fe435b28@@
I (43854) bench: [23/71] c565.shader.rotcw.psram.async2   66995500 ns/iter  3721.56 ns/px  cv 0.04%
@@BENCH-CELL@@ {"t":"cell","i":23,"id":"c565.shader.rotcw.sram.sync","g":"cube","ax":{"fmt":"565","font":"saira_regular","size":27.0,"ratio":1.5000,"path":"shader/aa","orient":"rotcw","mem":"sram","rend":"sync","alpha":255,"halign":0,"corpus":0},"w":{"rows":8,"glyphs":92,"chars":100,"src_px":7701,"dest_px":18002},"m":{"reps":1,"n":13,"min":125946,"med":126029,"max":126086,"mean":126012.0,"sd":51.5},"d":{"ns_iter":126029000,"ns_px":7000.83},"q":{"cv":0.04,"spread":0.11,"mhz":360.0,"outliers":0,"flags":[]},"h":"796ae951"} @@919b021d@@
@@BENCH-RAW@@ {"i":23,"s":[126029,126052,126049,126075,126065,126086,126050,125967,125957,125957,125946,125963,125960]} @@db7ecd32@@
I (46024) bench: [24/71] c565.shader.rotcw.sram.sync      126029000 ns/iter  7000.83 ns/px  cv 0.04%
@@BENCH-CELL@@ {"t":"cell","i":24,"id":"c565.shader.rotcw.sram.async2","g":"cube","ax":{"fmt":"565","font":"saira_regular","size":27.0,"ratio":1.5000,"path":"shader/aa","orient":"rotcw","mem":"sram","rend":"async2","alpha":255,"halign":0,"corpus":0},"w":{"rows":8,"glyphs":92,"chars":100,"src_px":7701,"dest_px":18002},"m":{"reps":2,"n":12,"min":133055,"med":133127,"max":133226,"mean":133126.2,"sd":43.3},"d":{"ns_iter":66563500,"ns_px":3697.56},"q":{"cv":0.03,"spread":0.13,"mhz":360.0,"outliers":0,"flags":[]},"h":"796ae951"} @@4b921253@@
@@BENCH-RAW@@ {"i":24,"s":[133069,133098,133127,133103,133226,133169,133127,133055,133117,133138,133133,133153]} @@a07e5f5e@@
I (47904) bench: [25/71] c565.shader.rotcw.sram.async2    66563500 ns/iter  3697.56 ns/px  cv 0.03%
@@BENCH-CELL@@ {"t":"cell","i":25,"id":"c888.fast1.upright.psram.sync","g":"cube","ax":{"fmt":"888","font":"sky","size":9.0,"ratio":1.0000,"path":"blit/direct","orient":"upright","mem":"psram","rend":"sync","alpha":255,"halign":0,"corpus":0},"w":{"rows":23,"glyphs":373,"chars":397,"src_px":10135,"dest_px":10135},"m":{"reps":37,"n":15,"min":85767,"med":85867,"max":86025,"mean":85878.8,"sd":74.8},"d":{"ns_iter":2320729,"ns_px":228.98},"q":{"cv":0.09,"spread":0.30,"mhz":360.0,"outliers":0,"flags":[]},"h":"601bd481"} @@bc21c85e@@
@@BENCH-RAW@@ {"i":25,"s":[85808,85862,85886,85977,86025,86021,85915,85867,85844,85871,85870,85840,85848,85767,85781]} @@1824f0d5@@
I (49234) bench: [26/71] c888.fast1.upright.psram.sync     2320729 ns/iter  228.98 ns/px  cv 0.09%
@@BENCH-CELL@@ {"t":"cell","i":26,"id":"c888.fast1.upright.psram.async2","g":"cube","ax":{"fmt":"888","font":"sky","size":9.0,"ratio":1.0000,"path":"blit/direct","orient":"upright","mem":"psram","rend":"async2","alpha":255,"halign":0,"corpus":0},"w":{"rows":23,"glyphs":373,"chars":397,"src_px":10135,"dest_px":10135},"m":{"reps":25,"n":15,"min":100941,"med":101024,"max":101164,"mean":101029.2,"sd":64.1},"d":{"ns_iter":4040960,"ns_px":398.71},"q":{"cv":0.06,"spread":0.22,"mhz":360.0,"outliers":0,"flags":[]},"h":"601bd481"} @@0d2cdaf5@@
@@BENCH-RAW@@ {"i":26,"s":[101099,100994,100975,101104,101078,101085,101164,101039,101005,100960,100948,101048,101024,100974,100941]} @@f7cad23b@@
I (50794) bench: [27/71] c888.fast1.upright.psram.async2   4040960 ns/iter  398.71 ns/px  cv 0.06%
@@BENCH-CELL@@ {"t":"cell","i":27,"id":"c888.fast1.upright.sram.sync","g":"cube","ax":{"fmt":"888","font":"sky","size":9.0,"ratio":1.0000,"path":"blit/direct","orient":"upright","mem":"sram","rend":"sync","alpha":255,"halign":0,"corpus":0},"w":{"rows":23,"glyphs":373,"chars":397,"src_px":10135,"dest_px":10135},"m":{"reps":43,"n":15,"min":99739,"med":99911,"max":100063,"mean":99900.0,"sd":87.3},"d":{"ns_iter":2323511,"ns_px":229.26},"q":{"cv":0.09,"spread":0.32,"mhz":360.0,"outliers":0,"flags":[]},"h":"601bd481"} @@3cb2a8c5@@
@@BENCH-RAW@@ {"i":27,"s":[99904,100063,99878,99911,99926,100034,99956,99933,99889,99743,99830,99823,99739,99945,99926]} @@36016771@@
I (52324) bench: [28/71] c888.fast1.upright.sram.sync      2323511 ns/iter  229.26 ns/px  cv 0.09%
@@BENCH-CELL@@ {"t":"cell","i":28,"id":"c888.fast1.upright.sram.async2","g":"cube","ax":{"fmt":"888","font":"sky","size":9.0,"ratio":1.0000,"path":"blit/direct","orient":"upright","mem":"sram","rend":"async2","alpha":255,"halign":0,"corpus":0},"w":{"rows":23,"glyphs":373,"chars":397,"src_px":10135,"dest_px":10135},"m":{"reps":28,"n":15,"min":113149,"med":113346,"max":113513,"mean":113321.3,"sd":94.8},"d":{"ns_iter":4048071,"ns_px":399.42},"q":{"cv":0.08,"spread":0.32,"mhz":360.0,"outliers":0,"flags":[]},"h":"601bd481"} @@0b643b0c@@
@@BENCH-RAW@@ {"i":28,"s":[113260,113274,113232,113228,113346,113513,113304,113382,113221,113365,113481,113349,113353,113363,113149]} @@44fa118b@@
I (54064) bench: [29/71] c888.fast1.upright.sram.async2    4048071 ns/iter  399.42 ns/px  cv 0.08%
@@BENCH-CELL@@ {"t":"cell","i":29,"id":"c888.fast1.rotcw.psram.sync","g":"cube","ax":{"fmt":"888","font":"sky","size":9.0,"ratio":1.0000,"path":"blit/direct","orient":"rotcw","mem":"psram","rend":"sync","alpha":255,"halign":0,"corpus":0},"w":{"rows":23,"glyphs":373,"chars":397,"src_px":10135,"dest_px":10135},"m":{"reps":33,"n":15,"min":85786,"med":86023,"max":86263,"mean":86010.2,"sd":105.0},"d":{"ns_iter":2606757,"ns_px":257.20},"q":{"cv":0.12,"spread":0.55,"mhz":360.0,"outliers":0,"flags":[]},"h":"333c04c9"} @@d45f9c3e@@
@@BENCH-RAW@@ {"i":29,"s":[85925,86044,86069,86030,86023,85988,86022,86068,86058,86079,86263,85874,85914,85786,86010]} @@2db4877d@@
I (55394) bench: [30/71] c888.fast1.rotcw.psram.sync       2606757 ns/iter  257.20 ns/px  cv 0.12%
@@BENCH-CELL@@ {"t":"cell","i":30,"id":"c888.fast1.rotcw.psram.async2","g":"cube","ax":{"fmt":"888","font":"sky","size":9.0,"ratio":1.0000,"path":"blit/direct","orient":"rotcw","mem":"psram","rend":"async2","alpha":255,"halign":0,"corpus":0},"w":{"rows":23,"glyphs":373,"chars":397,"src_px":10135,"dest_px":10135},"m":{"reps":23,"n":15,"min":102334,"med":102423,"max":102621,"mean":102457.7,"sd":82.2},"d":{"ns_iter":4453173,"ns_px":439.39},"q":{"cv":0.08,"spread":0.28,"mhz":360.0,"outliers":0,"flags":[]},"h":"333c04c9"} @@67657ef6@@
@@BENCH-RAW@@ {"i":30,"s":[102383,102387,102384,102334,102536,102621,102502,102553,102423,102522,102417,102537,102490,102422,102355]} @@55c7db67@@
I (56984) bench: [31/71] c888.fast1.rotcw.psram.async2     4453173 ns/iter  439.39 ns/px  cv 0.08%
@@BENCH-CELL@@ {"t":"cell","i":31,"id":"c888.fast1.rotcw.sram.sync","g":"cube","ax":{"fmt":"888","font":"sky","size":9.0,"ratio":1.0000,"path":"blit/direct","orient":"rotcw","mem":"sram","rend":"sync","alpha":255,"halign":0,"corpus":0},"w":{"rows":23,"glyphs":373,"chars":397,"src_px":10135,"dest_px":10135},"m":{"reps":43,"n":15,"min":100864,"med":101030,"max":101240,"mean":101055.9,"sd":126.7},"d":{"ns_iter":2349534,"ns_px":231.82},"q":{"cv":0.13,"spread":0.37,"mhz":360.0,"outliers":0,"flags":[]},"h":"333c04c9"} @@1226bd9d@@
@@BENCH-RAW@@ {"i":31,"s":[101215,101030,101048,101162,101240,101237,101240,101063,100972,101000,100989,100938,100934,100864,100906]} @@7782edc4@@
I (58534) bench: [32/71] c888.fast1.rotcw.sram.sync        2349534 ns/iter  231.82 ns/px  cv 0.13%
@@BENCH-CELL@@ {"t":"cell","i":32,"id":"c888.fast1.rotcw.sram.async2","g":"cube","ax":{"fmt":"888","font":"sky","size":9.0,"ratio":1.0000,"path":"blit/direct","orient":"rotcw","mem":"sram","rend":"async2","alpha":255,"halign":0,"corpus":0},"w":{"rows":23,"glyphs":373,"chars":397,"src_px":10135,"dest_px":10135},"m":{"reps":27,"n":15,"min":112066,"med":112404,"max":112616,"mean":112373.9,"sd":152.5},"d":{"ns_iter":4163111,"ns_px":410.77},"q":{"cv":0.14,"spread":0.49,"mhz":360.0,"outliers":0,"flags":[]},"h":"333c04c9"} @@be4b8a89@@
@@BENCH-RAW@@ {"i":32,"s":[112567,112518,112408,112241,112469,112378,112456,112459,112616,112404,112066,112098,112256,112307,112365]} @@55e6eefd@@
I (60254) bench: [33/71] c888.fast1.rotcw.sram.async2      4163111 ns/iter  410.77 ns/px  cv 0.14%
@@BENCH-CELL@@ {"t":"cell","i":33,"id":"c888.fast2.upright.psram.sync","g":"cube","ax":{"fmt":"888","font":"saira_regular","size":18.0,"ratio":1.0000,"path":"blit/alpha","orient":"upright","mem":"psram","rend":"sync","alpha":255,"halign":0,"corpus":0},"w":{"rows":12,"glyphs":161,"chars":175,"src_px":13512,"dest_px":13512},"m":{"reps":17,"n":15,"min":101481,"med":101487,"max":101530,"mean":101498.5,"sd":18.6},"d":{"ns_iter":5969823,"ns_px":441.82},"q":{"cv":0.02,"spread":0.05,"mhz":360.0,"outliers":0,"flags":[]},"h":"34ac5a26"} @@5c5ad132@@
@@BENCH-RAW@@ {"i":33,"s":[101484,101492,101481,101490,101484,101485,101484,101520,101487,101484,101486,101530,101525,101517,101529]} @@48a49c37@@
I (61834) bench: [34/71] c888.fast2.upright.psram.sync     5969823 ns/iter  441.82 ns/px  cv 0.02%
@@BENCH-CELL@@ {"t":"cell","i":34,"id":"c888.fast2.upright.psram.async2","g":"cube","ax":{"fmt":"888","font":"saira_regular","size":18.0,"ratio":1.0000,"path":"blit/alpha","orient":"upright","mem":"psram","rend":"async2","alpha":255,"halign":0,"corpus":0},"w":{"rows":12,"glyphs":161,"chars":175,"src_px":13512,"dest_px":13512},"m":{"reps":22,"n":15,"min":93985,"med":94057,"max":94232,"mean":94074.7,"sd":65.3},"d":{"ns_iter":4275318,"ns_px":316.41},"q":{"cv":0.07,"spread":0.26,"mhz":360.0,"outliers":0,"flags":[]},"h":"34ac5a26"} @@3577d190@@
@@BENCH-RAW@@ {"i":34,"s":[94057,94102,94232,93985,94097,94025,94042,94025,94062,94013,94094,94094,94056,94032,94204]} @@a12c658a@@
I (63294) bench: [35/71] c888.fast2.upright.psram.async2   4275318 ns/iter  316.41 ns/px  cv 0.07%
@@BENCH-CELL@@ {"t":"cell","i":35,"id":"c888.fast2.upright.sram.sync","g":"cube","ax":{"fmt":"888","font":"saira_regular","size":18.0,"ratio":1.0000,"path":"blit/alpha","orient":"upright","mem":"sram","rend":"sync","alpha":255,"halign":0,"corpus":0},"w":{"rows":12,"glyphs":161,"chars":175,"src_px":13512,"dest_px":13512},"m":{"reps":18,"n":15,"min":107424,"med":107462,"max":107524,"mean":107459.8,"sd":26.8},"d":{"ns_iter":5970111,"ns_px":441.84},"q":{"cv":0.02,"spread":0.09,"mhz":360.0,"outliers":0,"flags":[]},"h":"34ac5a26"} @@b0b3d4ad@@
@@BENCH-RAW@@ {"i":35,"s":[107431,107430,107424,107446,107431,107432,107461,107524,107462,107471,107478,107470,107485,107469,107483]} @@bdaed151@@
I (64954) bench: [36/71] c888.fast2.upright.sram.sync      5970111 ns/iter  441.84 ns/px  cv 0.02%
@@BENCH-CELL@@ {"t":"cell","i":36,"id":"c888.fast2.upright.sram.async2","g":"cube","ax":{"fmt":"888","font":"saira_regular","size":18.0,"ratio":1.0000,"path":"blit/alpha","orient":"upright","mem":"sram","rend":"async2","alpha":255,"halign":0,"corpus":0},"w":{"rows":12,"glyphs":161,"chars":175,"src_px":13512,"dest_px":13512},"m":{"reps":24,"n":15,"min":102480,"med":102601,"max":102678,"mean":102598.7,"sd":55.0},"d":{"ns_iter":4275041,"ns_px":316.39},"q":{"cv":0.05,"spread":0.19,"mhz":360.0,"outliers":0,"flags":[]},"h":"34ac5a26"} @@ea8529a8@@
@@BENCH-RAW@@ {"i":36,"s":[102521,102675,102634,102596,102601,102631,102480,102630,102566,102628,102573,102658,102554,102678,102556]} @@070fa851@@
I (66534) bench: [37/71] c888.fast2.upright.sram.async2    4275041 ns/iter  316.39 ns/px  cv 0.05%
@@BENCH-CELL@@ {"t":"cell","i":37,"id":"c888.fast2.rotcw.psram.sync","g":"cube","ax":{"fmt":"888","font":"saira_regular","size":18.0,"ratio":1.0000,"path":"blit/alpha","orient":"rotcw","mem":"psram","rend":"sync","alpha":255,"halign":0,"corpus":0},"w":{"rows":12,"glyphs":161,"chars":175,"src_px":13512,"dest_px":13512},"m":{"reps":16,"n":15,"min":99778,"med":99837,"max":99996,"mean":99845.2,"sd":51.9},"d":{"ns_iter":6239812,"ns_px":461.80},"q":{"cv":0.05,"spread":0.22,"mhz":360.0,"outliers":0,"flags":[]},"h":"de65743c"} @@d812099e@@
@@BENCH-RAW@@ {"i":37,"s":[99849,99835,99879,99822,99780,99792,99996,99867,99814,99778,99837,99841,99890,99867,99831]} @@3c1a147b@@
I (68084) bench: [38/71] c888.fast2.rotcw.psram.sync       6239812 ns/iter  461.80 ns/px  cv 0.05%
@@BENCH-CELL@@ {"t":"cell","i":38,"id":"c888.fast2.rotcw.psram.async2","g":"cube","ax":{"fmt":"888","font":"saira_regular","size":18.0,"ratio":1.0000,"path":"blit/alpha","orient":"rotcw","mem":"psram","rend":"async2","alpha":255,"halign":0,"corpus":0},"w":{"rows":12,"glyphs":161,"chars":175,"src_px":13512,"dest_px":13512},"m":{"reps":20,"n":15,"min":98196,"med":98304,"max":98542,"mean":98319.3,"sd":86.8},"d":{"ns_iter":4915200,"ns_px":363.77},"q":{"cv":0.09,"spread":0.35,"mhz":360.0,"outliers":0,"flags":[]},"h":"de65743c"} @@f45343d3@@
@@BENCH-RAW@@ {"i":38,"s":[98379,98374,98239,98248,98271,98259,98316,98196,98231,98278,98304,98542,98353,98388,98412]} @@9ef17374@@
I (69604) bench: [39/71] c888.fast2.rotcw.psram.async2     4915200 ns/iter  363.77 ns/px  cv 0.09%
@@BENCH-CELL@@ {"t":"cell","i":39,"id":"c888.fast2.rotcw.sram.sync","g":"cube","ax":{"fmt":"888","font":"saira_regular","size":18.0,"ratio":1.0000,"path":"blit/alpha","orient":"rotcw","mem":"sram","rend":"sync","alpha":255,"halign":0,"corpus":0},"w":{"rows":12,"glyphs":161,"chars":175,"src_px":13512,"dest_px":13512},"m":{"reps":18,"n":15,"min":107888,"med":107911,"max":107987,"mean":107914.9,"sd":22.9},"d":{"ns_iter":5995055,"ns_px":443.68},"q":{"cv":0.02,"spread":0.09,"mhz":360.0,"outliers":0,"flags":[]},"h":"de65743c"} @@ede26e44@@
@@BENCH-RAW@@ {"i":39,"s":[107915,107911,107910,107922,107917,107987,107933,107931,107896,107912,107888,107894,107903,107902,107903]} @@639f4c58@@
I (71274) bench: [40/71] c888.fast2.rotcw.sram.sync        5995055 ns/iter  443.68 ns/px  cv 0.02%
@@BENCH-CELL@@ {"t":"cell","i":40,"id":"c888.fast2.rotcw.sram.async2","g":"cube","ax":{"fmt":"888","font":"saira_regular","size":18.0,"ratio":1.0000,"path":"blit/alpha","orient":"rotcw","mem":"sram","rend":"async2","alpha":255,"halign":0,"corpus":0},"w":{"rows":12,"glyphs":161,"chars":175,"src_px":13512,"dest_px":13512},"m":{"reps":23,"n":15,"min":104342,"med":104393,"max":104576,"mean":104410.9,"sd":60.0},"d":{"ns_iter":4538826,"ns_px":335.91},"q":{"cv":0.06,"spread":0.22,"mhz":360.0,"outliers":0,"flags":[]},"h":"de65743c"} @@b221fa3e@@
@@BENCH-RAW@@ {"i":40,"s":[104448,104435,104477,104410,104392,104375,104445,104376,104439,104576,104393,104350,104342,104362,104344]} @@f6521ff6@@
I (72884) bench: [41/71] c888.fast2.rotcw.sram.async2      4538826 ns/iter  335.91 ns/px  cv 0.06%
@@BENCH-CELL@@ {"t":"cell","i":41,"id":"c888.shader.upright.psram.sync","g":"cube","ax":{"fmt":"888","font":"saira_regular","size":27.0,"ratio":1.5000,"path":"shader/aa","orient":"upright","mem":"psram","rend":"sync","alpha":255,"halign":0,"corpus":0},"w":{"rows":8,"glyphs":92,"chars":100,"src_px":7701,"dest_px":18002},"m":{"reps":1,"n":13,"min":129654,"med":129664,"max":129775,"mean":129672.7,"sd":30.9},"d":{"ns_iter":129664000,"ns_px":7202.76},"q":{"cv":0.02,"spread":0.09,"mhz":360.0,"outliers":0,"flags":[]},"h":"839de335"} @@20cf4c3c@@
@@BENCH-RAW@@ {"i":41,"s":[129775,129666,129655,129660,129654,129655,129667,129689,129666,129661,129664,129674,129659]} @@d90b1df2@@
I (75114) bench: [42/71] c888.shader.upright.psram.sync   129664000 ns/iter  7202.76 ns/px  cv 0.02%
@@BENCH-CELL@@ {"t":"cell","i":42,"id":"c888.shader.upright.psram.async2","g":"cube","ax":{"fmt":"888","font":"saira_regular","size":27.0,"ratio":1.5000,"path":"shader/aa","orient":"upright","mem":"psram","rend":"async2","alpha":255,"halign":0,"corpus":0},"w":{"rows":8,"glyphs":92,"chars":100,"src_px":7701,"dest_px":18002},"m":{"reps":2,"n":12,"min":134090,"med":134124,"max":134383,"mean":134191.8,"sd":114.7},"d":{"ns_iter":67062000,"ns_px":3725.25},"q":{"cv":0.09,"spread":0.22,"mhz":360.0,"outliers":0,"flags":[]},"h":"839de335"} @@3f441344@@
@@BENCH-RAW@@ {"i":42,"s":[134352,134383,134371,134297,134141,134106,134100,134120,134100,134124,134118,134090]} @@74595395@@
I (77024) bench: [43/71] c888.shader.upright.psram.async2 67062000 ns/iter  3725.25 ns/px  cv 0.09%
@@BENCH-CELL@@ {"t":"cell","i":43,"id":"c888.shader.upright.sram.sync","g":"cube","ax":{"fmt":"888","font":"saira_regular","size":27.0,"ratio":1.5000,"path":"shader/aa","orient":"upright","mem":"sram","rend":"sync","alpha":255,"halign":0,"corpus":0},"w":{"rows":8,"glyphs":92,"chars":100,"src_px":7701,"dest_px":18002},"m":{"reps":1,"n":13,"min":129603,"med":129620,"max":129717,"mean":129626.1,"sd":27.4},"d":{"ns_iter":129620000,"ns_px":7200.31},"q":{"cv":0.02,"spread":0.09,"mhz":360.0,"outliers":0,"flags":[]},"h":"839de335"} @@7cb708d8@@
@@BENCH-RAW@@ {"i":43,"s":[129623,129621,129620,129619,129717,129624,129603,129625,129611,129620,129617,129605,129634]} @@7762c66e@@
I (79254) bench: [44/71] c888.shader.upright.sram.sync    129620000 ns/iter  7200.31 ns/px  cv 0.02%
@@BENCH-CELL@@ {"t":"cell","i":44,"id":"c888.shader.upright.sram.async2","g":"cube","ax":{"fmt":"888","font":"saira_regular","size":27.0,"ratio":1.5000,"path":"shader/aa","orient":"upright","mem":"sram","rend":"async2","alpha":255,"halign":0,"corpus":0},"w":{"rows":8,"glyphs":92,"chars":100,"src_px":7701,"dest_px":18002},"m":{"reps":2,"n":12,"min":133891,"med":133914,"max":133990,"mean":133921.9,"sd":29.1},"d":{"ns_iter":66957000,"ns_px":3719.42},"q":{"cv":0.02,"spread":0.07,"mhz":360.0,"outliers":0,"flags":[]},"h":"839de335"} @@e372c9c6@@
@@BENCH-RAW@@ {"i":44,"s":[133904,133937,133906,133891,133915,133972,133897,133901,133912,133924,133914,133990]} @@70788049@@
I (81154) bench: [45/71] c888.shader.upright.sram.async2  66957000 ns/iter  3719.42 ns/px  cv 0.02%
@@BENCH-CELL@@ {"t":"cell","i":45,"id":"c888.shader.rotcw.psram.sync","g":"cube","ax":{"fmt":"888","font":"saira_regular","size":27.0,"ratio":1.5000,"path":"shader/aa","orient":"rotcw","mem":"psram","rend":"sync","alpha":255,"halign":0,"corpus":0},"w":{"rows":8,"glyphs":92,"chars":100,"src_px":7701,"dest_px":18002},"m":{"reps":1,"n":13,"min":126747,"med":126862,"max":126898,"mean":126848.5,"sd":44.3},"d":{"ns_iter":126862000,"ns_px":7047.11},"q":{"cv":0.03,"spread":0.12,"mhz":360.0,"outliers":0,"flags":[]},"h":"dd1828a1"} @@526ce963@@
@@BENCH-RAW@@ {"i":45,"s":[126898,126747,126758,126833,126858,126881,126852,126867,126887,126865,126862,126878,126844]} @@1a1f0f5d@@
I (83344) bench: [46/71] c888.shader.rotcw.psram.sync     126862000 ns/iter  7047.11 ns/px  cv 0.03%
@@BENCH-CELL@@ {"t":"cell","i":46,"id":"c888.shader.rotcw.psram.async2","g":"cube","ax":{"fmt":"888","font":"saira_regular","size":27.0,"ratio":1.5000,"path":"shader/aa","orient":"rotcw","mem":"psram","rend":"async2","alpha":255,"halign":0,"corpus":0},"w":{"rows":8,"glyphs":92,"chars":100,"src_px":7701,"dest_px":18002},"m":{"reps":2,"n":12,"min":134452,"med":134580,"max":134752,"mean":134568.0,"sd":72.1},"d":{"ns_iter":67290000,"ns_px":3737.92},"q":{"cv":0.05,"spread":0.22,"mhz":360.0,"outliers":0,"flags":[]},"h":"dd1828a1"} @@f1de5253@@
@@BENCH-RAW@@ {"i":46,"s":[134574,134752,134598,134591,134580,134517,134590,134602,134538,134452,134481,134541]} @@8871bc80@@
I (85254) bench: [47/71] c888.shader.rotcw.psram.async2   67290000 ns/iter  3737.92 ns/px  cv 0.05%
@@BENCH-CELL@@ {"t":"cell","i":47,"id":"c888.shader.rotcw.sram.sync","g":"cube","ax":{"fmt":"888","font":"saira_regular","size":27.0,"ratio":1.5000,"path":"shader/aa","orient":"rotcw","mem":"sram","rend":"sync","alpha":255,"halign":0,"corpus":0},"w":{"rows":8,"glyphs":92,"chars":100,"src_px":7701,"dest_px":18002},"m":{"reps":1,"n":13,"min":126301,"med":126357,"max":126368,"mean":126341.8,"sd":23.1},"d":{"ns_iter":126357000,"ns_px":7019.05},"q":{"cv":0.02,"spread":0.05,"mhz":360.0,"outliers":0,"flags":[]},"h":"dd1828a1"} @@c46fdd6c@@
@@BENCH-RAW@@ {"i":47,"s":[126361,126368,126357,126357,126359,126342,126364,126361,126332,126311,126308,126301,126322]} @@b7eba605@@
I (87434) bench: [48/71] c888.shader.rotcw.sram.sync      126357000 ns/iter  7019.05 ns/px  cv 0.02%
@@BENCH-CELL@@ {"t":"cell","i":48,"id":"c888.shader.rotcw.sram.async2","g":"cube","ax":{"fmt":"888","font":"saira_regular","size":27.0,"ratio":1.5000,"path":"shader/aa","orient":"rotcw","mem":"sram","rend":"async2","alpha":255,"halign":0,"corpus":0},"w":{"rows":8,"glyphs":92,"chars":100,"src_px":7701,"dest_px":18002},"m":{"reps":2,"n":12,"min":133421,"med":133651,"max":133730,"mean":133604.4,"sd":116.6},"d":{"ns_iter":66825500,"ns_px":3712.12},"q":{"cv":0.09,"spread":0.23,"mhz":360.0,"outliers":0,"flags":[]},"h":"dd1828a1"} @@380749ef@@
@@BENCH-RAW@@ {"i":48,"s":[133422,133549,133644,133658,133651,133726,133724,133703,133730,133599,133421,133426]} @@527e3ad0@@
I (89324) bench: [49/71] c888.shader.rotcw.sram.async2    66825500 ns/iter  3712.12 ns/px  cv 0.09%
@@BENCH-CELL@@ {"t":"cell","i":49,"id":"orient.rotccw","g":"orient","ax":{"fmt":"888","font":"saira_regular","size":18.0,"ratio":1.0000,"path":"blit/alpha","orient":"rotccw","mem":"psram","rend":"async2","alpha":255,"halign":0,"corpus":0},"w":{"rows":12,"glyphs":161,"chars":175,"src_px":13512,"dest_px":13512},"m":{"reps":20,"n":15,"min":96694,"med":96838,"max":97070,"mean":96840.3,"sd":111.7},"d":{"ns_iter":4841900,"ns_px":358.34},"q":{"cv":0.12,"spread":0.39,"mhz":360.0,"outliers":0,"flags":[]},"h":"e16cec42"} @@dbff855f@@
@@BENCH-RAW@@ {"i":49,"s":[97070,96887,96836,96907,96694,96838,96792,96867,96920,96715,96702,96930,96735,96710,97002]} @@37813ac0@@
I (90824) bench: [50/71] orient.rotccw                     4841900 ns/iter  358.34 ns/px  cv 0.12%
@@BENCH-CELL@@ {"t":"cell","i":50,"id":"orient.rothalf","g":"orient","ax":{"fmt":"888","font":"saira_regular","size":18.0,"ratio":1.0000,"path":"blit/alpha","orient":"rothalf","mem":"psram","rend":"async2","alpha":255,"halign":0,"corpus":0},"w":{"rows":12,"glyphs":161,"chars":175,"src_px":13512,"dest_px":13512},"m":{"reps":21,"n":15,"min":97035,"med":97120,"max":97279,"mean":97127.6,"sd":56.5},"d":{"ns_iter":4624761,"ns_px":342.27},"q":{"cv":0.06,"spread":0.25,"mhz":360.0,"outliers":0,"flags":[]},"h":"a6066584"} @@235bce61@@
@@BENCH-RAW@@ {"i":50,"s":[97099,97116,97076,97086,97120,97182,97097,97035,97135,97279,97083,97186,97129,97168,97123]} @@f1d1c3fe@@
I (92334) bench: [51/71] orient.rothalf                    4624761 ns/iter  342.27 ns/px  cv 0.06%
@@BENCH-CELL@@ {"t":"cell","i":51,"id":"orient.fliph","g":"orient","ax":{"fmt":"888","font":"saira_regular","size":18.0,"ratio":1.0000,"path":"blit/alpha","orient":"fliph","mem":"psram","rend":"async2","alpha":255,"halign":0,"corpus":0},"w":{"rows":12,"glyphs":161,"chars":175,"src_px":13512,"dest_px":13512},"m":{"reps":22,"n":15,"min":93924,"med":94003,"max":94241,"mean":94011.5,"sd":69.5},"d":{"ns_iter":4272863,"ns_px":316.23},"q":{"cv":0.07,"spread":0.34,"mhz":360.0,"outliers":0,"flags":[]},"h":"abc61a88"} @@ba26733e@@
@@BENCH-RAW@@ {"i":51,"s":[94002,93939,93985,94003,94241,94018,94040,94009,93924,93961,94003,94023,94024,93969,94031]} @@d976ca55@@
I (93794) bench: [52/71] orient.fliph                      4272863 ns/iter  316.23 ns/px  cv 0.07%
@@BENCH-CELL@@ {"t":"cell","i":52,"id":"orient.rotccwfliph","g":"orient","ax":{"fmt":"888","font":"saira_regular","size":18.0,"ratio":1.0000,"path":"blit/alpha","orient":"rotccwfliph","mem":"psram","rend":"async2","alpha":255,"halign":0,"corpus":0},"w":{"rows":12,"glyphs":161,"chars":175,"src_px":13512,"dest_px":13512},"m":{"reps":20,"n":15,"min":96489,"med":96660,"max":96894,"mean":96666.3,"sd":110.4},"d":{"ns_iter":4833000,"ns_px":357.68},"q":{"cv":0.11,"spread":0.42,"mhz":360.0,"outliers":0,"flags":[]},"h":"5262d8d8"} @@be0ee16f@@
@@BENCH-RAW@@ {"i":52,"s":[96818,96591,96765,96754,96660,96662,96742,96623,96554,96558,96894,96489,96582,96568,96734]} @@fa3dfafc@@
I (95294) bench: [53/71] orient.rotccwfliph                4833000 ns/iter  357.68 ns/px  cv 0.11%
@@BENCH-CELL@@ {"t":"cell","i":53,"id":"orient.rothalffliph","g":"orient","ax":{"fmt":"888","font":"saira_regular","size":18.0,"ratio":1.0000,"path":"blit/alpha","orient":"rothalffliph","mem":"psram","rend":"async2","alpha":255,"halign":0,"corpus":0},"w":{"rows":12,"glyphs":161,"chars":175,"src_px":13512,"dest_px":13512},"m":{"reps":21,"n":15,"min":97262,"med":97303,"max":97438,"mean":97320.3,"sd":46.2},"d":{"ns_iter":4633476,"ns_px":342.92},"q":{"cv":0.05,"spread":0.18,"mhz":360.0,"outliers":0,"flags":[]},"h":"418c2762"} @@cbc50c3b@@
@@BENCH-RAW@@ {"i":53,"s":[97359,97276,97380,97367,97262,97438,97299,97301,97325,97308,97303,97277,97280,97296,97333]} @@d468ad88@@
I (96794) bench: [54/71] orient.rothalffliph               4633476 ns/iter  342.92 ns/px  cv 0.05%
@@BENCH-CELL@@ {"t":"cell","i":54,"id":"orient.rotcwfliph","g":"orient","ax":{"fmt":"888","font":"saira_regular","size":18.0,"ratio":1.0000,"path":"blit/alpha","orient":"rotcwfliph","mem":"psram","rend":"async2","alpha":255,"halign":0,"corpus":0},"w":{"rows":12,"glyphs":161,"chars":175,"src_px":13512,"dest_px":13512},"m":{"reps":20,"n":15,"min":97128,"med":97256,"max":97630,"mean":97305.5,"sd":136.0},"d":{"ns_iter":4862800,"ns_px":359.89},"q":{"cv":0.14,"spread":0.52,"mhz":360.0,"outliers":0,"flags":[]},"h":"0e714186"} @@70c3addc@@
@@BENCH-RAW@@ {"i":54,"s":[97630,97256,97441,97475,97157,97422,97205,97156,97128,97377,97318,97321,97201,97241,97255]} @@9b85ca93@@
I (98304) bench: [55/71] orient.rotcwfliph                 4862800 ns/iter  359.89 ns/px  cv 0.14%
@@BENCH-CELL@@ {"t":"cell","i":55,"id":"font.sky@18","g":"font","ax":{"fmt":"888","font":"sky","size":18.0,"ratio":2.0000,"path":"blit/direct","orient":"rotcw","mem":"psram","rend":"async2","alpha":255,"halign":0,"corpus":0},"w":{"rows":12,"glyphs":148,"chars":162,"src_px":4014,"dest_px":16056},"m":{"reps":29,"n":15,"min":86143,"med":86357,"max":86723,"mean":86365.8,"sd":151.5},"d":{"ns_iter":2977827,"ns_px":185.47},"q":{"cv":0.18,"spread":0.67,"mhz":360.0,"outliers":0,"flags":[]},"h":"a32b1e1d"} @@6d59fca6@@
@@BENCH-RAW@@ {"i":55,"s":[86379,86336,86433,86162,86214,86318,86723,86143,86459,86238,86237,86480,86534,86474,86357]} @@27d624db@@
I (99644) bench: [56/71] font.sky@18                       2977827 ns/iter  185.47 ns/px  cv 0.18%
@@BENCH-CELL@@ {"t":"cell","i":56,"id":"font.sky@27","g":"font","ax":{"fmt":"888","font":"sky","size":27.0,"ratio":3.0000,"path":"blit/direct","orient":"rotcw","mem":"psram","rend":"async2","alpha":255,"halign":0,"corpus":0},"w":{"rows":8,"glyphs":80,"chars":85,"src_px":2161,"dest_px":19449},"m":{"reps":33,"n":15,"min":84380,"med":84529,"max":84783,"mean":84518.4,"sd":103.0},"d":{"ns_iter":2561484,"ns_px":131.70},"q":{"cv":0.12,"spread":0.48,"mhz":360.0,"outliers":0,"flags":[]},"h":"4bc0b3f9"} @@c6f14191@@
@@BENCH-RAW@@ {"i":56,"s":[84530,84535,84783,84560,84484,84380,84614,84399,84432,84504,84605,84529,84444,84387,84590]} @@7e36a898@@
I (100954) bench: [57/71] font.sky@27                       2561484 ns/iter  131.70 ns/px  cv 0.12%
@@BENCH-CELL@@ {"t":"cell","i":57,"id":"font.skymono@9","g":"font","ax":{"fmt":"888","font":"sky_mono","size":9.0,"ratio":1.0000,"path":"blit/direct","orient":"rotcw","mem":"psram","rend":"async2","alpha":255,"halign":0,"corpus":0},"w":{"rows":23,"glyphs":373,"chars":397,"src_px":23499,"dest_px":23499},"m":{"reps":20,"n":15,"min":100507,"med":100652,"max":100868,"mean":100658.0,"sd":108.3},"d":{"ns_iter":5032600,"ns_px":214.16},"q":{"cv":0.11,"spread":0.36,"mhz":360.0,"outliers":0,"flags":[]},"h":"6335b160"} @@10658f94@@
@@BENCH-RAW@@ {"i":57,"s":[100730,100515,100648,100600,100507,100733,100699,100552,100868,100766,100555,100807,100536,100702,100652]} @@a3006937@@
I (102514) bench: [58/71] font.skymono@9                    5032600 ns/iter  214.16 ns/px  cv 0.11%
@@BENCH-CELL@@ {"t":"cell","i":58,"id":"font.sky@13","g":"font","ax":{"fmt":"888","font":"sky","size":13.0,"ratio":1.4444,"path":"shader/pal","orient":"rotcw","mem":"psram","rend":"async2","alpha":255,"halign":0,"corpus":0},"w":{"rows":17,"glyphs":239,"chars":255,"src_px":6321,"dest_px":12530},"m":{"reps":2,"n":15,"min":112229,"med":112294,"max":112347,"mean":112285.8,"sd":31.3},"d":{"ns_iter":56147000,"ns_px":4481.01},"q":{"cv":0.03,"spread":0.11,"mhz":360.0,"outliers":0,"flags":[]},"h":"254ec85e"} @@ed78db2d@@
@@BENCH-RAW@@ {"i":58,"s":[112273,112347,112256,112229,112294,112316,112309,112289,112302,112296,112310,112310,112256,112260,112240]} @@b148a5c8@@
I (104454) bench: [59/71] font.sky@13                      56147000 ns/iter  4481.01 ns/px  cv 0.03%
@@BENCH-CELL@@ {"t":"cell","i":59,"id":"font.saira@36","g":"font","ax":{"fmt":"888","font":"saira_regular","size":36.0,"ratio":2.0000,"path":"blit/alpha","orient":"rotcw","mem":"psram","rend":"async2","alpha":255,"halign":0,"corpus":0},"w":{"rows":6,"glyphs":56,"chars":61,"src_px":4710,"dest_px":18840},"m":{"reps":19,"n":15,"min":94594,"med":94789,"max":94908,"mean":94776.7,"sd":74.2},"d":{"ns_iter":4988894,"ns_px":264.80},"q":{"cv":0.08,"spread":0.33,"mhz":360.0,"outliers":0,"flags":[]},"h":"972d0991"} @@e7ae78dd@@
@@BENCH-RAW@@ {"i":59,"s":[94820,94704,94908,94594,94785,94773,94819,94769,94831,94699,94839,94815,94813,94789,94693]} @@831bd23d@@
I (105924) bench: [60/71] font.saira@36                     4988894 ns/iter  264.80 ns/px  cv 0.08%
@@BENCH-CELL@@ {"t":"cell","i":60,"id":"font.marker@22","g":"font","ax":{"fmt":"888","font":"marker","size":22.0,"ratio":1.0000,"path":"blit/alpha","orient":"rotcw","mem":"psram","rend":"async2","alpha":255,"halign":0,"corpus":0},"w":{"rows":10,"glyphs":125,"chars":136,"src_px":22847,"dest_px":22847},"m":{"reps":15,"n":15,"min":105218,"med":105414,"max":105651,"mean":105427.6,"sd":120.7},"d":{"ns_iter":7027600,"ns_px":307.59},"q":{"cv":0.11,"spread":0.41,"mhz":360.0,"outliers":0,"flags":[]},"h":"59dd778c"} @@d312eff7@@
@@BENCH-RAW@@ {"i":60,"s":[105530,105414,105413,105260,105552,105532,105515,105367,105436,105539,105312,105392,105218,105651,105283]} @@db60c5ec@@
I (107564) bench: [61/71] font.marker@22                    7027600 ns/iter  307.59 ns/px  cv 0.11%
@@BENCH-CELL@@ {"t":"cell","i":61,"id":"font.marker@33","g":"font","ax":{"fmt":"888","font":"marker","size":33.0,"ratio":1.5000,"path":"shader/aa","orient":"rotcw","mem":"psram","rend":"async2","alpha":255,"halign":0,"corpus":0},"w":{"rows":7,"glyphs":71,"chars":76,"src_px":13008,"dest_px":29868},"m":{"reps":2,"n":7,"min":215979,"med":216096,"max":216220,"mean":216077.4,"sd":73.4},"d":{"ns_iter":108048000,"ns_px":3617.52},"q":{"cv":0.03,"spread":0.11,"mhz":360.0,"outliers":0,"flags":[]},"h":"aed9f152"} @@4486067b@@
@@BENCH-RAW@@ {"i":61,"s":[216220,216105,216098,216096,216024,215979,216020]} @@f8a9f6f3@@
I (109544) bench: [62/71] font.marker@33                   108048000 ns/iter  3617.52 ns/px  cv 0.03%
@@BENCH-CELL@@ {"t":"cell","i":62,"id":"font.condensed@45","g":"font","ax":{"fmt":"888","font":"saira_condensed","size":45.0,"ratio":1.0000,"path":"blit/alpha","orient":"rotcw","mem":"psram","rend":"async2","alpha":255,"halign":0,"corpus":0},"w":{"rows":5,"glyphs":47,"chars":51,"src_px":19237,"dest_px":19237},"m":{"reps":19,"n":15,"min":90976,"med":91102,"max":91184,"mean":91093.9,"sd":56.8},"d":{"ns_iter":4794842,"ns_px":249.25},"q":{"cv":0.06,"spread":0.23,"mhz":360.0,"outliers":0,"flags":[]},"h":"7bcb728d"} @@c7ef0763@@
@@BENCH-RAW@@ {"i":62,"s":[91178,91157,91184,91143,91031,91102,91104,91044,91119,91043,91057,91077,91070,90976,91123]} @@7fb16881@@
I (110954) bench: [63/71] font.condensed@45                 4794842 ns/iter  249.25 ns/px  cv 0.06%
@@BENCH-CELL@@ {"t":"cell","i":63,"id":"font.saira@27.noaa","g":"font","ax":{"fmt":"888","font":"saira_regular_noaa","size":27.0,"ratio":1.5000,"path":"shader/plain","orient":"rotcw","mem":"psram","rend":"async2","alpha":255,"halign":0,"corpus":0},"w":{"rows":8,"glyphs":92,"chars":100,"src_px":7701,"dest_px":18002},"m":{"reps":2,"n":13,"min":123222,"med":123292,"max":123346,"mean":123281.5,"sd":36.3},"d":{"ns_iter":61646000,"ns_px":3424.40},"q":{"cv":0.03,"spread":0.10,"mhz":360.0,"outliers":0,"flags":[]},"h":"9c31759b"} @@f1af1054@@
@@BENCH-RAW@@ {"i":63,"s":[123261,123314,123235,123252,123222,123313,123300,123346,123303,123253,123292,123317,123251]} @@88795ca0@@
I (112834) bench: [64/71] font.saira@27.noaa               61646000 ns/iter  3424.40 ns/px  cv 0.03%
@@BENCH-CELL@@ {"t":"cell","i":64,"id":"rend.async1","g":"rend","ax":{"fmt":"888","font":"saira_regular","size":18.0,"ratio":1.0000,"path":"blit/alpha","orient":"rotcw","mem":"psram","rend":"async1","alpha":255,"halign":0,"corpus":0},"w":{"rows":12,"glyphs":161,"chars":175,"src_px":13512,"dest_px":13512},"m":{"reps":14,"n":15,"min":101369,"med":101466,"max":101590,"mean":101470.0,"sd":73.3},"d":{"ns_iter":7247571,"ns_px":536.38},"q":{"cv":0.07,"spread":0.22,"mhz":360.0,"outliers":0,"flags":[]},"h":"de65743c"} @@fbd79449@@
@@BENCH-RAW@@ {"i":64,"s":[101566,101511,101558,101505,101466,101414,101536,101374,101519,101430,101377,101442,101393,101369,101590]} @@13a14e03@@
I (114424) bench: [65/71] rend.async1                       7247571 ns/iter  536.38 ns/px  cv 0.07%
@@BENCH-CELL@@ {"t":"cell","i":65,"id":"alpha.fast1.a128","g":"alpha","ax":{"fmt":"888","font":"sky","size":9.0,"ratio":1.0000,"path":"blit/alpha","orient":"rotcw","mem":"psram","rend":"async2","alpha":128,"halign":0,"corpus":0},"w":{"rows":23,"glyphs":373,"chars":397,"src_px":10135,"dest_px":10135},"m":{"reps":17,"n":15,"min":99792,"med":99934,"max":100230,"mean":99952.0,"sd":97.6},"d":{"ns_iter":5878470,"ns_px":580.02},"q":{"cv":0.10,"spread":0.44,"mhz":360.0,"outliers":0,"flags":[]},"h":"cc2eccc5"} @@ce6b51bd@@
@@BENCH-RAW@@ {"i":65,"s":[99978,99934,100004,99792,99904,99867,99979,99911,100230,99929,99852,100049,99971,99983,99897]} @@6967b6fc@@
I (115974) bench: [66/71] alpha.fast1.a128                  5878470 ns/iter  580.02 ns/px  cv 0.10%
@@BENCH-CELL@@ {"t":"cell","i":66,"id":"alpha.fast2.a128","g":"alpha","ax":{"fmt":"888","font":"saira_regular","size":18.0,"ratio":1.0000,"path":"blit/alpha","orient":"rotcw","mem":"psram","rend":"async2","alpha":128,"halign":0,"corpus":0},"w":{"rows":12,"glyphs":161,"chars":175,"src_px":13512,"dest_px":13512},"m":{"reps":20,"n":15,"min":97709,"med":97846,"max":98162,"mean":97890.3,"sd":112.2},"d":{"ns_iter":4892300,"ns_px":362.07},"q":{"cv":0.11,"spread":0.46,"mhz":360.0,"outliers":0,"flags":[]},"h":"012c199d"} @@a31c50ec@@
@@BENCH-RAW@@ {"i":66,"s":[97926,97846,97769,97964,97836,98000,97826,97840,98018,97945,97902,97709,97846,98162,97765]} @@63f47ae3@@
I (117494) bench: [67/71] alpha.fast2.a128                  4892300 ns/iter  362.07 ns/px  cv 0.11%
@@BENCH-CELL@@ {"t":"cell","i":67,"id":"len.short","g":"len","ax":{"fmt":"888","font":"saira_regular","size":18.0,"ratio":1.0000,"path":"blit/alpha","orient":"rotcw","mem":"psram","rend":"async2","alpha":255,"halign":0,"corpus":1},"w":{"rows":12,"glyphs":82,"chars":83,"src_px":7336,"dest_px":7336},"m":{"reps":30,"n":15,"min":89739,"med":89807,"max":89907,"mean":89808.4,"sd":45.2},"d":{"ns_iter":2993566,"ns_px":408.07},"q":{"cv":0.05,"spread":0.19,"mhz":360.0,"outliers":0,"flags":[]},"h":"450061c8"} @@626681e0@@
@@BENCH-RAW@@ {"i":67,"s":[89844,89819,89778,89821,89825,89807,89739,89805,89859,89907,89772,89805,89740,89851,89754]} @@8b8480a8@@
I (118884) bench: [68/71] len.short                         2993566 ns/iter  408.07 ns/px  cv 0.05%
@@BENCH-CELL@@ {"t":"cell","i":68,"id":"len.long","g":"len","ax":{"fmt":"888","font":"saira_regular","size":18.0,"ratio":1.0000,"path":"blit/alpha","orient":"rotcw","mem":"psram","rend":"async2","alpha":255,"halign":0,"corpus":2},"w":{"rows":12,"glyphs":273,"chars":315,"src_px":22206,"dest_px":22206},"m":{"reps":14,"n":15,"min":108830,"med":109117,"max":109257,"mean":109086.9,"sd":124.5},"d":{"ns_iter":7794071,"ns_px":350.99},"q":{"cv":0.11,"spread":0.39,"mhz":360.0,"outliers":0,"flags":[]},"h":"504a97ad"} @@aec48388@@
@@BENCH-RAW@@ {"i":68,"s":[109143,108830,108974,109218,108952,109257,109163,108868,109170,109175,109117,109064,109214,109088,109071]} @@13562af1@@
I (120574) bench: [69/71] len.long                          7794071 ns/iter  350.99 ns/px  cv 0.11%
@@BENCH-CELL@@ {"t":"cell","i":69,"id":"align.center","g":"align","ax":{"fmt":"888","font":"saira_regular","size":18.0,"ratio":1.0000,"path":"blit/alpha","orient":"rotcw","mem":"psram","rend":"async2","alpha":255,"halign":1,"corpus":0},"w":{"rows":12,"glyphs":161,"chars":175,"src_px":13512,"dest_px":13512},"m":{"reps":19,"n":15,"min":93154,"med":93303,"max":93590,"mean":93314.1,"sd":107.0},"d":{"ns_iter":4910684,"ns_px":363.43},"q":{"cv":0.11,"spread":0.47,"mhz":360.0,"outliers":0,"flags":[]},"h":"4f91d280"} @@d10c9632@@
@@BENCH-RAW@@ {"i":69,"s":[93312,93590,93335,93221,93329,93279,93154,93297,93234,93293,93484,93303,93173,93343,93365]} @@e8ceb08e@@
I (122024) bench: [70/71] align.center                      4910684 ns/iter  363.43 ns/px  cv 0.11%
@@BENCH-CELL@@ {"t":"cell","i":70,"id":"drift.last","g":"drift","ax":{"fmt":"888","font":"saira_regular","size":18.0,"ratio":1.0000,"path":"blit/alpha","orient":"rotcw","mem":"psram","rend":"async2","alpha":255,"halign":0,"corpus":0},"w":{"rows":12,"glyphs":161,"chars":175,"src_px":13512,"dest_px":13512},"m":{"reps":20,"n":15,"min":97653,"med":97820,"max":98037,"mean":97828.7,"sd":92.8},"d":{"ns_iter":4891000,"ns_px":361.97},"q":{"cv":0.09,"spread":0.39,"mhz":360.0,"outliers":0,"flags":[]},"h":"de65743c"} @@49c13b03@@
@@BENCH-RAW@@ {"i":70,"s":[97786,97820,97875,97653,97786,98037,97725,97813,97955,97860,97879,97881,97716,97862,97783]} @@6b2aa085@@
I (123544) bench: [71/71] drift.last                        4891000 ns/iter  361.97 ns/px  cv 0.09%
@@BENCH-END@@ {"t":"end","cells":71,"total_us":118505516,"status":"ok"} @@17a88691@@
