@@BENCH-BEGIN@@ {"t":"begin","schema":1,"cells":71,"boot_us":4927685,"reset":3,"build":{"app_git":"6ea80a366617","app_dirty":false,"app_branch":"main","pax_git":"964533a6d894","pax_dirty":false,"pax_branch":"main","idf":"v6.0.2","opt":"Os","app_ver":"6ea80a3","app_date":"Aug 20 2026 12:12:46"},"hw":{"chip":"esp32p4","rev":103,"cores":2,"cpu_mhz_nom":360,"cpu_mhz_meas":359.99,"l2_kb":128,"l2_line":64,"psram":true},"cfg":{"pm_enable":true,"pm_lock":true,"tick_hz":100,"wdt":false,"pax":{"bounds_check":false,"orientation":true,"async":"multithread","range_setter":true,"range_merger":true,"fixed_point":true,"long_fixed_point":true,"queue_size":32,"sso_len":32}},"mem":{"tile_dim":256,"int_addr":"0x4ff40700","psram_addr":"0x4811a900","int_free":338643,"int_largest":192512,"psram_free":30524228},"bench":{"n_samples":15,"warmup":2,"target_sample_us":110000,"cell_budget_us":2000000,"corpus_ver":1,"join_placement":"per_sample","driver_core":0,"driver_prio":5,"scrub_bytes":524288}} @@8f824322@@
@@BENCH-CELL@@ {"t":"cell","i":0,"id":"drift.first","g":"drift","ax":{"fmt":"888","font":"saira_regular","size":18.0,"ratio":1.0000,"path":"blit/alpha","orient":"rotcw","mem":"psram","rend":"async2","alpha":255,"halign":0,"corpus":0},"w":{"rows":12,"glyphs":161,"chars":175,"src_px":13512,"dest_px":13512},"m":{"reps":21,"n":15,"min":98602,"med":98856,"max":99123,"mean":98847.3,"sd":120.9},"d":{"ns_iter":4707428,"ns_px":348.39},"q":{"cv":0.12,"spread":0.53,"mhz":360.0,"outliers":0,"flags":[]},"h":"de65743c"} @@1badcdf3@@
@@BENCH-RAW@@ {"i":0,"s":[98762,98916,98740,98700,98959,98820,98903,99123,98856,98911,98954,98862,98773,98829,98602]} @@08864650@@
I (7697) bench: [1/71] drift.first                       4707428 ns/iter  348.39 ns/px  cv 0.12%
@@BENCH-CELL@@ {"t":"cell","i":1,"id":"c565.fast1.upright.psram.sync","g":"cube","ax":{"fmt":"565","font":"sky","size":9.0,"ratio":1.0000,"path":"blit/direct","orient":"upright","mem":"psram","rend":"sync","alpha":255,"halign":0,"corpus":0},"w":{"rows":23,"glyphs":373,"chars":397,"src_px":10135,"dest_px":10135},"m":{"reps":43,"n":15,"min":85060,"med":85338,"max":85523,"mean":85323.8,"sd":115.9},"d":{"ns_iter":1984604,"ns_px":195.82},"q":{"cv":0.14,"spread":0.54,"mhz":360.0,"outliers":0,"flags":[]},"h":"16b7abd1"} @@b17e7188@@
@@BENCH-RAW@@ {"i":1,"s":[85484,85350,85408,85367,85523,85337,85285,85303,85321,85094,85060,85348,85345,85294,85338]} @@ee96787b@@
I (9007) bench: [2/71] c565.fast1.upright.psram.sync     1984604 ns/iter  195.82 ns/px  cv 0.14%
@@BENCH-CELL@@ {"t":"cell","i":2,"id":"c565.fast1.upright.psram.async2","g":"cube","ax":{"fmt":"565","font":"sky","size":9.0,"ratio":1.0000,"path":"blit/direct","orient":"upright","mem":"psram","rend":"async2","alpha":255,"halign":0,"corpus":0},"w":{"rows":23,"glyphs":373,"chars":397,"src_px":10135,"dest_px":10135},"m":{"reps":28,"n":15,"min":102650,"med":102831,"max":102939,"mean":102789.7,"sd":90.8},"d":{"ns_iter":3672535,"ns_px":362.36},"q":{"cv":0.09,"spread":0.28,"mhz":360.0,"outliers":0,"flags":[]},"h":"16b7abd1"} @@f1eb90b6@@
@@BENCH-RAW@@ {"i":2,"s":[102863,102859,102708,102650,102675,102743,102854,102831,102914,102853,102734,102689,102837,102939,102696]} @@23cb4e05@@
I (10587) bench: [3/71] c565.fast1.upright.psram.async2   3672535 ns/iter  362.36 ns/px  cv 0.09%
@@BENCH-CELL@@ {"t":"cell","i":3,"id":"c565.fast1.upright.sram.sync","g":"cube","ax":{"fmt":"565","font":"sky","size":9.0,"ratio":1.0000,"path":"blit/direct","orient":"upright","mem":"sram","rend":"sync","alpha":255,"halign":0,"corpus":0},"w":{"rows":23,"glyphs":373,"chars":397,"src_px":10135,"dest_px":10135},"m":{"reps":51,"n":15,"min":100990,"med":101119,"max":101386,"mean":101168.4,"sd":110.8},"d":{"ns_iter":1982725,"ns_px":195.63},"q":{"cv":0.11,"spread":0.39,"mhz":360.0,"outliers":0,"flags":[]},"h":"16b7abd1"} @@1badce4a@@
@@BENCH-RAW@@ {"i":3,"s":[101314,101386,101316,101073,101107,101157,101310,101102,101065,101151,101224,101113,101099,101119,100990]} @@510bb073@@
I (12127) bench: [4/71] c565.fast1.upright.sram.sync      1982725 ns/iter  195.63 ns/px  cv 0.11%
@@BENCH-CELL@@ {"t":"cell","i":4,"id":"c565.fast1.upright.sram.async2","g":"cube","ax":{"fmt":"565","font":"sky","size":9.0,"ratio":1.0000,"path":"blit/direct","orient":"upright","mem":"sram","rend":"async2","alpha":255,"halign":0,"corpus":0},"w":{"rows":23,"glyphs":373,"chars":397,"src_px":10135,"dest_px":10135},"m":{"reps":30,"n":15,"min":109987,"med":110212,"max":110473,"mean":110216.3,"sd":129.2},"d":{"ns_iter":3673733,"ns_px":362.48},"q":{"cv":0.12,"spread":0.44,"mhz":360.0,"outliers":0,"flags":[]},"h":"16b7abd1"} @@d3201478@@
@@BENCH-RAW@@ {"i":4,"s":[110286,110473,110386,110195,110169,110286,110214,110212,110347,110145,110275,110196,110041,109987,110032]} @@7fede081@@
I (13817) bench: [5/71] c565.fast1.upright.sram.async2    3673733 ns/iter  362.48 ns/px  cv 0.12%
@@BENCH-CELL@@ {"t":"cell","i":5,"id":"c565.fast1.rotcw.psram.sync","g":"cube","ax":{"fmt":"565","font":"sky","size":9.0,"ratio":1.0000,"path":"blit/direct","orient":"rotcw","mem":"psram","rend":"sync","alpha":255,"halign":0,"corpus":0},"w":{"rows":23,"glyphs":373,"chars":397,"src_px":10135,"dest_px":10135},"m":{"reps":38,"n":15,"min":76578,"med":76753,"max":76844,"mean":76752.2,"sd":64.3},"d":{"ns_iter":2019815,"ns_px":199.29},"q":{"cv":0.08,"spread":0.35,"mhz":360.0,"outliers":0,"flags":[]},"h":"70d20c11"} @@601ad3e5@@
@@BENCH-RAW@@ {"i":5,"s":[76578,76834,76814,76844,76741,76707,76712,76794,76777,76777,76750,76779,76742,76753,76681]} @@47edc22d@@
I (14997) bench: [6/71] c565.fast1.rotcw.psram.sync       2019815 ns/iter  199.29 ns/px  cv 0.08%
@@BENCH-CELL@@ {"t":"cell","i":6,"id":"c565.fast1.rotcw.psram.async2","g":"cube","ax":{"fmt":"565","font":"sky","size":9.0,"ratio":1.0000,"path":"blit/direct","orient":"rotcw","mem":"psram","rend":"async2","alpha":255,"halign":0,"corpus":0},"w":{"rows":23,"glyphs":373,"chars":397,"src_px":10135,"dest_px":10135},"m":{"reps":26,"n":15,"min":97800,"med":97982,"max":98244,"mean":98014.3,"sd":130.2},"d":{"ns_iter":3768538,"ns_px":371.83},"q":{"cv":0.13,"spread":0.45,"mhz":360.0,"outliers":0,"flags":[]},"h":"70d20c11"} @@16ce8117@@
@@BENCH-RAW@@ {"i":6,"s":[98235,98025,98212,98063,98244,97853,97988,97965,97874,97982,98094,97958,97968,97954,97800]} @@b6092abd@@
I (16507) bench: [7/71] c565.fast1.rotcw.psram.async2     3768538 ns/iter  371.83 ns/px  cv 0.13%
@@BENCH-CELL@@ {"t":"cell","i":7,"id":"c565.fast1.rotcw.sram.sync","g":"cube","ax":{"fmt":"565","font":"sky","size":9.0,"ratio":1.0000,"path":"blit/direct","orient":"rotcw","mem":"sram","rend":"sync","alpha":255,"halign":0,"corpus":0},"w":{"rows":23,"glyphs":373,"chars":397,"src_px":10135,"dest_px":10135},"m":{"reps":49,"n":15,"min":98279,"med":98489,"max":98689,"mean":98467.9,"sd":113.5},"d":{"ns_iter":2009979,"ns_px":198.32},"q":{"cv":0.12,"spread":0.42,"mhz":360.0,"outliers":0,"flags":[]},"h":"70d20c11"} @@dc4a9d08@@
@@BENCH-RAW@@ {"i":7,"s":[98689,98490,98390,98557,98555,98599,98560,98531,98489,98454,98375,98279,98291,98400,98359]} @@e3cd71a0@@
I (18017) bench: [8/71] c565.fast1.rotcw.sram.sync        2009979 ns/iter  198.32 ns/px  cv 0.12%
@@BENCH-CELL@@ {"t":"cell","i":8,"id":"c565.fast1.rotcw.sram.async2","g":"cube","ax":{"fmt":"565","font":"sky","size":9.0,"ratio":1.0000,"path":"blit/direct","orient":"rotcw","mem":"sram","rend":"async2","alpha":255,"halign":0,"corpus":0},"w":{"rows":23,"glyphs":373,"chars":397,"src_px":10135,"dest_px":10135},"m":{"reps":29,"n":15,"min":108698,"med":108793,"max":109088,"mean":108808.9,"sd":88.4},"d":{"ns_iter":3751482,"ns_px":370.15},"q":{"cv":0.08,"spread":0.36,"mhz":360.0,"outliers":0,"flags":[]},"h":"70d20c11"} @@49a11427@@
@@BENCH-RAW@@ {"i":8,"s":[109088,108852,108793,108836,108721,108698,108849,108790,108781,108843,108826,108763,108712,108787,108794]} @@806a38c2@@
I (19677) bench: [9/71] c565.fast1.rotcw.sram.async2      3751482 ns/iter  370.15 ns/px  cv 0.08%
@@BENCH-CELL@@ {"t":"cell","i":9,"id":"c565.fast2.upright.psram.sync","g":"cube","ax":{"fmt":"565","font":"saira_regular","size":18.0,"ratio":1.0000,"path":"blit/alpha","orient":"upright","mem":"psram","rend":"sync","alpha":255,"halign":0,"corpus":0},"w":{"rows":12,"glyphs":161,"chars":175,"src_px":13512,"dest_px":13512},"m":{"reps":16,"n":15,"min":99994,"med":100006,"max":100042,"mean":100011.3,"sd":13.8},"d":{"ns_iter":6250375,"ns_px":462.58},"q":{"cv":0.01,"spread":0.05,"mhz":360.0,"outliers":0,"flags":[]},"h":"ecacce31"} @@d28bd163@@
@@BENCH-RAW@@ {"i":9,"s":[100027,100016,100014,100004,100042,100023,100031,100006,100006,99998,99997,100003,99996,99994,100013]} @@1cfb78a9@@
I (21227) bench: [10/71] c565.fast2.upright.psram.sync     6250375 ns/iter  462.58 ns/px  cv 0.01%
@@BENCH-CELL@@ {"t":"cell","i":10,"id":"c565.fast2.upright.psram.async2","g":"cube","ax":{"fmt":"565","font":"saira_regular","size":18.0,"ratio":1.0000,"path":"blit/alpha","orient":"upright","mem":"psram","rend":"async2","alpha":255,"halign":0,"corpus":0},"w":{"rows":12,"glyphs":161,"chars":175,"src_px":13512,"dest_px":13512},"m":{"reps":23,"n":15,"min":98089,"med":98179,"max":98239,"mean":98166.8,"sd":44.2},"d":{"ns_iter":4268652,"ns_px":315.92},"q":{"cv":0.05,"spread":0.15,"mhz":360.0,"outliers":0,"flags":[]},"h":"ecacce31"} @@7ec29aec@@
@@BENCH-RAW@@ {"i":10,"s":[98104,98121,98150,98110,98089,98192,98198,98220,98179,98239,98200,98142,98206,98160,98192]} @@1b0d3d14@@
I (22747) bench: [11/71] c565.fast2.upright.psram.async2   4268652 ns/iter  315.92 ns/px  cv 0.05%
@@BENCH-CELL@@ {"t":"cell","i":11,"id":"c565.fast2.upright.sram.sync","g":"cube","ax":{"fmt":"565","font":"saira_regular","size":18.0,"ratio":1.0000,"path":"blit/alpha","orient":"upright","mem":"sram","rend":"sync","alpha":255,"halign":0,"corpus":0},"w":{"rows":12,"glyphs":161,"chars":175,"src_px":13512,"dest_px":13512},"m":{"reps":17,"n":15,"min":106248,"med":106262,"max":106292,"mean":106263.2,"sd":10.4},"d":{"ns_iter":6250705,"ns_px":462.60},"q":{"cv":0.01,"spread":0.04,"mhz":360.0,"outliers":0,"flags":[]},"h":"ecacce31"} @@88dec182@@
@@BENCH-RAW@@ {"i":11,"s":[106264,106248,106263,106259,106292,106263,106255,106262,106265,106254,106258,106262,106259,106282,106262]} @@ab6d4b09@@
I (24387) bench: [12/71] c565.fast2.upright.sram.sync      6250705 ns/iter  462.60 ns/px  cv 0.01%
@@BENCH-CELL@@ {"t":"cell","i":12,"id":"c565.fast2.upright.sram.async2","g":"cube","ax":{"fmt":"565","font":"saira_regular","size":18.0,"ratio":1.0000,"path":"blit/alpha","orient":"upright","mem":"sram","rend":"async2","alpha":255,"halign":0,"corpus":0},"w":{"rows":12,"glyphs":161,"chars":175,"src_px":13512,"dest_px":13512},"m":{"reps":24,"n":15,"min":102247,"med":102367,"max":102414,"mean":102355.6,"sd":44.5},"d":{"ns_iter":4265291,"ns_px":315.67},"q":{"cv":0.04,"spread":0.16,"mhz":360.0,"outliers":0,"flags":[]},"h":"ecacce31"} @@1f7d4194@@
@@BENCH-RAW@@ {"i":12,"s":[102349,102403,102367,102414,102374,102338,102382,102308,102336,102376,102405,102331,102247,102400,102304]} @@52c41374@@
I (25957) bench: [13/71] c565.fast2.upright.sram.async2    4265291 ns/iter  315.67 ns/px  cv 0.04%
@@BENCH-CELL@@ {"t":"cell","i":13,"id":"c565.fast2.rotcw.psram.sync","g":"cube","ax":{"fmt":"565","font":"saira_regular","size":18.0,"ratio":1.0000,"path":"blit/alpha","orient":"rotcw","mem":"psram","rend":"sync","alpha":255,"halign":0,"corpus":0},"w":{"rows":12,"glyphs":161,"chars":175,"src_px":13512,"dest_px":13512},"m":{"reps":16,"n":15,"min":100740,"med":100825,"max":100931,"mean":100812.7,"sd":49.1},"d":{"ns_iter":6301562,"ns_px":466.37},"q":{"cv":0.05,"spread":0.19,"mhz":360.0,"outliers":0,"flags":[]},"h":"70889db9"} @@598211f7@@
@@BENCH-RAW@@ {"i":13,"s":[100839,100799,100825,100931,100853,100855,100833,100839,100831,100790,100740,100769,100745,100788,100754]} @@9d10c9cd@@
I (27517) bench: [14/71] c565.fast2.rotcw.psram.sync       6301562 ns/iter  466.37 ns/px  cv 0.05%
@@BENCH-CELL@@ {"t":"cell","i":14,"id":"c565.fast2.rotcw.psram.async2","g":"cube","ax":{"fmt":"565","font":"saira_regular","size":18.0,"ratio":1.0000,"path":"blit/alpha","orient":"rotcw","mem":"psram","rend":"async2","alpha":255,"halign":0,"corpus":0},"w":{"rows":12,"glyphs":161,"chars":175,"src_px":13512,"dest_px":13512},"m":{"reps":21,"n":15,"min":96133,"med":96203,"max":96389,"mean":96217.1,"sd":66.6},"d":{"ns_iter":4581095,"ns_px":339.04},"q":{"cv":0.07,"spread":0.27,"mhz":360.0,"outliers":0,"flags":[]},"h":"70889db9"} @@02cffa6a@@
@@BENCH-RAW@@ {"i":14,"s":[96286,96207,96294,96133,96164,96265,96228,96153,96389,96134,96181,96186,96203,96231,96203]} @@29ca8bed@@
I (29007) bench: [15/71] c565.fast2.rotcw.psram.async2     4581095 ns/iter  339.04 ns/px  cv 0.07%
@@BENCH-CELL@@ {"t":"cell","i":15,"id":"c565.fast2.rotcw.sram.sync","g":"cube","ax":{"fmt":"565","font":"saira_regular","size":18.0,"ratio":1.0000,"path":"blit/alpha","orient":"rotcw","mem":"sram","rend":"sync","alpha":255,"halign":0,"corpus":0},"w":{"rows":12,"glyphs":161,"chars":175,"src_px":13512,"dest_px":13512},"m":{"reps":17,"n":15,"min":106727,"med":106742,"max":106771,"mean":106745.7,"sd":14.6},"d":{"ns_iter":6278941,"ns_px":464.69},"q":{"cv":0.01,"spread":0.04,"mhz":360.0,"outliers":0,"flags":[]},"h":"70889db9"} @@38d4a910@@
@@BENCH-RAW@@ {"i":15,"s":[106731,106727,106737,106769,106766,106755,106745,106742,106738,106758,106738,106750,106771,106729,106729]} @@eb26e35c@@
I (30647) bench: [16/71] c565.fast2.rotcw.sram.sync        6278941 ns/iter  464.69 ns/px  cv 0.01%
@@BENCH-CELL@@ {"t":"cell","i":16,"id":"c565.fast2.rotcw.sram.async2","g":"cube","ax":{"fmt":"565","font":"saira_regular","size":18.0,"ratio":1.0000,"path":"blit/alpha","orient":"rotcw","mem":"sram","rend":"async2","alpha":255,"halign":0,"corpus":0},"w":{"rows":12,"glyphs":161,"chars":175,"src_px":13512,"dest_px":13512},"m":{"reps":23,"n":15,"min":103388,"med":103455,"max":103532,"mean":103453.8,"sd":34.8},"d":{"ns_iter":4498043,"ns_px":332.89},"q":{"cv":0.03,"spread":0.14,"mhz":360.0,"outliers":0,"flags":[]},"h":"70889db9"} @@89a6a0e0@@
@@BENCH-RAW@@ {"i":16,"s":[103532,103460,103445,103455,103470,103455,103463,103459,103414,103423,103447,103454,103426,103388,103516]} @@915ea5bb@@
I (32237) bench: [17/71] c565.fast2.rotcw.sram.async2      4498043 ns/iter  332.89 ns/px  cv 0.03%
@@BENCH-CELL@@ {"t":"cell","i":17,"id":"c565.shader.upright.psram.sync","g":"cube","ax":{"fmt":"565","font":"saira_regular","size":27.0,"ratio":1.5000,"path":"shader/aa","orient":"upright","mem":"psram","rend":"sync","alpha":255,"halign":0,"corpus":0},"w":{"rows":8,"glyphs":92,"chars":100,"src_px":7701,"dest_px":18002},"m":{"reps":1,"n":12,"min":137424,"med":137449,"max":137613,"mean":137479.2,"sd":62.4},"d":{"ns_iter":137449000,"ns_px":7635.21},"q":{"cv":0.05,"spread":0.14,"mhz":360.0,"outliers":0,"flags":[]},"h":"f8db19ed"} @@636174ea@@
@@BENCH-RAW@@ {"i":17,"s":[137462,137442,137436,137446,137449,137465,137443,137434,137424,137613,137587,137550]} @@e00fe1d4@@
I (34467) bench: [18/71] c565.shader.upright.psram.sync   137449000 ns/iter  7635.21 ns/px  cv 0.05%
@@BENCH-CELL@@ {"t":"cell","i":18,"id":"c565.shader.upright.psram.async2","g":"cube","ax":{"fmt":"565","font":"saira_regular","size":27.0,"ratio":1.5000,"path":"shader/aa","orient":"upright","mem":"psram","rend":"async2","alpha":255,"halign":0,"corpus":0},"w":{"rows":8,"glyphs":92,"chars":100,"src_px":7701,"dest_px":18002},"m":{"reps":2,"n":12,"min":138583,"med":138678,"max":138729,"mean":138660.7,"sd":51.9},"d":{"ns_iter":69339000,"ns_px":3851.74},"q":{"cv":0.04,"spread":0.11,"mhz":360.0,"outliers":0,"flags":[]},"h":"f8db19ed"} @@f9974350@@
@@BENCH-RAW@@ {"i":18,"s":[138729,138666,138630,138583,138619,138600,138678,138693,138716,138721,138705,138588]} @@a22ce58f@@
I (36427) bench: [19/71] c565.shader.upright.psram.async2 69339000 ns/iter  3851.74 ns/px  cv 0.04%
@@BENCH-CELL@@ {"t":"cell","i":19,"id":"c565.shader.upright.sram.sync","g":"cube","ax":{"fmt":"565","font":"saira_regular","size":27.0,"ratio":1.5000,"path":"shader/aa","orient":"upright","mem":"sram","rend":"sync","alpha":255,"halign":0,"corpus":0},"w":{"rows":8,"glyphs":92,"chars":100,"src_px":7701,"dest_px":18002},"m":{"reps":1,"n":12,"min":137522,"med":137554,"max":137683,"mean":137564.1,"sd":40.0},"d":{"ns_iter":137554000,"ns_px":7641.04},"q":{"cv":0.03,"spread":0.12,"mhz":360.0,"outliers":0,"flags":[]},"h":"f8db19ed"} @@4d60fd81@@
@@BENCH-RAW@@ {"i":19,"s":[137552,137554,137522,137683,137536,137550,137548,137573,137554,137568,137536,137593]} @@e9cebc39@@
I (38647) bench: [20/71] c565.shader.upright.sram.sync    137554000 ns/iter  7641.04 ns/px  cv 0.03%
@@BENCH-CELL@@ {"t":"cell","i":20,"id":"c565.shader.upright.sram.async2","g":"cube","ax":{"fmt":"565","font":"saira_regular","size":27.0,"ratio":1.5000,"path":"shader/aa","orient":"upright","mem":"sram","rend":"async2","alpha":255,"halign":0,"corpus":0},"w":{"rows":8,"glyphs":92,"chars":100,"src_px":7701,"dest_px":18002},"m":{"reps":2,"n":12,"min":138500,"med":138722,"max":138818,"mean":138700.6,"sd":75.7},"d":{"ns_iter":69361000,"ns_px":3852.96},"q":{"cv":0.05,"spread":0.23,"mhz":360.0,"outliers":0,"flags":[]},"h":"f8db19ed"} @@e9ce234f@@
@@BENCH-RAW@@ {"i":20,"s":[138500,138672,138735,138720,138818,138615,138695,138749,138727,138720,138734,138722]} @@3724f7a3@@
I (40617) bench: [21/71] c565.shader.upright.sram.async2  69361000 ns/iter  3852.96 ns/px  cv 0.05%
@@BENCH-CELL@@ {"t":"cell","i":21,"id":"c565.shader.rotcw.psram.sync","g":"cube","ax":{"fmt":"565","font":"saira_regular","size":27.0,"ratio":1.5000,"path":"shader/aa","orient":"rotcw","mem":"psram","rend":"sync","alpha":255,"halign":0,"corpus":0},"w":{"rows":8,"glyphs":92,"chars":100,"src_px":7701,"dest_px":18002},"m":{"reps":1,"n":13,"min":129816,"med":129897,"max":129933,"mean":129890.8,"sd":29.2},"d":{"ns_iter":129897000,"ns_px":7215.70},"q":{"cv":0.02,"spread":0.09,"mhz":360.0,"outliers":0,"flags":[]},"h":"796ae951"} @@9504c491@@
@@BENCH-RAW@@ {"i":21,"s":[129846,129917,129887,129897,129906,129933,129892,129902,129883,129911,129901,129889,129816]} @@f6b7b0fc@@
I (42847) bench: [22/71] c565.shader.rotcw.psram.sync     129897000 ns/iter  7215.70 ns/px  cv 0.02%
@@BENCH-CELL@@ {"t":"cell","i":22,"id":"c565.shader.rotcw.psram.async2","g":"cube","ax":{"fmt":"565","font":"saira_regular","size":27.0,"ratio":1.5000,"path":"shader/aa","orient":"rotcw","mem":"psram","rend":"async2","alpha":255,"halign":0,"corpus":0},"w":{"rows":8,"glyphs":92,"chars":100,"src_px":7701,"dest_px":18002},"m":{"reps":2,"n":12,"min":136681,"med":136742,"max":136853,"mean":136760.2,"sd":62.6},"d":{"ns_iter":68371000,"ns_px":3797.97},"q":{"cv":0.05,"spread":0.13,"mhz":360.0,"outliers":0,"flags":[]},"h":"796ae951"} @@b1aef91f@@
@@BENCH-RAW@@ {"i":22,"s":[136695,136701,136681,136713,136701,136853,136830,136810,136838,136825,136742,136733]} @@ba68a8f0@@
I (44787) bench: [23/71] c565.shader.rotcw.psram.async2   68371000 ns/iter  3797.97 ns/px  cv 0.05%
@@BENCH-CELL@@ {"t":"cell","i":23,"id":"c565.shader.rotcw.sram.sync","g":"cube","ax":{"fmt":"565","font":"saira_regular","size":27.0,"ratio":1.5000,"path":"shader/aa","orient":"rotcw","mem":"sram","rend":"sync","alpha":255,"halign":0,"corpus":0},"w":{"rows":8,"glyphs":92,"chars":100,"src_px":7701,"dest_px":18002},"m":{"reps":1,"n":13,"min":129542,"med":129668,"max":129751,"mean":129657.8,"sd":56.2},"d":{"ns_iter":129668000,"ns_px":7202.98},"q":{"cv":0.04,"spread":0.16,"mhz":360.0,"outliers":0,"flags":[]},"h":"796ae951"} @@f16a3ea3@@
@@BENCH-RAW@@ {"i":23,"s":[129542,129680,129702,129693,129691,129751,129664,129681,129567,129586,129665,129668,129662]} @@073fe301@@
I (47007) bench: [24/71] c565.shader.rotcw.sram.sync      129668000 ns/iter  7202.98 ns/px  cv 0.04%
@@BENCH-CELL@@ {"t":"cell","i":24,"id":"c565.shader.rotcw.sram.async2","g":"cube","ax":{"fmt":"565","font":"saira_regular","size":27.0,"ratio":1.5000,"path":"shader/aa","orient":"rotcw","mem":"sram","rend":"async2","alpha":255,"halign":0,"corpus":0},"w":{"rows":8,"glyphs":92,"chars":100,"src_px":7701,"dest_px":18002},"m":{"reps":2,"n":12,"min":136041,"med":136081,"max":136225,"mean":136086.8,"sd":47.1},"d":{"ns_iter":68040500,"ns_px":3779.61},"q":{"cv":0.03,"spread":0.14,"mhz":360.0,"outliers":0,"flags":[]},"h":"796ae951"} @@47293aad@@
@@BENCH-RAW@@ {"i":24,"s":[136225,136125,136097,136081,136092,136082,136054,136065,136063,136041,136051,136066]} @@5340ed06@@
I (48937) bench: [25/71] c565.shader.rotcw.sram.async2    68040500 ns/iter  3779.61 ns/px  cv 0.03%
@@BENCH-CELL@@ {"t":"cell","i":25,"id":"c888.fast1.upright.psram.sync","g":"cube","ax":{"fmt":"888","font":"sky","size":9.0,"ratio":1.0000,"path":"blit/direct","orient":"upright","mem":"psram","rend":"sync","alpha":255,"halign":0,"corpus":0},"w":{"rows":23,"glyphs":373,"chars":397,"src_px":10135,"dest_px":10135},"m":{"reps":40,"n":15,"min":83955,"med":84209,"max":84447,"mean":84212.8,"sd":145.2},"d":{"ns_iter":2105225,"ns_px":207.72},"q":{"cv":0.17,"spread":0.58,"mhz":360.0,"outliers":0,"flags":[]},"h":"601bd481"} @@b0b1b050@@
@@BENCH-RAW@@ {"i":25,"s":[84301,84403,84447,84343,84356,84223,84089,84160,84166,84071,83963,83955,84193,84209,84313]} @@4ec4ca99@@
I (50237) bench: [26/71] c888.fast1.upright.psram.sync     2105225 ns/iter  207.72 ns/px  cv 0.17%
@@BENCH-CELL@@ {"t":"cell","i":26,"id":"c888.fast1.upright.psram.async2","g":"cube","ax":{"fmt":"888","font":"sky","size":9.0,"ratio":1.0000,"path":"blit/direct","orient":"upright","mem":"psram","rend":"async2","alpha":255,"halign":0,"corpus":0},"w":{"rows":23,"glyphs":373,"chars":397,"src_px":10135,"dest_px":10135},"m":{"reps":27,"n":15,"min":100373,"med":100538,"max":100705,"mean":100535.7,"sd":90.9},"d":{"ns_iter":3723629,"ns_px":367.40},"q":{"cv":0.09,"spread":0.33,"mhz":360.0,"outliers":0,"flags":[]},"h":"601bd481"} @@91ffc1b6@@
@@BENCH-RAW@@ {"i":26,"s":[100705,100527,100576,100373,100574,100481,100562,100519,100405,100494,100665,100538,100572,100633,100412]} @@3317a985@@
I (51787) bench: [27/71] c888.fast1.upright.psram.async2   3723629 ns/iter  367.40 ns/px  cv 0.09%
@@BENCH-CELL@@ {"t":"cell","i":27,"id":"c888.fast1.upright.sram.sync","g":"cube","ax":{"fmt":"888","font":"sky","size":9.0,"ratio":1.0000,"path":"blit/direct","orient":"upright","mem":"sram","rend":"sync","alpha":255,"halign":0,"corpus":0},"w":{"rows":23,"glyphs":373,"chars":397,"src_px":10135,"dest_px":10135},"m":{"reps":48,"n":15,"min":101044,"med":101166,"max":101537,"mean":101249.9,"sd":163.2},"d":{"ns_iter":2107625,"ns_px":207.96},"q":{"cv":0.16,"spread":0.49,"mhz":360.0,"outliers":0,"flags":[]},"h":"601bd481"} @@a441ef81@@
@@BENCH-RAW@@ {"i":27,"s":[101044,101048,101133,101166,101126,101221,101106,101141,101131,101385,101537,101414,101492,101399,101406]} @@138e7b24@@
I (53337) bench: [28/71] c888.fast1.upright.sram.sync      2107625 ns/iter  207.96 ns/px  cv 0.16%
@@BENCH-CELL@@ {"t":"cell","i":28,"id":"c888.fast1.upright.sram.async2","g":"cube","ax":{"fmt":"888","font":"sky","size":9.0,"ratio":1.0000,"path":"blit/direct","orient":"upright","mem":"sram","rend":"async2","alpha":255,"halign":0,"corpus":0},"w":{"rows":23,"glyphs":373,"chars":397,"src_px":10135,"dest_px":10135},"m":{"reps":30,"n":15,"min":111681,"med":111838,"max":112279,"mean":111936.1,"sd":187.5},"d":{"ns_iter":3727933,"ns_px":367.83},"q":{"cv":0.17,"spread":0.53,"mhz":360.0,"outliers":0,"flags":[]},"h":"601bd481"} @@9f17fb0c@@
@@BENCH-RAW@@ {"i":28,"s":[111812,111810,111725,111821,111681,111883,111838,111794,111795,111970,112279,112121,112190,112192,112131]} @@1a1899ae@@
I (55057) bench: [29/71] c888.fast1.upright.sram.async2    3727933 ns/iter  367.83 ns/px  cv 0.17%
@@BENCH-CELL@@ {"t":"cell","i":29,"id":"c888.fast1.rotcw.psram.sync","g":"cube","ax":{"fmt":"888","font":"sky","size":9.0,"ratio":1.0000,"path":"blit/direct","orient":"rotcw","mem":"psram","rend":"sync","alpha":255,"halign":0,"corpus":0},"w":{"rows":23,"glyphs":373,"chars":397,"src_px":10135,"dest_px":10135},"m":{"reps":35,"n":15,"min":83370,"med":83638,"max":83847,"mean":83627.7,"sd":140.5},"d":{"ns_iter":2389657,"ns_px":235.78},"q":{"cv":0.17,"spread":0.57,"mhz":360.0,"outliers":0,"flags":[]},"h":"333c04c9"} @@23e34138@@
@@BENCH-RAW@@ {"i":29,"s":[83638,83586,83370,83570,83666,83736,83680,83818,83701,83785,83624,83847,83564,83416,83415]} @@55a12aae@@
I (56347) bench: [30/71] c888.fast1.rotcw.psram.sync       2389657 ns/iter  235.78 ns/px  cv 0.17%
@@BENCH-CELL@@ {"t":"cell","i":30,"id":"c888.fast1.rotcw.psram.async2","g":"cube","ax":{"fmt":"888","font":"sky","size":9.0,"ratio":1.0000,"path":"blit/direct","orient":"rotcw","mem":"psram","rend":"async2","alpha":255,"halign":0,"corpus":0},"w":{"rows":23,"glyphs":373,"chars":397,"src_px":10135,"dest_px":10135},"m":{"reps":25,"n":15,"min":100989,"med":101173,"max":101324,"mean":101173.8,"sd":74.7},"d":{"ns_iter":4046920,"ns_px":399.30},"q":{"cv":0.07,"spread":0.33,"mhz":360.0,"outliers":0,"flags":[]},"h":"333c04c9"} @@bbd78913@@
@@BENCH-RAW@@ {"i":30,"s":[101212,101120,101270,101173,100989,101231,101324,101156,101116,101166,101180,101107,101214,101185,101164]} @@60bb23d9@@
I (57907) bench: [31/71] c888.fast1.rotcw.psram.async2     4046920 ns/iter  399.30 ns/px  cv 0.07%
@@BENCH-CELL@@ {"t":"cell","i":31,"id":"c888.fast1.rotcw.sram.sync","g":"cube","ax":{"fmt":"888","font":"sky","size":9.0,"ratio":1.0000,"path":"blit/direct","orient":"rotcw","mem":"sram","rend":"sync","alpha":255,"halign":0,"corpus":0},"w":{"rows":23,"glyphs":373,"chars":397,"src_px":10135,"dest_px":10135},"m":{"reps":48,"n":15,"min":102015,"med":102255,"max":102382,"mean":102217.4,"sd":103.6},"d":{"ns_iter":2130312,"ns_px":210.19},"q":{"cv":0.10,"spread":0.36,"mhz":360.0,"outliers":0,"flags":[]},"h":"333c04c9"} @@627bef17@@
@@BENCH-RAW@@ {"i":31,"s":[102302,102348,102231,102276,102382,102256,102090,102082,102015,102255,102193,102297,102281,102132,102121]} @@8672bfde@@
I (59477) bench: [32/71] c888.fast1.rotcw.sram.sync        2130312 ns/iter  210.19 ns/px  cv 0.10%
@@BENCH-CELL@@ {"t":"cell","i":32,"id":"c888.fast1.rotcw.sram.async2","g":"cube","ax":{"fmt":"888","font":"sky","size":9.0,"ratio":1.0000,"path":"blit/direct","orient":"rotcw","mem":"sram","rend":"async2","alpha":255,"halign":0,"corpus":0},"w":{"rows":23,"glyphs":373,"chars":397,"src_px":10135,"dest_px":10135},"m":{"reps":29,"n":15,"min":110033,"med":110263,"max":110528,"mean":110279.9,"sd":143.7},"d":{"ns_iter":3802172,"ns_px":375.15},"q":{"cv":0.13,"spread":0.45,"mhz":360.0,"outliers":0,"flags":[]},"h":"333c04c9"} @@b462d078@@
@@BENCH-RAW@@ {"i":32,"s":[110473,110323,110263,110223,110412,110528,110338,110114,110038,110033,110249,110245,110450,110306,110203]} @@8225e543@@
I (61167) bench: [33/71] c888.fast1.rotcw.sram.async2      3802172 ns/iter  375.15 ns/px  cv 0.13%
@@BENCH-CELL@@ {"t":"cell","i":33,"id":"c888.fast2.upright.psram.sync","g":"cube","ax":{"fmt":"888","font":"saira_regular","size":18.0,"ratio":1.0000,"path":"blit/alpha","orient":"upright","mem":"psram","rend":"sync","alpha":255,"halign":0,"corpus":0},"w":{"rows":12,"glyphs":161,"chars":175,"src_px":13512,"dest_px":13512},"m":{"reps":16,"n":15,"min":97191,"med":97200,"max":97254,"mean":97208.2,"sd":16.6},"d":{"ns_iter":6075000,"ns_px":449.60},"q":{"cv":0.02,"spread":0.06,"mhz":360.0,"outliers":0,"flags":[]},"h":"34ac5a26"} @@c132687d@@
@@BENCH-RAW@@ {"i":33,"s":[97214,97200,97191,97194,97198,97200,97192,97198,97204,97254,97224,97217,97217,97195,97225]} @@251971dc@@
I (62677) bench: [34/71] c888.fast2.upright.psram.sync     6075000 ns/iter  449.60 ns/px  cv 0.02%
@@BENCH-CELL@@ {"t":"cell","i":34,"id":"c888.fast2.upright.psram.async2","g":"cube","ax":{"fmt":"888","font":"saira_regular","size":18.0,"ratio":1.0000,"path":"blit/alpha","orient":"upright","mem":"psram","rend":"async2","alpha":255,"halign":0,"corpus":0},"w":{"rows":12,"glyphs":161,"chars":175,"src_px":13512,"dest_px":13512},"m":{"reps":22,"n":15,"min":91913,"med":91957,"max":92038,"mean":91961.7,"sd":36.9},"d":{"ns_iter":4179863,"ns_px":309.34},"q":{"cv":0.04,"spread":0.14,"mhz":360.0,"outliers":0,"flags":[]},"h":"34ac5a26"} @@94512d49@@
@@BENCH-RAW@@ {"i":34,"s":[92038,91970,91933,92018,91957,91990,91979,91917,91944,91913,91919,91943,91938,91960,92006]} @@2cae070a@@
I (64097) bench: [35/71] c888.fast2.upright.psram.async2   4179863 ns/iter  309.34 ns/px  cv 0.04%
@@BENCH-CELL@@ {"t":"cell","i":35,"id":"c888.fast2.upright.sram.sync","g":"cube","ax":{"fmt":"888","font":"saira_regular","size":18.0,"ratio":1.0000,"path":"blit/alpha","orient":"upright","mem":"sram","rend":"sync","alpha":255,"halign":0,"corpus":0},"w":{"rows":12,"glyphs":161,"chars":175,"src_px":13512,"dest_px":13512},"m":{"reps":18,"n":15,"min":109282,"med":109293,"max":109337,"mean":109294.8,"sd":13.0},"d":{"ns_iter":6071833,"ns_px":449.37},"q":{"cv":0.01,"spread":0.05,"mhz":360.0,"outliers":0,"flags":[]},"h":"34ac5a26"} @@86e86121@@
@@BENCH-RAW@@ {"i":35,"s":[109337,109282,109293,109288,109292,109288,109293,109287,109295,109311,109287,109296,109294,109293,109286]} @@ae38414e@@
I (65787) bench: [36/71] c888.fast2.upright.sram.sync      6071833 ns/iter  449.37 ns/px  cv 0.01%
@@BENCH-CELL@@ {"t":"cell","i":36,"id":"c888.fast2.upright.sram.async2","g":"cube","ax":{"fmt":"888","font":"saira_regular","size":18.0,"ratio":1.0000,"path":"blit/alpha","orient":"upright","mem":"sram","rend":"async2","alpha":255,"halign":0,"corpus":0},"w":{"rows":12,"glyphs":161,"chars":175,"src_px":13512,"dest_px":13512},"m":{"reps":25,"n":15,"min":104447,"med":104526,"max":104660,"mean":104544.7,"sd":61.2},"d":{"ns_iter":4181040,"ns_px":309.43},"q":{"cv":0.06,"spread":0.20,"mhz":360.0,"outliers":0,"flags":[]},"h":"34ac5a26"} @@22aeb8c0@@
@@BENCH-RAW@@ {"i":36,"s":[104508,104447,104487,104631,104465,104584,104519,104505,104541,104577,104660,104516,104570,104635,104526]} @@06f66f2e@@
I (67397) bench: [37/71] c888.fast2.upright.sram.async2    4181040 ns/iter  309.43 ns/px  cv 0.06%
@@BENCH-CELL@@ {"t":"cell","i":37,"id":"c888.fast2.rotcw.psram.sync","g":"cube","ax":{"fmt":"888","font":"saira_regular","size":18.0,"ratio":1.0000,"path":"blit/alpha","orient":"rotcw","mem":"psram","rend":"sync","alpha":255,"halign":0,"corpus":0},"w":{"rows":12,"glyphs":161,"chars":175,"src_px":13512,"dest_px":13512},"m":{"reps":16,"n":15,"min":101851,"med":102003,"max":102172,"mean":102006.3,"sd":66.6},"d":{"ns_iter":6375187,"ns_px":471.82},"q":{"cv":0.07,"spread":0.31,"mhz":360.0,"outliers":0,"flags":[]},"h":"de65743c"} @@77b8df84@@
@@BENCH-RAW@@ {"i":37,"s":[101999,101970,102003,101851,101982,101977,101942,102003,102172,102074,102021,102041,101989,102043,102027]} @@11922b27@@
I (68977) bench: [38/71] c888.fast2.rotcw.psram.sync       6375187 ns/iter  471.82 ns/px  cv 0.07%
@@BENCH-CELL@@ {"t":"cell","i":38,"id":"c888.fast2.rotcw.psram.async2","g":"cube","ax":{"fmt":"888","font":"saira_regular","size":18.0,"ratio":1.0000,"path":"blit/alpha","orient":"rotcw","mem":"psram","rend":"async2","alpha":255,"halign":0,"corpus":0},"w":{"rows":12,"glyphs":161,"chars":175,"src_px":13512,"dest_px":13512},"m":{"reps":20,"n":15,"min":94605,"med":94756,"max":95144,"mean":94792.4,"sd":147.0},"d":{"ns_iter":4737800,"ns_px":350.64},"q":{"cv":0.16,"spread":0.57,"mhz":360.0,"outliers":0,"flags":[]},"h":"de65743c"} @@94614fc1@@
@@BENCH-RAW@@ {"i":38,"s":[94748,94805,95087,94756,94657,94770,94669,94879,94605,94747,94659,94811,94694,95144,94855]} @@d895b308@@
I (70447) bench: [39/71] c888.fast2.rotcw.psram.async2     4737800 ns/iter  350.64 ns/px  cv 0.16%
@@BENCH-CELL@@ {"t":"cell","i":39,"id":"c888.fast2.rotcw.sram.sync","g":"cube","ax":{"fmt":"888","font":"saira_regular","size":18.0,"ratio":1.0000,"path":"blit/alpha","orient":"rotcw","mem":"sram","rend":"sync","alpha":255,"halign":0,"corpus":0},"w":{"rows":12,"glyphs":161,"chars":175,"src_px":13512,"dest_px":13512},"m":{"reps":18,"n":15,"min":109789,"med":109799,"max":109831,"mean":109806.7,"sd":14.9},"d":{"ns_iter":6099944,"ns_px":451.45},"q":{"cv":0.01,"spread":0.04,"mhz":360.0,"outliers":0,"flags":[]},"h":"de65743c"} @@986a672e@@
@@BENCH-RAW@@ {"i":39,"s":[109826,109828,109814,109820,109803,109789,109799,109825,109797,109791,109794,109831,109797,109796,109791]} @@ae594069@@
I (72147) bench: [40/71] c888.fast2.rotcw.sram.sync        6099944 ns/iter  451.45 ns/px  cv 0.01%
@@BENCH-CELL@@ {"t":"cell","i":40,"id":"c888.fast2.rotcw.sram.async2","g":"cube","ax":{"fmt":"888","font":"saira_regular","size":18.0,"ratio":1.0000,"path":"blit/alpha","orient":"rotcw","mem":"sram","rend":"async2","alpha":255,"halign":0,"corpus":0},"w":{"rows":12,"glyphs":161,"chars":175,"src_px":13512,"dest_px":13512},"m":{"reps":24,"n":15,"min":105908,"med":105985,"max":106050,"mean":105981.1,"sd":37.1},"d":{"ns_iter":4416041,"ns_px":326.82},"q":{"cv":0.03,"spread":0.13,"mhz":360.0,"outliers":0,"flags":[]},"h":"de65743c"} @@b5d017bc@@
@@BENCH-RAW@@ {"i":40,"s":[105989,106034,105988,105970,105939,105946,105941,105983,106009,105961,106050,106020,105994,105908,105985]} @@f908d91e@@
I (73777) bench: [41/71] c888.fast2.rotcw.sram.async2      4416041 ns/iter  326.82 ns/px  cv 0.03%
@@BENCH-CELL@@ {"t":"cell","i":41,"id":"c888.shader.upright.psram.sync","g":"cube","ax":{"fmt":"888","font":"saira_regular","size":27.0,"ratio":1.5000,"path":"shader/aa","orient":"upright","mem":"psram","rend":"sync","alpha":255,"halign":0,"corpus":0},"w":{"rows":8,"glyphs":92,"chars":100,"src_px":7701,"dest_px":18002},"m":{"reps":1,"n":12,"min":134517,"med":134587,"max":134622,"mean":134572.8,"sd":33.2},"d":{"ns_iter":134587000,"ns_px":7476.23},"q":{"cv":0.02,"spread":0.08,"mhz":360.0,"outliers":0,"flags":[]},"h":"839de335"} @@05116ca4@@
@@BENCH-RAW@@ {"i":41,"s":[134622,134574,134595,134594,134599,134517,134534,134526,134569,134587,134546,134611]} @@be3b5fb1@@
I (75957) bench: [42/71] c888.shader.upright.psram.sync   134587000 ns/iter  7476.23 ns/px  cv 0.02%
@@BENCH-CELL@@ {"t":"cell","i":42,"id":"c888.shader.upright.psram.async2","g":"cube","ax":{"fmt":"888","font":"saira_regular","size":27.0,"ratio":1.5000,"path":"shader/aa","orient":"upright","mem":"psram","rend":"async2","alpha":255,"halign":0,"corpus":0},"w":{"rows":8,"glyphs":92,"chars":100,"src_px":7701,"dest_px":18002},"m":{"reps":2,"n":12,"min":137737,"med":137756,"max":138014,"mean":137794.8,"sd":79.9},"d":{"ns_iter":68878000,"ns_px":3826.13},"q":{"cv":0.06,"spread":0.20,"mhz":360.0,"outliers":0,"flags":[]},"h":"839de335"} @@f7326120@@
@@BENCH-RAW@@ {"i":42,"s":[137740,137748,138014,137756,137745,137741,137749,137737,137841,137887,137803,137776]} @@01857408@@
I (77917) bench: [43/71] c888.shader.upright.psram.async2 68878000 ns/iter  3826.13 ns/px  cv 0.06%
@@BENCH-CELL@@ {"t":"cell","i":43,"id":"c888.shader.upright.sram.sync","g":"cube","ax":{"fmt":"888","font":"saira_regular","size":27.0,"ratio":1.5000,"path":"shader/aa","orient":"upright","mem":"sram","rend":"sync","alpha":255,"halign":0,"corpus":0},"w":{"rows":8,"glyphs":92,"chars":100,"src_px":7701,"dest_px":18002},"m":{"reps":1,"n":12,"min":134502,"med":134530,"max":134611,"mean":134543.3,"sd":36.6},"d":{"ns_iter":134530000,"ns_px":7473.06},"q":{"cv":0.03,"spread":0.08,"mhz":360.0,"outliers":0,"flags":[]},"h":"839de335"} @@ce698189@@
@@BENCH-RAW@@ {"i":43,"s":[134547,134530,134591,134528,134590,134529,134611,134571,134510,134502,134506,134505]} @@10ffd13d@@
I (80087) bench: [44/71] c888.shader.upright.sram.sync    134530000 ns/iter  7473.06 ns/px  cv 0.03%
@@BENCH-CELL@@ {"t":"cell","i":44,"id":"c888.shader.upright.sram.async2","g":"cube","ax":{"fmt":"888","font":"saira_regular","size":27.0,"ratio":1.5000,"path":"shader/aa","orient":"upright","mem":"sram","rend":"async2","alpha":255,"halign":0,"corpus":0},"w":{"rows":8,"glyphs":92,"chars":100,"src_px":7701,"dest_px":18002},"m":{"reps":2,"n":12,"min":137505,"med":137645,"max":137777,"mean":137636.8,"sd":90.9},"d":{"ns_iter":68822500,"ns_px":3823.05},"q":{"cv":0.07,"spread":0.20,"mhz":360.0,"outliers":0,"flags":[]},"h":"839de335"} @@04103f51@@
@@BENCH-RAW@@ {"i":44,"s":[137709,137640,137645,137759,137725,137607,137609,137777,137647,137510,137505,137509]} @@3d877a14@@
I (82037) bench: [45/71] c888.shader.upright.sram.async2  68822500 ns/iter  3823.05 ns/px  cv 0.07%
@@BENCH-CELL@@ {"t":"cell","i":45,"id":"c888.shader.rotcw.psram.sync","g":"cube","ax":{"fmt":"888","font":"saira_regular","size":27.0,"ratio":1.5000,"path":"shader/aa","orient":"rotcw","mem":"psram","rend":"sync","alpha":255,"halign":0,"corpus":0},"w":{"rows":8,"glyphs":92,"chars":100,"src_px":7701,"dest_px":18002},"m":{"reps":1,"n":13,"min":129371,"med":129430,"max":129538,"mean":129432.4,"sd":39.5},"d":{"ns_iter":129430000,"ns_px":7189.76},"q":{"cv":0.03,"spread":0.13,"mhz":360.0,"outliers":0,"flags":[]},"h":"dd1828a1"} @@b62149b7@@
@@BENCH-RAW@@ {"i":45,"s":[129446,129430,129390,129391,129453,129414,129432,129455,129425,129371,129538,129427,129449]} @@3f6596c6@@
I (84267) bench: [46/71] c888.shader.rotcw.psram.sync     129430000 ns/iter  7189.76 ns/px  cv 0.03%
@@BENCH-CELL@@ {"t":"cell","i":46,"id":"c888.shader.rotcw.psram.async2","g":"cube","ax":{"fmt":"888","font":"saira_regular","size":27.0,"ratio":1.5000,"path":"shader/aa","orient":"rotcw","mem":"psram","rend":"async2","alpha":255,"halign":0,"corpus":0},"w":{"rows":8,"glyphs":92,"chars":100,"src_px":7701,"dest_px":18002},"m":{"reps":2,"n":12,"min":136150,"med":136214,"max":136309,"mean":136217.5,"sd":51.3},"d":{"ns_iter":68107000,"ns_px":3783.30},"q":{"cv":0.04,"spread":0.12,"mhz":360.0,"outliers":0,"flags":[]},"h":"dd1828a1"} @@b7952a45@@
@@BENCH-RAW@@ {"i":46,"s":[136309,136284,136156,136191,136166,136169,136150,136209,136214,136236,136272,136254]} @@677c3ce4@@
I (86207) bench: [47/71] c888.shader.rotcw.psram.async2   68107000 ns/iter  3783.30 ns/px  cv 0.04%
@@BENCH-CELL@@ {"t":"cell","i":47,"id":"c888.shader.rotcw.sram.sync","g":"cube","ax":{"fmt":"888","font":"saira_regular","size":27.0,"ratio":1.5000,"path":"shader/aa","orient":"rotcw","mem":"sram","rend":"sync","alpha":255,"halign":0,"corpus":0},"w":{"rows":8,"glyphs":92,"chars":100,"src_px":7701,"dest_px":18002},"m":{"reps":1,"n":13,"min":128916,"med":128929,"max":129020,"mean":128942.8,"sd":27.7},"d":{"ns_iter":128929000,"ns_px":7161.93},"q":{"cv":0.02,"spread":0.08,"mhz":360.0,"outliers":0,"flags":[]},"h":"dd1828a1"} @@43c239ec@@
@@BENCH-RAW@@ {"i":47,"s":[128929,128940,128939,128929,129020,128964,128929,128922,128916,128947,128922,128925,128975]} @@22b56ff0@@
I (88417) bench: [48/71] c888.shader.rotcw.sram.sync      128929000 ns/iter  7161.93 ns/px  cv 0.02%
@@BENCH-CELL@@ {"t":"cell","i":48,"id":"c888.shader.rotcw.sram.async2","g":"cube","ax":{"fmt":"888","font":"saira_regular","size":27.0,"ratio":1.5000,"path":"shader/aa","orient":"rotcw","mem":"sram","rend":"async2","alpha":255,"halign":0,"corpus":0},"w":{"rows":8,"glyphs":92,"chars":100,"src_px":7701,"dest_px":18002},"m":{"reps":2,"n":12,"min":135216,"med":135258,"max":135358,"mean":135260.7,"sd":34.7},"d":{"ns_iter":67629000,"ns_px":3756.75},"q":{"cv":0.03,"spread":0.10,"mhz":360.0,"outliers":0,"flags":[]},"h":"dd1828a1"} @@be7e03a2@@
@@BENCH-RAW@@ {"i":48,"s":[135262,135230,135216,135236,135258,135358,135294,135253,135263,135252,135258,135248]} @@bd69fb2d@@
I (90337) bench: [49/71] c888.shader.rotcw.sram.async2    67629000 ns/iter  3756.75 ns/px  cv 0.03%
@@BENCH-CELL@@ {"t":"cell","i":49,"id":"orient.rotccw","g":"orient","ax":{"fmt":"888","font":"saira_regular","size":18.0,"ratio":1.0000,"path":"blit/alpha","orient":"rotccw","mem":"psram","rend":"async2","alpha":255,"halign":0,"corpus":0},"w":{"rows":12,"glyphs":161,"chars":175,"src_px":13512,"dest_px":13512},"m":{"reps":21,"n":15,"min":99427,"med":99551,"max":99864,"mean":99587.3,"sd":119.0},"d":{"ns_iter":4740523,"ns_px":350.84},"q":{"cv":0.12,"spread":0.44,"mhz":360.0,"outliers":0,"flags":[]},"h":"e16cec42"} @@325199bf@@
@@BENCH-RAW@@ {"i":49,"s":[99427,99551,99536,99849,99568,99555,99603,99669,99535,99535,99612,99533,99480,99864,99493]} @@358da4c6@@
I (91877) bench: [50/71] orient.rotccw                     4740523 ns/iter  350.84 ns/px  cv 0.12%
@@BENCH-CELL@@ {"t":"cell","i":50,"id":"orient.rothalf","g":"orient","ax":{"fmt":"888","font":"saira_regular","size":18.0,"ratio":1.0000,"path":"blit/alpha","orient":"rothalf","mem":"psram","rend":"async2","alpha":255,"halign":0,"corpus":0},"w":{"rows":12,"glyphs":161,"chars":175,"src_px":13512,"dest_px":13512},"m":{"reps":21,"n":15,"min":94962,"med":95054,"max":95203,"mean":95057.5,"sd":60.8},"d":{"ns_iter":4526380,"ns_px":334.99},"q":{"cv":0.06,"spread":0.25,"mhz":360.0,"outliers":0,"flags":[]},"h":"a6066584"} @@99fbfade@@
@@BENCH-RAW@@ {"i":50,"s":[95054,95053,95065,94998,94962,95045,94976,95068,95203,95053,95007,95078,95084,95055,95162]} @@c821411b@@
I (93357) bench: [51/71] orient.rothalf                    4526380 ns/iter  334.99 ns/px  cv 0.06%
@@BENCH-CELL@@ {"t":"cell","i":51,"id":"orient.fliph","g":"orient","ax":{"fmt":"888","font":"saira_regular","size":18.0,"ratio":1.0000,"path":"blit/alpha","orient":"fliph","mem":"psram","rend":"async2","alpha":255,"halign":0,"corpus":0},"w":{"rows":12,"glyphs":161,"chars":175,"src_px":13512,"dest_px":13512},"m":{"reps":22,"n":15,"min":92001,"med":92161,"max":92245,"mean":92137.7,"sd":70.7},"d":{"ns_iter":4189136,"ns_px":310.03},"q":{"cv":0.08,"spread":0.26,"mhz":360.0,"outliers":0,"flags":[]},"h":"abc61a88"} @@d4579142@@
@@BENCH-RAW@@ {"i":51,"s":[92088,92001,92029,92186,92107,92032,92162,92214,92150,92132,92245,92179,92161,92219,92161]} @@236d9e98@@
I (94777) bench: [52/71] orient.fliph                      4189136 ns/iter  310.03 ns/px  cv 0.08%
@@BENCH-CELL@@ {"t":"cell","i":52,"id":"orient.rotccwfliph","g":"orient","ax":{"fmt":"888","font":"saira_regular","size":18.0,"ratio":1.0000,"path":"blit/alpha","orient":"rotccwfliph","mem":"psram","rend":"async2","alpha":255,"halign":0,"corpus":0},"w":{"rows":12,"glyphs":161,"chars":175,"src_px":13512,"dest_px":13512},"m":{"reps":20,"n":15,"min":94093,"med":94218,"max":94436,"mean":94235.3,"sd":101.3},"d":{"ns_iter":4710900,"ns_px":348.65},"q":{"cv":0.11,"spread":0.36,"mhz":360.0,"outliers":0,"flags":[]},"h":"5262d8d8"} @@965694cc@@
@@BENCH-RAW@@ {"i":52,"s":[94220,94251,94218,94127,94125,94214,94162,94093,94228,94389,94350,94436,94169,94177,94371]} @@ccbce3b0@@
I (96237) bench: [53/71] orient.rotccwfliph                4710900 ns/iter  348.65 ns/px  cv 0.11%
@@BENCH-CELL@@ {"t":"cell","i":53,"id":"orient.rothalffliph","g":"orient","ax":{"fmt":"888","font":"saira_regular","size":18.0,"ratio":1.0000,"path":"blit/alpha","orient":"rothalffliph","mem":"psram","rend":"async2","alpha":255,"halign":0,"corpus":0},"w":{"rows":12,"glyphs":161,"chars":175,"src_px":13512,"dest_px":13512},"m":{"reps":21,"n":15,"min":95412,"med":95460,"max":95590,"mean":95466.9,"sd":47.6},"d":{"ns_iter":4545714,"ns_px":336.42},"q":{"cv":0.05,"spread":0.19,"mhz":360.0,"outliers":0,"flags":[]},"h":"418c2762"} @@4a8e8e6d@@
@@BENCH-RAW@@ {"i":53,"s":[95522,95479,95419,95494,95590,95449,95518,95460,95440,95425,95421,95412,95479,95472,95423]} @@cbd9e89c@@
I (97717) bench: [54/71] orient.rothalffliph               4545714 ns/iter  336.42 ns/px  cv 0.05%
@@BENCH-CELL@@ {"t":"cell","i":54,"id":"orient.rotcwfliph","g":"orient","ax":{"fmt":"888","font":"saira_regular","size":18.0,"ratio":1.0000,"path":"blit/alpha","orient":"rotcwfliph","mem":"psram","rend":"async2","alpha":255,"halign":0,"corpus":0},"w":{"rows":12,"glyphs":161,"chars":175,"src_px":13512,"dest_px":13512},"m":{"reps":20,"n":15,"min":94035,"med":94189,"max":94396,"mean":94180.4,"sd":88.9},"d":{"ns_iter":4709450,"ns_px":348.54},"q":{"cv":0.09,"spread":0.38,"mhz":360.0,"outliers":0,"flags":[]},"h":"0e714186"} @@ff1d2d47@@
@@BENCH-RAW@@ {"i":54,"s":[94236,94117,94044,94035,94170,94125,94262,94202,94196,94205,94396,94106,94189,94154,94269]} @@8e39ef49@@
I (99177) bench: [55/71] orient.rotcwfliph                 4709450 ns/iter  348.54 ns/px  cv 0.09%
@@BENCH-CELL@@ {"t":"cell","i":55,"id":"font.sky@18","g":"font","ax":{"fmt":"888","font":"sky","size":18.0,"ratio":2.0000,"path":"blit/direct","orient":"rotcw","mem":"psram","rend":"async2","alpha":255,"halign":0,"corpus":0},"w":{"rows":12,"glyphs":148,"chars":162,"src_px":4014,"dest_px":16056},"m":{"reps":31,"n":15,"min":82408,"med":82728,"max":82924,"mean":82706.2,"sd":111.2},"d":{"ns_iter":2668645,"ns_px":166.21},"q":{"cv":0.13,"spread":0.62,"mhz":360.0,"outliers":0,"flags":[]},"h":"a32b1e1d"} @@0c92b45e@@
@@BENCH-RAW@@ {"i":55,"s":[82746,82771,82600,82728,82689,82639,82924,82674,82793,82739,82796,82623,82751,82408,82712]} @@67ede39c@@
I (100467) bench: [56/71] font.sky@18                       2668645 ns/iter  166.21 ns/px  cv 0.13%
@@BENCH-CELL@@ {"t":"cell","i":56,"id":"font.sky@27","g":"font","ax":{"fmt":"888","font":"sky","size":27.0,"ratio":3.0000,"path":"blit/direct","orient":"rotcw","mem":"psram","rend":"async2","alpha":255,"halign":0,"corpus":0},"w":{"rows":8,"glyphs":80,"chars":85,"src_px":2161,"dest_px":19449},"m":{"reps":36,"n":15,"min":81325,"med":81450,"max":81642,"mean":81449.1,"sd":93.5},"d":{"ns_iter":2262500,"ns_px":116.33},"q":{"cv":0.11,"spread":0.39,"mhz":360.0,"outliers":0,"flags":[]},"h":"4bc0b3f9"} @@b89dc670@@
@@BENCH-RAW@@ {"i":56,"s":[81562,81347,81325,81642,81364,81334,81424,81482,81450,81373,81373,81558,81529,81472,81501]} @@98d80d48@@
I (101727) bench: [57/71] font.sky@27                       2262500 ns/iter  116.33 ns/px  cv 0.11%
@@BENCH-CELL@@ {"t":"cell","i":57,"id":"font.skymono@9","g":"font","ax":{"fmt":"888","font":"sky_mono","size":9.0,"ratio":1.0000,"path":"blit/direct","orient":"rotcw","mem":"psram","rend":"async2","alpha":255,"halign":0,"corpus":0},"w":{"rows":23,"glyphs":373,"chars":397,"src_px":23499,"dest_px":23499},"m":{"reps":22,"n":15,"min":100045,"med":100140,"max":100397,"mean":100159.4,"sd":86.7},"d":{"ns_iter":4551818,"ns_px":193.70},"q":{"cv":0.09,"spread":0.35,"mhz":360.0,"outliers":0,"flags":[]},"h":"6335b160"} @@5373bb9c@@
@@BENCH-RAW@@ {"i":57,"s":[100240,100131,100217,100201,100046,100124,100045,100069,100133,100167,100397,100227,100140,100106,100148]} @@0226b431@@
I (103267) bench: [58/71] font.skymono@9                    4551818 ns/iter  193.70 ns/px  cv 0.09%
@@BENCH-CELL@@ {"t":"cell","i":58,"id":"font.sky@13","g":"font","ax":{"fmt":"888","font":"sky","size":13.0,"ratio":1.4444,"path":"shader/pal","orient":"rotcw","mem":"psram","rend":"async2","alpha":255,"halign":0,"corpus":0},"w":{"rows":17,"glyphs":239,"chars":255,"src_px":6321,"dest_px":12530},"m":{"reps":2,"n":15,"min":111796,"med":111865,"max":111996,"mean":111871.5,"sd":54.5},"d":{"ns_iter":55932500,"ns_px":4463.89},"q":{"cv":0.05,"spread":0.18,"mhz":360.0,"outliers":0,"flags":[]},"h":"254ec85e"} @@897d906c@@
@@BENCH-RAW@@ {"i":58,"s":[111947,111947,111895,111996,111877,111848,111801,111864,111878,111865,111841,111796,111844,111866,111808]} @@669045f5@@
I (105207) bench: [59/71] font.sky@13                      55932500 ns/iter  4463.89 ns/px  cv 0.05%
@@BENCH-CELL@@ {"t":"cell","i":59,"id":"font.saira@36","g":"font","ax":{"fmt":"888","font":"saira_regular","size":36.0,"ratio":2.0000,"path":"blit/alpha","orient":"rotcw","mem":"psram","rend":"async2","alpha":255,"halign":0,"corpus":0},"w":{"rows":6,"glyphs":56,"chars":61,"src_px":4710,"dest_px":18840},"m":{"reps":19,"n":15,"min":94164,"med":94277,"max":94430,"mean":94288.6,"sd":64.2},"d":{"ns_iter":4961947,"ns_px":263.37},"q":{"cv":0.07,"spread":0.28,"mhz":360.0,"outliers":0,"flags":[]},"h":"972d0991"} @@b434de16@@
@@BENCH-RAW@@ {"i":59,"s":[94249,94275,94289,94164,94276,94312,94259,94241,94277,94403,94430,94317,94290,94329,94218]} @@84283b1c@@
I (106667) bench: [60/71] font.saira@36                     4961947 ns/iter  263.37 ns/px  cv 0.07%
@@BENCH-CELL@@ {"t":"cell","i":60,"id":"font.marker@22","g":"font","ax":{"fmt":"888","font":"marker","size":22.0,"ratio":1.0000,"path":"blit/alpha","orient":"rotcw","mem":"psram","rend":"async2","alpha":255,"halign":0,"corpus":0},"w":{"rows":10,"glyphs":125,"chars":136,"src_px":22847,"dest_px":22847},"m":{"reps":15,"n":15,"min":103244,"med":103418,"max":103773,"mean":103436.1,"sd":146.2},"d":{"ns_iter":6894533,"ns_px":301.77},"q":{"cv":0.14,"spread":0.51,"mhz":360.0,"outliers":0,"flags":[]},"h":"59dd778c"} @@37763632@@
@@BENCH-RAW@@ {"i":60,"s":[103773,103446,103341,103602,103332,103302,103477,103603,103549,103414,103418,103244,103260,103275,103505]} @@badf5794@@
I (108277) bench: [61/71] font.marker@22                    6894533 ns/iter  301.77 ns/px  cv 0.14%
@@BENCH-CELL@@ {"t":"cell","i":61,"id":"font.marker@33","g":"font","ax":{"fmt":"888","font":"marker","size":33.0,"ratio":1.5000,"path":"shader/aa","orient":"rotcw","mem":"psram","rend":"async2","alpha":255,"halign":0,"corpus":0},"w":{"rows":7,"glyphs":71,"chars":76,"src_px":13008,"dest_px":29868},"m":{"reps":1,"n":15,"min":110026,"med":110087,"max":110401,"mean":110125.0,"sd":97.5},"d":{"ns_iter":110087000,"ns_px":3685.78},"q":{"cv":0.09,"spread":0.34,"mhz":360.0,"outliers":0,"flags":[]},"h":"aed9f152"} @@87040718@@
@@BENCH-RAW@@ {"i":61,"s":[110161,110292,110088,110401,110146,110177,110087,110026,110091,110064,110068,110056,110085,110063,110070]} @@20d8ad20@@
I (110397) bench: [62/71] font.marker@33                   110087000 ns/iter  3685.78 ns/px  cv 0.09%
@@BENCH-CELL@@ {"t":"cell","i":62,"id":"font.condensed@45","g":"font","ax":{"fmt":"888","font":"saira_condensed","size":45.0,"ratio":1.0000,"path":"blit/alpha","orient":"rotcw","mem":"psram","rend":"async2","alpha":255,"halign":0,"corpus":0},"w":{"rows":5,"glyphs":47,"chars":51,"src_px":19237,"dest_px":19237},"m":{"reps":19,"n":15,"min":90585,"med":90641,"max":90682,"mean":90643.1,"sd":26.2},"d":{"ns_iter":4770578,"ns_px":247.99},"q":{"cv":0.03,"spread":0.11,"mhz":360.0,"outliers":0,"flags":[]},"h":"7bcb728d"} @@ab614d09@@
@@BENCH-RAW@@ {"i":62,"s":[90681,90662,90659,90635,90609,90609,90641,90655,90664,90656,90638,90585,90682,90640,90631]} @@81a220d9@@
I (111807) bench: [63/71] font.condensed@45                 4770578 ns/iter  247.99 ns/px  cv 0.03%
@@BENCH-CELL@@ {"t":"cell","i":63,"id":"font.saira@27.noaa","g":"font","ax":{"fmt":"888","font":"saira_regular_noaa","size":27.0,"ratio":1.5000,"path":"shader/plain","orient":"rotcw","mem":"psram","rend":"async2","alpha":255,"halign":0,"corpus":0},"w":{"rows":8,"glyphs":92,"chars":100,"src_px":7701,"dest_px":18002},"m":{"reps":2,"n":13,"min":124307,"med":124383,"max":124452,"mean":124373.0,"sd":46.1},"d":{"ns_iter":62191500,"ns_px":3454.70},"q":{"cv":0.04,"spread":0.12,"mhz":360.0,"outliers":0,"flags":[]},"h":"9c31759b"} @@668152a6@@
@@BENCH-RAW@@ {"i":63,"s":[124452,124318,124338,124394,124403,124383,124428,124429,124352,124331,124307,124392,124322]} @@1388b2ec@@
I (113697) bench: [64/71] font.saira@27.noaa               62191500 ns/iter  3454.70 ns/px  cv 0.04%
@@BENCH-CELL@@ {"t":"cell","i":64,"id":"rend.async1","g":"rend","ax":{"fmt":"888","font":"saira_regular","size":18.0,"ratio":1.0000,"path":"blit/alpha","orient":"rotcw","mem":"psram","rend":"async1","alpha":255,"halign":0,"corpus":0},"w":{"rows":12,"glyphs":161,"chars":175,"src_px":13512,"dest_px":13512},"m":{"reps":14,"n":15,"min":101611,"med":101713,"max":101970,"mean":101723.3,"sd":83.8},"d":{"ns_iter":7265214,"ns_px":537.69},"q":{"cv":0.08,"spread":0.35,"mhz":360.0,"outliers":0,"flags":[]},"h":"de65743c"} @@492c4c61@@
@@BENCH-RAW@@ {"i":64,"s":[101721,101637,101748,101970,101761,101831,101727,101710,101699,101660,101611,101684,101719,101658,101713]} @@80186534@@
I (115287) bench: [65/71] rend.async1                       7265214 ns/iter  537.69 ns/px  cv 0.08%
@@BENCH-CELL@@ {"t":"cell","i":65,"id":"alpha.fast1.a128","g":"alpha","ax":{"fmt":"888","font":"sky","size":9.0,"ratio":1.0000,"path":"blit/alpha","orient":"rotcw","mem":"psram","rend":"async2","alpha":128,"halign":0,"corpus":0},"w":{"rows":23,"glyphs":373,"chars":397,"src_px":10135,"dest_px":10135},"m":{"reps":18,"n":15,"min":100644,"med":100798,"max":101059,"mean":100820.5,"sd":118.0},"d":{"ns_iter":5599888,"ns_px":552.53},"q":{"cv":0.12,"spread":0.41,"mhz":360.0,"outliers":0,"flags":[]},"h":"cc2eccc5"} @@f2375836@@
@@BENCH-RAW@@ {"i":65,"s":[100874,100753,100644,100788,100798,100663,100708,100868,101059,100754,100757,101050,100879,100907,100805]} @@81a0079c@@
I (116847) bench: [66/71] alpha.fast1.a128                  5599888 ns/iter  552.53 ns/px  cv 0.12%
@@BENCH-CELL@@ {"t":"cell","i":66,"id":"alpha.fast2.a128","g":"alpha","ax":{"fmt":"888","font":"saira_regular","size":18.0,"ratio":1.0000,"path":"blit/alpha","orient":"rotcw","mem":"psram","rend":"async2","alpha":128,"halign":0,"corpus":0},"w":{"rows":12,"glyphs":161,"chars":175,"src_px":13512,"dest_px":13512},"m":{"reps":20,"n":15,"min":93892,"med":94103,"max":94185,"mean":94056.6,"sd":98.1},"d":{"ns_iter":4705150,"ns_px":348.22},"q":{"cv":0.10,"spread":0.31,"mhz":360.0,"outliers":0,"flags":[]},"h":"012c199d"} @@cdadbee9@@
@@BENCH-RAW@@ {"i":66,"s":[94103,94105,94124,94141,94147,93919,93915,93981,94041,94153,94185,93892,93997,93978,94168]} @@adb8ec71@@
I (118307) bench: [67/71] alpha.fast2.a128                  4705150 ns/iter  348.22 ns/px  cv 0.10%
@@BENCH-CELL@@ {"t":"cell","i":67,"id":"len.short","g":"len","ax":{"fmt":"888","font":"saira_regular","size":18.0,"ratio":1.0000,"path":"blit/alpha","orient":"rotcw","mem":"psram","rend":"async2","alpha":255,"halign":0,"corpus":1},"w":{"rows":12,"glyphs":82,"chars":83,"src_px":7336,"dest_px":7336},"m":{"reps":31,"n":15,"min":90144,"med":90261,"max":90407,"mean":90250.3,"sd":62.5},"d":{"ns_iter":2911645,"ns_px":396.90},"q":{"cv":0.07,"spread":0.29,"mhz":360.0,"outliers":0,"flags":[]},"h":"450061c8"} @@d481ef60@@
@@BENCH-RAW@@ {"i":67,"s":[90279,90311,90250,90268,90280,90144,90251,90189,90193,90165,90407,90211,90261,90274,90272]} @@b62108a6@@
I (119697) bench: [68/71] len.short                         2911645 ns/iter  396.90 ns/px  cv 0.07%
@@BENCH-CELL@@ {"t":"cell","i":68,"id":"len.long","g":"len","ax":{"fmt":"888","font":"saira_regular","size":18.0,"ratio":1.0000,"path":"blit/alpha","orient":"rotcw","mem":"psram","rend":"async2","alpha":255,"halign":0,"corpus":2},"w":{"rows":12,"glyphs":273,"chars":315,"src_px":22206,"dest_px":22206},"m":{"reps":14,"n":15,"min":106293,"med":106494,"max":106907,"mean":106487.8,"sd":151.1},"d":{"ns_iter":7606714,"ns_px":342.55},"q":{"cv":0.14,"spread":0.58,"mhz":360.0,"outliers":0,"flags":[]},"h":"504a97ad"} @@aa5c76bc@@
@@BENCH-RAW@@ {"i":68,"s":[106907,106427,106293,106464,106643,106494,106579,106350,106352,106607,106398,106498,106497,106309,106499]} @@abed9496@@
I (121357) bench: [69/71] len.long                          7606714 ns/iter  342.55 ns/px  cv 0.14%
@@BENCH-CELL@@ {"t":"cell","i":69,"id":"align.center","g":"align","ax":{"fmt":"888","font":"saira_regular","size":18.0,"ratio":1.0000,"path":"blit/alpha","orient":"rotcw","mem":"psram","rend":"async2","alpha":255,"halign":1,"corpus":0},"w":{"rows":12,"glyphs":161,"chars":175,"src_px":13512,"dest_px":13512},"m":{"reps":20,"n":15,"min":94951,"med":95044,"max":95195,"mean":95066.0,"sd":80.2},"d":{"ns_iter":4752200,"ns_px":351.70},"q":{"cv":0.08,"spread":0.26,"mhz":360.0,"outliers":0,"flags":[]},"h":"4f91d280"} @@a808586d@@
@@BENCH-RAW@@ {"i":69,"s":[95020,94998,95109,95044,94998,95097,95188,95084,95195,94982,95191,95044,94965,94951,95124]} @@477afee6@@
I (122827) bench: [70/71] align.center                      4752200 ns/iter  351.70 ns/px  cv 0.08%
@@BENCH-CELL@@ {"t":"cell","i":70,"id":"drift.last","g":"drift","ax":{"fmt":"888","font":"saira_regular","size":18.0,"ratio":1.0000,"path":"blit/alpha","orient":"rotcw","mem":"psram","rend":"async2","alpha":255,"halign":0,"corpus":0},"w":{"rows":12,"glyphs":161,"chars":175,"src_px":13512,"dest_px":13512},"m":{"reps":20,"n":15,"min":93854,"med":93953,"max":94204,"mean":93984.5,"sd":96.0},"d":{"ns_iter":4697650,"ns_px":347.67},"q":{"cv":0.10,"spread":0.37,"mhz":360.0,"outliers":0,"flags":[]},"h":"de65743c"} @@008fcbf3@@
@@BENCH-RAW@@ {"i":70,"s":[93954,93913,93988,93947,94037,94204,94105,94117,93924,93854,93887,93953,94058,93891,93936]} @@6ba1c470@@
I (124287) bench: [71/71] drift.last                        4697650 ns/iter  347.67 ns/px  cv 0.10%
@@BENCH-END@@ {"t":"end","cells":71,"total_us":118175360,"status":"ok"} @@996a8d93@@
