@@BENCH-BEGIN@@ {"t":"begin","schema":1,"cells":71,"boot_us":3747821,"reset":3,"build":{"app_git":"3f22ff68d60a","app_dirty":true,"app_branch":"main","pax_git":"793ed284747e","pax_dirty":false,"pax_branch":"opt/text-rendering","idf":"v6.0.2","opt":"Og","app_ver":"3f22ff6-dirty","app_date":"Aug 20 2026 13:55:24"},"hw":{"chip":"esp32p4","rev":103,"cores":2,"cpu_mhz_nom":360,"cpu_mhz_meas":360.00,"l2_kb":128,"l2_line":64,"psram":true},"cfg":{"pm_enable":true,"pm_lock":true,"tick_hz":100,"wdt":false,"pax":{"bounds_check":false,"orientation":true,"async":"multithread","range_setter":true,"range_merger":true,"fixed_point":true,"long_fixed_point":true,"queue_size":32,"sso_len":32}},"mem":{"tile_dim":256,"int_addr":"0x4ff40700","psram_addr":"0x4811a900","int_free":324567,"int_largest":192512,"psram_free":30524228},"bench":{"n_samples":15,"warmup":2,"target_sample_us":110000,"cell_budget_us":2000000,"corpus_ver":1,"join_placement":"per_sample","driver_core":0,"driver_prio":5,"scrub_bytes":524288}} @@dee972da@@
@@BENCH-CELL@@ {"t":"cell","i":0,"id":"drift.first","g":"drift","ax":{"fmt":"888","font":"saira_regular","size":18.0,"ratio":1.0000,"path":"blit/alpha","orient":"rotcw","mem":"psram","rend":"async2","alpha":255,"halign":0,"corpus":0},"w":{"rows":12,"glyphs":161,"chars":175,"src_px":13512,"dest_px":13512},"m":{"reps":26,"n":15,"min":95010,"med":95214,"max":95530,"mean":95233.1,"sd":130.5},"d":{"ns_iter":3662076,"ns_px":271.02},"q":{"cv":0.14,"spread":0.55,"mhz":360.0,"outliers":0,"flags":[]},"h":"de65743c"} @@722b97c2@@
@@BENCH-RAW@@ {"i":0,"s":[95134,95319,95108,95286,95324,95083,95211,95342,95301,95173,95530,95108,95214,95010,95354]} @@e2dd92f8@@
I (6512) bench: [1/71] drift.first                       3662076 ns/iter  271.02 ns/px  cv 0.14%
@@BENCH-CELL@@ {"t":"cell","i":1,"id":"c565.fast1.upright.psram.sync","g":"cube","ax":{"fmt":"565","font":"sky","size":9.0,"ratio":1.0000,"path":"blit/direct","orient":"upright","mem":"psram","rend":"sync","alpha":255,"halign":0,"corpus":0},"w":{"rows":23,"glyphs":373,"chars":397,"src_px":10135,"dest_px":10135},"m":{"reps":41,"n":15,"min":89381,"med":89485,"max":89711,"mean":89498.5,"sd":88.0},"d":{"ns_iter":2182560,"ns_px":215.35},"q":{"cv":0.10,"spread":0.37,"mhz":360.0,"outliers":0,"flags":[]},"h":"16b7abd1"} @@b5cdb4e3@@
@@BENCH-RAW@@ {"i":1,"s":[89460,89425,89599,89433,89403,89529,89381,89434,89485,89500,89482,89499,89493,89644,89711]} @@262505df@@
I (7892) bench: [2/71] c565.fast1.upright.psram.sync     2182560 ns/iter  215.35 ns/px  cv 0.10%
@@BENCH-CELL@@ {"t":"cell","i":2,"id":"c565.fast1.upright.psram.async2","g":"cube","ax":{"fmt":"565","font":"sky","size":9.0,"ratio":1.0000,"path":"blit/direct","orient":"upright","mem":"psram","rend":"async2","alpha":255,"halign":0,"corpus":0},"w":{"rows":23,"glyphs":373,"chars":397,"src_px":10135,"dest_px":10135},"m":{"reps":26,"n":15,"min":103652,"med":103751,"max":103964,"mean":103790.5,"sd":88.8},"d":{"ns_iter":3990423,"ns_px":393.73},"q":{"cv":0.09,"spread":0.30,"mhz":360.0,"outliers":0,"flags":[]},"h":"16b7abd1"} @@31142a41@@
@@BENCH-RAW@@ {"i":2,"s":[103737,103913,103964,103843,103854,103859,103714,103710,103751,103652,103890,103737,103731,103695,103808]} @@894216d0@@
I (9482) bench: [3/71] c565.fast1.upright.psram.async2   3990423 ns/iter  393.73 ns/px  cv 0.09%
@@BENCH-CELL@@ {"t":"cell","i":3,"id":"c565.fast1.upright.sram.sync","g":"cube","ax":{"fmt":"565","font":"sky","size":9.0,"ratio":1.0000,"path":"blit/direct","orient":"upright","mem":"sram","rend":"sync","alpha":255,"halign":0,"corpus":0},"w":{"rows":23,"glyphs":373,"chars":397,"src_px":10135,"dest_px":10135},"m":{"reps":46,"n":15,"min":100254,"med":100477,"max":100724,"mean":100468.0,"sd":148.4},"d":{"ns_iter":2184282,"ns_px":215.52},"q":{"cv":0.15,"spread":0.47,"mhz":360.0,"outliers":0,"flags":[]},"h":"16b7abd1"} @@91cb2142@@
@@BENCH-RAW@@ {"i":3,"s":[100301,100331,100371,100264,100254,100365,100451,100477,100486,100527,100717,100724,100622,100533,100597]} @@fbe8038f@@
I (11022) bench: [4/71] c565.fast1.upright.sram.sync      2184282 ns/iter  215.52 ns/px  cv 0.15%
@@BENCH-CELL@@ {"t":"cell","i":4,"id":"c565.fast1.upright.sram.async2","g":"cube","ax":{"fmt":"565","font":"sky","size":9.0,"ratio":1.0000,"path":"blit/direct","orient":"upright","mem":"sram","rend":"async2","alpha":255,"halign":0,"corpus":0},"w":{"rows":23,"glyphs":373,"chars":397,"src_px":10135,"dest_px":10135},"m":{"reps":28,"n":15,"min":111450,"med":111542,"max":111685,"mean":111549.9,"sd":54.6},"d":{"ns_iter":3983642,"ns_px":393.06},"q":{"cv":0.05,"spread":0.21,"mhz":360.0,"outliers":0,"flags":[]},"h":"16b7abd1"} @@d37accfd@@
@@BENCH-RAW@@ {"i":4,"s":[111685,111511,111602,111525,111554,111536,111542,111631,111554,111563,111450,111505,111504,111530,111556]} @@93a11249@@
I (12732) bench: [5/71] c565.fast1.upright.sram.async2    3983642 ns/iter  393.06 ns/px  cv 0.05%
@@BENCH-CELL@@ {"t":"cell","i":5,"id":"c565.fast1.rotcw.psram.sync","g":"cube","ax":{"fmt":"565","font":"sky","size":9.0,"ratio":1.0000,"path":"blit/direct","orient":"rotcw","mem":"psram","rend":"sync","alpha":255,"halign":0,"corpus":0},"w":{"rows":23,"glyphs":373,"chars":397,"src_px":10135,"dest_px":10135},"m":{"reps":36,"n":15,"min":78787,"med":78986,"max":79193,"mean":78992.3,"sd":114.4},"d":{"ns_iter":2194055,"ns_px":216.48},"q":{"cv":0.14,"spread":0.51,"mhz":360.0,"outliers":0,"flags":[]},"h":"70d20c11"} @@1fd850db@@
@@BENCH-RAW@@ {"i":5,"s":[78884,78802,78787,78911,79193,79106,79069,79091,79074,79111,79041,78986,78961,78939,78930]} @@491659a2@@
I (13952) bench: [6/71] c565.fast1.rotcw.psram.sync       2194055 ns/iter  216.48 ns/px  cv 0.14%
@@BENCH-CELL@@ {"t":"cell","i":6,"id":"c565.fast1.rotcw.psram.async2","g":"cube","ax":{"fmt":"565","font":"sky","size":9.0,"ratio":1.0000,"path":"blit/direct","orient":"rotcw","mem":"psram","rend":"async2","alpha":255,"halign":0,"corpus":0},"w":{"rows":23,"glyphs":373,"chars":397,"src_px":10135,"dest_px":10135},"m":{"reps":24,"n":15,"min":98841,"med":98935,"max":99229,"mean":98974.6,"sd":106.8},"d":{"ns_iter":4122291,"ns_px":406.74},"q":{"cv":0.11,"spread":0.39,"mhz":360.0,"outliers":0,"flags":[]},"h":"70d20c11"} @@59ef12e6@@
@@BENCH-RAW@@ {"i":6,"s":[99122,99229,98863,98841,99047,98911,99077,98881,98976,98934,98935,99065,98891,98956,98891]} @@7ffa2b54@@
I (15482) bench: [7/71] c565.fast1.rotcw.psram.async2     4122291 ns/iter  406.74 ns/px  cv 0.11%
@@BENCH-CELL@@ {"t":"cell","i":7,"id":"c565.fast1.rotcw.sram.sync","g":"cube","ax":{"fmt":"565","font":"sky","size":9.0,"ratio":1.0000,"path":"blit/direct","orient":"rotcw","mem":"sram","rend":"sync","alpha":255,"halign":0,"corpus":0},"w":{"rows":23,"glyphs":373,"chars":397,"src_px":10135,"dest_px":10135},"m":{"reps":46,"n":15,"min":100703,"med":100972,"max":101198,"mean":100957.4,"sd":123.4},"d":{"ns_iter":2195043,"ns_px":216.58},"q":{"cv":0.12,"spread":0.49,"mhz":360.0,"outliers":0,"flags":[]},"h":"70d20c11"} @@24f35fb3@@
@@BENCH-RAW@@ {"i":7,"s":[100961,100703,100802,100804,100872,100925,101198,101149,101043,100992,101001,101000,100982,100972,100957]} @@afda480f@@
I (17022) bench: [8/71] c565.fast1.rotcw.sram.sync        2195043 ns/iter  216.58 ns/px  cv 0.12%
@@BENCH-CELL@@ {"t":"cell","i":8,"id":"c565.fast1.rotcw.sram.async2","g":"cube","ax":{"fmt":"565","font":"sky","size":9.0,"ratio":1.0000,"path":"blit/direct","orient":"rotcw","mem":"sram","rend":"async2","alpha":255,"halign":0,"corpus":0},"w":{"rows":23,"glyphs":373,"chars":397,"src_px":10135,"dest_px":10135},"m":{"reps":28,"n":15,"min":114408,"med":114776,"max":114980,"mean":114751.5,"sd":127.5},"d":{"ns_iter":4099142,"ns_px":404.45},"q":{"cv":0.11,"spread":0.50,"mhz":360.0,"outliers":0,"flags":[]},"h":"70d20c11"} @@874b135b@@
@@BENCH-RAW@@ {"i":8,"s":[114615,114408,114805,114765,114617,114837,114728,114846,114717,114727,114776,114784,114980,114834,114833]} @@55006824@@
I (18782) bench: [9/71] c565.fast1.rotcw.sram.async2      4099142 ns/iter  404.45 ns/px  cv 0.11%
@@BENCH-CELL@@ {"t":"cell","i":9,"id":"c565.fast2.upright.psram.sync","g":"cube","ax":{"fmt":"565","font":"saira_regular","size":18.0,"ratio":1.0000,"path":"blit/alpha","orient":"upright","mem":"psram","rend":"sync","alpha":255,"halign":0,"corpus":0},"w":{"rows":12,"glyphs":161,"chars":175,"src_px":13512,"dest_px":13512},"m":{"reps":27,"n":15,"min":96276,"med":96298,"max":96356,"mean":96301.6,"sd":19.3},"d":{"ns_iter":3566592,"ns_px":263.96},"q":{"cv":0.02,"spread":0.08,"mhz":360.0,"outliers":0,"flags":[]},"h":"ecacce31"} @@d31b128f@@
@@BENCH-RAW@@ {"i":9,"s":[96293,96318,96298,96356,96311,96292,96276,96292,96304,96302,96294,96276,96285,96307,96320]} @@fcb58dcb@@
I (20262) bench: [10/71] c565.fast2.upright.psram.sync     3566592 ns/iter  263.96 ns/px  cv 0.02%
@@BENCH-CELL@@ {"t":"cell","i":10,"id":"c565.fast2.upright.psram.async2","g":"cube","ax":{"fmt":"565","font":"saira_regular","size":18.0,"ratio":1.0000,"path":"blit/alpha","orient":"upright","mem":"psram","rend":"async2","alpha":255,"halign":0,"corpus":0},"w":{"rows":12,"glyphs":161,"chars":175,"src_px":13512,"dest_px":13512},"m":{"reps":28,"n":15,"min":91812,"med":91884,"max":92045,"mean":91888.9,"sd":57.5},"d":{"ns_iter":3281571,"ns_px":242.86},"q":{"cv":0.06,"spread":0.25,"mhz":360.0,"outliers":0,"flags":[]},"h":"ecacce31"} @@5bba1f85@@
@@BENCH-RAW@@ {"i":10,"s":[91917,91812,91849,91904,91949,91884,91846,91831,91898,91871,92045,91847,91887,91844,91950]} @@bfc45122@@
I (21682) bench: [11/71] c565.fast2.upright.psram.async2   3281571 ns/iter  242.86 ns/px  cv 0.06%
@@BENCH-CELL@@ {"t":"cell","i":11,"id":"c565.fast2.upright.sram.sync","g":"cube","ax":{"fmt":"565","font":"saira_regular","size":18.0,"ratio":1.0000,"path":"blit/alpha","orient":"upright","mem":"sram","rend":"sync","alpha":255,"halign":0,"corpus":0},"w":{"rows":12,"glyphs":161,"chars":175,"src_px":13512,"dest_px":13512},"m":{"reps":29,"n":15,"min":103435,"med":103447,"max":103486,"mean":103452.9,"sd":14.7},"d":{"ns_iter":3567137,"ns_px":264.00},"q":{"cv":0.01,"spread":0.05,"mhz":360.0,"outliers":0,"flags":[]},"h":"ecacce31"} @@0091d9ce@@
@@BENCH-RAW@@ {"i":11,"s":[103466,103446,103445,103439,103435,103486,103450,103466,103447,103438,103441,103448,103447,103461,103478]} @@33c62cf1@@
I (23272) bench: [12/71] c565.fast2.upright.sram.sync      3567137 ns/iter  264.00 ns/px  cv 0.01%
@@BENCH-CELL@@ {"t":"cell","i":12,"id":"c565.fast2.upright.sram.async2","g":"cube","ax":{"fmt":"565","font":"saira_regular","size":18.0,"ratio":1.0000,"path":"blit/alpha","orient":"upright","mem":"sram","rend":"async2","alpha":255,"halign":0,"corpus":0},"w":{"rows":12,"glyphs":161,"chars":175,"src_px":13512,"dest_px":13512},"m":{"reps":32,"n":15,"min":104917,"med":104971,"max":105078,"mean":104973.1,"sd":39.5},"d":{"ns_iter":3280343,"ns_px":242.77},"q":{"cv":0.04,"spread":0.15,"mhz":360.0,"outliers":0,"flags":[]},"h":"ecacce31"} @@a2a65fef@@
@@BENCH-RAW@@ {"i":12,"s":[105004,104937,104979,104959,104987,104988,104944,104934,104936,105078,105017,104971,104955,104917,104990]} @@3639450b@@
I (24882) bench: [13/71] c565.fast2.upright.sram.async2    3280343 ns/iter  242.77 ns/px  cv 0.04%
@@BENCH-CELL@@ {"t":"cell","i":13,"id":"c565.fast2.rotcw.psram.sync","g":"cube","ax":{"fmt":"565","font":"saira_regular","size":18.0,"ratio":1.0000,"path":"blit/alpha","orient":"rotcw","mem":"psram","rend":"sync","alpha":255,"halign":0,"corpus":0},"w":{"rows":12,"glyphs":161,"chars":175,"src_px":13512,"dest_px":13512},"m":{"reps":24,"n":15,"min":86262,"med":86329,"max":86460,"mean":86324.3,"sd":47.1},"d":{"ns_iter":3597041,"ns_px":266.21},"q":{"cv":0.05,"spread":0.23,"mhz":360.0,"outliers":0,"flags":[]},"h":"70889db9"} @@dc6381b7@@
@@BENCH-RAW@@ {"i":13,"s":[86342,86359,86308,86331,86460,86337,86334,86363,86286,86287,86329,86270,86290,86262,86306]} @@b0e46cbc@@
I (26212) bench: [14/71] c565.fast2.rotcw.psram.sync       3597041 ns/iter  266.21 ns/px  cv 0.05%
@@BENCH-CELL@@ {"t":"cell","i":14,"id":"c565.fast2.rotcw.psram.async2","g":"cube","ax":{"fmt":"565","font":"saira_regular","size":18.0,"ratio":1.0000,"path":"blit/alpha","orient":"rotcw","mem":"psram","rend":"async2","alpha":255,"halign":0,"corpus":0},"w":{"rows":12,"glyphs":161,"chars":175,"src_px":13512,"dest_px":13512},"m":{"reps":26,"n":15,"min":90616,"med":90716,"max":91007,"mean":90756.2,"sd":105.2},"d":{"ns_iter":3489076,"ns_px":258.22},"q":{"cv":0.12,"spread":0.43,"mhz":360.0,"outliers":0,"flags":[]},"h":"70889db9"} @@ebc8d27d@@
@@BENCH-RAW@@ {"i":14,"s":[91007,90682,90703,90649,90696,90616,90742,90691,90835,90919,90747,90892,90716,90707,90741]} @@b6fe902c@@
I (27612) bench: [15/71] c565.fast2.rotcw.psram.async2     3489076 ns/iter  258.22 ns/px  cv 0.12%
@@BENCH-CELL@@ {"t":"cell","i":15,"id":"c565.fast2.rotcw.sram.sync","g":"cube","ax":{"fmt":"565","font":"saira_regular","size":18.0,"ratio":1.0000,"path":"blit/alpha","orient":"rotcw","mem":"sram","rend":"sync","alpha":255,"halign":0,"corpus":0},"w":{"rows":12,"glyphs":161,"chars":175,"src_px":13512,"dest_px":13512},"m":{"reps":29,"n":15,"min":103703,"med":103767,"max":103807,"mean":103755.0,"sd":29.8},"d":{"ns_iter":3578172,"ns_px":264.81},"q":{"cv":0.03,"spread":0.10,"mhz":360.0,"outliers":0,"flags":[]},"h":"70889db9"} @@f8c94024@@
@@BENCH-RAW@@ {"i":15,"s":[103742,103725,103750,103703,103712,103708,103807,103775,103767,103788,103768,103767,103775,103772,103766]} @@9c716cc8@@
I (29202) bench: [16/71] c565.fast2.rotcw.sram.sync        3578172 ns/iter  264.81 ns/px  cv 0.03%
@@BENCH-CELL@@ {"t":"cell","i":16,"id":"c565.fast2.rotcw.sram.async2","g":"cube","ax":{"fmt":"565","font":"saira_regular","size":18.0,"ratio":1.0000,"path":"blit/alpha","orient":"rotcw","mem":"sram","rend":"async2","alpha":255,"halign":0,"corpus":0},"w":{"rows":12,"glyphs":161,"chars":175,"src_px":13512,"dest_px":13512},"m":{"reps":30,"n":15,"min":101928,"med":102048,"max":102239,"mean":102059.7,"sd":69.8},"d":{"ns_iter":3401600,"ns_px":251.75},"q":{"cv":0.07,"spread":0.30,"mhz":360.0,"outliers":0,"flags":[]},"h":"70889db9"} @@f505cb7d@@
@@BENCH-RAW@@ {"i":16,"s":[101992,102239,102128,102091,102091,102122,102060,102088,101928,102013,102035,102048,102023,102016,102021]} @@0106da79@@
I (30772) bench: [17/71] c565.fast2.rotcw.sram.async2      3401600 ns/iter  251.75 ns/px  cv 0.07%
@@BENCH-CELL@@ {"t":"cell","i":17,"id":"c565.shader.upright.psram.sync","g":"cube","ax":{"fmt":"565","font":"saira_regular","size":27.0,"ratio":1.5000,"path":"shader/aa","orient":"upright","mem":"psram","rend":"sync","alpha":255,"halign":0,"corpus":0},"w":{"rows":8,"glyphs":92,"chars":100,"src_px":7701,"dest_px":18002},"m":{"reps":4,"n":13,"min":124171,"med":124209,"max":124294,"mean":124213.4,"sd":28.7},"d":{"ns_iter":31052250,"ns_px":1724.93},"q":{"cv":0.02,"spread":0.10,"mhz":360.0,"outliers":0,"flags":[]},"h":"f8db19ed"} @@e687f20f@@
@@BENCH-RAW@@ {"i":17,"s":[124230,124209,124193,124225,124294,124224,124194,124211,124189,124197,124209,124171,124228]} @@00da5f9e@@
I (32532) bench: [18/71] c565.shader.upright.psram.sync   31052250 ns/iter  1724.93 ns/px  cv 0.02%
@@BENCH-CELL@@ {"t":"cell","i":18,"id":"c565.shader.upright.psram.async2","g":"cube","ax":{"fmt":"565","font":"saira_regular","size":27.0,"ratio":1.5000,"path":"shader/aa","orient":"upright","mem":"psram","rend":"async2","alpha":255,"halign":0,"corpus":0},"w":{"rows":8,"glyphs":92,"chars":100,"src_px":7701,"dest_px":18002},"m":{"reps":7,"n":13,"min":121218,"med":121329,"max":121461,"mean":121318.3,"sd":61.7},"d":{"ns_iter":17332714,"ns_px":962.82},"q":{"cv":0.05,"spread":0.20,"mhz":360.0,"outliers":0,"flags":[]},"h":"f8db19ed"} @@ba3b7780@@
@@BENCH-RAW@@ {"i":18,"s":[121386,121461,121284,121263,121334,121348,121349,121310,121335,121218,121237,121329,121284]} @@74aa80d4@@
I (34212) bench: [19/71] c565.shader.upright.psram.async2 17332714 ns/iter  962.82 ns/px  cv 0.05%
@@BENCH-CELL@@ {"t":"cell","i":19,"id":"c565.shader.upright.sram.sync","g":"cube","ax":{"fmt":"565","font":"saira_regular","size":27.0,"ratio":1.5000,"path":"shader/aa","orient":"upright","mem":"sram","rend":"sync","alpha":255,"halign":0,"corpus":0},"w":{"rows":8,"glyphs":92,"chars":100,"src_px":7701,"dest_px":18002},"m":{"reps":4,"n":13,"min":124123,"med":124210,"max":124300,"mean":124209.8,"sd":46.2},"d":{"ns_iter":31052500,"ns_px":1724.95},"q":{"cv":0.04,"spread":0.14,"mhz":360.0,"outliers":0,"flags":[]},"h":"f8db19ed"} @@990420c5@@
@@BENCH-RAW@@ {"i":19,"s":[124123,124134,124300,124200,124243,124232,124251,124247,124210,124177,124217,124200,124193]} @@291ebc8f@@
I (35972) bench: [20/71] c565.shader.upright.sram.sync    31052500 ns/iter  1724.95 ns/px  cv 0.04%
@@BENCH-CELL@@ {"t":"cell","i":20,"id":"c565.shader.upright.sram.async2","g":"cube","ax":{"fmt":"565","font":"saira_regular","size":27.0,"ratio":1.5000,"path":"shader/aa","orient":"upright","mem":"sram","rend":"async2","alpha":255,"halign":0,"corpus":0},"w":{"rows":8,"glyphs":92,"chars":100,"src_px":7701,"dest_px":18002},"m":{"reps":7,"n":14,"min":121026,"med":121101,"max":121249,"mean":121106.3,"sd":51.9},"d":{"ns_iter":17300142,"ns_px":961.01},"q":{"cv":0.04,"spread":0.18,"mhz":360.0,"outliers":0,"flags":[]},"h":"f8db19ed"} @@54859289@@
@@BENCH-RAW@@ {"i":20,"s":[121249,121142,121076,121101,121142,121076,121096,121059,121116,121145,121059,121026,121111,121090]} @@662e26e5@@
I (37762) bench: [21/71] c565.shader.upright.sram.async2  17300142 ns/iter  961.01 ns/px  cv 0.04%
@@BENCH-CELL@@ {"t":"cell","i":21,"id":"c565.shader.rotcw.psram.sync","g":"cube","ax":{"fmt":"565","font":"saira_regular","size":27.0,"ratio":1.5000,"path":"shader/aa","orient":"rotcw","mem":"psram","rend":"sync","alpha":255,"halign":0,"corpus":0},"w":{"rows":8,"glyphs":92,"chars":100,"src_px":7701,"dest_px":18002},"m":{"reps":4,"n":12,"min":137783,"med":138013,"max":138138,"mean":138019.7,"sd":87.3},"d":{"ns_iter":34503250,"ns_px":1916.63},"q":{"cv":0.06,"spread":0.26,"mhz":360.0,"outliers":0,"flags":[]},"h":"796ae951"} @@c0712122@@
@@BENCH-RAW@@ {"i":21,"s":[137996,138138,138066,138066,138012,137959,138008,138013,138117,138074,137783,138004]} @@d3002e51@@
I (39582) bench: [22/71] c565.shader.rotcw.psram.sync     34503250 ns/iter  1916.63 ns/px  cv 0.06%
@@BENCH-CELL@@ {"t":"cell","i":22,"id":"c565.shader.rotcw.psram.async2","g":"cube","ax":{"fmt":"565","font":"saira_regular","size":27.0,"ratio":1.5000,"path":"shader/aa","orient":"rotcw","mem":"psram","rend":"async2","alpha":255,"halign":0,"corpus":0},"w":{"rows":8,"glyphs":92,"chars":100,"src_px":7701,"dest_px":18002},"m":{"reps":6,"n":14,"min":116220,"med":116337,"max":116462,"mean":116318.6,"sd":66.2},"d":{"ns_iter":19389500,"ns_px":1077.07},"q":{"cv":0.06,"spread":0.21,"mhz":360.0,"outliers":0,"flags":[]},"h":"796ae951"} @@11201012@@
@@BENCH-RAW@@ {"i":22,"s":[116410,116462,116302,116363,116341,116269,116244,116239,116280,116220,116285,116337,116346,116363]} @@19841efd@@
I (41312) bench: [23/71] c565.shader.rotcw.psram.async2   19389500 ns/iter  1077.07 ns/px  cv 0.06%
@@BENCH-CELL@@ {"t":"cell","i":23,"id":"c565.shader.rotcw.sram.sync","g":"cube","ax":{"fmt":"565","font":"saira_regular","size":27.0,"ratio":1.5000,"path":"shader/aa","orient":"rotcw","mem":"sram","rend":"sync","alpha":255,"halign":0,"corpus":0},"w":{"rows":8,"glyphs":92,"chars":100,"src_px":7701,"dest_px":18002},"m":{"reps":4,"n":12,"min":136138,"med":136492,"max":136604,"mean":136457.7,"sd":121.5},"d":{"ns_iter":34123000,"ns_px":1895.51},"q":{"cv":0.09,"spread":0.34,"mhz":360.0,"outliers":0,"flags":[]},"h":"796ae951"} @@d6939197@@
@@BENCH-RAW@@ {"i":23,"s":[136482,136412,136422,136138,136337,136542,136604,136424,136510,136564,136492,136565]} @@f58fb6d0@@
I (43102) bench: [24/71] c565.shader.rotcw.sram.sync      34123000 ns/iter  1895.51 ns/px  cv 0.09%
@@BENCH-CELL@@ {"t":"cell","i":24,"id":"c565.shader.rotcw.sram.async2","g":"cube","ax":{"fmt":"565","font":"saira_regular","size":27.0,"ratio":1.5000,"path":"shader/aa","orient":"rotcw","mem":"sram","rend":"async2","alpha":255,"halign":0,"corpus":0},"w":{"rows":8,"glyphs":92,"chars":100,"src_px":7701,"dest_px":18002},"m":{"reps":6,"n":15,"min":114164,"med":114251,"max":114328,"mean":114245.0,"sd":46.2},"d":{"ns_iter":19041833,"ns_px":1057.76},"q":{"cv":0.04,"spread":0.14,"mhz":360.0,"outliers":0,"flags":[]},"h":"796ae951"} @@34f601bc@@
@@BENCH-RAW@@ {"i":24,"s":[114328,114326,114268,114253,114184,114222,114265,114241,114228,114256,114284,114227,114251,114164,114178]} @@a526bf60@@
I (44912) bench: [25/71] c565.shader.rotcw.sram.async2    19041833 ns/iter  1057.76 ns/px  cv 0.04%
@@BENCH-CELL@@ {"t":"cell","i":25,"id":"c888.fast1.upright.psram.sync","g":"cube","ax":{"fmt":"888","font":"sky","size":9.0,"ratio":1.0000,"path":"blit/direct","orient":"upright","mem":"psram","rend":"sync","alpha":255,"halign":0,"corpus":0},"w":{"rows":23,"glyphs":373,"chars":397,"src_px":10135,"dest_px":10135},"m":{"reps":37,"n":15,"min":85490,"med":85614,"max":85863,"mean":85615.8,"sd":116.3},"d":{"ns_iter":2313891,"ns_px":228.31},"q":{"cv":0.14,"spread":0.44,"mhz":360.0,"outliers":0,"flags":[]},"h":"601bd481"} @@884d45be@@
@@BENCH-RAW@@ {"i":25,"s":[85863,85686,85685,85614,85504,85499,85490,85555,85490,85509,85500,85788,85681,85718,85655]} @@85db5dec@@
I (46242) bench: [26/71] c888.fast1.upright.psram.sync     2313891 ns/iter  228.31 ns/px  cv 0.14%
@@BENCH-CELL@@ {"t":"cell","i":26,"id":"c888.fast1.upright.psram.async2","g":"cube","ax":{"fmt":"888","font":"sky","size":9.0,"ratio":1.0000,"path":"blit/direct","orient":"upright","mem":"psram","rend":"async2","alpha":255,"halign":0,"corpus":0},"w":{"rows":23,"glyphs":373,"chars":397,"src_px":10135,"dest_px":10135},"m":{"reps":25,"n":15,"min":100896,"med":100977,"max":101122,"mean":101000.4,"sd":56.6},"d":{"ns_iter":4039080,"ns_px":398.53},"q":{"cv":0.06,"spread":0.22,"mhz":360.0,"outliers":0,"flags":[]},"h":"601bd481"} @@955570e5@@
@@BENCH-RAW@@ {"i":26,"s":[100977,100896,100977,101010,101092,101050,101122,100969,100952,100970,100974,100997,101065,100969,100986]} @@3d1fd465@@
I (47802) bench: [27/71] c888.fast1.upright.psram.async2   4039080 ns/iter  398.53 ns/px  cv 0.06%
@@BENCH-CELL@@ {"t":"cell","i":27,"id":"c888.fast1.upright.sram.sync","g":"cube","ax":{"fmt":"888","font":"sky","size":9.0,"ratio":1.0000,"path":"blit/direct","orient":"upright","mem":"sram","rend":"sync","alpha":255,"halign":0,"corpus":0},"w":{"rows":23,"glyphs":373,"chars":397,"src_px":10135,"dest_px":10135},"m":{"reps":43,"n":15,"min":99785,"med":99956,"max":100130,"mean":99923.2,"sd":98.5},"d":{"ns_iter":2324558,"ns_px":229.36},"q":{"cv":0.10,"spread":0.35,"mhz":360.0,"outliers":0,"flags":[]},"h":"601bd481"} @@87ab74f6@@
@@BENCH-RAW@@ {"i":27,"s":[99956,100032,100130,99938,99793,99785,99803,99812,99833,99877,99992,100003,99958,99976,99960]} @@068209d8@@
I (49332) bench: [28/71] c888.fast1.upright.sram.sync      2324558 ns/iter  229.36 ns/px  cv 0.10%
@@BENCH-CELL@@ {"t":"cell","i":28,"id":"c888.fast1.upright.sram.async2","g":"cube","ax":{"fmt":"888","font":"sky","size":9.0,"ratio":1.0000,"path":"blit/direct","orient":"upright","mem":"sram","rend":"async2","alpha":255,"halign":0,"corpus":0},"w":{"rows":23,"glyphs":373,"chars":397,"src_px":10135,"dest_px":10135},"m":{"reps":27,"n":15,"min":109136,"med":109246,"max":109428,"mean":109241.9,"sd":79.5},"d":{"ns_iter":4046148,"ns_px":399.23},"q":{"cv":0.07,"spread":0.27,"mhz":360.0,"outliers":0,"flags":[]},"h":"601bd481"} @@3693bc18@@
@@BENCH-RAW@@ {"i":28,"s":[109275,109302,109333,109290,109302,109428,109197,109246,109182,109137,109136,109186,109207,109148,109259]} @@3b3eed45@@
I (51012) bench: [29/71] c888.fast1.upright.sram.async2    4046148 ns/iter  399.23 ns/px  cv 0.07%
@@BENCH-CELL@@ {"t":"cell","i":29,"id":"c888.fast1.rotcw.psram.sync","g":"cube","ax":{"fmt":"888","font":"sky","size":9.0,"ratio":1.0000,"path":"blit/direct","orient":"rotcw","mem":"psram","rend":"sync","alpha":255,"halign":0,"corpus":0},"w":{"rows":23,"glyphs":373,"chars":397,"src_px":10135,"dest_px":10135},"m":{"reps":33,"n":15,"min":85597,"med":85732,"max":85974,"mean":85755.8,"sd":87.4},"d":{"ns_iter":2597939,"ns_px":256.33},"q":{"cv":0.10,"spread":0.44,"mhz":360.0,"outliers":0,"flags":[]},"h":"333c04c9"} @@8a8f2416@@
@@BENCH-RAW@@ {"i":29,"s":[85974,85597,85702,85769,85786,85714,85801,85732,85801,85685,85671,85880,85786,85709,85730]} @@242e56b1@@
I (52342) bench: [30/71] c888.fast1.rotcw.psram.sync       2597939 ns/iter  256.33 ns/px  cv 0.10%
@@BENCH-CELL@@ {"t":"cell","i":30,"id":"c888.fast1.rotcw.psram.async2","g":"cube","ax":{"fmt":"888","font":"sky","size":9.0,"ratio":1.0000,"path":"blit/direct","orient":"rotcw","mem":"psram","rend":"async2","alpha":255,"halign":0,"corpus":0},"w":{"rows":23,"glyphs":373,"chars":397,"src_px":10135,"dest_px":10135},"m":{"reps":23,"n":15,"min":101616,"med":101924,"max":102169,"mean":101916.6,"sd":135.6},"d":{"ns_iter":4431478,"ns_px":437.24},"q":{"cv":0.13,"spread":0.54,"mhz":360.0,"outliers":0,"flags":[]},"h":"333c04c9"} @@4e7f37d2@@
@@BENCH-RAW@@ {"i":30,"s":[102019,101924,101702,101952,101920,101755,102169,101986,101893,102073,101903,101616,101958,101890,101989]} @@2b4024a1@@
I (53912) bench: [31/71] c888.fast1.rotcw.psram.async2     4431478 ns/iter  437.24 ns/px  cv 0.13%
@@BENCH-CELL@@ {"t":"cell","i":31,"id":"c888.fast1.rotcw.sram.sync","g":"cube","ax":{"fmt":"888","font":"sky","size":9.0,"ratio":1.0000,"path":"blit/direct","orient":"rotcw","mem":"sram","rend":"sync","alpha":255,"halign":0,"corpus":0},"w":{"rows":23,"glyphs":373,"chars":397,"src_px":10135,"dest_px":10135},"m":{"reps":43,"n":15,"min":101006,"med":101224,"max":101261,"mean":101175.7,"sd":95.6},"d":{"ns_iter":2354046,"ns_px":232.27},"q":{"cv":0.09,"spread":0.25,"mhz":360.0,"outliers":0,"flags":[]},"h":"333c04c9"} @@1540532d@@
@@BENCH-RAW@@ {"i":31,"s":[101257,101223,101252,101241,101219,101228,101224,101232,101252,101261,101156,101037,101029,101018,101006]} @@8ce346a2@@
I (55462) bench: [32/71] c888.fast1.rotcw.sram.sync        2354046 ns/iter  232.27 ns/px  cv 0.09%
@@BENCH-CELL@@ {"t":"cell","i":32,"id":"c888.fast1.rotcw.sram.async2","g":"cube","ax":{"fmt":"888","font":"sky","size":9.0,"ratio":1.0000,"path":"blit/direct","orient":"rotcw","mem":"sram","rend":"async2","alpha":255,"halign":0,"corpus":0},"w":{"rows":23,"glyphs":373,"chars":397,"src_px":10135,"dest_px":10135},"m":{"reps":27,"n":15,"min":112143,"med":112293,"max":112407,"mean":112305.7,"sd":69.4},"d":{"ns_iter":4159000,"ns_px":410.36},"q":{"cv":0.06,"spread":0.24,"mhz":360.0,"outliers":0,"flags":[]},"h":"333c04c9"} @@32a18668@@
@@BENCH-RAW@@ {"i":32,"s":[112407,112293,112267,112257,112143,112265,112260,112260,112294,112342,112373,112285,112337,112406,112396]} @@f8cd557e@@
I (57192) bench: [33/71] c888.fast1.rotcw.sram.async2      4159000 ns/iter  410.36 ns/px  cv 0.06%
@@BENCH-CELL@@ {"t":"cell","i":33,"id":"c888.fast2.upright.psram.sync","g":"cube","ax":{"fmt":"888","font":"saira_regular","size":18.0,"ratio":1.0000,"path":"blit/alpha","orient":"upright","mem":"psram","rend":"sync","alpha":255,"halign":0,"corpus":0},"w":{"rows":12,"glyphs":161,"chars":175,"src_px":13512,"dest_px":13512},"m":{"reps":25,"n":15,"min":91706,"med":91728,"max":91779,"mean":91729.5,"sd":16.9},"d":{"ns_iter":3669120,"ns_px":271.55},"q":{"cv":0.02,"spread":0.08,"mhz":360.0,"outliers":0,"flags":[]},"h":"34ac5a26"} @@9cadf05a@@
@@BENCH-RAW@@ {"i":33,"s":[91723,91728,91736,91734,91745,91741,91732,91706,91719,91779,91721,91723,91731,91711,91714]} @@776d10e4@@
I (58612) bench: [34/71] c888.fast2.upright.psram.sync     3669120 ns/iter  271.55 ns/px  cv 0.02%
@@BENCH-CELL@@ {"t":"cell","i":34,"id":"c888.fast2.upright.psram.async2","g":"cube","ax":{"fmt":"888","font":"saira_regular","size":18.0,"ratio":1.0000,"path":"blit/alpha","orient":"upright","mem":"psram","rend":"async2","alpha":255,"halign":0,"corpus":0},"w":{"rows":12,"glyphs":161,"chars":175,"src_px":13512,"dest_px":13512},"m":{"reps":27,"n":15,"min":88951,"med":89035,"max":89279,"mean":89057.5,"sd":73.7},"d":{"ns_iter":3297592,"ns_px":244.05},"q":{"cv":0.08,"spread":0.37,"mhz":360.0,"outliers":0,"flags":[]},"h":"34ac5a26"} @@4ba46aa0@@
@@BENCH-RAW@@ {"i":34,"s":[88990,89032,88951,89043,89027,89279,89074,89022,89069,89134,89109,89001,89035,89031,89066]} @@47302cd2@@
I (59992) bench: [35/71] c888.fast2.upright.psram.async2   3297592 ns/iter  244.05 ns/px  cv 0.08%
@@BENCH-CELL@@ {"t":"cell","i":35,"id":"c888.fast2.upright.sram.sync","g":"cube","ax":{"fmt":"888","font":"saira_regular","size":18.0,"ratio":1.0000,"path":"blit/alpha","orient":"upright","mem":"sram","rend":"sync","alpha":255,"halign":0,"corpus":0},"w":{"rows":12,"glyphs":161,"chars":175,"src_px":13512,"dest_px":13512},"m":{"reps":28,"n":15,"min":102701,"med":102734,"max":102793,"mean":102733.5,"sd":20.9},"d":{"ns_iter":3669071,"ns_px":271.54},"q":{"cv":0.02,"spread":0.09,"mhz":360.0,"outliers":0,"flags":[]},"h":"34ac5a26"} @@e11d6672@@
@@BENCH-RAW@@ {"i":35,"s":[102793,102741,102731,102723,102714,102704,102728,102742,102726,102734,102752,102738,102701,102739,102736]} @@6f2a13a8@@
I (61572) bench: [36/71] c888.fast2.upright.sram.sync      3669071 ns/iter  271.54 ns/px  cv 0.02%
@@BENCH-CELL@@ {"t":"cell","i":36,"id":"c888.fast2.upright.sram.async2","g":"cube","ax":{"fmt":"888","font":"saira_regular","size":18.0,"ratio":1.0000,"path":"blit/alpha","orient":"upright","mem":"sram","rend":"async2","alpha":255,"halign":0,"corpus":0},"w":{"rows":12,"glyphs":161,"chars":175,"src_px":13512,"dest_px":13512},"m":{"reps":31,"n":15,"min":102017,"med":102070,"max":102256,"mean":102081.4,"sd":61.3},"d":{"ns_iter":3292580,"ns_px":243.68},"q":{"cv":0.06,"spread":0.23,"mhz":360.0,"outliers":0,"flags":[]},"h":"34ac5a26"} @@3d12743a@@
@@BENCH-RAW@@ {"i":36,"s":[102095,102145,102108,102040,102029,102256,102139,102018,102089,102070,102047,102066,102024,102078,102017]} @@8cf0c68b@@
I (63132) bench: [37/71] c888.fast2.upright.sram.async2    3292580 ns/iter  243.68 ns/px  cv 0.06%
@@BENCH-CELL@@ {"t":"cell","i":37,"id":"c888.fast2.rotcw.psram.sync","g":"cube","ax":{"fmt":"888","font":"saira_regular","size":18.0,"ratio":1.0000,"path":"blit/alpha","orient":"rotcw","mem":"psram","rend":"sync","alpha":255,"halign":0,"corpus":0},"w":{"rows":12,"glyphs":161,"chars":175,"src_px":13512,"dest_px":13512},"m":{"reps":23,"n":15,"min":88467,"med":88557,"max":88765,"mean":88570.0,"sd":81.8},"d":{"ns_iter":3850304,"ns_px":284.95},"q":{"cv":0.09,"spread":0.34,"mhz":360.0,"outliers":0,"flags":[]},"h":"de65743c"} @@8fd73724@@
@@BENCH-RAW@@ {"i":37,"s":[88707,88633,88521,88533,88467,88608,88562,88577,88613,88545,88557,88765,88490,88469,88503]} @@ea26b75d@@
I (64512) bench: [38/71] c888.fast2.rotcw.psram.sync       3850304 ns/iter  284.95 ns/px  cv 0.09%
@@BENCH-CELL@@ {"t":"cell","i":38,"id":"c888.fast2.rotcw.psram.async2","g":"cube","ax":{"fmt":"888","font":"saira_regular","size":18.0,"ratio":1.0000,"path":"blit/alpha","orient":"rotcw","mem":"psram","rend":"async2","alpha":255,"halign":0,"corpus":0},"w":{"rows":12,"glyphs":161,"chars":175,"src_px":13512,"dest_px":13512},"m":{"reps":25,"n":15,"min":91629,"med":91762,"max":91983,"mean":91766.5,"sd":100.4},"d":{"ns_iter":3670480,"ns_px":271.65},"q":{"cv":0.11,"spread":0.39,"mhz":360.0,"outliers":0,"flags":[]},"h":"de65743c"} @@c008b295@@
@@BENCH-RAW@@ {"i":38,"s":[91717,91662,91826,91762,91764,91890,91827,91983,91856,91629,91848,91635,91734,91717,91648]} @@d3662a45@@
I (65932) bench: [39/71] c888.fast2.rotcw.psram.async2     3670480 ns/iter  271.65 ns/px  cv 0.11%
@@BENCH-CELL@@ {"t":"cell","i":39,"id":"c888.fast2.rotcw.sram.sync","g":"cube","ax":{"fmt":"888","font":"saira_regular","size":18.0,"ratio":1.0000,"path":"blit/alpha","orient":"rotcw","mem":"sram","rend":"sync","alpha":255,"halign":0,"corpus":0},"w":{"rows":12,"glyphs":161,"chars":175,"src_px":13512,"dest_px":13512},"m":{"reps":28,"n":15,"min":103445,"med":103478,"max":103515,"mean":103475.8,"sd":17.0},"d":{"ns_iter":3695642,"ns_px":273.51},"q":{"cv":0.02,"spread":0.07,"mhz":360.0,"outliers":0,"flags":[]},"h":"de65743c"} @@6fa92490@@
@@BENCH-RAW@@ {"i":39,"s":[103479,103461,103515,103478,103473,103482,103458,103456,103445,103461,103490,103487,103490,103487,103475]} @@b5c2589f@@
I (67522) bench: [40/71] c888.fast2.rotcw.sram.sync        3695642 ns/iter  273.51 ns/px  cv 0.02%
@@BENCH-CELL@@ {"t":"cell","i":40,"id":"c888.fast2.rotcw.sram.async2","g":"cube","ax":{"fmt":"888","font":"saira_regular","size":18.0,"ratio":1.0000,"path":"blit/alpha","orient":"rotcw","mem":"sram","rend":"async2","alpha":255,"halign":0,"corpus":0},"w":{"rows":12,"glyphs":161,"chars":175,"src_px":13512,"dest_px":13512},"m":{"reps":30,"n":15,"min":102680,"med":102778,"max":102860,"mean":102774.9,"sd":53.8},"d":{"ns_iter":3425933,"ns_px":253.55},"q":{"cv":0.05,"spread":0.18,"mhz":360.0,"outliers":0,"flags":[]},"h":"de65743c"} @@97db4441@@
@@BENCH-RAW@@ {"i":40,"s":[102703,102860,102838,102732,102757,102680,102772,102811,102716,102726,102791,102804,102796,102859,102778]} @@8760c714@@
I (69102) bench: [41/71] c888.fast2.rotcw.sram.async2      3425933 ns/iter  253.55 ns/px  cv 0.05%
@@BENCH-CELL@@ {"t":"cell","i":41,"id":"c888.shader.upright.psram.sync","g":"cube","ax":{"fmt":"888","font":"saira_regular","size":27.0,"ratio":1.5000,"path":"shader/aa","orient":"upright","mem":"psram","rend":"sync","alpha":255,"halign":0,"corpus":0},"w":{"rows":8,"glyphs":92,"chars":100,"src_px":7701,"dest_px":18002},"m":{"reps":4,"n":13,"min":124260,"med":124267,"max":124318,"mean":124280.2,"sd":20.1},"d":{"ns_iter":31066750,"ns_px":1725.74},"q":{"cv":0.02,"spread":0.05,"mhz":360.0,"outliers":0,"flags":[]},"h":"839de335"} @@b4872a20@@
@@BENCH-RAW@@ {"i":41,"s":[124318,124260,124285,124264,124282,124265,124265,124308,124292,124311,124265,124267,124260]} @@5608366f@@
I (70872) bench: [42/71] c888.shader.upright.psram.sync   31066750 ns/iter  1725.74 ns/px  cv 0.02%
@@BENCH-CELL@@ {"t":"cell","i":42,"id":"c888.shader.upright.psram.async2","g":"cube","ax":{"fmt":"888","font":"saira_regular","size":27.0,"ratio":1.5000,"path":"shader/aa","orient":"upright","mem":"psram","rend":"async2","alpha":255,"halign":0,"corpus":0},"w":{"rows":8,"glyphs":92,"chars":100,"src_px":7701,"dest_px":18002},"m":{"reps":6,"n":15,"min":103904,"med":103944,"max":104146,"mean":103949.6,"sd":56.9},"d":{"ns_iter":17324000,"ns_px":962.34},"q":{"cv":0.05,"spread":0.23,"mhz":360.0,"outliers":0,"flags":[]},"h":"839de335"} @@cbffcafd@@
@@BENCH-RAW@@ {"i":42,"s":[104146,103984,103931,103907,103951,103956,103904,103913,103947,103952,103925,103944,103922,103954,103908]} @@742b44a9@@
I (72532) bench: [43/71] c888.shader.upright.psram.async2 17324000 ns/iter  962.34 ns/px  cv 0.05%
@@BENCH-CELL@@ {"t":"cell","i":43,"id":"c888.shader.upright.sram.sync","g":"cube","ax":{"fmt":"888","font":"saira_regular","size":27.0,"ratio":1.5000,"path":"shader/aa","orient":"upright","mem":"sram","rend":"sync","alpha":255,"halign":0,"corpus":0},"w":{"rows":8,"glyphs":92,"chars":100,"src_px":7701,"dest_px":18002},"m":{"reps":4,"n":13,"min":124198,"med":124235,"max":124244,"mean":124229.5,"sd":13.2},"d":{"ns_iter":31058750,"ns_px":1725.29},"q":{"cv":0.01,"spread":0.04,"mhz":360.0,"outliers":0,"flags":[]},"h":"839de335"} @@e3521d46@@
@@BENCH-RAW@@ {"i":43,"s":[124198,124242,124244,124227,124225,124240,124209,124241,124235,124237,124238,124224,124224]} @@541fe777@@
I (74292) bench: [44/71] c888.shader.upright.sram.sync    31058750 ns/iter  1725.29 ns/px  cv 0.01%
@@BENCH-CELL@@ {"t":"cell","i":44,"id":"c888.shader.upright.sram.async2","g":"cube","ax":{"fmt":"888","font":"saira_regular","size":27.0,"ratio":1.5000,"path":"shader/aa","orient":"upright","mem":"sram","rend":"async2","alpha":255,"halign":0,"corpus":0},"w":{"rows":8,"glyphs":92,"chars":100,"src_px":7701,"dest_px":18002},"m":{"reps":7,"n":14,"min":120948,"med":121004,"max":121081,"mean":121013.0,"sd":35.2},"d":{"ns_iter":17286285,"ns_px":960.24},"q":{"cv":0.03,"spread":0.11,"mhz":360.0,"outliers":0,"flags":[]},"h":"839de335"} @@454f077f@@
@@BENCH-RAW@@ {"i":44,"s":[120948,121004,121017,121081,120997,121004,120987,120991,121017,121041,120993,120986,121036,121080]} @@c0553a53@@
I (76082) bench: [45/71] c888.shader.upright.sram.async2  17286285 ns/iter  960.24 ns/px  cv 0.03%
@@BENCH-CELL@@ {"t":"cell","i":45,"id":"c888.shader.rotcw.psram.sync","g":"cube","ax":{"fmt":"888","font":"saira_regular","size":27.0,"ratio":1.5000,"path":"shader/aa","orient":"rotcw","mem":"psram","rend":"sync","alpha":255,"halign":0,"corpus":0},"w":{"rows":8,"glyphs":92,"chars":100,"src_px":7701,"dest_px":18002},"m":{"reps":4,"n":12,"min":137790,"med":138120,"max":138267,"mean":138057.9,"sd":165.3},"d":{"ns_iter":34530000,"ns_px":1918.12},"q":{"cv":0.12,"spread":0.35,"mhz":360.0,"outliers":0,"flags":[]},"h":"dd1828a1"} @@45a12ffc@@
@@BENCH-RAW@@ {"i":45,"s":[138003,138252,137966,138229,138156,138120,138267,137797,138072,138179,137864,137790]} @@fd1c4c8c@@
I (77912) bench: [46/71] c888.shader.rotcw.psram.sync     34530000 ns/iter  1918.12 ns/px  cv 0.12%
@@BENCH-CELL@@ {"t":"cell","i":46,"id":"c888.shader.rotcw.psram.async2","g":"cube","ax":{"fmt":"888","font":"saira_regular","size":27.0,"ratio":1.5000,"path":"shader/aa","orient":"rotcw","mem":"psram","rend":"async2","alpha":255,"halign":0,"corpus":0},"w":{"rows":8,"glyphs":92,"chars":100,"src_px":7701,"dest_px":18002},"m":{"reps":6,"n":14,"min":116503,"med":116577,"max":116677,"mean":116591.1,"sd":53.7},"d":{"ns_iter":19429500,"ns_px":1079.30},"q":{"cv":0.05,"spread":0.15,"mhz":360.0,"outliers":0,"flags":[]},"h":"dd1828a1"} @@d32eca40@@
@@BENCH-RAW@@ {"i":46,"s":[116503,116544,116588,116574,116557,116574,116652,116544,116537,116577,116677,116662,116673,116614]} @@b9397fb3@@
I (79652) bench: [47/71] c888.shader.rotcw.psram.async2   19429500 ns/iter  1079.30 ns/px  cv 0.05%
@@BENCH-CELL@@ {"t":"cell","i":47,"id":"c888.shader.rotcw.sram.sync","g":"cube","ax":{"fmt":"888","font":"saira_regular","size":27.0,"ratio":1.5000,"path":"shader/aa","orient":"rotcw","mem":"sram","rend":"sync","alpha":255,"halign":0,"corpus":0},"w":{"rows":8,"glyphs":92,"chars":100,"src_px":7701,"dest_px":18002},"m":{"reps":4,"n":12,"min":136154,"med":136540,"max":136701,"mean":136487.4,"sd":177.5},"d":{"ns_iter":34135000,"ns_px":1896.18},"q":{"cv":0.13,"spread":0.40,"mhz":360.0,"outliers":0,"flags":[]},"h":"dd1828a1"} @@25bfe2d5@@
@@BENCH-RAW@@ {"i":47,"s":[136238,136413,136303,136393,136154,136531,136575,136540,136701,136641,136698,136662]} @@9e817397@@
I (81452) bench: [48/71] c888.shader.rotcw.sram.sync      34135000 ns/iter  1896.18 ns/px  cv 0.13%
@@BENCH-CELL@@ {"t":"cell","i":48,"id":"c888.shader.rotcw.sram.async2","g":"cube","ax":{"fmt":"888","font":"saira_regular","size":27.0,"ratio":1.5000,"path":"shader/aa","orient":"rotcw","mem":"sram","rend":"async2","alpha":255,"halign":0,"corpus":0},"w":{"rows":8,"glyphs":92,"chars":100,"src_px":7701,"dest_px":18002},"m":{"reps":6,"n":15,"min":114118,"med":114168,"max":114345,"mean":114188.7,"sd":55.1},"d":{"ns_iter":19028000,"ns_px":1056.99},"q":{"cv":0.05,"spread":0.20,"mhz":360.0,"outliers":0,"flags":[]},"h":"dd1828a1"} @@855ae528@@
@@BENCH-RAW@@ {"i":48,"s":[114193,114213,114345,114252,114246,114155,114193,114118,114168,114166,114179,114142,114163,114147,114150]} @@61b2e2c4@@
I (83262) bench: [49/71] c888.shader.rotcw.sram.async2    19028000 ns/iter  1056.99 ns/px  cv 0.05%
@@BENCH-CELL@@ {"t":"cell","i":49,"id":"orient.rotccw","g":"orient","ax":{"fmt":"888","font":"saira_regular","size":18.0,"ratio":1.0000,"path":"blit/alpha","orient":"rotccw","mem":"psram","rend":"async2","alpha":255,"halign":0,"corpus":0},"w":{"rows":12,"glyphs":161,"chars":175,"src_px":13512,"dest_px":13512},"m":{"reps":25,"n":15,"min":91054,"med":91212,"max":91449,"mean":91199.7,"sd":98.1},"d":{"ns_iter":3648480,"ns_px":270.02},"q":{"cv":0.11,"spread":0.43,"mhz":360.0,"outliers":0,"flags":[]},"h":"e16cec42"} @@1c865be1@@
@@BENCH-RAW@@ {"i":49,"s":[91212,91278,91147,91231,91301,91264,91233,91101,91135,91112,91449,91114,91237,91128,91054]} @@807c1392@@
I (84672) bench: [50/71] orient.rotccw                     3648480 ns/iter  270.02 ns/px  cv 0.11%
@@BENCH-CELL@@ {"t":"cell","i":50,"id":"orient.rothalf","g":"orient","ax":{"fmt":"888","font":"saira_regular","size":18.0,"ratio":1.0000,"path":"blit/alpha","orient":"rothalf","mem":"psram","rend":"async2","alpha":255,"halign":0,"corpus":0},"w":{"rows":12,"glyphs":161,"chars":175,"src_px":13512,"dest_px":13512},"m":{"reps":26,"n":15,"min":88235,"med":88269,"max":88424,"mean":88293.1,"sd":59.1},"d":{"ns_iter":3394961,"ns_px":251.26},"q":{"cv":0.07,"spread":0.21,"mhz":360.0,"outliers":0,"flags":[]},"h":"a6066584"} @@7f0770c3@@
@@BENCH-RAW@@ {"i":50,"s":[88242,88291,88364,88269,88256,88272,88424,88294,88410,88328,88239,88235,88269,88247,88257]} @@67e66226@@
I (86042) bench: [51/71] orient.rothalf                    3394961 ns/iter  251.26 ns/px  cv 0.07%
@@BENCH-CELL@@ {"t":"cell","i":51,"id":"orient.fliph","g":"orient","ax":{"fmt":"888","font":"saira_regular","size":18.0,"ratio":1.0000,"path":"blit/alpha","orient":"fliph","mem":"psram","rend":"async2","alpha":255,"halign":0,"corpus":0},"w":{"rows":12,"glyphs":161,"chars":175,"src_px":13512,"dest_px":13512},"m":{"reps":27,"n":15,"min":88792,"med":88851,"max":89060,"mean":88858.7,"sd":68.1},"d":{"ns_iter":3290777,"ns_px":243.54},"q":{"cv":0.08,"spread":0.30,"mhz":360.0,"outliers":0,"flags":[]},"h":"abc61a88"} @@8322be7e@@
@@BENCH-RAW@@ {"i":51,"s":[88876,88800,89060,88795,88812,88792,88799,88870,88851,88895,88900,88819,88819,88927,88866]} @@8a52f7f9@@
I (87422) bench: [52/71] orient.fliph                      3290777 ns/iter  243.54 ns/px  cv 0.08%
@@BENCH-CELL@@ {"t":"cell","i":52,"id":"orient.rotccwfliph","g":"orient","ax":{"fmt":"888","font":"saira_regular","size":18.0,"ratio":1.0000,"path":"blit/alpha","orient":"rotccwfliph","mem":"psram","rend":"async2","alpha":255,"halign":0,"corpus":0},"w":{"rows":12,"glyphs":161,"chars":175,"src_px":13512,"dest_px":13512},"m":{"reps":25,"n":15,"min":90200,"med":90429,"max":90585,"mean":90394.3,"sd":112.1},"d":{"ns_iter":3617160,"ns_px":267.70},"q":{"cv":0.12,"spread":0.43,"mhz":360.0,"outliers":0,"flags":[]},"h":"5262d8d8"} @@2647b4cf@@
@@BENCH-RAW@@ {"i":52,"s":[90444,90446,90429,90458,90317,90460,90200,90376,90369,90585,90215,90464,90575,90300,90276]} @@d769908c@@
I (88822) bench: [53/71] orient.rotccwfliph                3617160 ns/iter  267.70 ns/px  cv 0.12%
@@BENCH-CELL@@ {"t":"cell","i":53,"id":"orient.rothalffliph","g":"orient","ax":{"fmt":"888","font":"saira_regular","size":18.0,"ratio":1.0000,"path":"blit/alpha","orient":"rothalffliph","mem":"psram","rend":"async2","alpha":255,"halign":0,"corpus":0},"w":{"rows":12,"glyphs":161,"chars":175,"src_px":13512,"dest_px":13512},"m":{"reps":27,"n":15,"min":91645,"med":91724,"max":91838,"mean":91734.1,"sd":51.4},"d":{"ns_iter":3397185,"ns_px":251.42},"q":{"cv":0.06,"spread":0.21,"mhz":360.0,"outliers":0,"flags":[]},"h":"418c2762"} @@44586171@@
@@BENCH-RAW@@ {"i":53,"s":[91689,91690,91701,91819,91838,91735,91645,91728,91730,91714,91708,91802,91724,91780,91709]} @@b1af2f25@@
I (90242) bench: [54/71] orient.rothalffliph               3397185 ns/iter  251.42 ns/px  cv 0.06%
@@BENCH-CELL@@ {"t":"cell","i":54,"id":"orient.rotcwfliph","g":"orient","ax":{"fmt":"888","font":"saira_regular","size":18.0,"ratio":1.0000,"path":"blit/alpha","orient":"rotcwfliph","mem":"psram","rend":"async2","alpha":255,"halign":0,"corpus":0},"w":{"rows":12,"glyphs":161,"chars":175,"src_px":13512,"dest_px":13512},"m":{"reps":25,"n":15,"min":91415,"med":91559,"max":91778,"mean":91568.5,"sd":100.7},"d":{"ns_iter":3662360,"ns_px":271.04},"q":{"cv":0.11,"spread":0.40,"mhz":360.0,"outliers":0,"flags":[]},"h":"0e714186"} @@ca15691d@@
@@BENCH-RAW@@ {"i":54,"s":[91664,91415,91640,91451,91495,91681,91559,91665,91579,91490,91778,91625,91464,91543,91479]} @@2cae53c8@@
I (91662) bench: [55/71] orient.rotcwfliph                 3662360 ns/iter  271.04 ns/px  cv 0.11%
@@BENCH-CELL@@ {"t":"cell","i":55,"id":"font.sky@18","g":"font","ax":{"fmt":"888","font":"sky","size":18.0,"ratio":2.0000,"path":"blit/direct","orient":"rotcw","mem":"psram","rend":"async2","alpha":255,"halign":0,"corpus":0},"w":{"rows":12,"glyphs":148,"chars":162,"src_px":4014,"dest_px":16056},"m":{"reps":29,"n":15,"min":86352,"med":86590,"max":86968,"mean":86605.7,"sd":149.7},"d":{"ns_iter":2985862,"ns_px":185.97},"q":{"cv":0.17,"spread":0.71,"mhz":360.0,"outliers":0,"flags":[]},"h":"a32b1e1d"} @@194c0aac@@
@@BENCH-RAW@@ {"i":55,"s":[86590,86500,86458,86521,86645,86612,86536,86853,86490,86646,86571,86968,86352,86734,86610]} @@faac8b5a@@
I (93002) bench: [56/71] font.sky@18                       2985862 ns/iter  185.97 ns/px  cv 0.17%
@@BENCH-CELL@@ {"t":"cell","i":56,"id":"font.sky@27","g":"font","ax":{"fmt":"888","font":"sky","size":27.0,"ratio":3.0000,"path":"blit/direct","orient":"rotcw","mem":"psram","rend":"async2","alpha":255,"halign":0,"corpus":0},"w":{"rows":8,"glyphs":80,"chars":85,"src_px":2161,"dest_px":19449},"m":{"reps":33,"n":15,"min":84211,"med":84307,"max":84669,"mean":84361.2,"sd":140.4},"d":{"ns_iter":2554757,"ns_px":131.36},"q":{"cv":0.17,"spread":0.54,"mhz":360.0,"outliers":0,"flags":[]},"h":"4bc0b3f9"} @@82778569@@
@@BENCH-RAW@@ {"i":56,"s":[84294,84303,84354,84542,84307,84400,84225,84274,84247,84322,84669,84615,84211,84214,84441]} @@6a684b6c@@
I (94312) bench: [57/71] font.sky@27                       2554757 ns/iter  131.36 ns/px  cv 0.17%
@@BENCH-CELL@@ {"t":"cell","i":57,"id":"font.skymono@9","g":"font","ax":{"fmt":"888","font":"sky_mono","size":9.0,"ratio":1.0000,"path":"blit/direct","orient":"rotcw","mem":"psram","rend":"async2","alpha":255,"halign":0,"corpus":0},"w":{"rows":23,"glyphs":373,"chars":397,"src_px":23499,"dest_px":23499},"m":{"reps":20,"n":15,"min":100555,"med":100850,"max":101039,"mean":100831.5,"sd":118.0},"d":{"ns_iter":5042500,"ns_px":214.58},"q":{"cv":0.12,"spread":0.48,"mhz":360.0,"outliers":0,"flags":[]},"h":"6335b160"} @@84614e50@@
@@BENCH-RAW@@ {"i":57,"s":[100961,100782,100555,100837,100685,100728,100878,100754,100850,101039,100935,100790,100854,100872,100953]} @@d0d88e64@@
I (95872) bench: [58/71] font.skymono@9                    5042500 ns/iter  214.58 ns/px  cv 0.12%
@@BENCH-CELL@@ {"t":"cell","i":58,"id":"font.sky@13","g":"font","ax":{"fmt":"888","font":"sky","size":13.0,"ratio":1.4444,"path":"shader/pal","orient":"rotcw","mem":"psram","rend":"async2","alpha":255,"halign":0,"corpus":0},"w":{"rows":17,"glyphs":239,"chars":255,"src_px":6321,"dest_px":12530},"m":{"reps":7,"n":14,"min":113638,"med":113995,"max":114259,"mean":113957.6,"sd":202.1},"d":{"ns_iter":16285000,"ns_px":1299.68},"q":{"cv":0.18,"spread":0.54,"mhz":360.0,"outliers":0,"flags":[]},"h":"254ec85e"} @@7ae0750a@@
@@BENCH-RAW@@ {"i":58,"s":[113981,113718,113696,114027,113742,113786,114099,113995,113954,114215,114223,114259,114074,113638]} @@8d5fe2a9@@
I (97562) bench: [59/71] font.sky@13                      16285000 ns/iter  1299.68 ns/px  cv 0.18%
@@BENCH-CELL@@ {"t":"cell","i":59,"id":"font.saira@36","g":"font","ax":{"fmt":"888","font":"saira_regular","size":36.0,"ratio":2.0000,"path":"blit/alpha","orient":"rotcw","mem":"psram","rend":"async2","alpha":255,"halign":0,"corpus":0},"w":{"rows":6,"glyphs":56,"chars":61,"src_px":4710,"dest_px":18840},"m":{"reps":26,"n":15,"min":84384,"med":84447,"max":84600,"mean":84474.9,"sd":61.3},"d":{"ns_iter":3247961,"ns_px":172.40},"q":{"cv":0.07,"spread":0.26,"mhz":360.0,"outliers":0,"flags":[]},"h":"972d0991"} @@8d41e3ad@@
@@BENCH-RAW@@ {"i":59,"s":[84600,84419,84479,84555,84486,84422,84438,84446,84447,84519,84533,84550,84406,84384,84440]} @@a7bfac2c@@
I (98872) bench: [60/71] font.saira@36                     3247961 ns/iter  172.40 ns/px  cv 0.07%
@@BENCH-CELL@@ {"t":"cell","i":60,"id":"font.marker@22","g":"font","ax":{"fmt":"888","font":"marker","size":22.0,"ratio":1.0000,"path":"blit/alpha","orient":"rotcw","mem":"psram","rend":"async2","alpha":255,"halign":0,"corpus":0},"w":{"rows":10,"glyphs":125,"chars":136,"src_px":22847,"dest_px":22847},"m":{"reps":22,"n":15,"min":98137,"med":98374,"max":98623,"mean":98365.7,"sd":126.7},"d":{"ns_iter":4471545,"ns_px":195.72},"q":{"cv":0.13,"spread":0.49,"mhz":360.0,"outliers":0,"flags":[]},"h":"59dd778c"} @@e7cc8c51@@
@@BENCH-RAW@@ {"i":60,"s":[98178,98345,98426,98137,98360,98192,98419,98623,98500,98251,98432,98471,98356,98421,98374]} @@5cf0bf99@@
I (100392) bench: [61/71] font.marker@22                    4471545 ns/iter  195.72 ns/px  cv 0.13%
@@BENCH-CELL@@ {"t":"cell","i":61,"id":"font.marker@33","g":"font","ax":{"fmt":"888","font":"marker","size":33.0,"ratio":1.5000,"path":"shader/aa","orient":"rotcw","mem":"psram","rend":"async2","alpha":255,"halign":0,"corpus":0},"w":{"rows":7,"glyphs":71,"chars":76,"src_px":13008,"dest_px":29868},"m":{"reps":4,"n":14,"min":118413,"med":118553,"max":118707,"mean":118545.4,"sd":90.2},"d":{"ns_iter":29638250,"ns_px":992.31},"q":{"cv":0.08,"spread":0.25,"mhz":360.0,"outliers":0,"flags":[]},"h":"aed9f152"} @@1673f74d@@
@@BENCH-RAW@@ {"i":61,"s":[118486,118553,118707,118666,118596,118456,118471,118501,118413,118557,118427,118545,118575,118683]} @@3cd4c477@@
I (102202) bench: [62/71] font.marker@33                   29638250 ns/iter  992.31 ns/px  cv 0.08%
@@BENCH-CELL@@ {"t":"cell","i":62,"id":"font.condensed@45","g":"font","ax":{"fmt":"888","font":"saira_condensed","size":45.0,"ratio":1.0000,"path":"blit/alpha","orient":"rotcw","mem":"psram","rend":"async2","alpha":255,"halign":0,"corpus":0},"w":{"rows":5,"glyphs":47,"chars":51,"src_px":19237,"dest_px":19237},"m":{"reps":31,"n":15,"min":80279,"med":80354,"max":80466,"mean":80352.9,"sd":46.9},"d":{"ns_iter":2592064,"ns_px":134.74},"q":{"cv":0.06,"spread":0.23,"mhz":360.0,"outliers":0,"flags":[]},"h":"7bcb728d"} @@87ef42e0@@
@@BENCH-RAW@@ {"i":62,"s":[80296,80354,80279,80370,80290,80364,80364,80344,80344,80327,80352,80358,80431,80466,80355]} @@41019c94@@
I (103452) bench: [63/71] font.condensed@45                 2592064 ns/iter  134.74 ns/px  cv 0.06%
@@BENCH-CELL@@ {"t":"cell","i":63,"id":"font.saira@27.noaa","g":"font","ax":{"fmt":"888","font":"saira_regular_noaa","size":27.0,"ratio":1.5000,"path":"shader/plain","orient":"rotcw","mem":"psram","rend":"async2","alpha":255,"halign":0,"corpus":0},"w":{"rows":8,"glyphs":92,"chars":100,"src_px":7701,"dest_px":18002},"m":{"reps":8,"n":15,"min":108238,"med":108364,"max":108474,"mean":108356.9,"sd":60.8},"d":{"ns_iter":13545500,"ns_px":752.44},"q":{"cv":0.06,"spread":0.22,"mhz":360.0,"outliers":0,"flags":[]},"h":"9c31759b"} @@ede81d6e@@
@@BENCH-RAW@@ {"i":63,"s":[108474,108337,108238,108347,108279,108330,108274,108393,108320,108430,108398,108378,108364,108385,108407]} @@f8731f0b@@
I (105162) bench: [64/71] font.saira@27.noaa               13545500 ns/iter  752.44 ns/px  cv 0.06%
@@BENCH-CELL@@ {"t":"cell","i":64,"id":"rend.async1","g":"rend","ax":{"fmt":"888","font":"saira_regular","size":18.0,"ratio":1.0000,"path":"blit/alpha","orient":"rotcw","mem":"psram","rend":"async1","alpha":255,"halign":0,"corpus":0},"w":{"rows":12,"glyphs":161,"chars":175,"src_px":13512,"dest_px":13512},"m":{"reps":20,"n":15,"min":96112,"med":96361,"max":96676,"mean":96359.3,"sd":131.9},"d":{"ns_iter":4818050,"ns_px":356.58},"q":{"cv":0.14,"spread":0.59,"mhz":360.0,"outliers":0,"flags":[]},"h":"de65743c"} @@49fe5e28@@
@@BENCH-RAW@@ {"i":64,"s":[96271,96382,96257,96676,96367,96271,96301,96112,96307,96391,96385,96284,96361,96592,96433]} @@3b2ce561@@
I (106652) bench: [65/71] rend.async1                       4818050 ns/iter  356.58 ns/px  cv 0.14%
@@BENCH-CELL@@ {"t":"cell","i":65,"id":"alpha.fast1.a128","g":"alpha","ax":{"fmt":"888","font":"sky","size":9.0,"ratio":1.0000,"path":"blit/alpha","orient":"rotcw","mem":"psram","rend":"async2","alpha":128,"halign":0,"corpus":0},"w":{"rows":23,"glyphs":373,"chars":397,"src_px":10135,"dest_px":10135},"m":{"reps":20,"n":15,"min":102887,"med":103048,"max":103296,"mean":103066.0,"sd":97.3},"d":{"ns_iter":5152400,"ns_px":508.38},"q":{"cv":0.09,"spread":0.40,"mhz":360.0,"outliers":0,"flags":[]},"h":"cc2eccc5"} @@e8e0055c@@
@@BENCH-RAW@@ {"i":65,"s":[103114,103015,102930,103011,103036,103173,103091,102887,103296,103109,103048,102996,103033,103161,103090]} @@1c76ffa4@@
I (108252) bench: [66/71] alpha.fast1.a128                  5152400 ns/iter  508.38 ns/px  cv 0.09%
@@BENCH-CELL@@ {"t":"cell","i":66,"id":"alpha.fast2.a128","g":"alpha","ax":{"fmt":"888","font":"saira_regular","size":18.0,"ratio":1.0000,"path":"blit/alpha","orient":"rotcw","mem":"psram","rend":"async2","alpha":128,"halign":0,"corpus":0},"w":{"rows":12,"glyphs":161,"chars":175,"src_px":13512,"dest_px":13512},"m":{"reps":23,"n":15,"min":93119,"med":93216,"max":93499,"mean":93251.8,"sd":108.8},"d":{"ns_iter":4052869,"ns_px":299.95},"q":{"cv":0.12,"spread":0.41,"mhz":360.0,"outliers":0,"flags":[]},"h":"012c199d"} @@ec850721@@
@@BENCH-RAW@@ {"i":66,"s":[93294,93330,93499,93216,93176,93119,93251,93197,93122,93204,93280,93147,93326,93446,93170]} @@9c3d295f@@
I (109702) bench: [67/71] alpha.fast2.a128                  4052869 ns/iter  299.95 ns/px  cv 0.12%
@@BENCH-CELL@@ {"t":"cell","i":67,"id":"len.short","g":"len","ax":{"fmt":"888","font":"saira_regular","size":18.0,"ratio":1.0000,"path":"blit/alpha","orient":"rotcw","mem":"psram","rend":"async2","alpha":255,"halign":0,"corpus":1},"w":{"rows":12,"glyphs":82,"chars":83,"src_px":7336,"dest_px":7336},"m":{"reps":36,"n":15,"min":86626,"med":86804,"max":86943,"mean":86801.1,"sd":72.2},"d":{"ns_iter":2411222,"ns_px":328.68},"q":{"cv":0.08,"spread":0.37,"mhz":360.0,"outliers":0,"flags":[]},"h":"450061c8"} @@e07a4a20@@
@@BENCH-RAW@@ {"i":67,"s":[86809,86868,86790,86719,86626,86781,86885,86804,86804,86861,86800,86748,86759,86943,86819]} @@7a3e1739@@
I (111042) bench: [68/71] len.short                         2411222 ns/iter  328.68 ns/px  cv 0.08%
@@BENCH-CELL@@ {"t":"cell","i":68,"id":"len.long","g":"len","ax":{"fmt":"888","font":"saira_regular","size":18.0,"ratio":1.0000,"path":"blit/alpha","orient":"rotcw","mem":"psram","rend":"async2","alpha":255,"halign":0,"corpus":2},"w":{"rows":12,"glyphs":273,"chars":315,"src_px":22206,"dest_px":22206},"m":{"reps":18,"n":15,"min":105090,"med":105295,"max":105563,"mean":105287.9,"sd":135.6},"d":{"ns_iter":5849722,"ns_px":263.43},"q":{"cv":0.13,"spread":0.45,"mhz":360.0,"outliers":0,"flags":[]},"h":"504a97ad"} @@4d1a21fd@@
@@BENCH-RAW@@ {"i":68,"s":[105170,105158,105090,105392,105511,105295,105145,105346,105205,105298,105169,105223,105330,105424,105563]} @@eb4bd08b@@
I (112672) bench: [69/71] len.long                          5849722 ns/iter  263.43 ns/px  cv 0.13%
@@BENCH-CELL@@ {"t":"cell","i":69,"id":"align.center","g":"align","ax":{"fmt":"888","font":"saira_regular","size":18.0,"ratio":1.0000,"path":"blit/alpha","orient":"rotcw","mem":"psram","rend":"async2","alpha":255,"halign":1,"corpus":0},"w":{"rows":12,"glyphs":161,"chars":175,"src_px":13512,"dest_px":13512},"m":{"reps":25,"n":15,"min":92825,"med":92939,"max":93188,"mean":92944.3,"sd":92.8},"d":{"ns_iter":3717560,"ns_px":275.13},"q":{"cv":0.10,"spread":0.39,"mhz":360.0,"outliers":0,"flags":[]},"h":"4f91d280"} @@3cbd5e96@@
@@BENCH-RAW@@ {"i":69,"s":[92912,93082,92867,92911,92948,93008,92939,92894,92988,93188,92966,92825,92866,92941,92829]} @@897499c5@@
I (114112) bench: [70/71] align.center                      3717560 ns/iter  275.13 ns/px  cv 0.10%
@@BENCH-CELL@@ {"t":"cell","i":70,"id":"drift.last","g":"drift","ax":{"fmt":"888","font":"saira_regular","size":18.0,"ratio":1.0000,"path":"blit/alpha","orient":"rotcw","mem":"psram","rend":"async2","alpha":255,"halign":0,"corpus":0},"w":{"rows":12,"glyphs":161,"chars":175,"src_px":13512,"dest_px":13512},"m":{"reps":25,"n":15,"min":91393,"med":91649,"max":91958,"mean":91659.1,"sd":121.2},"d":{"ns_iter":3665960,"ns_px":271.31},"q":{"cv":0.13,"spread":0.62,"mhz":360.0,"outliers":0,"flags":[]},"h":"de65743c"} @@c5876c4d@@
@@BENCH-RAW@@ {"i":70,"s":[91684,91725,91649,91746,91756,91958,91605,91668,91753,91570,91574,91579,91598,91628,91393]} @@c33dcb93@@
I (115532) bench: [71/71] drift.last                        3665960 ns/iter  271.31 ns/px  cv 0.13%
@@BENCH-END@@ {"t":"end","cells":71,"total_us":110545447,"status":"ok"} @@55928034@@
