@@BENCH-BEGIN@@ {"t":"begin","schema":1,"cells":71,"boot_us":3827678,"reset":3,"build":{"app_git":"3f22ff68d60a","app_dirty":false,"app_branch":"main","pax_git":"793ed284747e","pax_dirty":false,"pax_branch":"opt/text-rendering","idf":"v6.0.2","opt":"Os","app_ver":"3f22ff6","app_date":"Aug 20 2026 13:50:45"},"hw":{"chip":"esp32p4","rev":103,"cores":2,"cpu_mhz_nom":360,"cpu_mhz_meas":359.99,"l2_kb":128,"l2_line":64,"psram":true},"cfg":{"pm_enable":true,"pm_lock":true,"tick_hz":100,"wdt":false,"pax":{"bounds_check":false,"orientation":true,"async":"multithread","range_setter":true,"range_merger":true,"fixed_point":true,"long_fixed_point":true,"queue_size":32,"sso_len":32}},"mem":{"tile_dim":256,"int_addr":"0x4ff40700","psram_addr":"0x4811a900","int_free":338643,"int_largest":192512,"psram_free":30524228},"bench":{"n_samples":15,"warmup":2,"target_sample_us":110000,"cell_budget_us":2000000,"corpus_ver":1,"join_placement":"per_sample","driver_core":0,"driver_prio":5,"scrub_bytes":524288}} @@74b66c34@@
@@BENCH-CELL@@ {"t":"cell","i":0,"id":"drift.first","g":"drift","ax":{"fmt":"888","font":"saira_regular","size":18.0,"ratio":1.0000,"path":"blit/alpha","orient":"rotcw","mem":"psram","rend":"async2","alpha":255,"halign":0,"corpus":0},"w":{"rows":12,"glyphs":161,"chars":175,"src_px":13512,"dest_px":13512},"m":{"reps":26,"n":15,"min":87791,"med":87930,"max":88105,"mean":87929.7,"sd":91.2},"d":{"ns_iter":3381923,"ns_px":250.29},"q":{"cv":0.10,"spread":0.36,"mhz":360.0,"outliers":0,"flags":[]},"h":"de65743c"} @@62b00231@@
@@BENCH-RAW@@ {"i":0,"s":[88059,88009,87866,87972,87883,87897,87934,88055,87930,88105,87817,87937,87846,87791,87844]} @@54c1ab7b@@
I (6425) bench: [1/71] drift.first                       3381923 ns/iter  250.29 ns/px  cv 0.10%
@@BENCH-CELL@@ {"t":"cell","i":1,"id":"c565.fast1.upright.psram.sync","g":"cube","ax":{"fmt":"565","font":"sky","size":9.0,"ratio":1.0000,"path":"blit/direct","orient":"upright","mem":"psram","rend":"sync","alpha":255,"halign":0,"corpus":0},"w":{"rows":23,"glyphs":373,"chars":397,"src_px":10135,"dest_px":10135},"m":{"reps":43,"n":15,"min":84922,"med":85147,"max":85247,"mean":85122.7,"sd":100.1},"d":{"ns_iter":1980162,"ns_px":195.38},"q":{"cv":0.12,"spread":0.38,"mhz":360.0,"outliers":0,"flags":[]},"h":"16b7abd1"} @@cbb3b57c@@
@@BENCH-RAW@@ {"i":1,"s":[85207,85244,85182,85147,85087,85247,85150,85114,85203,85147,85211,85023,84971,84986,84922]} @@6dc72b8e@@
I (7735) bench: [2/71] c565.fast1.upright.psram.sync     1980162 ns/iter  195.38 ns/px  cv 0.12%
@@BENCH-CELL@@ {"t":"cell","i":2,"id":"c565.fast1.upright.psram.async2","g":"cube","ax":{"fmt":"565","font":"sky","size":9.0,"ratio":1.0000,"path":"blit/direct","orient":"upright","mem":"psram","rend":"async2","alpha":255,"halign":0,"corpus":0},"w":{"rows":23,"glyphs":373,"chars":397,"src_px":10135,"dest_px":10135},"m":{"reps":28,"n":15,"min":103223,"med":103290,"max":103508,"mean":103323.7,"sd":79.2},"d":{"ns_iter":3688928,"ns_px":363.98},"q":{"cv":0.08,"spread":0.28,"mhz":360.0,"outliers":0,"flags":[]},"h":"16b7abd1"} @@6c62fa5f@@
@@BENCH-RAW@@ {"i":2,"s":[103438,103508,103409,103423,103253,103302,103259,103273,103223,103266,103290,103318,103288,103282,103323]} @@8825a0c7@@
I (9315) bench: [3/71] c565.fast1.upright.psram.async2   3688928 ns/iter  363.98 ns/px  cv 0.08%
@@BENCH-CELL@@ {"t":"cell","i":3,"id":"c565.fast1.upright.sram.sync","g":"cube","ax":{"fmt":"565","font":"sky","size":9.0,"ratio":1.0000,"path":"blit/direct","orient":"upright","mem":"sram","rend":"sync","alpha":255,"halign":0,"corpus":0},"w":{"rows":23,"glyphs":373,"chars":397,"src_px":10135,"dest_px":10135},"m":{"reps":51,"n":15,"min":100789,"med":100919,"max":101314,"mean":101007.1,"sd":176.0},"d":{"ns_iter":1978803,"ns_px":195.24},"q":{"cv":0.17,"spread":0.52,"mhz":360.0,"outliers":0,"flags":[]},"h":"16b7abd1"} @@46bbabbc@@
@@BENCH-RAW@@ {"i":3,"s":[101314,101232,101262,101271,101095,100870,101031,100886,100852,100812,100789,100919,100886,100985,100903]} @@b755cae9@@
I (10865) bench: [4/71] c565.fast1.upright.sram.sync      1978803 ns/iter  195.24 ns/px  cv 0.17%
@@BENCH-CELL@@ {"t":"cell","i":4,"id":"c565.fast1.upright.sram.async2","g":"cube","ax":{"fmt":"565","font":"sky","size":9.0,"ratio":1.0000,"path":"blit/direct","orient":"upright","mem":"sram","rend":"async2","alpha":255,"halign":0,"corpus":0},"w":{"rows":23,"glyphs":373,"chars":397,"src_px":10135,"dest_px":10135},"m":{"reps":30,"n":15,"min":110334,"med":110498,"max":110720,"mean":110497.5,"sd":86.0},"d":{"ns_iter":3683266,"ns_px":363.42},"q":{"cv":0.08,"spread":0.35,"mhz":360.0,"outliers":0,"flags":[]},"h":"16b7abd1"} @@394a02ee@@
@@BENCH-RAW@@ {"i":4,"s":[110720,110530,110564,110583,110469,110334,110444,110550,110474,110435,110500,110498,110439,110510,110412]} @@dc635835@@
I (12555) bench: [5/71] c565.fast1.upright.sram.async2    3683266 ns/iter  363.42 ns/px  cv 0.08%
@@BENCH-CELL@@ {"t":"cell","i":5,"id":"c565.fast1.rotcw.psram.sync","g":"cube","ax":{"fmt":"565","font":"sky","size":9.0,"ratio":1.0000,"path":"blit/direct","orient":"rotcw","mem":"psram","rend":"sync","alpha":255,"halign":0,"corpus":0},"w":{"rows":23,"glyphs":373,"chars":397,"src_px":10135,"dest_px":10135},"m":{"reps":38,"n":15,"min":76457,"med":76547,"max":76660,"mean":76557.8,"sd":56.9},"d":{"ns_iter":2014394,"ns_px":198.76},"q":{"cv":0.07,"spread":0.27,"mhz":360.0,"outliers":0,"flags":[]},"h":"70d20c11"} @@97eae295@@
@@BENCH-RAW@@ {"i":5,"s":[76476,76654,76586,76535,76559,76540,76547,76553,76612,76542,76660,76507,76524,76457,76615]} @@3903d349@@
I (13735) bench: [6/71] c565.fast1.rotcw.psram.sync       2014394 ns/iter  198.76 ns/px  cv 0.07%
@@BENCH-CELL@@ {"t":"cell","i":6,"id":"c565.fast1.rotcw.psram.async2","g":"cube","ax":{"fmt":"565","font":"sky","size":9.0,"ratio":1.0000,"path":"blit/direct","orient":"rotcw","mem":"psram","rend":"async2","alpha":255,"halign":0,"corpus":0},"w":{"rows":23,"glyphs":373,"chars":397,"src_px":10135,"dest_px":10135},"m":{"reps":25,"n":15,"min":94426,"med":94571,"max":94651,"mean":94562.5,"sd":62.1},"d":{"ns_iter":3782840,"ns_px":373.25},"q":{"cv":0.07,"spread":0.24,"mhz":360.0,"outliers":0,"flags":[]},"h":"70d20c11"} @@f84b45ee@@
@@BENCH-RAW@@ {"i":6,"s":[94536,94581,94534,94426,94645,94614,94651,94551,94615,94495,94615,94577,94465,94562,94571]} @@17e1935c@@
I (15195) bench: [7/71] c565.fast1.rotcw.psram.async2     3782840 ns/iter  373.25 ns/px  cv 0.07%
@@BENCH-CELL@@ {"t":"cell","i":7,"id":"c565.fast1.rotcw.sram.sync","g":"cube","ax":{"fmt":"565","font":"sky","size":9.0,"ratio":1.0000,"path":"blit/direct","orient":"rotcw","mem":"sram","rend":"sync","alpha":255,"halign":0,"corpus":0},"w":{"rows":23,"glyphs":373,"chars":397,"src_px":10135,"dest_px":10135},"m":{"reps":50,"n":15,"min":100211,"med":100425,"max":100646,"mean":100416.0,"sd":136.6},"d":{"ns_iter":2008500,"ns_px":198.17},"q":{"cv":0.14,"spread":0.43,"mhz":360.0,"outliers":0,"flags":[]},"h":"70d20c11"} @@4ae8f687@@
@@BENCH-RAW@@ {"i":7,"s":[100497,100538,100447,100461,100235,100224,100393,100500,100627,100646,100395,100421,100425,100220,100211]} @@cc282f78@@
I (16725) bench: [8/71] c565.fast1.rotcw.sram.sync        2008500 ns/iter  198.17 ns/px  cv 0.14%
@@BENCH-CELL@@ {"t":"cell","i":8,"id":"c565.fast1.rotcw.sram.async2","g":"cube","ax":{"fmt":"565","font":"sky","size":9.0,"ratio":1.0000,"path":"blit/direct","orient":"rotcw","mem":"sram","rend":"async2","alpha":255,"halign":0,"corpus":0},"w":{"rows":23,"glyphs":373,"chars":397,"src_px":10135,"dest_px":10135},"m":{"reps":30,"n":15,"min":112766,"med":112896,"max":113256,"mean":112921.3,"sd":124.3},"d":{"ns_iter":3763200,"ns_px":371.31},"q":{"cv":0.11,"spread":0.43,"mhz":360.0,"outliers":0,"flags":[]},"h":"70d20c11"} @@42408b93@@
@@BENCH-RAW@@ {"i":8,"s":[112766,113256,112952,112980,112990,112895,112834,112805,112768,112895,112810,112911,112896,112990,113072]} @@cc03d091@@
I (18455) bench: [9/71] c565.fast1.rotcw.sram.async2      3763200 ns/iter  371.31 ns/px  cv 0.11%
@@BENCH-CELL@@ {"t":"cell","i":9,"id":"c565.fast2.upright.psram.sync","g":"cube","ax":{"fmt":"565","font":"saira_regular","size":18.0,"ratio":1.0000,"path":"blit/alpha","orient":"upright","mem":"psram","rend":"sync","alpha":255,"halign":0,"corpus":0},"w":{"rows":12,"glyphs":161,"chars":175,"src_px":13512,"dest_px":13512},"m":{"reps":28,"n":15,"min":92278,"med":92315,"max":92406,"mean":92328.2,"sd":34.7},"d":{"ns_iter":3296964,"ns_px":244.00},"q":{"cv":0.04,"spread":0.14,"mhz":360.0,"outliers":0,"flags":[]},"h":"ecacce31"} @@ae33b658@@
@@BENCH-RAW@@ {"i":9,"s":[92357,92330,92354,92306,92301,92312,92305,92315,92302,92278,92281,92363,92406,92360,92353]} @@acf20b7e@@
I (19875) bench: [10/71] c565.fast2.upright.psram.sync     3296964 ns/iter  244.00 ns/px  cv 0.04%
@@BENCH-CELL@@ {"t":"cell","i":10,"id":"c565.fast2.upright.psram.async2","g":"cube","ax":{"fmt":"565","font":"saira_regular","size":18.0,"ratio":1.0000,"path":"blit/alpha","orient":"upright","mem":"psram","rend":"async2","alpha":255,"halign":0,"corpus":0},"w":{"rows":12,"glyphs":161,"chars":175,"src_px":13512,"dest_px":13512},"m":{"reps":30,"n":15,"min":93552,"med":93664,"max":93766,"mean":93666.5,"sd":64.8},"d":{"ns_iter":3122133,"ns_px":231.06},"q":{"cv":0.07,"spread":0.23,"mhz":360.0,"outliers":0,"flags":[]},"h":"ecacce31"} @@4fd13789@@
@@BENCH-RAW@@ {"i":10,"s":[93552,93766,93760,93714,93646,93701,93650,93664,93693,93589,93630,93583,93603,93694,93752]} @@d68197d8@@
I (21315) bench: [11/71] c565.fast2.upright.psram.async2   3122133 ns/iter  231.06 ns/px  cv 0.07%
@@BENCH-CELL@@ {"t":"cell","i":11,"id":"c565.fast2.upright.sram.sync","g":"cube","ax":{"fmt":"565","font":"saira_regular","size":18.0,"ratio":1.0000,"path":"blit/alpha","orient":"upright","mem":"sram","rend":"sync","alpha":255,"halign":0,"corpus":0},"w":{"rows":12,"glyphs":161,"chars":175,"src_px":13512,"dest_px":13512},"m":{"reps":31,"n":15,"min":102101,"med":102164,"max":102201,"mean":102161.4,"sd":23.6},"d":{"ns_iter":3295612,"ns_px":243.90},"q":{"cv":0.02,"spread":0.10,"mhz":360.0,"outliers":0,"flags":[]},"h":"ecacce31"} @@6e6b4fe7@@
@@BENCH-RAW@@ {"i":11,"s":[102119,102101,102188,102165,102164,102170,102169,102201,102152,102163,102162,102164,102154,102175,102174]} @@b7eda055@@
I (22885) bench: [12/71] c565.fast2.upright.sram.sync      3295612 ns/iter  243.90 ns/px  cv 0.02%
@@BENCH-CELL@@ {"t":"cell","i":12,"id":"c565.fast2.upright.sram.async2","g":"cube","ax":{"fmt":"565","font":"saira_regular","size":18.0,"ratio":1.0000,"path":"blit/alpha","orient":"upright","mem":"sram","rend":"async2","alpha":255,"halign":0,"corpus":0},"w":{"rows":12,"glyphs":161,"chars":175,"src_px":13512,"dest_px":13512},"m":{"reps":34,"n":15,"min":106249,"med":106335,"max":106495,"mean":106359.9,"sd":70.0},"d":{"ns_iter":3127500,"ns_px":231.46},"q":{"cv":0.07,"spread":0.23,"mhz":360.0,"outliers":0,"flags":[]},"h":"ecacce31"} @@5af6acff@@
@@BENCH-RAW@@ {"i":12,"s":[106249,106335,106457,106386,106332,106317,106281,106332,106273,106314,106362,106400,106414,106452,106495]} @@637bbbd9@@
I (24515) bench: [13/71] c565.fast2.upright.sram.async2    3127500 ns/iter  231.46 ns/px  cv 0.07%
@@BENCH-CELL@@ {"t":"cell","i":13,"id":"c565.fast2.rotcw.psram.sync","g":"cube","ax":{"fmt":"565","font":"saira_regular","size":18.0,"ratio":1.0000,"path":"blit/alpha","orient":"rotcw","mem":"psram","rend":"sync","alpha":255,"halign":0,"corpus":0},"w":{"rows":12,"glyphs":161,"chars":175,"src_px":13512,"dest_px":13512},"m":{"reps":26,"n":15,"min":87432,"med":87475,"max":87647,"mean":87486.1,"sd":48.8},"d":{"ns_iter":3364423,"ns_px":249.00},"q":{"cv":0.06,"spread":0.25,"mhz":360.0,"outliers":0,"flags":[]},"h":"70889db9"} @@87f214ec@@
@@BENCH-RAW@@ {"i":13,"s":[87432,87440,87464,87475,87475,87483,87647,87525,87473,87457,87507,87498,87486,87469,87460]} @@06de041a@@
I (25865) bench: [14/71] c565.fast2.rotcw.psram.sync       3364423 ns/iter  249.00 ns/px  cv 0.06%
@@BENCH-CELL@@ {"t":"cell","i":14,"id":"c565.fast2.rotcw.psram.async2","g":"cube","ax":{"fmt":"565","font":"saira_regular","size":18.0,"ratio":1.0000,"path":"blit/alpha","orient":"rotcw","mem":"psram","rend":"async2","alpha":255,"halign":0,"corpus":0},"w":{"rows":12,"glyphs":161,"chars":175,"src_px":13512,"dest_px":13512},"m":{"reps":27,"n":15,"min":88229,"med":88389,"max":88499,"mean":88392.3,"sd":74.4},"d":{"ns_iter":3273666,"ns_px":242.28},"q":{"cv":0.08,"spread":0.31,"mhz":360.0,"outliers":0,"flags":[]},"h":"70889db9"} @@f88ea33a@@
@@BENCH-RAW@@ {"i":14,"s":[88397,88478,88488,88499,88229,88419,88495,88406,88305,88362,88366,88389,88366,88309,88377]} @@33d852c0@@
I (27225) bench: [15/71] c565.fast2.rotcw.psram.async2     3273666 ns/iter  242.28 ns/px  cv 0.08%
@@BENCH-CELL@@ {"t":"cell","i":15,"id":"c565.fast2.rotcw.sram.sync","g":"cube","ax":{"fmt":"565","font":"saira_regular","size":18.0,"ratio":1.0000,"path":"blit/alpha","orient":"rotcw","mem":"sram","rend":"sync","alpha":255,"halign":0,"corpus":0},"w":{"rows":12,"glyphs":161,"chars":175,"src_px":13512,"dest_px":13512},"m":{"reps":31,"n":15,"min":103639,"med":103720,"max":103813,"mean":103714.9,"sd":38.9},"d":{"ns_iter":3345806,"ns_px":247.62},"q":{"cv":0.04,"spread":0.17,"mhz":360.0,"outliers":0,"flags":[]},"h":"70889db9"} @@30d035c4@@
@@BENCH-RAW@@ {"i":15,"s":[103690,103695,103686,103729,103664,103639,103737,103739,103731,103813,103726,103720,103699,103710,103745]} @@1fdf5e97@@
I (28815) bench: [16/71] c565.fast2.rotcw.sram.sync        3345806 ns/iter  247.62 ns/px  cv 0.04%
@@BENCH-CELL@@ {"t":"cell","i":16,"id":"c565.fast2.rotcw.sram.async2","g":"cube","ax":{"fmt":"565","font":"saira_regular","size":18.0,"ratio":1.0000,"path":"blit/alpha","orient":"rotcw","mem":"sram","rend":"async2","alpha":255,"halign":0,"corpus":0},"w":{"rows":12,"glyphs":161,"chars":175,"src_px":13512,"dest_px":13512},"m":{"reps":32,"n":15,"min":103272,"med":103340,"max":103483,"mean":103353.8,"sd":66.0},"d":{"ns_iter":3229375,"ns_px":239.00},"q":{"cv":0.06,"spread":0.20,"mhz":360.0,"outliers":0,"flags":[]},"h":"70889db9"} @@efbb8db5@@
@@BENCH-RAW@@ {"i":16,"s":[103420,103429,103372,103483,103446,103389,103379,103285,103296,103272,103293,103340,103304,103320,103279]} @@065117bd@@
I (30395) bench: [17/71] c565.fast2.rotcw.sram.async2      3229375 ns/iter  239.00 ns/px  cv 0.06%
@@BENCH-CELL@@ {"t":"cell","i":17,"id":"c565.shader.upright.psram.sync","g":"cube","ax":{"fmt":"565","font":"saira_regular","size":27.0,"ratio":1.5000,"path":"shader/aa","orient":"upright","mem":"psram","rend":"sync","alpha":255,"halign":0,"corpus":0},"w":{"rows":8,"glyphs":92,"chars":100,"src_px":7701,"dest_px":18002},"m":{"reps":4,"n":12,"min":138569,"med":138832,"max":139040,"mean":138847.6,"sd":165.9},"d":{"ns_iter":34708000,"ns_px":1928.01},"q":{"cv":0.12,"spread":0.34,"mhz":360.0,"outliers":0,"flags":[]},"h":"f8db19ed"} @@3718bd9e@@
@@BENCH-RAW@@ {"i":17,"s":[138570,138569,138815,138832,138794,139040,139019,139001,139023,139012,138792,138704]} @@3106e73f@@
I (32225) bench: [18/71] c565.shader.upright.psram.sync   34708000 ns/iter  1928.01 ns/px  cv 0.12%
@@BENCH-CELL@@ {"t":"cell","i":18,"id":"c565.shader.upright.psram.async2","g":"cube","ax":{"fmt":"565","font":"saira_regular","size":27.0,"ratio":1.5000,"path":"shader/aa","orient":"upright","mem":"psram","rend":"async2","alpha":255,"halign":0,"corpus":0},"w":{"rows":8,"glyphs":92,"chars":100,"src_px":7701,"dest_px":18002},"m":{"reps":6,"n":14,"min":113457,"med":113884,"max":114021,"mean":113853.5,"sd":136.0},"d":{"ns_iter":18980666,"ns_px":1054.36},"q":{"cv":0.12,"spread":0.50,"mhz":360.0,"outliers":0,"flags":[]},"h":"f8db19ed"} @@89e054e6@@
@@BENCH-RAW@@ {"i":18,"s":[113939,113806,113834,113788,113918,113732,113884,113947,113943,113994,114021,113806,113880,113457]} @@67534e64@@
I (33915) bench: [19/71] c565.shader.upright.psram.async2 18980666 ns/iter  1054.36 ns/px  cv 0.12%
@@BENCH-CELL@@ {"t":"cell","i":19,"id":"c565.shader.upright.sram.sync","g":"cube","ax":{"fmt":"565","font":"saira_regular","size":27.0,"ratio":1.5000,"path":"shader/aa","orient":"upright","mem":"sram","rend":"sync","alpha":255,"halign":0,"corpus":0},"w":{"rows":8,"glyphs":92,"chars":100,"src_px":7701,"dest_px":18002},"m":{"reps":4,"n":12,"min":138622,"med":138881,"max":139124,"mean":138860.2,"sd":181.2},"d":{"ns_iter":34720250,"ns_px":1928.69},"q":{"cv":0.13,"spread":0.36,"mhz":360.0,"outliers":0,"flags":[]},"h":"f8db19ed"} @@fdbf1f14@@
@@BENCH-RAW@@ {"i":19,"s":[139052,139072,139009,138622,138770,138756,138881,138686,139037,139124,138655,138658]} @@e4c72eb9@@
I (35745) bench: [20/71] c565.shader.upright.sram.sync    34720250 ns/iter  1928.69 ns/px  cv 0.13%
@@BENCH-CELL@@ {"t":"cell","i":20,"id":"c565.shader.upright.sram.async2","g":"cube","ax":{"fmt":"565","font":"saira_regular","size":27.0,"ratio":1.5000,"path":"shader/aa","orient":"upright","mem":"sram","rend":"async2","alpha":255,"halign":0,"corpus":0},"w":{"rows":8,"glyphs":92,"chars":100,"src_px":7701,"dest_px":18002},"m":{"reps":6,"n":15,"min":113374,"med":113647,"max":113877,"mean":113644.3,"sd":123.5},"d":{"ns_iter":18941166,"ns_px":1052.17},"q":{"cv":0.11,"spread":0.44,"mhz":360.0,"outliers":0,"flags":[]},"h":"f8db19ed"} @@3a0a7d10@@
@@BENCH-RAW@@ {"i":20,"s":[113592,113655,113650,113647,113626,113547,113820,113877,113775,113719,113716,113374,113622,113529,113516]} @@b5c46077@@
I (37545) bench: [21/71] c565.shader.upright.sram.async2  18941166 ns/iter  1052.17 ns/px  cv 0.11%
@@BENCH-CELL@@ {"t":"cell","i":21,"id":"c565.shader.rotcw.psram.sync","g":"cube","ax":{"fmt":"565","font":"saira_regular","size":27.0,"ratio":1.5000,"path":"shader/aa","orient":"rotcw","mem":"psram","rend":"sync","alpha":255,"halign":0,"corpus":0},"w":{"rows":8,"glyphs":92,"chars":100,"src_px":7701,"dest_px":18002},"m":{"reps":3,"n":15,"min":109306,"med":109367,"max":109570,"mean":109382.3,"sd":59.7},"d":{"ns_iter":36455666,"ns_px":2025.09},"q":{"cv":0.05,"spread":0.24,"mhz":360.0,"outliers":0,"flags":[]},"h":"796ae951"} @@334f5c8f@@
@@BENCH-RAW@@ {"i":21,"s":[109367,109570,109392,109333,109367,109349,109353,109421,109345,109369,109349,109381,109438,109395,109306]} @@29589cca@@
I (39355) bench: [22/71] c565.shader.rotcw.psram.sync     36455666 ns/iter  2025.09 ns/px  cv 0.05%
@@BENCH-CELL@@ {"t":"cell","i":22,"id":"c565.shader.rotcw.psram.async2","g":"cube","ax":{"fmt":"565","font":"saira_regular","size":27.0,"ratio":1.5000,"path":"shader/aa","orient":"rotcw","mem":"psram","rend":"async2","alpha":255,"halign":0,"corpus":0},"w":{"rows":8,"glyphs":92,"chars":100,"src_px":7701,"dest_px":18002},"m":{"reps":6,"n":13,"min":122823,"med":122878,"max":123027,"mean":122892.8,"sd":60.0},"d":{"ns_iter":20479666,"ns_px":1137.63},"q":{"cv":0.05,"spread":0.17,"mhz":360.0,"outliers":0,"flags":[]},"h":"796ae951"} @@2bbfa944@@
@@BENCH-RAW@@ {"i":22,"s":[123027,122953,122823,122857,122886,122866,122997,122879,122861,122841,122836,122902,122878]} @@7407e8ce@@
I (41055) bench: [23/71] c565.shader.rotcw.psram.async2   20479666 ns/iter  1137.63 ns/px  cv 0.05%
@@BENCH-CELL@@ {"t":"cell","i":23,"id":"c565.shader.rotcw.sram.sync","g":"cube","ax":{"fmt":"565","font":"saira_regular","size":27.0,"ratio":1.5000,"path":"shader/aa","orient":"rotcw","mem":"sram","rend":"sync","alpha":255,"halign":0,"corpus":0},"w":{"rows":8,"glyphs":92,"chars":100,"src_px":7701,"dest_px":18002},"m":{"reps":3,"n":15,"min":108821,"med":108848,"max":109011,"mean":108868.8,"sd":53.0},"d":{"ns_iter":36282666,"ns_px":2015.48},"q":{"cv":0.05,"spread":0.17,"mhz":360.0,"outliers":0,"flags":[]},"h":"796ae951"} @@a55f8330@@
@@BENCH-RAW@@ {"i":23,"s":[108871,108880,108856,108826,108843,108829,108847,108827,108828,109011,108970,108821,108884,108848,108891]} @@0b69cb6e@@
I (42855) bench: [24/71] c565.shader.rotcw.sram.sync      36282666 ns/iter  2015.48 ns/px  cv 0.05%
@@BENCH-CELL@@ {"t":"cell","i":24,"id":"c565.shader.rotcw.sram.async2","g":"cube","ax":{"fmt":"565","font":"saira_regular","size":27.0,"ratio":1.5000,"path":"shader/aa","orient":"rotcw","mem":"sram","rend":"async2","alpha":255,"halign":0,"corpus":0},"w":{"rows":8,"glyphs":92,"chars":100,"src_px":7701,"dest_px":18002},"m":{"reps":6,"n":14,"min":121070,"med":121231,"max":121330,"mean":121216.1,"sd":64.3},"d":{"ns_iter":20205166,"ns_px":1122.38},"q":{"cv":0.05,"spread":0.21,"mhz":360.0,"outliers":0,"flags":[]},"h":"796ae951"} @@127c62b7@@
@@BENCH-RAW@@ {"i":24,"s":[121291,121233,121177,121246,121330,121178,121215,121289,121251,121231,121198,121070,121151,121166]} @@c1e29c7b@@
I (44655) bench: [25/71] c565.shader.rotcw.sram.async2    20205166 ns/iter  1122.38 ns/px  cv 0.05%
@@BENCH-CELL@@ {"t":"cell","i":25,"id":"c888.fast1.upright.psram.sync","g":"cube","ax":{"fmt":"888","font":"sky","size":9.0,"ratio":1.0000,"path":"blit/direct","orient":"upright","mem":"psram","rend":"sync","alpha":255,"halign":0,"corpus":0},"w":{"rows":23,"glyphs":373,"chars":397,"src_px":10135,"dest_px":10135},"m":{"reps":40,"n":15,"min":84311,"med":84360,"max":84601,"mean":84412.1,"sd":89.0},"d":{"ns_iter":2109000,"ns_px":208.09},"q":{"cv":0.11,"spread":0.34,"mhz":360.0,"outliers":0,"flags":[]},"h":"601bd481"} @@49fe6991@@
@@BENCH-RAW@@ {"i":25,"s":[84521,84601,84526,84472,84346,84319,84357,84335,84360,84328,84337,84428,84475,84466,84311]} @@11f28bd0@@
I (45965) bench: [26/71] c888.fast1.upright.psram.sync     2109000 ns/iter  208.09 ns/px  cv 0.11%
@@BENCH-CELL@@ {"t":"cell","i":26,"id":"c888.fast1.upright.psram.async2","g":"cube","ax":{"fmt":"888","font":"sky","size":9.0,"ratio":1.0000,"path":"blit/direct","orient":"upright","mem":"psram","rend":"async2","alpha":255,"halign":0,"corpus":0},"w":{"rows":23,"glyphs":373,"chars":397,"src_px":10135,"dest_px":10135},"m":{"reps":27,"n":15,"min":100920,"med":101117,"max":101397,"mean":101116.1,"sd":120.1},"d":{"ns_iter":3745074,"ns_px":369.52},"q":{"cv":0.12,"spread":0.47,"mhz":360.0,"outliers":0,"flags":[]},"h":"601bd481"} @@c7aa0e49@@
@@BENCH-RAW@@ {"i":26,"s":[100970,101113,101196,101221,101195,101205,101397,101174,100989,101117,101110,101013,101131,100920,100990]} @@bc63d7a4@@
I (47525) bench: [27/71] c888.fast1.upright.psram.async2   3745074 ns/iter  369.52 ns/px  cv 0.12%
@@BENCH-CELL@@ {"t":"cell","i":27,"id":"c888.fast1.upright.sram.sync","g":"cube","ax":{"fmt":"888","font":"sky","size":9.0,"ratio":1.0000,"path":"blit/direct","orient":"upright","mem":"sram","rend":"sync","alpha":255,"halign":0,"corpus":0},"w":{"rows":23,"glyphs":373,"chars":397,"src_px":10135,"dest_px":10135},"m":{"reps":48,"n":15,"min":100936,"med":101043,"max":101213,"mean":101048.3,"sd":67.3},"d":{"ns_iter":2105062,"ns_px":207.70},"q":{"cv":0.07,"spread":0.27,"mhz":360.0,"outliers":0,"flags":[]},"h":"601bd481"} @@8968cacd@@
@@BENCH-RAW@@ {"i":27,"s":[101105,101213,101126,101069,100980,100981,101096,100936,101026,101014,100998,101083,101045,101009,101043]} @@66ba55cd@@
I (49065) bench: [28/71] c888.fast1.upright.sram.sync      2105062 ns/iter  207.70 ns/px  cv 0.07%
@@BENCH-CELL@@ {"t":"cell","i":28,"id":"c888.fast1.upright.sram.async2","g":"cube","ax":{"fmt":"888","font":"sky","size":9.0,"ratio":1.0000,"path":"blit/direct","orient":"upright","mem":"sram","rend":"async2","alpha":255,"halign":0,"corpus":0},"w":{"rows":23,"glyphs":373,"chars":397,"src_px":10135,"dest_px":10135},"m":{"reps":30,"n":15,"min":112249,"med":112342,"max":112541,"mean":112367.8,"sd":96.1},"d":{"ns_iter":3744733,"ns_px":369.49},"q":{"cv":0.09,"spread":0.26,"mhz":360.0,"outliers":0,"flags":[]},"h":"601bd481"} @@5a8114b4@@
@@BENCH-RAW@@ {"i":28,"s":[112367,112321,112267,112342,112337,112396,112354,112249,112267,112275,112303,112520,112541,112444,112534]} @@2a2e6387@@
I (50785) bench: [29/71] c888.fast1.upright.sram.async2    3744733 ns/iter  369.49 ns/px  cv 0.09%
@@BENCH-CELL@@ {"t":"cell","i":29,"id":"c888.fast1.rotcw.psram.sync","g":"cube","ax":{"fmt":"888","font":"sky","size":9.0,"ratio":1.0000,"path":"blit/direct","orient":"rotcw","mem":"psram","rend":"sync","alpha":255,"halign":0,"corpus":0},"w":{"rows":23,"glyphs":373,"chars":397,"src_px":10135,"dest_px":10135},"m":{"reps":35,"n":15,"min":83637,"med":83777,"max":83884,"mean":83754.2,"sd":73.2},"d":{"ns_iter":2393628,"ns_px":236.17},"q":{"cv":0.09,"spread":0.29,"mhz":360.0,"outliers":0,"flags":[]},"h":"333c04c9"} @@4194497c@@
@@BENCH-RAW@@ {"i":29,"s":[83813,83767,83706,83797,83637,83696,83846,83735,83638,83777,83790,83884,83797,83646,83784]} @@1e3ce78b@@
I (52085) bench: [30/71] c888.fast1.rotcw.psram.sync       2393628 ns/iter  236.17 ns/px  cv 0.09%
@@BENCH-CELL@@ {"t":"cell","i":30,"id":"c888.fast1.rotcw.psram.async2","g":"cube","ax":{"fmt":"888","font":"sky","size":9.0,"ratio":1.0000,"path":"blit/direct","orient":"rotcw","mem":"psram","rend":"async2","alpha":255,"halign":0,"corpus":0},"w":{"rows":23,"glyphs":373,"chars":397,"src_px":10135,"dest_px":10135},"m":{"reps":25,"n":15,"min":101734,"med":101866,"max":102280,"mean":101932.7,"sd":146.5},"d":{"ns_iter":4074640,"ns_px":402.04},"q":{"cv":0.14,"spread":0.54,"mhz":360.0,"outliers":0,"flags":[]},"h":"333c04c9"} @@5e63b03c@@
@@BENCH-RAW@@ {"i":30,"s":[102070,102108,101922,101963,102048,102067,102280,101866,101857,101822,101802,101734,101822,101827,101803]} @@bb6fefd6@@
I (53655) bench: [31/71] c888.fast1.rotcw.psram.async2     4074640 ns/iter  402.04 ns/px  cv 0.14%
@@BENCH-CELL@@ {"t":"cell","i":31,"id":"c888.fast1.rotcw.sram.sync","g":"cube","ax":{"fmt":"888","font":"sky","size":9.0,"ratio":1.0000,"path":"blit/direct","orient":"rotcw","mem":"sram","rend":"sync","alpha":255,"halign":0,"corpus":0},"w":{"rows":23,"glyphs":373,"chars":397,"src_px":10135,"dest_px":10135},"m":{"reps":48,"n":15,"min":102301,"med":102621,"max":102762,"mean":102580.1,"sd":122.2},"d":{"ns_iter":2137937,"ns_px":210.95},"q":{"cv":0.12,"spread":0.45,"mhz":360.0,"outliers":0,"flags":[]},"h":"333c04c9"} @@76275be1@@
@@BENCH-RAW@@ {"i":31,"s":[102448,102464,102556,102428,102301,102649,102653,102661,102706,102631,102621,102762,102721,102542,102559]} @@4b9f538f@@
I (55225) bench: [32/71] c888.fast1.rotcw.sram.sync        2137937 ns/iter  210.95 ns/px  cv 0.12%
@@BENCH-CELL@@ {"t":"cell","i":32,"id":"c888.fast1.rotcw.sram.async2","g":"cube","ax":{"fmt":"888","font":"sky","size":9.0,"ratio":1.0000,"path":"blit/direct","orient":"rotcw","mem":"sram","rend":"async2","alpha":255,"halign":0,"corpus":0},"w":{"rows":23,"glyphs":373,"chars":397,"src_px":10135,"dest_px":10135},"m":{"reps":29,"n":15,"min":110840,"med":111000,"max":111124,"mean":111002.3,"sd":74.5},"d":{"ns_iter":3827586,"ns_px":377.66},"q":{"cv":0.07,"spread":0.26,"mhz":360.0,"outliers":0,"flags":[]},"h":"333c04c9"} @@22496588@@
@@BENCH-RAW@@ {"i":32,"s":[111067,111025,111000,110994,111057,111093,111124,110977,111026,110997,111056,110964,110872,110943,110840]} @@b2f8747f@@
I (56925) bench: [33/71] c888.fast1.rotcw.sram.async2      3827586 ns/iter  377.66 ns/px  cv 0.07%
@@BENCH-CELL@@ {"t":"cell","i":33,"id":"c888.fast2.upright.psram.sync","g":"cube","ax":{"fmt":"888","font":"saira_regular","size":18.0,"ratio":1.0000,"path":"blit/alpha","orient":"upright","mem":"psram","rend":"sync","alpha":255,"halign":0,"corpus":0},"w":{"rows":12,"glyphs":161,"chars":175,"src_px":13512,"dest_px":13512},"m":{"reps":28,"n":15,"min":90435,"med":90512,"max":90551,"mean":90511.5,"sd":29.0},"d":{"ns_iter":3232571,"ns_px":239.24},"q":{"cv":0.03,"spread":0.13,"mhz":360.0,"outliers":0,"flags":[]},"h":"34ac5a26"} @@0840eb93@@
@@BENCH-RAW@@ {"i":33,"s":[90492,90531,90504,90524,90551,90528,90502,90511,90512,90503,90435,90470,90526,90546,90538]} @@c0815a3f@@
I (58325) bench: [34/71] c888.fast2.upright.psram.sync     3232571 ns/iter  239.24 ns/px  cv 0.03%
@@BENCH-CELL@@ {"t":"cell","i":34,"id":"c888.fast2.upright.psram.async2","g":"cube","ax":{"fmt":"888","font":"saira_regular","size":18.0,"ratio":1.0000,"path":"blit/alpha","orient":"upright","mem":"psram","rend":"async2","alpha":255,"halign":0,"corpus":0},"w":{"rows":12,"glyphs":161,"chars":175,"src_px":13512,"dest_px":13512},"m":{"reps":29,"n":15,"min":89944,"med":90044,"max":90237,"mean":90045.7,"sd":74.5},"d":{"ns_iter":3104965,"ns_px":229.79},"q":{"cv":0.08,"spread":0.33,"mhz":360.0,"outliers":0,"flags":[]},"h":"34ac5a26"} @@aa4f35e3@@
@@BENCH-RAW@@ {"i":34,"s":[89944,90004,90071,90137,89999,90237,89995,89980,89960,90129,90008,90062,90045,90044,90070]} @@7136b9bf@@
I (59715) bench: [35/71] c888.fast2.upright.psram.async2   3104965 ns/iter  229.79 ns/px  cv 0.08%
@@BENCH-CELL@@ {"t":"cell","i":35,"id":"c888.fast2.upright.sram.sync","g":"cube","ax":{"fmt":"888","font":"saira_regular","size":18.0,"ratio":1.0000,"path":"blit/alpha","orient":"upright","mem":"sram","rend":"sync","alpha":255,"halign":0,"corpus":0},"w":{"rows":12,"glyphs":161,"chars":175,"src_px":13512,"dest_px":13512},"m":{"reps":32,"n":15,"min":103220,"med":103248,"max":103365,"mean":103264.1,"sd":40.9},"d":{"ns_iter":3226500,"ns_px":238.79},"q":{"cv":0.04,"spread":0.14,"mhz":360.0,"outliers":0,"flags":[]},"h":"34ac5a26"} @@3c025a03@@
@@BENCH-RAW@@ {"i":35,"s":[103249,103365,103291,103243,103248,103225,103229,103244,103237,103220,103270,103265,103237,103336,103303]} @@8bb4ebdc@@
I (61305) bench: [36/71] c888.fast2.upright.sram.sync      3226500 ns/iter  238.79 ns/px  cv 0.04%
@@BENCH-CELL@@ {"t":"cell","i":36,"id":"c888.fast2.upright.sram.async2","g":"cube","ax":{"fmt":"888","font":"saira_regular","size":18.0,"ratio":1.0000,"path":"blit/alpha","orient":"upright","mem":"sram","rend":"async2","alpha":255,"halign":0,"corpus":0},"w":{"rows":12,"glyphs":161,"chars":175,"src_px":13512,"dest_px":13512},"m":{"reps":33,"n":15,"min":102275,"med":102407,"max":102498,"mean":102394.2,"sd":67.3},"d":{"ns_iter":3103242,"ns_px":229.67},"q":{"cv":0.07,"spread":0.22,"mhz":360.0,"outliers":0,"flags":[]},"h":"34ac5a26"} @@bef1aabf@@
@@BENCH-RAW@@ {"i":36,"s":[102425,102362,102311,102275,102286,102428,102361,102423,102379,102498,102438,102496,102467,102407,102357]} @@c87cec59@@
I (62875) bench: [37/71] c888.fast2.upright.sram.async2    3103242 ns/iter  229.67 ns/px  cv 0.07%
@@BENCH-CELL@@ {"t":"cell","i":37,"id":"c888.fast2.rotcw.psram.sync","g":"cube","ax":{"fmt":"888","font":"saira_regular","size":18.0,"ratio":1.0000,"path":"blit/alpha","orient":"rotcw","mem":"psram","rend":"sync","alpha":255,"halign":0,"corpus":0},"w":{"rows":12,"glyphs":161,"chars":175,"src_px":13512,"dest_px":13512},"m":{"reps":25,"n":15,"min":86195,"med":86293,"max":86406,"mean":86286.1,"sd":50.1},"d":{"ns_iter":3451720,"ns_px":255.46},"q":{"cv":0.06,"spread":0.24,"mhz":360.0,"outliers":0,"flags":[]},"h":"de65743c"} @@211993ff@@
@@BENCH-RAW@@ {"i":37,"s":[86406,86313,86238,86195,86293,86259,86249,86301,86229,86254,86303,86315,86340,86320,86276]} @@9556c8b3@@
I (64215) bench: [38/71] c888.fast2.rotcw.psram.sync       3451720 ns/iter  255.46 ns/px  cv 0.06%
@@BENCH-CELL@@ {"t":"cell","i":38,"id":"c888.fast2.rotcw.psram.async2","g":"cube","ax":{"fmt":"888","font":"saira_regular","size":18.0,"ratio":1.0000,"path":"blit/alpha","orient":"rotcw","mem":"psram","rend":"async2","alpha":255,"halign":0,"corpus":0},"w":{"rows":12,"glyphs":161,"chars":175,"src_px":13512,"dest_px":13512},"m":{"reps":26,"n":15,"min":88359,"med":88496,"max":88668,"mean":88522.8,"sd":79.3},"d":{"ns_iter":3403692,"ns_px":251.90},"q":{"cv":0.09,"spread":0.35,"mhz":360.0,"outliers":0,"flags":[]},"h":"de65743c"} @@e0334c07@@
@@BENCH-RAW@@ {"i":38,"s":[88463,88479,88491,88575,88458,88622,88473,88572,88668,88461,88359,88635,88496,88540,88550]} @@12944456@@
I (65585) bench: [39/71] c888.fast2.rotcw.psram.async2     3403692 ns/iter  251.90 ns/px  cv 0.09%
@@BENCH-CELL@@ {"t":"cell","i":39,"id":"c888.fast2.rotcw.sram.sync","g":"cube","ax":{"fmt":"888","font":"saira_regular","size":18.0,"ratio":1.0000,"path":"blit/alpha","orient":"rotcw","mem":"sram","rend":"sync","alpha":255,"halign":0,"corpus":0},"w":{"rows":12,"glyphs":161,"chars":175,"src_px":13512,"dest_px":13512},"m":{"reps":32,"n":15,"min":105005,"med":105064,"max":105213,"mean":105064.9,"sd":50.5},"d":{"ns_iter":3283250,"ns_px":242.99},"q":{"cv":0.05,"spread":0.20,"mhz":360.0,"outliers":0,"flags":[]},"h":"de65743c"} @@03e1d649@@
@@BENCH-RAW@@ {"i":39,"s":[105059,105069,105083,105213,105090,105015,105078,105052,105092,105094,105064,105047,105006,105005,105006]} @@0b7ba3b3@@
I (67195) bench: [40/71] c888.fast2.rotcw.sram.sync        3283250 ns/iter  242.99 ns/px  cv 0.05%
@@BENCH-CELL@@ {"t":"cell","i":40,"id":"c888.fast2.rotcw.sram.async2","g":"cube","ax":{"fmt":"888","font":"saira_regular","size":18.0,"ratio":1.0000,"path":"blit/alpha","orient":"rotcw","mem":"sram","rend":"async2","alpha":255,"halign":0,"corpus":0},"w":{"rows":12,"glyphs":161,"chars":175,"src_px":13512,"dest_px":13512},"m":{"reps":32,"n":15,"min":102759,"med":102905,"max":103135,"mean":102908.2,"sd":89.8},"d":{"ns_iter":3215781,"ns_px":237.99},"q":{"cv":0.09,"spread":0.37,"mhz":360.0,"outliers":0,"flags":[]},"h":"de65743c"} @@75833ed0@@
@@BENCH-RAW@@ {"i":40,"s":[102759,102903,102823,102816,102775,102895,102899,102970,103135,102941,102950,102938,102905,102980,102934]} @@e0cfc10c@@
I (68775) bench: [41/71] c888.fast2.rotcw.sram.async2      3215781 ns/iter  237.99 ns/px  cv 0.09%
@@BENCH-CELL@@ {"t":"cell","i":41,"id":"c888.shader.upright.psram.sync","g":"cube","ax":{"fmt":"888","font":"saira_regular","size":27.0,"ratio":1.5000,"path":"shader/aa","orient":"upright","mem":"psram","rend":"sync","alpha":255,"halign":0,"corpus":0},"w":{"rows":8,"glyphs":92,"chars":100,"src_px":7701,"dest_px":18002},"m":{"reps":4,"n":12,"min":135361,"med":135692,"max":135953,"mean":135632.8,"sd":185.7},"d":{"ns_iter":33923000,"ns_px":1884.40},"q":{"cv":0.14,"spread":0.44,"mhz":360.0,"outliers":0,"flags":[]},"h":"839de335"} @@0870fcb0@@
@@BENCH-RAW@@ {"i":41,"s":[135718,135887,135614,135582,135774,135519,135366,135413,135692,135714,135361,135953]} @@8b3990a9@@
I (70565) bench: [42/71] c888.shader.upright.psram.sync   33923000 ns/iter  1884.40 ns/px  cv 0.14%
@@BENCH-CELL@@ {"t":"cell","i":42,"id":"c888.shader.upright.psram.async2","g":"cube","ax":{"fmt":"888","font":"saira_regular","size":27.0,"ratio":1.5000,"path":"shader/aa","orient":"upright","mem":"psram","rend":"async2","alpha":255,"halign":0,"corpus":0},"w":{"rows":8,"glyphs":92,"chars":100,"src_px":7701,"dest_px":18002},"m":{"reps":6,"n":15,"min":111303,"med":111725,"max":111944,"mean":111698.4,"sd":166.3},"d":{"ns_iter":18620833,"ns_px":1034.38},"q":{"cv":0.15,"spread":0.57,"mhz":360.0,"outliers":0,"flags":[]},"h":"839de335"} @@02616863@@
@@BENCH-RAW@@ {"i":42,"s":[111944,111621,111440,111303,111709,111901,111749,111631,111537,111725,111737,111829,111806,111840,111704]} @@0da29097@@
I (72345) bench: [43/71] c888.shader.upright.psram.async2 18620833 ns/iter  1034.38 ns/px  cv 0.15%
@@BENCH-CELL@@ {"t":"cell","i":43,"id":"c888.shader.upright.sram.sync","g":"cube","ax":{"fmt":"888","font":"saira_regular","size":27.0,"ratio":1.5000,"path":"shader/aa","orient":"upright","mem":"sram","rend":"sync","alpha":255,"halign":0,"corpus":0},"w":{"rows":8,"glyphs":92,"chars":100,"src_px":7701,"dest_px":18002},"m":{"reps":4,"n":12,"min":135556,"med":136064,"max":136111,"mean":135925.2,"sd":206.7},"d":{"ns_iter":34016000,"ns_px":1889.57},"q":{"cv":0.15,"spread":0.41,"mhz":360.0,"outliers":0,"flags":[]},"h":"839de335"} @@5f1b056f@@
@@BENCH-RAW@@ {"i":43,"s":[136005,136111,136110,135902,135614,136094,135614,135556,135856,136111,136064,136066]} @@6ebaecf7@@
I (74135) bench: [44/71] c888.shader.upright.sram.sync    34016000 ns/iter  1889.57 ns/px  cv 0.15%
@@BENCH-CELL@@ {"t":"cell","i":44,"id":"c888.shader.upright.sram.async2","g":"cube","ax":{"fmt":"888","font":"saira_regular","size":27.0,"ratio":1.5000,"path":"shader/aa","orient":"upright","mem":"sram","rend":"async2","alpha":255,"halign":0,"corpus":0},"w":{"rows":8,"glyphs":92,"chars":100,"src_px":7701,"dest_px":18002},"m":{"reps":6,"n":15,"min":111496,"med":111601,"max":111842,"mean":111642.7,"sd":119.9},"d":{"ns_iter":18600166,"ns_px":1033.23},"q":{"cv":0.11,"spread":0.31,"mhz":360.0,"outliers":0,"flags":[]},"h":"839de335"} @@246e7cac@@
@@BENCH-RAW@@ {"i":44,"s":[111659,111538,111643,111523,111805,111842,111537,111584,111543,111838,111538,111496,111601,111800,111693]} @@4837f9f3@@
I (75905) bench: [45/71] c888.shader.upright.sram.async2  18600166 ns/iter  1033.23 ns/px  cv 0.11%
@@BENCH-CELL@@ {"t":"cell","i":45,"id":"c888.shader.rotcw.psram.sync","g":"cube","ax":{"fmt":"888","font":"saira_regular","size":27.0,"ratio":1.5000,"path":"shader/aa","orient":"rotcw","mem":"psram","rend":"sync","alpha":255,"halign":0,"corpus":0},"w":{"rows":8,"glyphs":92,"chars":100,"src_px":7701,"dest_px":18002},"m":{"reps":3,"n":15,"min":107805,"med":107896,"max":108036,"mean":107903.8,"sd":51.6},"d":{"ns_iter":35965333,"ns_px":1997.85},"q":{"cv":0.05,"spread":0.21,"mhz":360.0,"outliers":0,"flags":[]},"h":"dd1828a1"} @@798c5566@@
@@BENCH-RAW@@ {"i":45,"s":[107805,107903,107840,107923,107983,107903,107879,107896,108036,107914,107892,107895,107885,107884,107919]} @@ec30f15d@@
I (77695) bench: [46/71] c888.shader.rotcw.psram.sync     35965333 ns/iter  1997.85 ns/px  cv 0.05%
@@BENCH-CELL@@ {"t":"cell","i":46,"id":"c888.shader.rotcw.psram.async2","g":"cube","ax":{"fmt":"888","font":"saira_regular","size":27.0,"ratio":1.5000,"path":"shader/aa","orient":"rotcw","mem":"psram","rend":"async2","alpha":255,"halign":0,"corpus":0},"w":{"rows":8,"glyphs":92,"chars":100,"src_px":7701,"dest_px":18002},"m":{"reps":6,"n":13,"min":121179,"med":121391,"max":121569,"mean":121393.3,"sd":105.5},"d":{"ns_iter":20231833,"ns_px":1123.87},"q":{"cv":0.09,"spread":0.32,"mhz":360.0,"outliers":0,"flags":[]},"h":"dd1828a1"} @@080abdd1@@
@@BENCH-RAW@@ {"i":46,"s":[121569,121497,121416,121429,121391,121463,121516,121179,121371,121238,121292,121380,121372]} @@08f0d6ee@@
I (79385) bench: [47/71] c888.shader.rotcw.psram.async2   20231833 ns/iter  1123.87 ns/px  cv 0.09%
@@BENCH-CELL@@ {"t":"cell","i":47,"id":"c888.shader.rotcw.sram.sync","g":"cube","ax":{"fmt":"888","font":"saira_regular","size":27.0,"ratio":1.5000,"path":"shader/aa","orient":"rotcw","mem":"sram","rend":"sync","alpha":255,"halign":0,"corpus":0},"w":{"rows":8,"glyphs":92,"chars":100,"src_px":7701,"dest_px":18002},"m":{"reps":4,"n":11,"min":142266,"med":142307,"max":142390,"mean":142314.0,"sd":40.5},"d":{"ns_iter":35576750,"ns_px":1976.27},"q":{"cv":0.03,"spread":0.09,"mhz":360.0,"outliers":0,"flags":[]},"h":"dd1828a1"} @@d5ec23f5@@
@@BENCH-RAW@@ {"i":47,"s":[142323,142333,142355,142281,142266,142390,142362,142269,142307,142301,142267]} @@0d95426b@@
I (81115) bench: [48/71] c888.shader.rotcw.sram.sync      35576750 ns/iter  1976.27 ns/px  cv 0.03%
@@BENCH-CELL@@ {"t":"cell","i":48,"id":"c888.shader.rotcw.sram.async2","g":"cube","ax":{"fmt":"888","font":"saira_regular","size":27.0,"ratio":1.5000,"path":"shader/aa","orient":"rotcw","mem":"sram","rend":"async2","alpha":255,"halign":0,"corpus":0},"w":{"rows":8,"glyphs":92,"chars":100,"src_px":7701,"dest_px":18002},"m":{"reps":6,"n":14,"min":118979,"med":119068,"max":119242,"mean":119084.2,"sd":67.7},"d":{"ns_iter":19844666,"ns_px":1102.36},"q":{"cv":0.06,"spread":0.22,"mhz":360.0,"outliers":0,"flags":[]},"h":"dd1828a1"} @@f497b846@@
@@BENCH-RAW@@ {"i":48,"s":[119032,119114,118979,119080,119025,119040,119062,119044,119109,119059,119068,119242,119203,119122]} @@0ca92973@@
I (82885) bench: [49/71] c888.shader.rotcw.sram.async2    19844666 ns/iter  1102.36 ns/px  cv 0.06%
@@BENCH-CELL@@ {"t":"cell","i":49,"id":"orient.rotccw","g":"orient","ax":{"fmt":"888","font":"saira_regular","size":18.0,"ratio":1.0000,"path":"blit/alpha","orient":"rotccw","mem":"psram","rend":"async2","alpha":255,"halign":0,"corpus":0},"w":{"rows":12,"glyphs":161,"chars":175,"src_px":13512,"dest_px":13512},"m":{"reps":27,"n":15,"min":91099,"med":91288,"max":91688,"mean":91308.2,"sd":132.9},"d":{"ns_iter":3381037,"ns_px":250.22},"q":{"cv":0.15,"spread":0.65,"mhz":360.0,"outliers":0,"flags":[]},"h":"e16cec42"} @@524c1e83@@
@@BENCH-RAW@@ {"i":49,"s":[91099,91183,91247,91183,91288,91410,91408,91337,91377,91688,91364,91223,91282,91292,91242]} @@ceb2a59e@@
I (84295) bench: [50/71] orient.rotccw                     3381037 ns/iter  250.22 ns/px  cv 0.15%
@@BENCH-CELL@@ {"t":"cell","i":50,"id":"orient.rothalf","g":"orient","ax":{"fmt":"888","font":"saira_regular","size":18.0,"ratio":1.0000,"path":"blit/alpha","orient":"rothalf","mem":"psram","rend":"async2","alpha":255,"halign":0,"corpus":0},"w":{"rows":12,"glyphs":161,"chars":175,"src_px":13512,"dest_px":13512},"m":{"reps":28,"n":15,"min":89446,"med":89672,"max":89786,"mean":89652.8,"sd":100.7},"d":{"ns_iter":3202571,"ns_px":237.02},"q":{"cv":0.11,"spread":0.38,"mhz":360.0,"outliers":0,"flags":[]},"h":"a6066584"} @@fce34b6e@@
@@BENCH-RAW@@ {"i":50,"s":[89471,89446,89545,89738,89786,89784,89701,89672,89749,89608,89683,89715,89595,89635,89664]} @@cfa21acc@@
I (85685) bench: [51/71] orient.rothalf                    3202571 ns/iter  237.02 ns/px  cv 0.11%
@@BENCH-CELL@@ {"t":"cell","i":51,"id":"orient.fliph","g":"orient","ax":{"fmt":"888","font":"saira_regular","size":18.0,"ratio":1.0000,"path":"blit/alpha","orient":"fliph","mem":"psram","rend":"async2","alpha":255,"halign":0,"corpus":0},"w":{"rows":12,"glyphs":161,"chars":175,"src_px":13512,"dest_px":13512},"m":{"reps":29,"n":15,"min":89725,"med":89845,"max":90115,"mean":89856.5,"sd":85.6},"d":{"ns_iter":3098103,"ns_px":229.29},"q":{"cv":0.10,"spread":0.43,"mhz":360.0,"outliers":0,"flags":[]},"h":"abc61a88"} @@4db600e4@@
@@BENCH-RAW@@ {"i":51,"s":[90115,89889,89852,89871,89779,89855,89830,89725,89787,89826,89817,89886,89822,89845,89948]} @@c0302e87@@
I (87075) bench: [52/71] orient.fliph                      3098103 ns/iter  229.29 ns/px  cv 0.10%
@@BENCH-CELL@@ {"t":"cell","i":52,"id":"orient.rotccwfliph","g":"orient","ax":{"fmt":"888","font":"saira_regular","size":18.0,"ratio":1.0000,"path":"blit/alpha","orient":"rotccwfliph","mem":"psram","rend":"async2","alpha":255,"halign":0,"corpus":0},"w":{"rows":12,"glyphs":161,"chars":175,"src_px":13512,"dest_px":13512},"m":{"reps":27,"n":15,"min":90401,"med":90518,"max":90837,"mean":90551.0,"sd":107.9},"d":{"ns_iter":3352518,"ns_px":248.11},"q":{"cv":0.12,"spread":0.48,"mhz":360.0,"outliers":0,"flags":[]},"h":"5262d8d8"} @@6d011d3d@@
@@BENCH-RAW@@ {"i":52,"s":[90552,90507,90628,90566,90489,90628,90467,90837,90623,90459,90670,90462,90518,90458,90401]} @@244e9cc2@@
I (88475) bench: [53/71] orient.rotccwfliph                3352518 ns/iter  248.11 ns/px  cv 0.12%
@@BENCH-CELL@@ {"t":"cell","i":53,"id":"orient.rothalffliph","g":"orient","ax":{"fmt":"888","font":"saira_regular","size":18.0,"ratio":1.0000,"path":"blit/alpha","orient":"rothalffliph","mem":"psram","rend":"async2","alpha":255,"halign":0,"corpus":0},"w":{"rows":12,"glyphs":161,"chars":175,"src_px":13512,"dest_px":13512},"m":{"reps":28,"n":15,"min":89800,"med":89998,"max":90081,"mean":89951.5,"sd":82.3},"d":{"ns_iter":3214214,"ns_px":237.88},"q":{"cv":0.09,"spread":0.31,"mhz":360.0,"outliers":0,"flags":[]},"h":"418c2762"} @@62614dd7@@
@@BENCH-RAW@@ {"i":53,"s":[89873,89901,90007,89814,89800,89861,90002,89951,90022,89921,90005,89998,90034,90081,90003]} @@99970ae5@@
I (89865) bench: [54/71] orient.rothalffliph               3214214 ns/iter  237.88 ns/px  cv 0.09%
@@BENCH-CELL@@ {"t":"cell","i":54,"id":"orient.rotcwfliph","g":"orient","ax":{"fmt":"888","font":"saira_regular","size":18.0,"ratio":1.0000,"path":"blit/alpha","orient":"rotcwfliph","mem":"psram","rend":"async2","alpha":255,"halign":0,"corpus":0},"w":{"rows":12,"glyphs":161,"chars":175,"src_px":13512,"dest_px":13512},"m":{"reps":27,"n":15,"min":91331,"med":91485,"max":91734,"mean":91486.6,"sd":93.4},"d":{"ns_iter":3388333,"ns_px":250.76},"q":{"cv":0.10,"spread":0.44,"mhz":360.0,"outliers":0,"flags":[]},"h":"0e714186"} @@39e01927@@
@@BENCH-RAW@@ {"i":54,"s":[91436,91418,91458,91508,91485,91517,91413,91532,91402,91734,91331,91498,91418,91598,91551]} @@11e54353@@
I (91285) bench: [55/71] orient.rotcwfliph                 3388333 ns/iter  250.76 ns/px  cv 0.10%
@@BENCH-CELL@@ {"t":"cell","i":55,"id":"font.sky@18","g":"font","ax":{"fmt":"888","font":"sky","size":18.0,"ratio":2.0000,"path":"blit/direct","orient":"rotcw","mem":"psram","rend":"async2","alpha":255,"halign":0,"corpus":0},"w":{"rows":12,"glyphs":148,"chars":162,"src_px":4014,"dest_px":16056},"m":{"reps":32,"n":15,"min":85629,"med":85861,"max":86078,"mean":85836.9,"sd":126.9},"d":{"ns_iter":2683156,"ns_px":167.11},"q":{"cv":0.15,"spread":0.52,"mhz":360.0,"outliers":0,"flags":[]},"h":"a32b1e1d"} @@cd9bca4f@@
@@BENCH-RAW@@ {"i":55,"s":[85828,85897,85738,85629,85664,86078,85752,85883,85832,85637,85877,85975,85861,85958,85945]} @@bdebae7b@@
I (92605) bench: [56/71] font.sky@18                       2683156 ns/iter  167.11 ns/px  cv 0.15%
@@BENCH-CELL@@ {"t":"cell","i":56,"id":"font.sky@27","g":"font","ax":{"fmt":"888","font":"sky","size":27.0,"ratio":3.0000,"path":"blit/direct","orient":"rotcw","mem":"psram","rend":"async2","alpha":255,"halign":0,"corpus":0},"w":{"rows":8,"glyphs":80,"chars":85,"src_px":2161,"dest_px":19449},"m":{"reps":36,"n":15,"min":81292,"med":81478,"max":81671,"mean":81483.3,"sd":107.4},"d":{"ns_iter":2263277,"ns_px":116.37},"q":{"cv":0.13,"spread":0.47,"mhz":360.0,"outliers":0,"flags":[]},"h":"4bc0b3f9"} @@74f7daee@@
@@BENCH-RAW@@ {"i":56,"s":[81409,81658,81671,81442,81514,81497,81646,81292,81478,81481,81386,81390,81420,81400,81565]} @@2634194a@@
I (93865) bench: [57/71] font.sky@27                       2263277 ns/iter  116.37 ns/px  cv 0.13%
@@BENCH-CELL@@ {"t":"cell","i":57,"id":"font.skymono@9","g":"font","ax":{"fmt":"888","font":"sky_mono","size":9.0,"ratio":1.0000,"path":"blit/direct","orient":"rotcw","mem":"psram","rend":"async2","alpha":255,"halign":0,"corpus":0},"w":{"rows":23,"glyphs":373,"chars":397,"src_px":23499,"dest_px":23499},"m":{"reps":22,"n":15,"min":99989,"med":100233,"max":100370,"mean":100202.9,"sd":105.2},"d":{"ns_iter":4556045,"ns_px":193.88},"q":{"cv":0.10,"spread":0.38,"mhz":360.0,"outliers":0,"flags":[]},"h":"6335b160"} @@af858ec4@@
@@BENCH-RAW@@ {"i":57,"s":[100092,100152,99991,99989,100259,100265,100370,100234,100205,100225,100250,100249,100233,100340,100190]} @@3a0a43fc@@
I (95415) bench: [58/71] font.skymono@9                    4556045 ns/iter  193.88 ns/px  cv 0.10%
@@BENCH-CELL@@ {"t":"cell","i":58,"id":"font.sky@13","g":"font","ax":{"fmt":"888","font":"sky","size":13.0,"ratio":1.4444,"path":"shader/pal","orient":"rotcw","mem":"psram","rend":"async2","alpha":255,"halign":0,"corpus":0},"w":{"rows":17,"glyphs":239,"chars":255,"src_px":6321,"dest_px":12530},"m":{"reps":7,"n":14,"min":113151,"med":113343,"max":113538,"mean":113359.2,"sd":116.7},"d":{"ns_iter":16191857,"ns_px":1292.25},"q":{"cv":0.10,"spread":0.34,"mhz":360.0,"outliers":0,"flags":[]},"h":"254ec85e"} @@6b9d5aa6@@
@@BENCH-RAW@@ {"i":58,"s":[113538,113497,113532,113503,113315,113333,113343,113218,113245,113151,113299,113370,113395,113290]} @@bf53833c@@
I (97095) bench: [59/71] font.sky@13                      16191857 ns/iter  1292.25 ns/px  cv 0.10%
@@BENCH-CELL@@ {"t":"cell","i":59,"id":"font.saira@36","g":"font","ax":{"fmt":"888","font":"saira_regular","size":36.0,"ratio":2.0000,"path":"blit/alpha","orient":"rotcw","mem":"psram","rend":"async2","alpha":255,"halign":0,"corpus":0},"w":{"rows":6,"glyphs":56,"chars":61,"src_px":4710,"dest_px":18840},"m":{"reps":28,"n":15,"min":84838,"med":84901,"max":85086,"mean":84917.7,"sd":74.1},"d":{"ns_iter":3032178,"ns_px":160.94},"q":{"cv":0.09,"spread":0.29,"mhz":360.0,"outliers":0,"flags":[]},"h":"972d0991"} @@ff881d4f@@
@@BENCH-RAW@@ {"i":59,"s":[84845,84938,84962,85086,84901,84838,84866,84867,84904,84959,84842,84971,85053,84852,84881]} @@f7bb474b@@
I (98415) bench: [60/71] font.saira@36                     3032178 ns/iter  160.94 ns/px  cv 0.09%
@@BENCH-CELL@@ {"t":"cell","i":60,"id":"font.marker@22","g":"font","ax":{"fmt":"888","font":"marker","size":22.0,"ratio":1.0000,"path":"blit/alpha","orient":"rotcw","mem":"psram","rend":"async2","alpha":255,"halign":0,"corpus":0},"w":{"rows":10,"glyphs":125,"chars":136,"src_px":22847,"dest_px":22847},"m":{"reps":23,"n":15,"min":97146,"med":97539,"max":97683,"mean":97478.7,"sd":155.5},"d":{"ns_iter":4240826,"ns_px":185.62},"q":{"cv":0.16,"spread":0.55,"mhz":360.0,"outliers":0,"flags":[]},"h":"59dd778c"} @@b5bdea85@@
@@BENCH-RAW@@ {"i":60,"s":[97146,97357,97659,97539,97316,97555,97574,97683,97529,97523,97539,97619,97232,97336,97574]} @@4f47ba83@@
I (99925) bench: [61/71] font.marker@22                    4240826 ns/iter  185.62 ns/px  cv 0.16%
@@BENCH-CELL@@ {"t":"cell","i":61,"id":"font.marker@33","g":"font","ax":{"fmt":"888","font":"marker","size":33.0,"ratio":1.5000,"path":"shader/aa","orient":"rotcw","mem":"psram","rend":"async2","alpha":255,"halign":0,"corpus":0},"w":{"rows":7,"glyphs":71,"chars":76,"src_px":13008,"dest_px":29868},"m":{"reps":4,"n":13,"min":125295,"med":125473,"max":125843,"mean":125493.7,"sd":147.5},"d":{"ns_iter":31368250,"ns_px":1050.23},"q":{"cv":0.12,"spread":0.44,"mhz":360.0,"outliers":0,"flags":[]},"h":"aed9f152"} @@6aa6b888@@
@@BENCH-RAW@@ {"i":61,"s":[125843,125753,125565,125501,125474,125493,125295,125423,125394,125391,125345,125473,125468]} @@d6403e78@@
I (101705) bench: [62/71] font.marker@33                   31368250 ns/iter  1050.23 ns/px  cv 0.12%
@@BENCH-CELL@@ {"t":"cell","i":62,"id":"font.condensed@45","g":"font","ax":{"fmt":"888","font":"saira_condensed","size":45.0,"ratio":1.0000,"path":"blit/alpha","orient":"rotcw","mem":"psram","rend":"async2","alpha":255,"halign":0,"corpus":0},"w":{"rows":5,"glyphs":47,"chars":51,"src_px":19237,"dest_px":19237},"m":{"reps":32,"n":15,"min":78576,"med":78722,"max":78788,"mean":78710.3,"sd":55.9},"d":{"ns_iter":2460062,"ns_px":127.88},"q":{"cv":0.07,"spread":0.27,"mhz":360.0,"outliers":0,"flags":[]},"h":"7bcb728d"} @@dc47be6e@@
@@BENCH-RAW@@ {"i":62,"s":[78618,78576,78706,78682,78703,78659,78710,78728,78755,78733,78788,78735,78765,78775,78722]} @@0655ff46@@
I (102925) bench: [63/71] font.condensed@45                 2460062 ns/iter  127.88 ns/px  cv 0.07%
@@BENCH-CELL@@ {"t":"cell","i":63,"id":"font.saira@27.noaa","g":"font","ax":{"fmt":"888","font":"saira_regular_noaa","size":27.0,"ratio":1.5000,"path":"shader/plain","orient":"rotcw","mem":"psram","rend":"async2","alpha":255,"halign":0,"corpus":0},"w":{"rows":8,"glyphs":92,"chars":100,"src_px":7701,"dest_px":18002},"m":{"reps":8,"n":14,"min":111054,"med":111213,"max":112010,"mean":111245.2,"sd":236.3},"d":{"ns_iter":13901625,"ns_px":772.23},"q":{"cv":0.21,"spread":0.86,"mhz":360.0,"outliers":0,"flags":[]},"h":"9c31759b"} @@9459f881@@
@@BENCH-RAW@@ {"i":63,"s":[111295,112010,111061,111129,111054,111390,111160,111213,111354,111076,111247,111237,111114,111093]} @@1a107295@@
I (104565) bench: [64/71] font.saira@27.noaa               13901625 ns/iter  772.23 ns/px  cv 0.21%
@@BENCH-CELL@@ {"t":"cell","i":64,"id":"rend.async1","g":"rend","ax":{"fmt":"888","font":"saira_regular","size":18.0,"ratio":1.0000,"path":"blit/alpha","orient":"rotcw","mem":"psram","rend":"async1","alpha":255,"halign":0,"corpus":0},"w":{"rows":12,"glyphs":161,"chars":175,"src_px":13512,"dest_px":13512},"m":{"reps":22,"n":15,"min":95333,"med":95402,"max":95676,"mean":95431.9,"sd":90.2},"d":{"ns_iter":4336454,"ns_px":320.93},"q":{"cv":0.09,"spread":0.36,"mhz":360.0,"outliers":0,"flags":[]},"h":"de65743c"} @@448a139a@@
@@BENCH-RAW@@ {"i":64,"s":[95335,95388,95333,95402,95676,95507,95489,95366,95463,95486,95351,95509,95335,95442,95396]} @@3e454fe2@@
I (106045) bench: [65/71] rend.async1                       4336454 ns/iter  320.93 ns/px  cv 0.09%
@@BENCH-CELL@@ {"t":"cell","i":65,"id":"alpha.fast1.a128","g":"alpha","ax":{"fmt":"888","font":"sky","size":9.0,"ratio":1.0000,"path":"blit/alpha","orient":"rotcw","mem":"psram","rend":"async2","alpha":128,"halign":0,"corpus":0},"w":{"rows":23,"glyphs":373,"chars":397,"src_px":10135,"dest_px":10135},"m":{"reps":21,"n":15,"min":100949,"med":101153,"max":101261,"mean":101118.1,"sd":94.6},"d":{"ns_iter":4816809,"ns_px":475.26},"q":{"cv":0.09,"spread":0.31,"mhz":360.0,"outliers":0,"flags":[]},"h":"cc2eccc5"} @@6644ec26@@
@@BENCH-RAW@@ {"i":65,"s":[101159,100949,101171,101153,101019,101246,101094,101028,101023,101215,100988,101261,101199,101167,101100]} @@b9c002ad@@
I (107615) bench: [66/71] alpha.fast1.a128                  4816809 ns/iter  475.26 ns/px  cv 0.09%
@@BENCH-CELL@@ {"t":"cell","i":66,"id":"alpha.fast2.a128","g":"alpha","ax":{"fmt":"888","font":"saira_regular","size":18.0,"ratio":1.0000,"path":"blit/alpha","orient":"rotcw","mem":"psram","rend":"async2","alpha":128,"halign":0,"corpus":0},"w":{"rows":12,"glyphs":161,"chars":175,"src_px":13512,"dest_px":13512},"m":{"reps":24,"n":15,"min":89085,"med":89366,"max":89507,"mean":89344.2,"sd":118.9},"d":{"ns_iter":3723583,"ns_px":275.58},"q":{"cv":0.13,"spread":0.47,"mhz":360.0,"outliers":0,"flags":[]},"h":"012c199d"} @@79ff6e95@@
@@BENCH-RAW@@ {"i":66,"s":[89350,89379,89432,89477,89507,89085,89138,89197,89366,89346,89306,89429,89306,89373,89472]} @@3b33aafc@@
I (108995) bench: [67/71] alpha.fast2.a128                  3723583 ns/iter  275.58 ns/px  cv 0.13%
@@BENCH-CELL@@ {"t":"cell","i":67,"id":"len.short","g":"len","ax":{"fmt":"888","font":"saira_regular","size":18.0,"ratio":1.0000,"path":"blit/alpha","orient":"rotcw","mem":"psram","rend":"async2","alpha":255,"halign":0,"corpus":1},"w":{"rows":12,"glyphs":82,"chars":83,"src_px":7336,"dest_px":7336},"m":{"reps":38,"n":15,"min":85808,"med":85905,"max":86016,"mean":85897.9,"sd":46.5},"d":{"ns_iter":2260657,"ns_px":308.16},"q":{"cv":0.05,"spread":0.24,"mhz":360.0,"outliers":0,"flags":[]},"h":"450061c8"} @@3ccd99f3@@
@@BENCH-RAW@@ {"i":67,"s":[86016,85920,85905,85878,85877,85951,85885,85858,85913,85875,85905,85915,85844,85808,85919]} @@b51b4eeb@@
I (110325) bench: [68/71] len.short                         2260657 ns/iter  308.16 ns/px  cv 0.05%
@@BENCH-CELL@@ {"t":"cell","i":68,"id":"len.long","g":"len","ax":{"fmt":"888","font":"saira_regular","size":18.0,"ratio":1.0000,"path":"blit/alpha","orient":"rotcw","mem":"psram","rend":"async2","alpha":255,"halign":0,"corpus":2},"w":{"rows":12,"glyphs":273,"chars":315,"src_px":22206,"dest_px":22206},"m":{"reps":19,"n":15,"min":104038,"med":104314,"max":104821,"mean":104346.7,"sd":201.9},"d":{"ns_iter":5490210,"ns_px":247.24},"q":{"cv":0.19,"spread":0.75,"mhz":360.0,"outliers":0,"flags":[]},"h":"504a97ad"} @@023852c2@@
@@BENCH-RAW@@ {"i":68,"s":[104821,104306,104166,104146,104316,104519,104691,104108,104038,104410,104298,104312,104314,104372,104383]} @@5fddc83e@@
I (111935) bench: [69/71] len.long                          5490210 ns/iter  247.24 ns/px  cv 0.19%
@@BENCH-CELL@@ {"t":"cell","i":69,"id":"align.center","g":"align","ax":{"fmt":"888","font":"saira_regular","size":18.0,"ratio":1.0000,"path":"blit/alpha","orient":"rotcw","mem":"psram","rend":"async2","alpha":255,"halign":1,"corpus":0},"w":{"rows":12,"glyphs":161,"chars":175,"src_px":13512,"dest_px":13512},"m":{"reps":26,"n":15,"min":88988,"med":89160,"max":89336,"mean":89166.1,"sd":87.2},"d":{"ns_iter":3429230,"ns_px":253.79},"q":{"cv":0.10,"spread":0.39,"mhz":360.0,"outliers":0,"flags":[]},"h":"4f91d280"} @@0154cb19@@
@@BENCH-RAW@@ {"i":69,"s":[89279,89155,89209,89160,89157,89217,89104,89090,88988,89218,89210,89226,89336,89063,89079]} @@e40287b6@@
I (113315) bench: [70/71] align.center                      3429230 ns/iter  253.79 ns/px  cv 0.10%
@@BENCH-CELL@@ {"t":"cell","i":70,"id":"drift.last","g":"drift","ax":{"fmt":"888","font":"saira_regular","size":18.0,"ratio":1.0000,"path":"blit/alpha","orient":"rotcw","mem":"psram","rend":"async2","alpha":255,"halign":0,"corpus":0},"w":{"rows":12,"glyphs":161,"chars":175,"src_px":13512,"dest_px":13512},"m":{"reps":27,"n":15,"min":91172,"med":91345,"max":91780,"mean":91380.3,"sd":147.3},"d":{"ns_iter":3383148,"ns_px":250.38},"q":{"cv":0.16,"spread":0.67,"mhz":360.0,"outliers":0,"flags":[]},"h":"de65743c"} @@55c291dc@@
@@BENCH-RAW@@ {"i":70,"s":[91533,91435,91310,91428,91335,91503,91383,91780,91294,91345,91218,91172,91200,91430,91339]} @@afc2ae12@@
I (114735) bench: [71/71] drift.last                        3383148 ns/iter  250.38 ns/px  cv 0.16%
@@BENCH-END@@ {"t":"end","cells":71,"total_us":109720694,"status":"ok"} @@00454551@@
