@@BENCH-BEGIN@@ {"t":"begin","schema":1,"cells":71,"boot_us":5377699,"reset":3,"build":{"app_git":"058fa78daccb","app_dirty":false,"app_branch":"main","pax_git":"964533a6d894","pax_dirty":false,"pax_branch":"main","idf":"v6.0.2","opt":"Os","app_ver":"058fa78","app_date":"Aug 20 2026 11:25:12"},"hw":{"chip":"esp32p4","rev":103,"cores":2,"cpu_mhz_nom":360,"cpu_mhz_meas":359.99,"l2_kb":128,"l2_line":64,"psram":true},"cfg":{"pm_enable":true,"pm_lock":true,"tick_hz":100,"wdt":false,"pax":{"bounds_check":false,"orientation":true,"async":"multithread","range_setter":true,"range_merger":true,"fixed_point":true,"long_fixed_point":true,"queue_size":32,"sso_len":32}},"mem":{"tile_dim":256,"int_addr":"0x4ff40700","psram_addr":"0x4811a900","int_free":339635,"int_largest":192512,"psram_free":30524228},"bench":{"n_samples":15,"warmup":2,"target_sample_us":110000,"cell_budget_us":2000000,"corpus_ver":1,"join_placement":"per_sample","driver_core":0,"driver_prio":5,"scrub_bytes":524288}} @@43b039dd@@
@@BENCH-CELL@@ {"t":"cell","i":0,"id":"drift.first","g":"drift","ax":{"fmt":"888","font":"saira_regular","size":18.0,"ratio":1.0000,"path":"blit/alpha","orient":"rotcw","mem":"psram","rend":"async2","alpha":255,"halign":0,"corpus":0},"w":{"rows":12,"glyphs":161,"chars":175,"src_px":13512,"dest_px":13512},"m":{"reps":20,"n":15,"min":94382,"med":94456,"max":94758,"mean":94476.9,"sd":93.5},"d":{"ns_iter":4722800,"ns_px":349.53},"q":{"cv":0.10,"spread":0.40,"mhz":360.0,"outliers":0,"flags":[]},"h":"de65743c"} @@4d211ac3@@
@@BENCH-RAW@@ {"i":0,"s":[94498,94415,94410,94758,94404,94382,94459,94542,94541,94408,94435,94528,94388,94456,94530]} @@b9a32e14@@
I (8076) bench: [1/71] drift.first                       4722800 ns/iter  349.53 ns/px  cv 0.10%
@@BENCH-CELL@@ {"t":"cell","i":1,"id":"c565.fast1.upright.psram.sync","g":"cube","ax":{"fmt":"565","font":"sky","size":9.0,"ratio":1.0000,"path":"blit/direct","orient":"upright","mem":"psram","rend":"sync","alpha":255,"halign":0,"corpus":0},"w":{"rows":23,"glyphs":373,"chars":397,"src_px":10135,"dest_px":10135},"m":{"reps":44,"n":15,"min":85165,"med":85299,"max":85420,"mean":85304.1,"sd":79.2},"d":{"ns_iter":1938613,"ns_px":191.28},"q":{"cv":0.09,"spread":0.30,"mhz":360.0,"outliers":0,"flags":[]},"h":"16b7abd1"} @@79e9b580@@
@@BENCH-RAW@@ {"i":1,"s":[85405,85304,85268,85403,85420,85299,85318,85250,85383,85387,85287,85273,85220,85180,85165]} @@d7bcd8c0@@
I (9386) bench: [2/71] c565.fast1.upright.psram.sync     1938613 ns/iter  191.28 ns/px  cv 0.09%
@@BENCH-CELL@@ {"t":"cell","i":2,"id":"c565.fast1.upright.psram.async2","g":"cube","ax":{"fmt":"565","font":"sky","size":9.0,"ratio":1.0000,"path":"blit/direct","orient":"upright","mem":"psram","rend":"async2","alpha":255,"halign":0,"corpus":0},"w":{"rows":23,"glyphs":373,"chars":397,"src_px":10135,"dest_px":10135},"m":{"reps":28,"n":15,"min":102006,"med":102128,"max":102457,"mean":102159.9,"sd":126.1},"d":{"ns_iter":3647428,"ns_px":359.88},"q":{"cv":0.12,"spread":0.44,"mhz":360.0,"outliers":0,"flags":[]},"h":"16b7abd1"} @@1228ba49@@
@@BENCH-RAW@@ {"i":2,"s":[102010,102100,102217,102014,102006,102038,102208,102128,102226,102228,102457,102304,102285,102121,102056]} @@ee8de142@@
I (10956) bench: [3/71] c565.fast1.upright.psram.async2   3647428 ns/iter  359.88 ns/px  cv 0.12%
@@BENCH-CELL@@ {"t":"cell","i":3,"id":"c565.fast1.upright.sram.sync","g":"cube","ax":{"fmt":"565","font":"sky","size":9.0,"ratio":1.0000,"path":"blit/direct","orient":"upright","mem":"sram","rend":"sync","alpha":255,"halign":0,"corpus":0},"w":{"rows":23,"glyphs":373,"chars":397,"src_px":10135,"dest_px":10135},"m":{"reps":52,"n":15,"min":100429,"med":100590,"max":100649,"mean":100580.1,"sd":47.4},"d":{"ns_iter":1934423,"ns_px":190.87},"q":{"cv":0.05,"spread":0.22,"mhz":360.0,"outliers":0,"flags":[]},"h":"16b7abd1"} @@767c83ed@@
@@BENCH-RAW@@ {"i":3,"s":[100649,100585,100609,100608,100590,100593,100576,100535,100429,100579,100591,100586,100598,100615,100559]} @@6da95838@@
I (12496) bench: [4/71] c565.fast1.upright.sram.sync      1934423 ns/iter  190.87 ns/px  cv 0.05%
@@BENCH-CELL@@ {"t":"cell","i":4,"id":"c565.fast1.upright.sram.async2","g":"cube","ax":{"fmt":"565","font":"sky","size":9.0,"ratio":1.0000,"path":"blit/direct","orient":"upright","mem":"sram","rend":"async2","alpha":255,"halign":0,"corpus":0},"w":{"rows":23,"glyphs":373,"chars":397,"src_px":10135,"dest_px":10135},"m":{"reps":30,"n":15,"min":109298,"med":109493,"max":109627,"mean":109476.0,"sd":87.9},"d":{"ns_iter":3649766,"ns_px":360.12},"q":{"cv":0.08,"spread":0.30,"mhz":360.0,"outliers":0,"flags":[]},"h":"16b7abd1"} @@a8612a21@@
@@BENCH-RAW@@ {"i":4,"s":[109298,109342,109500,109493,109366,109627,109421,109484,109419,109535,109541,109539,109498,109584,109493]} @@5b3b78c5@@
I (14176) bench: [5/71] c565.fast1.upright.sram.async2    3649766 ns/iter  360.12 ns/px  cv 0.08%
@@BENCH-CELL@@ {"t":"cell","i":5,"id":"c565.fast1.rotcw.psram.sync","g":"cube","ax":{"fmt":"565","font":"sky","size":9.0,"ratio":1.0000,"path":"blit/direct","orient":"rotcw","mem":"psram","rend":"sync","alpha":255,"halign":0,"corpus":0},"w":{"rows":23,"glyphs":373,"chars":397,"src_px":10135,"dest_px":10135},"m":{"reps":39,"n":15,"min":76421,"med":76686,"max":76980,"mean":76658.2,"sd":198.4},"d":{"ns_iter":1966307,"ns_px":194.01},"q":{"cv":0.26,"spread":0.73,"mhz":360.0,"outliers":0,"flags":[]},"h":"70d20c11"} @@c749b61b@@
@@BENCH-RAW@@ {"i":5,"s":[76421,76537,76432,76433,76425,76501,76526,76784,76904,76953,76880,76980,76703,76708,76686]} @@85585358@@
I (15356) bench: [6/71] c565.fast1.rotcw.psram.sync       1966307 ns/iter  194.01 ns/px  cv 0.26%
@@BENCH-CELL@@ {"t":"cell","i":6,"id":"c565.fast1.rotcw.psram.async2","g":"cube","ax":{"fmt":"565","font":"sky","size":9.0,"ratio":1.0000,"path":"blit/direct","orient":"rotcw","mem":"psram","rend":"async2","alpha":255,"halign":0,"corpus":0},"w":{"rows":23,"glyphs":373,"chars":397,"src_px":10135,"dest_px":10135},"m":{"reps":26,"n":15,"min":97613,"med":97748,"max":97938,"mean":97748.4,"sd":74.3},"d":{"ns_iter":3759538,"ns_px":370.95},"q":{"cv":0.08,"spread":0.33,"mhz":360.0,"outliers":0,"flags":[]},"h":"70d20c11"} @@6f661fb3@@
@@BENCH-RAW@@ {"i":6,"s":[97666,97752,97722,97712,97613,97823,97718,97792,97790,97752,97793,97748,97745,97662,97938]} @@4b33acc6@@
I (16856) bench: [7/71] c565.fast1.rotcw.psram.async2     3759538 ns/iter  370.95 ns/px  cv 0.08%
@@BENCH-CELL@@ {"t":"cell","i":7,"id":"c565.fast1.rotcw.sram.sync","g":"cube","ax":{"fmt":"565","font":"sky","size":9.0,"ratio":1.0000,"path":"blit/direct","orient":"rotcw","mem":"sram","rend":"sync","alpha":255,"halign":0,"corpus":0},"w":{"rows":23,"glyphs":373,"chars":397,"src_px":10135,"dest_px":10135},"m":{"reps":51,"n":15,"min":99670,"med":99736,"max":99924,"mean":99735.8,"sd":63.5},"d":{"ns_iter":1955607,"ns_px":192.96},"q":{"cv":0.06,"spread":0.25,"mhz":360.0,"outliers":0,"flags":[]},"h":"70d20c11"} @@c6cbdc3e@@
@@BENCH-RAW@@ {"i":7,"s":[99673,99705,99766,99736,99724,99681,99670,99670,99748,99742,99682,99760,99769,99787,99924]} @@181d14b3@@
I (18386) bench: [8/71] c565.fast1.rotcw.sram.sync        1955607 ns/iter  192.96 ns/px  cv 0.06%
@@BENCH-CELL@@ {"t":"cell","i":8,"id":"c565.fast1.rotcw.sram.async2","g":"cube","ax":{"fmt":"565","font":"sky","size":9.0,"ratio":1.0000,"path":"blit/direct","orient":"rotcw","mem":"sram","rend":"async2","alpha":255,"halign":0,"corpus":0},"w":{"rows":23,"glyphs":373,"chars":397,"src_px":10135,"dest_px":10135},"m":{"reps":30,"n":15,"min":111936,"med":112102,"max":112285,"mean":112094.5,"sd":98.0},"d":{"ns_iter":3736733,"ns_px":368.70},"q":{"cv":0.09,"spread":0.31,"mhz":360.0,"outliers":0,"flags":[]},"h":"70d20c11"} @@74f0280e@@
@@BENCH-RAW@@ {"i":8,"s":[111936,112054,111976,112049,112017,112112,112181,112178,112062,111954,112160,112102,112123,112285,112229]} @@49af74f6@@
I (20096) bench: [9/71] c565.fast1.rotcw.sram.async2      3736733 ns/iter  368.70 ns/px  cv 0.09%
@@BENCH-CELL@@ {"t":"cell","i":9,"id":"c565.fast2.upright.psram.sync","g":"cube","ax":{"fmt":"565","font":"saira_regular","size":18.0,"ratio":1.0000,"path":"blit/alpha","orient":"upright","mem":"psram","rend":"sync","alpha":255,"halign":0,"corpus":0},"w":{"rows":12,"glyphs":161,"chars":175,"src_px":13512,"dest_px":13512},"m":{"reps":16,"n":15,"min":102124,"med":102150,"max":102194,"mean":102146.6,"sd":18.3},"d":{"ns_iter":6384375,"ns_px":472.50},"q":{"cv":0.02,"spread":0.07,"mhz":360.0,"outliers":0,"flags":[]},"h":"ecacce31"} @@62db2cdf@@
@@BENCH-RAW@@ {"i":9,"s":[102194,102124,102129,102138,102151,102151,102172,102156,102157,102150,102151,102132,102128,102136,102130]} @@4d036a4c@@
I (21676) bench: [10/71] c565.fast2.upright.psram.sync     6384375 ns/iter  472.50 ns/px  cv 0.02%
@@BENCH-CELL@@ {"t":"cell","i":10,"id":"c565.fast2.upright.psram.async2","g":"cube","ax":{"fmt":"565","font":"saira_regular","size":18.0,"ratio":1.0000,"path":"blit/alpha","orient":"upright","mem":"psram","rend":"async2","alpha":255,"halign":0,"corpus":0},"w":{"rows":12,"glyphs":161,"chars":175,"src_px":13512,"dest_px":13512},"m":{"reps":23,"n":15,"min":99298,"med":99335,"max":99454,"mean":99351.9,"sd":51.8},"d":{"ns_iter":4318913,"ns_px":319.64},"q":{"cv":0.05,"spread":0.16,"mhz":360.0,"outliers":0,"flags":[]},"h":"ecacce31"} @@2a3c7426@@
@@BENCH-RAW@@ {"i":10,"s":[99447,99417,99308,99396,99336,99454,99325,99316,99344,99308,99312,99298,99335,99383,99300]} @@9b8a1f16@@
I (23206) bench: [11/71] c565.fast2.upright.psram.async2   4318913 ns/iter  319.64 ns/px  cv 0.05%
@@BENCH-CELL@@ {"t":"cell","i":11,"id":"c565.fast2.upright.sram.sync","g":"cube","ax":{"fmt":"565","font":"saira_regular","size":18.0,"ratio":1.0000,"path":"blit/alpha","orient":"upright","mem":"sram","rend":"sync","alpha":255,"halign":0,"corpus":0},"w":{"rows":12,"glyphs":161,"chars":175,"src_px":13512,"dest_px":13512},"m":{"reps":17,"n":15,"min":108543,"med":108549,"max":108581,"mean":108555.9,"sd":13.0},"d":{"ns_iter":6385235,"ns_px":472.56},"q":{"cv":0.01,"spread":0.04,"mhz":360.0,"outliers":0,"flags":[]},"h":"ecacce31"} @@9b5d02f5@@
@@BENCH-RAW@@ {"i":11,"s":[108581,108543,108573,108544,108549,108544,108560,108545,108543,108580,108564,108548,108553,108548,108563]} @@9f14c980@@
I (24886) bench: [12/71] c565.fast2.upright.sram.sync      6385235 ns/iter  472.56 ns/px  cv 0.01%
@@BENCH-CELL@@ {"t":"cell","i":12,"id":"c565.fast2.upright.sram.async2","g":"cube","ax":{"fmt":"565","font":"saira_regular","size":18.0,"ratio":1.0000,"path":"blit/alpha","orient":"upright","mem":"sram","rend":"async2","alpha":255,"halign":0,"corpus":0},"w":{"rows":12,"glyphs":161,"chars":175,"src_px":13512,"dest_px":13512},"m":{"reps":24,"n":15,"min":103565,"med":103615,"max":103743,"mean":103629.3,"sd":59.6},"d":{"ns_iter":4317291,"ns_px":319.52},"q":{"cv":0.06,"spread":0.17,"mhz":360.0,"outliers":0,"flags":[]},"h":"ecacce31"} @@dfa3cde9@@
@@BENCH-RAW@@ {"i":12,"s":[103615,103590,103565,103582,103658,103743,103609,103565,103725,103580,103629,103740,103574,103629,103636]} @@2b1557c0@@
I (26476) bench: [13/71] c565.fast2.upright.sram.async2    4317291 ns/iter  319.52 ns/px  cv 0.06%
@@BENCH-CELL@@ {"t":"cell","i":13,"id":"c565.fast2.rotcw.psram.sync","g":"cube","ax":{"fmt":"565","font":"saira_regular","size":18.0,"ratio":1.0000,"path":"blit/alpha","orient":"rotcw","mem":"psram","rend":"sync","alpha":255,"halign":0,"corpus":0},"w":{"rows":12,"glyphs":161,"chars":175,"src_px":13512,"dest_px":13512},"m":{"reps":15,"n":15,"min":96729,"med":96756,"max":96861,"mean":96761.5,"sd":30.2},"d":{"ns_iter":6450400,"ns_px":477.38},"q":{"cv":0.03,"spread":0.14,"mhz":360.0,"outliers":0,"flags":[]},"h":"70889db9"} @@0e7ea476@@
@@BENCH-RAW@@ {"i":13,"s":[96762,96768,96765,96755,96763,96776,96752,96756,96778,96861,96742,96740,96734,96729,96742]} @@3a36f913@@
I (27976) bench: [14/71] c565.fast2.rotcw.psram.sync       6450400 ns/iter  477.38 ns/px  cv 0.03%
@@BENCH-CELL@@ {"t":"cell","i":14,"id":"c565.fast2.rotcw.psram.async2","g":"cube","ax":{"fmt":"565","font":"saira_regular","size":18.0,"ratio":1.0000,"path":"blit/alpha","orient":"rotcw","mem":"psram","rend":"async2","alpha":255,"halign":0,"corpus":0},"w":{"rows":12,"glyphs":161,"chars":175,"src_px":13512,"dest_px":13512},"m":{"reps":20,"n":15,"min":93758,"med":93811,"max":93921,"mean":93816.5,"sd":48.0},"d":{"ns_iter":4690550,"ns_px":347.14},"q":{"cv":0.05,"spread":0.17,"mhz":360.0,"outliers":0,"flags":[]},"h":"70889db9"} @@c0d193ab@@
@@BENCH-RAW@@ {"i":14,"s":[93762,93859,93758,93861,93921,93810,93820,93887,93811,93794,93844,93760,93787,93812,93761]} @@28bcad4f@@
I (29426) bench: [15/71] c565.fast2.rotcw.psram.async2     4690550 ns/iter  347.14 ns/px  cv 0.05%
@@BENCH-CELL@@ {"t":"cell","i":15,"id":"c565.fast2.rotcw.sram.sync","g":"cube","ax":{"fmt":"565","font":"saira_regular","size":18.0,"ratio":1.0000,"path":"blit/alpha","orient":"rotcw","mem":"sram","rend":"sync","alpha":255,"halign":0,"corpus":0},"w":{"rows":12,"glyphs":161,"chars":175,"src_px":13512,"dest_px":13512},"m":{"reps":17,"n":15,"min":109043,"med":109058,"max":109100,"mean":109060.9,"sd":15.0},"d":{"ns_iter":6415176,"ns_px":474.78},"q":{"cv":0.01,"spread":0.05,"mhz":360.0,"outliers":0,"flags":[]},"h":"70889db9"} @@e6c3356a@@
@@BENCH-RAW@@ {"i":15,"s":[109100,109047,109060,109043,109061,109058,109046,109050,109076,109075,109075,109069,109051,109053,109050]} @@58e41b48@@
I (31106) bench: [16/71] c565.fast2.rotcw.sram.sync        6415176 ns/iter  474.78 ns/px  cv 0.01%
@@BENCH-CELL@@ {"t":"cell","i":16,"id":"c565.fast2.rotcw.sram.async2","g":"cube","ax":{"fmt":"565","font":"saira_regular","size":18.0,"ratio":1.0000,"path":"blit/alpha","orient":"rotcw","mem":"sram","rend":"async2","alpha":255,"halign":0,"corpus":0},"w":{"rows":12,"glyphs":161,"chars":175,"src_px":13512,"dest_px":13512},"m":{"reps":23,"n":15,"min":104797,"med":104892,"max":104983,"mean":104890.8,"sd":49.9},"d":{"ns_iter":4560521,"ns_px":337.52},"q":{"cv":0.05,"spread":0.18,"mhz":360.0,"outliers":0,"flags":[]},"h":"70889db9"} @@b02cc0f7@@
@@BENCH-RAW@@ {"i":16,"s":[104817,104813,104797,104983,104890,104857,104889,104928,104913,104900,104885,104928,104892,104942,104928]} @@face0759@@
I (32716) bench: [17/71] c565.fast2.rotcw.sram.async2      4560521 ns/iter  337.52 ns/px  cv 0.05%
@@BENCH-CELL@@ {"t":"cell","i":17,"id":"c565.shader.upright.psram.sync","g":"cube","ax":{"fmt":"565","font":"saira_regular","size":27.0,"ratio":1.5000,"path":"shader/aa","orient":"upright","mem":"psram","rend":"sync","alpha":255,"halign":0,"corpus":0},"w":{"rows":8,"glyphs":92,"chars":100,"src_px":7701,"dest_px":18002},"m":{"reps":1,"n":12,"min":136127,"med":136277,"max":136416,"mean":136268.9,"sd":68.9},"d":{"ns_iter":136277000,"ns_px":7570.10},"q":{"cv":0.05,"spread":0.21,"mhz":360.0,"outliers":0,"flags":[]},"h":"f8db19ed"} @@e3367cb7@@
@@BENCH-RAW@@ {"i":17,"s":[136279,136351,136285,136416,136251,136236,136277,136127,136302,136235,136265,136203]} @@71b33977@@
I (34926) bench: [18/71] c565.shader.upright.psram.sync   136277000 ns/iter  7570.10 ns/px  cv 0.05%
@@BENCH-CELL@@ {"t":"cell","i":18,"id":"c565.shader.upright.psram.async2","g":"cube","ax":{"fmt":"565","font":"saira_regular","size":27.0,"ratio":1.5000,"path":"shader/aa","orient":"upright","mem":"psram","rend":"async2","alpha":255,"halign":0,"corpus":0},"w":{"rows":8,"glyphs":92,"chars":100,"src_px":7701,"dest_px":18002},"m":{"reps":2,"n":12,"min":137724,"med":137780,"max":137915,"mean":137793.4,"sd":62.3},"d":{"ns_iter":68890000,"ns_px":3826.80},"q":{"cv":0.05,"spread":0.14,"mhz":360.0,"outliers":0,"flags":[]},"h":"f8db19ed"} @@b03fcc86@@
@@BENCH-RAW@@ {"i":18,"s":[137860,137871,137821,137736,137839,137780,137738,137724,137733,137915,137745,137759]} @@c61dcb15@@
I (36876) bench: [19/71] c565.shader.upright.psram.async2 68890000 ns/iter  3826.80 ns/px  cv 0.05%
@@BENCH-CELL@@ {"t":"cell","i":19,"id":"c565.shader.upright.sram.sync","g":"cube","ax":{"fmt":"565","font":"saira_regular","size":27.0,"ratio":1.5000,"path":"shader/aa","orient":"upright","mem":"sram","rend":"sync","alpha":255,"halign":0,"corpus":0},"w":{"rows":8,"glyphs":92,"chars":100,"src_px":7701,"dest_px":18002},"m":{"reps":1,"n":12,"min":136186,"med":136305,"max":136355,"mean":136293.7,"sd":52.6},"d":{"ns_iter":136305000,"ns_px":7571.66},"q":{"cv":0.04,"spread":0.12,"mhz":360.0,"outliers":0,"flags":[]},"h":"f8db19ed"} @@8a176d01@@
@@BENCH-RAW@@ {"i":19,"s":[136339,136223,136271,136241,136186,136347,136305,136355,136284,136323,136354,136296]} @@6a446b5c@@
I (39076) bench: [20/71] c565.shader.upright.sram.sync    136305000 ns/iter  7571.66 ns/px  cv 0.04%
@@BENCH-CELL@@ {"t":"cell","i":20,"id":"c565.shader.upright.sram.async2","g":"cube","ax":{"fmt":"565","font":"saira_regular","size":27.0,"ratio":1.5000,"path":"shader/aa","orient":"upright","mem":"sram","rend":"async2","alpha":255,"halign":0,"corpus":0},"w":{"rows":8,"glyphs":92,"chars":100,"src_px":7701,"dest_px":18002},"m":{"reps":2,"n":12,"min":137714,"med":137780,"max":137809,"mean":137768.8,"sd":27.8},"d":{"ns_iter":68890000,"ns_px":3826.80},"q":{"cv":0.02,"spread":0.07,"mhz":360.0,"outliers":0,"flags":[]},"h":"f8db19ed"} @@1adc3c75@@
@@BENCH-RAW@@ {"i":20,"s":[137721,137772,137714,137787,137779,137781,137767,137809,137780,137739,137789,137788]} @@c1b57030@@
I (41026) bench: [21/71] c565.shader.upright.sram.async2  68890000 ns/iter  3826.80 ns/px  cv 0.02%
@@BENCH-CELL@@ {"t":"cell","i":21,"id":"c565.shader.rotcw.psram.sync","g":"cube","ax":{"fmt":"565","font":"saira_regular","size":27.0,"ratio":1.5000,"path":"shader/aa","orient":"rotcw","mem":"psram","rend":"sync","alpha":255,"halign":0,"corpus":0},"w":{"rows":8,"glyphs":92,"chars":100,"src_px":7701,"dest_px":18002},"m":{"reps":1,"n":13,"min":129374,"med":129491,"max":129524,"mean":129475.2,"sd":42.9},"d":{"ns_iter":129491000,"ns_px":7193.15},"q":{"cv":0.03,"spread":0.12,"mhz":360.0,"outliers":0,"flags":[]},"h":"796ae951"} @@0a6e4e5d@@
@@BENCH-RAW@@ {"i":21,"s":[129472,129424,129374,129419,129506,129462,129494,129504,129481,129508,129491,129524,129518]} @@1f4afccb@@
I (43256) bench: [22/71] c565.shader.rotcw.psram.sync     129491000 ns/iter  7193.15 ns/px  cv 0.03%
@@BENCH-CELL@@ {"t":"cell","i":22,"id":"c565.shader.rotcw.psram.async2","g":"cube","ax":{"fmt":"565","font":"saira_regular","size":27.0,"ratio":1.5000,"path":"shader/aa","orient":"rotcw","mem":"psram","rend":"async2","alpha":255,"halign":0,"corpus":0},"w":{"rows":8,"glyphs":92,"chars":100,"src_px":7701,"dest_px":18002},"m":{"reps":2,"n":12,"min":136748,"med":136829,"max":136909,"mean":136828.5,"sd":41.0},"d":{"ns_iter":68414500,"ns_px":3800.38},"q":{"cv":0.03,"spread":0.12,"mhz":360.0,"outliers":0,"flags":[]},"h":"796ae951"} @@50caa30a@@
@@BENCH-RAW@@ {"i":22,"s":[136843,136909,136821,136796,136829,136879,136834,136822,136792,136865,136804,136748]} @@3aa22351@@
I (45196) bench: [23/71] c565.shader.rotcw.psram.async2   68414500 ns/iter  3800.38 ns/px  cv 0.03%
@@BENCH-CELL@@ {"t":"cell","i":23,"id":"c565.shader.rotcw.sram.sync","g":"cube","ax":{"fmt":"565","font":"saira_regular","size":27.0,"ratio":1.5000,"path":"shader/aa","orient":"rotcw","mem":"sram","rend":"sync","alpha":255,"halign":0,"corpus":0},"w":{"rows":8,"glyphs":92,"chars":100,"src_px":7701,"dest_px":18002},"m":{"reps":1,"n":13,"min":129179,"med":129208,"max":129225,"mean":129204.8,"sd":14.8},"d":{"ns_iter":129208000,"ns_px":7177.42},"q":{"cv":0.01,"spread":0.04,"mhz":360.0,"outliers":0,"flags":[]},"h":"796ae951"} @@0c64c6a9@@
@@BENCH-RAW@@ {"i":23,"s":[129225,129212,129199,129218,129209,129196,129199,129222,129224,129208,129186,129179,129186]} @@ae23b3c6@@
I (47416) bench: [24/71] c565.shader.rotcw.sram.sync      129208000 ns/iter  7177.42 ns/px  cv 0.01%
@@BENCH-CELL@@ {"t":"cell","i":24,"id":"c565.shader.rotcw.sram.async2","g":"cube","ax":{"fmt":"565","font":"saira_regular","size":27.0,"ratio":1.5000,"path":"shader/aa","orient":"rotcw","mem":"sram","rend":"async2","alpha":255,"halign":0,"corpus":0},"w":{"rows":8,"glyphs":92,"chars":100,"src_px":7701,"dest_px":18002},"m":{"reps":2,"n":12,"min":136013,"med":136058,"max":136237,"mean":136063.2,"sd":55.8},"d":{"ns_iter":68029000,"ns_px":3778.97},"q":{"cv":0.04,"spread":0.16,"mhz":360.0,"outliers":0,"flags":[]},"h":"796ae951"} @@d4688814@@
@@BENCH-RAW@@ {"i":24,"s":[136237,136065,136064,136045,136062,136026,136044,136028,136058,136034,136013,136083]} @@9f147750@@
I (49336) bench: [25/71] c565.shader.rotcw.sram.async2    68029000 ns/iter  3778.97 ns/px  cv 0.04%
@@BENCH-CELL@@ {"t":"cell","i":25,"id":"c888.fast1.upright.psram.sync","g":"cube","ax":{"fmt":"888","font":"sky","size":9.0,"ratio":1.0000,"path":"blit/direct","orient":"upright","mem":"psram","rend":"sync","alpha":255,"halign":0,"corpus":0},"w":{"rows":23,"glyphs":373,"chars":397,"src_px":10135,"dest_px":10135},"m":{"reps":41,"n":15,"min":84233,"med":84261,"max":84375,"mean":84270.7,"sd":36.3},"d":{"ns_iter":2055146,"ns_px":202.78},"q":{"cv":0.04,"spread":0.17,"mhz":360.0,"outliers":0,"flags":[]},"h":"601bd481"} @@611a3355@@
@@BENCH-RAW@@ {"i":25,"s":[84251,84257,84239,84233,84240,84233,84262,84249,84261,84289,84274,84375,84296,84308,84293]} @@2cd2ea6d@@
I (50636) bench: [26/71] c888.fast1.upright.psram.sync     2055146 ns/iter  202.78 ns/px  cv 0.04%
@@BENCH-CELL@@ {"t":"cell","i":26,"id":"c888.fast1.upright.psram.async2","g":"cube","ax":{"fmt":"888","font":"sky","size":9.0,"ratio":1.0000,"path":"blit/direct","orient":"upright","mem":"psram","rend":"async2","alpha":255,"halign":0,"corpus":0},"w":{"rows":23,"glyphs":373,"chars":397,"src_px":10135,"dest_px":10135},"m":{"reps":27,"n":15,"min":99930,"med":100060,"max":100195,"mean":100064.2,"sd":75.6},"d":{"ns_iter":3705925,"ns_px":365.66},"q":{"cv":0.08,"spread":0.26,"mhz":360.0,"outliers":0,"flags":[]},"h":"601bd481"} @@f4ed9df1@@
@@BENCH-RAW@@ {"i":26,"s":[100033,99962,99930,99990,100060,100014,100051,100073,100063,100089,100030,100116,100191,100166,100195]} @@6d733c25@@
I (52186) bench: [27/71] c888.fast1.upright.psram.async2   3705925 ns/iter  365.66 ns/px  cv 0.08%
@@BENCH-CELL@@ {"t":"cell","i":27,"id":"c888.fast1.upright.sram.sync","g":"cube","ax":{"fmt":"888","font":"sky","size":9.0,"ratio":1.0000,"path":"blit/direct","orient":"upright","mem":"sram","rend":"sync","alpha":255,"halign":0,"corpus":0},"w":{"rows":23,"glyphs":373,"chars":397,"src_px":10135,"dest_px":10135},"m":{"reps":49,"n":15,"min":100594,"med":101044,"max":101204,"mean":100965.1,"sd":192.3},"d":{"ns_iter":2062122,"ns_px":203.47},"q":{"cv":0.19,"spread":0.60,"mhz":360.0,"outliers":0,"flags":[]},"h":"601bd481"} @@5e4a7558@@
@@BENCH-RAW@@ {"i":27,"s":[100594,101090,101067,101204,101004,101044,101146,101133,101090,101059,100658,100604,100843,100995,100945]} @@d9c30562@@
I (53726) bench: [28/71] c888.fast1.upright.sram.sync      2062122 ns/iter  203.47 ns/px  cv 0.19%
@@BENCH-CELL@@ {"t":"cell","i":28,"id":"c888.fast1.upright.sram.async2","g":"cube","ax":{"fmt":"888","font":"sky","size":9.0,"ratio":1.0000,"path":"blit/direct","orient":"upright","mem":"sram","rend":"async2","alpha":255,"halign":0,"corpus":0},"w":{"rows":23,"glyphs":373,"chars":397,"src_px":10135,"dest_px":10135},"m":{"reps":30,"n":15,"min":111270,"med":111390,"max":111508,"mean":111395.7,"sd":69.2},"d":{"ns_iter":3713000,"ns_px":366.35},"q":{"cv":0.06,"spread":0.21,"mhz":360.0,"outliers":0,"flags":[]},"h":"601bd481"} @@3136ff0b@@
@@BENCH-RAW@@ {"i":28,"s":[111385,111508,111365,111395,111478,111475,111434,111343,111336,111291,111270,111401,111495,111370,111390]} @@a398da14@@
I (55436) bench: [29/71] c888.fast1.upright.sram.async2    3713000 ns/iter  366.35 ns/px  cv 0.06%
@@BENCH-CELL@@ {"t":"cell","i":29,"id":"c888.fast1.rotcw.psram.sync","g":"cube","ax":{"fmt":"888","font":"sky","size":9.0,"ratio":1.0000,"path":"blit/direct","orient":"rotcw","mem":"psram","rend":"sync","alpha":255,"halign":0,"corpus":0},"w":{"rows":23,"glyphs":373,"chars":397,"src_px":10135,"dest_px":10135},"m":{"reps":35,"n":15,"min":81675,"med":81811,"max":82080,"mean":81842.1,"sd":146.3},"d":{"ns_iter":2337457,"ns_px":230.63},"q":{"cv":0.18,"spread":0.50,"mhz":360.0,"outliers":0,"flags":[]},"h":"333c04c9"} @@75da0341@@
@@BENCH-RAW@@ {"i":29,"s":[81811,81814,81679,81721,81831,81784,81873,81747,81690,81675,81739,82061,82077,82050,82080]} @@7e379736@@
I (56706) bench: [30/71] c888.fast1.rotcw.psram.sync       2337457 ns/iter  230.63 ns/px  cv 0.18%
@@BENCH-CELL@@ {"t":"cell","i":30,"id":"c888.fast1.rotcw.psram.async2","g":"cube","ax":{"fmt":"888","font":"sky","size":9.0,"ratio":1.0000,"path":"blit/direct","orient":"rotcw","mem":"psram","rend":"async2","alpha":255,"halign":0,"corpus":0},"w":{"rows":23,"glyphs":373,"chars":397,"src_px":10135,"dest_px":10135},"m":{"reps":24,"n":15,"min":96704,"med":96923,"max":97049,"mean":96920.7,"sd":94.1},"d":{"ns_iter":4038458,"ns_px":398.47},"q":{"cv":0.10,"spread":0.36,"mhz":360.0,"outliers":0,"flags":[]},"h":"333c04c9"} @@c2ef4462@@
@@BENCH-RAW@@ {"i":30,"s":[96973,96910,96844,96937,96935,96923,96908,97049,96807,96704,96859,97045,96857,97029,97031]} @@bfaf805d@@
I (58196) bench: [31/71] c888.fast1.rotcw.psram.async2     4038458 ns/iter  398.47 ns/px  cv 0.10%
@@BENCH-CELL@@ {"t":"cell","i":31,"id":"c888.fast1.rotcw.sram.sync","g":"cube","ax":{"fmt":"888","font":"sky","size":9.0,"ratio":1.0000,"path":"blit/direct","orient":"rotcw","mem":"sram","rend":"sync","alpha":255,"halign":0,"corpus":0},"w":{"rows":23,"glyphs":373,"chars":397,"src_px":10135,"dest_px":10135},"m":{"reps":48,"n":15,"min":99900,"med":100289,"max":100395,"mean":100253.7,"sd":120.5},"d":{"ns_iter":2089354,"ns_px":206.15},"q":{"cv":0.12,"spread":0.49,"mhz":360.0,"outliers":0,"flags":[]},"h":"333c04c9"} @@4e66ca0b@@
@@BENCH-RAW@@ {"i":31,"s":[100135,100281,100202,100374,100363,100260,100323,100395,100289,100198,100315,100310,100307,100154,99900]} @@3e82b614@@
I (59736) bench: [32/71] c888.fast1.rotcw.sram.sync        2089354 ns/iter  206.15 ns/px  cv 0.12%
@@BENCH-CELL@@ {"t":"cell","i":32,"id":"c888.fast1.rotcw.sram.async2","g":"cube","ax":{"fmt":"888","font":"sky","size":9.0,"ratio":1.0000,"path":"blit/direct","orient":"rotcw","mem":"sram","rend":"async2","alpha":255,"halign":0,"corpus":0},"w":{"rows":23,"glyphs":373,"chars":397,"src_px":10135,"dest_px":10135},"m":{"reps":29,"n":15,"min":109874,"med":109932,"max":110077,"mean":109950.4,"sd":62.3},"d":{"ns_iter":3790758,"ns_px":374.03},"q":{"cv":0.06,"spread":0.18,"mhz":360.0,"outliers":0,"flags":[]},"h":"333c04c9"} @@7138e618@@
@@BENCH-RAW@@ {"i":32,"s":[109896,109932,109948,109893,110022,110077,109962,110034,110028,109982,109874,109896,109921,109879,109912]} @@0334e506@@
I (61426) bench: [33/71] c888.fast1.rotcw.sram.async2      3790758 ns/iter  374.03 ns/px  cv 0.06%
@@BENCH-CELL@@ {"t":"cell","i":33,"id":"c888.fast2.upright.psram.sync","g":"cube","ax":{"fmt":"888","font":"saira_regular","size":18.0,"ratio":1.0000,"path":"blit/alpha","orient":"upright","mem":"psram","rend":"sync","alpha":255,"halign":0,"corpus":0},"w":{"rows":12,"glyphs":161,"chars":175,"src_px":13512,"dest_px":13512},"m":{"reps":16,"n":15,"min":96862,"med":96886,"max":96966,"mean":96893.2,"sd":23.4},"d":{"ns_iter":6055375,"ns_px":448.15},"q":{"cv":0.02,"spread":0.11,"mhz":360.0,"outliers":0,"flags":[]},"h":"34ac5a26"} @@4d8946a8@@
@@BENCH-RAW@@ {"i":33,"s":[96966,96901,96885,96886,96896,96883,96874,96872,96862,96883,96891,96898,96909,96911,96881]} @@66a880fe@@
I (62926) bench: [34/71] c888.fast2.upright.psram.sync     6055375 ns/iter  448.15 ns/px  cv 0.02%
@@BENCH-CELL@@ {"t":"cell","i":34,"id":"c888.fast2.upright.psram.async2","g":"cube","ax":{"fmt":"888","font":"saira_regular","size":18.0,"ratio":1.0000,"path":"blit/alpha","orient":"upright","mem":"psram","rend":"async2","alpha":255,"halign":0,"corpus":0},"w":{"rows":12,"glyphs":161,"chars":175,"src_px":13512,"dest_px":13512},"m":{"reps":23,"n":15,"min":95959,"med":96015,"max":96094,"mean":96022.5,"sd":43.1},"d":{"ns_iter":4174565,"ns_px":308.95},"q":{"cv":0.04,"spread":0.14,"mhz":360.0,"outliers":0,"flags":[]},"h":"34ac5a26"} @@d1bb67b9@@
@@BENCH-RAW@@ {"i":34,"s":[96094,96002,96087,95973,96019,95995,96076,96085,96035,96014,95978,95959,96015,96027,95979]} @@dc400a28@@
I (64416) bench: [35/71] c888.fast2.upright.psram.async2   4174565 ns/iter  308.95 ns/px  cv 0.04%
@@BENCH-CELL@@ {"t":"cell","i":35,"id":"c888.fast2.upright.sram.sync","g":"cube","ax":{"fmt":"888","font":"saira_regular","size":18.0,"ratio":1.0000,"path":"blit/alpha","orient":"upright","mem":"sram","rend":"sync","alpha":255,"halign":0,"corpus":0},"w":{"rows":12,"glyphs":161,"chars":175,"src_px":13512,"dest_px":13512},"m":{"reps":18,"n":15,"min":108965,"med":108972,"max":109101,"mean":108995.7,"sd":42.1},"d":{"ns_iter":6054000,"ns_px":448.05},"q":{"cv":0.04,"spread":0.12,"mhz":360.0,"outliers":0,"flags":[]},"h":"34ac5a26"} @@d6566b1e@@
@@BENCH-RAW@@ {"i":35,"s":[109046,109101,109046,109056,108983,108975,108972,108968,108970,108966,108982,108966,108969,108965,108971]} @@518eaae6@@
I (66096) bench: [36/71] c888.fast2.upright.sram.sync      6054000 ns/iter  448.05 ns/px  cv 0.04%
@@BENCH-CELL@@ {"t":"cell","i":36,"id":"c888.fast2.upright.sram.async2","g":"cube","ax":{"fmt":"888","font":"saira_regular","size":18.0,"ratio":1.0000,"path":"blit/alpha","orient":"upright","mem":"sram","rend":"async2","alpha":255,"halign":0,"corpus":0},"w":{"rows":12,"glyphs":161,"chars":175,"src_px":13512,"dest_px":13512},"m":{"reps":25,"n":15,"min":104200,"med":104266,"max":104364,"mean":104267.4,"sd":43.5},"d":{"ns_iter":4170640,"ns_px":308.66},"q":{"cv":0.04,"spread":0.16,"mhz":360.0,"outliers":0,"flags":[]},"h":"34ac5a26"} @@281c8cfd@@
@@BENCH-RAW@@ {"i":36,"s":[104229,104258,104254,104294,104209,104364,104286,104266,104287,104259,104301,104305,104298,104201,104200]} @@b7f77813@@
I (67696) bench: [37/71] c888.fast2.upright.sram.async2    4170640 ns/iter  308.66 ns/px  cv 0.04%
@@BENCH-CELL@@ {"t":"cell","i":37,"id":"c888.fast2.rotcw.psram.sync","g":"cube","ax":{"fmt":"888","font":"saira_regular","size":18.0,"ratio":1.0000,"path":"blit/alpha","orient":"rotcw","mem":"psram","rend":"sync","alpha":255,"halign":0,"corpus":0},"w":{"rows":12,"glyphs":161,"chars":175,"src_px":13512,"dest_px":13512},"m":{"reps":16,"n":15,"min":101739,"med":101819,"max":101929,"mean":101830.5,"sd":57.3},"d":{"ns_iter":6363687,"ns_px":470.97},"q":{"cv":0.06,"spread":0.19,"mhz":360.0,"outliers":0,"flags":[]},"h":"de65743c"} @@ce016be7@@
@@BENCH-RAW@@ {"i":37,"s":[101894,101892,101739,101833,101771,101769,101922,101778,101929,101839,101871,101783,101811,101819,101808]} @@e0a75e40@@
I (69286) bench: [38/71] c888.fast2.rotcw.psram.sync       6363687 ns/iter  470.97 ns/px  cv 0.06%
@@BENCH-CELL@@ {"t":"cell","i":38,"id":"c888.fast2.rotcw.psram.async2","g":"cube","ax":{"fmt":"888","font":"saira_regular","size":18.0,"ratio":1.0000,"path":"blit/alpha","orient":"rotcw","mem":"psram","rend":"async2","alpha":255,"halign":0,"corpus":0},"w":{"rows":12,"glyphs":161,"chars":175,"src_px":13512,"dest_px":13512},"m":{"reps":20,"n":15,"min":94307,"med":94516,"max":94689,"mean":94515.4,"sd":89.7},"d":{"ns_iter":4725800,"ns_px":349.75},"q":{"cv":0.09,"spread":0.40,"mhz":360.0,"outliers":0,"flags":[]},"h":"de65743c"} @@06d5646e@@
@@BENCH-RAW@@ {"i":38,"s":[94421,94307,94598,94402,94563,94578,94516,94513,94547,94539,94509,94448,94594,94689,94507]} @@1756f93e@@
I (70746) bench: [39/71] c888.fast2.rotcw.psram.async2     4725800 ns/iter  349.75 ns/px  cv 0.09%
@@BENCH-CELL@@ {"t":"cell","i":39,"id":"c888.fast2.rotcw.sram.sync","g":"cube","ax":{"fmt":"888","font":"saira_regular","size":18.0,"ratio":1.0000,"path":"blit/alpha","orient":"rotcw","mem":"sram","rend":"sync","alpha":255,"halign":0,"corpus":0},"w":{"rows":12,"glyphs":161,"chars":175,"src_px":13512,"dest_px":13512},"m":{"reps":18,"n":15,"min":109514,"med":109521,"max":109547,"mean":109524.2,"sd":10.5},"d":{"ns_iter":6084500,"ns_px":450.30},"q":{"cv":0.01,"spread":0.03,"mhz":360.0,"outliers":0,"flags":[]},"h":"de65743c"} @@df842d9c@@
@@BENCH-RAW@@ {"i":39,"s":[109518,109524,109515,109521,109516,109522,109521,109517,109519,109544,109547,109542,109523,109520,109514]} @@6f3779d3@@
I (72436) bench: [40/71] c888.fast2.rotcw.sram.sync        6084500 ns/iter  450.30 ns/px  cv 0.01%
@@BENCH-CELL@@ {"t":"cell","i":40,"id":"c888.fast2.rotcw.sram.async2","g":"cube","ax":{"fmt":"888","font":"saira_regular","size":18.0,"ratio":1.0000,"path":"blit/alpha","orient":"rotcw","mem":"sram","rend":"async2","alpha":255,"halign":0,"corpus":0},"w":{"rows":12,"glyphs":161,"chars":175,"src_px":13512,"dest_px":13512},"m":{"reps":24,"n":15,"min":105740,"med":105827,"max":105907,"mean":105827.5,"sd":41.9},"d":{"ns_iter":4409458,"ns_px":326.34},"q":{"cv":0.04,"spread":0.16,"mhz":360.0,"outliers":0,"flags":[]},"h":"de65743c"} @@4681566b@@
@@BENCH-RAW@@ {"i":40,"s":[105740,105849,105904,105907,105804,105827,105791,105798,105828,105792,105811,105834,105816,105855,105857]} @@009c625a@@
I (74066) bench: [41/71] c888.fast2.rotcw.sram.async2      4409458 ns/iter  326.34 ns/px  cv 0.04%
@@BENCH-CELL@@ {"t":"cell","i":41,"id":"c888.shader.upright.psram.sync","g":"cube","ax":{"fmt":"888","font":"saira_regular","size":27.0,"ratio":1.5000,"path":"shader/aa","orient":"upright","mem":"psram","rend":"sync","alpha":255,"halign":0,"corpus":0},"w":{"rows":8,"glyphs":92,"chars":100,"src_px":7701,"dest_px":18002},"m":{"reps":1,"n":12,"min":133197,"med":133344,"max":133576,"mean":133371.8,"sd":102.7},"d":{"ns_iter":133344000,"ns_px":7407.18},"q":{"cv":0.08,"spread":0.28,"mhz":360.0,"outliers":0,"flags":[]},"h":"839de335"} @@484f2c75@@
@@BENCH-RAW@@ {"i":41,"s":[133344,133417,133414,133285,133339,133325,133319,133321,133197,133555,133369,133576]} @@e6ef1ac0@@
I (76226) bench: [42/71] c888.shader.upright.psram.sync   133344000 ns/iter  7407.18 ns/px  cv 0.08%
@@BENCH-CELL@@ {"t":"cell","i":42,"id":"c888.shader.upright.psram.async2","g":"cube","ax":{"fmt":"888","font":"saira_regular","size":27.0,"ratio":1.5000,"path":"shader/aa","orient":"upright","mem":"psram","rend":"async2","alpha":255,"halign":0,"corpus":0},"w":{"rows":8,"glyphs":92,"chars":100,"src_px":7701,"dest_px":18002},"m":{"reps":2,"n":12,"min":136970,"med":137011,"max":137145,"mean":137029.4,"sd":54.5},"d":{"ns_iter":68505500,"ns_px":3805.44},"q":{"cv":0.04,"spread":0.13,"mhz":360.0,"outliers":0,"flags":[]},"h":"839de335"} @@abc0f6d7@@
@@BENCH-RAW@@ {"i":42,"s":[137066,137011,137002,137017,137136,137145,136986,136990,137005,136970,137001,137024]} @@f2906be7@@
I (78176) bench: [43/71] c888.shader.upright.psram.async2 68505500 ns/iter  3805.44 ns/px  cv 0.04%
@@BENCH-CELL@@ {"t":"cell","i":43,"id":"c888.shader.upright.sram.sync","g":"cube","ax":{"fmt":"888","font":"saira_regular","size":27.0,"ratio":1.5000,"path":"shader/aa","orient":"upright","mem":"sram","rend":"sync","alpha":255,"halign":0,"corpus":0},"w":{"rows":8,"glyphs":92,"chars":100,"src_px":7701,"dest_px":18002},"m":{"reps":1,"n":12,"min":133405,"med":133459,"max":133558,"mean":133471.8,"sd":50.5},"d":{"ns_iter":133459000,"ns_px":7413.56},"q":{"cv":0.04,"spread":0.11,"mhz":360.0,"outliers":0,"flags":[]},"h":"839de335"} @@d6ef5fbe@@
@@BENCH-RAW@@ {"i":43,"s":[133420,133549,133448,133431,133405,133558,133439,133499,133459,133530,133428,133495]} @@f15f763d@@
I (80336) bench: [44/71] c888.shader.upright.sram.sync    133459000 ns/iter  7413.56 ns/px  cv 0.04%
@@BENCH-CELL@@ {"t":"cell","i":44,"id":"c888.shader.upright.sram.async2","g":"cube","ax":{"fmt":"888","font":"saira_regular","size":27.0,"ratio":1.5000,"path":"shader/aa","orient":"upright","mem":"sram","rend":"async2","alpha":255,"halign":0,"corpus":0},"w":{"rows":8,"glyphs":92,"chars":100,"src_px":7701,"dest_px":18002},"m":{"reps":2,"n":12,"min":136820,"med":136908,"max":136979,"mean":136908.0,"sd":48.5},"d":{"ns_iter":68454000,"ns_px":3802.58},"q":{"cv":0.04,"spread":0.12,"mhz":360.0,"outliers":0,"flags":[]},"h":"839de335"} @@3d53f843@@
@@BENCH-RAW@@ {"i":44,"s":[136908,136979,136967,136947,136907,136860,136876,136910,136976,136879,136867,136820]} @@e3d09f7a@@
I (82276) bench: [45/71] c888.shader.upright.sram.async2  68454000 ns/iter  3802.58 ns/px  cv 0.04%
@@BENCH-CELL@@ {"t":"cell","i":45,"id":"c888.shader.rotcw.psram.sync","g":"cube","ax":{"fmt":"888","font":"saira_regular","size":27.0,"ratio":1.5000,"path":"shader/aa","orient":"rotcw","mem":"psram","rend":"sync","alpha":255,"halign":0,"corpus":0},"w":{"rows":8,"glyphs":92,"chars":100,"src_px":7701,"dest_px":18002},"m":{"reps":1,"n":13,"min":129031,"med":129082,"max":129188,"mean":129098.4,"sd":43.3},"d":{"ns_iter":129082000,"ns_px":7170.43},"q":{"cv":0.03,"spread":0.12,"mhz":360.0,"outliers":0,"flags":[]},"h":"dd1828a1"} @@d7ea9642@@
@@BENCH-RAW@@ {"i":45,"s":[129031,129164,129188,129082,129082,129074,129087,129066,129077,129142,129136,129063,129087]} @@331215f7@@
I (84496) bench: [46/71] c888.shader.rotcw.psram.sync     129082000 ns/iter  7170.43 ns/px  cv 0.03%
@@BENCH-CELL@@ {"t":"cell","i":46,"id":"c888.shader.rotcw.psram.async2","g":"cube","ax":{"fmt":"888","font":"saira_regular","size":27.0,"ratio":1.5000,"path":"shader/aa","orient":"rotcw","mem":"psram","rend":"async2","alpha":255,"halign":0,"corpus":0},"w":{"rows":8,"glyphs":92,"chars":100,"src_px":7701,"dest_px":18002},"m":{"reps":2,"n":12,"min":136278,"med":136383,"max":136489,"mean":136379.3,"sd":65.6},"d":{"ns_iter":68191500,"ns_px":3788.00},"q":{"cv":0.05,"spread":0.15,"mhz":360.0,"outliers":0,"flags":[]},"h":"dd1828a1"} @@00098971@@
@@BENCH-RAW@@ {"i":46,"s":[136434,136383,136489,136458,136418,136424,136360,136278,136282,136304,136375,136347]} @@b812be49@@
I (86436) bench: [47/71] c888.shader.rotcw.psram.async2   68191500 ns/iter  3788.00 ns/px  cv 0.05%
@@BENCH-CELL@@ {"t":"cell","i":47,"id":"c888.shader.rotcw.sram.sync","g":"cube","ax":{"fmt":"888","font":"saira_regular","size":27.0,"ratio":1.5000,"path":"shader/aa","orient":"rotcw","mem":"sram","rend":"sync","alpha":255,"halign":0,"corpus":0},"w":{"rows":8,"glyphs":92,"chars":100,"src_px":7701,"dest_px":18002},"m":{"reps":1,"n":13,"min":128574,"med":128600,"max":128650,"mean":128603.5,"sd":19.3},"d":{"ns_iter":128600000,"ns_px":7143.65},"q":{"cv":0.02,"spread":0.06,"mhz":360.0,"outliers":0,"flags":[]},"h":"dd1828a1"} @@148d6fab@@
@@BENCH-RAW@@ {"i":47,"s":[128599,128582,128612,128580,128650,128619,128599,128600,128607,128603,128597,128574,128623]} @@88be3769@@
I (88646) bench: [48/71] c888.shader.rotcw.sram.sync      128600000 ns/iter  7143.65 ns/px  cv 0.02%
@@BENCH-CELL@@ {"t":"cell","i":48,"id":"c888.shader.rotcw.sram.async2","g":"cube","ax":{"fmt":"888","font":"saira_regular","size":27.0,"ratio":1.5000,"path":"shader/aa","orient":"rotcw","mem":"sram","rend":"async2","alpha":255,"halign":0,"corpus":0},"w":{"rows":8,"glyphs":92,"chars":100,"src_px":7701,"dest_px":18002},"m":{"reps":2,"n":12,"min":135207,"med":135317,"max":135404,"mean":135292.0,"sd":56.4},"d":{"ns_iter":67658500,"ns_px":3758.39},"q":{"cv":0.04,"spread":0.15,"mhz":360.0,"outliers":0,"flags":[]},"h":"dd1828a1"} @@1331c5fc@@
@@BENCH-RAW@@ {"i":48,"s":[135317,135324,135310,135339,135318,135404,135244,135332,135251,135227,135207,135231]} @@92eed51b@@
I (90566) bench: [49/71] c888.shader.rotcw.sram.async2    67658500 ns/iter  3758.39 ns/px  cv 0.04%
@@BENCH-CELL@@ {"t":"cell","i":49,"id":"orient.rotccw","g":"orient","ax":{"fmt":"888","font":"saira_regular","size":18.0,"ratio":1.0000,"path":"blit/alpha","orient":"rotccw","mem":"psram","rend":"async2","alpha":255,"halign":0,"corpus":0},"w":{"rows":12,"glyphs":161,"chars":175,"src_px":13512,"dest_px":13512},"m":{"reps":20,"n":15,"min":93146,"med":93382,"max":93588,"mean":93398.5,"sd":114.0},"d":{"ns_iter":4669100,"ns_px":345.55},"q":{"cv":0.12,"spread":0.47,"mhz":360.0,"outliers":0,"flags":[]},"h":"e16cec42"} @@9a4fd3a7@@
@@BENCH-RAW@@ {"i":49,"s":[93253,93381,93485,93453,93369,93146,93316,93382,93313,93397,93359,93495,93458,93588,93582]} @@bc973f87@@
I (92016) bench: [50/71] orient.rotccw                     4669100 ns/iter  345.55 ns/px  cv 0.12%
@@BENCH-CELL@@ {"t":"cell","i":50,"id":"orient.rothalf","g":"orient","ax":{"fmt":"888","font":"saira_regular","size":18.0,"ratio":1.0000,"path":"blit/alpha","orient":"rothalf","mem":"psram","rend":"async2","alpha":255,"halign":0,"corpus":0},"w":{"rows":12,"glyphs":161,"chars":175,"src_px":13512,"dest_px":13512},"m":{"reps":21,"n":15,"min":94815,"med":94900,"max":95076,"mean":94888.7,"sd":65.8},"d":{"ns_iter":4519047,"ns_px":334.45},"q":{"cv":0.07,"spread":0.28,"mhz":360.0,"outliers":0,"flags":[]},"h":"a6066584"} @@c07d47e9@@
@@BENCH-RAW@@ {"i":50,"s":[94914,94819,94841,94904,94901,94874,94911,94900,95076,94950,94821,94924,94864,94817,94815]} @@83a04234@@
I (93486) bench: [51/71] orient.rothalf                    4519047 ns/iter  334.45 ns/px  cv 0.07%
@@BENCH-CELL@@ {"t":"cell","i":51,"id":"orient.fliph","g":"orient","ax":{"fmt":"888","font":"saira_regular","size":18.0,"ratio":1.0000,"path":"blit/alpha","orient":"fliph","mem":"psram","rend":"async2","alpha":255,"halign":0,"corpus":0},"w":{"rows":12,"glyphs":161,"chars":175,"src_px":13512,"dest_px":13512},"m":{"reps":22,"n":15,"min":91924,"med":92017,"max":92150,"mean":92024.3,"sd":67.1},"d":{"ns_iter":4182590,"ns_px":309.55},"q":{"cv":0.07,"spread":0.25,"mhz":360.0,"outliers":0,"flags":[]},"h":"abc61a88"} @@9899c15b@@
@@BENCH-RAW@@ {"i":51,"s":[92048,91941,91924,92150,92116,92037,92135,92065,92011,91988,91982,92031,91953,91967,92017]} @@691f64e3@@
I (94906) bench: [52/71] orient.fliph                      4182590 ns/iter  309.55 ns/px  cv 0.07%
@@BENCH-CELL@@ {"t":"cell","i":52,"id":"orient.rotccwfliph","g":"orient","ax":{"fmt":"888","font":"saira_regular","size":18.0,"ratio":1.0000,"path":"blit/alpha","orient":"rotccwfliph","mem":"psram","rend":"async2","alpha":255,"halign":0,"corpus":0},"w":{"rows":12,"glyphs":161,"chars":175,"src_px":13512,"dest_px":13512},"m":{"reps":20,"n":15,"min":93782,"med":93938,"max":94151,"mean":93955.5,"sd":93.9},"d":{"ns_iter":4696900,"ns_px":347.61},"q":{"cv":0.10,"spread":0.39,"mhz":360.0,"outliers":0,"flags":[]},"h":"5262d8d8"} @@86e19305@@
@@BENCH-RAW@@ {"i":52,"s":[94081,93887,93918,94000,94021,94001,93938,94032,93911,94151,93938,93822,93872,93782,93979]} @@812fc1f6@@
I (96366) bench: [53/71] orient.rotccwfliph                4696900 ns/iter  347.61 ns/px  cv 0.10%
@@BENCH-CELL@@ {"t":"cell","i":53,"id":"orient.rothalffliph","g":"orient","ax":{"fmt":"888","font":"saira_regular","size":18.0,"ratio":1.0000,"path":"blit/alpha","orient":"rothalffliph","mem":"psram","rend":"async2","alpha":255,"halign":0,"corpus":0},"w":{"rows":12,"glyphs":161,"chars":175,"src_px":13512,"dest_px":13512},"m":{"reps":21,"n":15,"min":95202,"med":95259,"max":95338,"mean":95259.0,"sd":36.1},"d":{"ns_iter":4536142,"ns_px":335.71},"q":{"cv":0.04,"spread":0.14,"mhz":360.0,"outliers":0,"flags":[]},"h":"418c2762"} @@42bccc79@@
@@BENCH-RAW@@ {"i":53,"s":[95280,95232,95254,95246,95338,95202,95222,95240,95259,95272,95301,95259,95202,95290,95288]} @@e8ccfd04@@
I (97846) bench: [54/71] orient.rothalffliph               4536142 ns/iter  335.71 ns/px  cv 0.04%
@@BENCH-CELL@@ {"t":"cell","i":54,"id":"orient.rotcwfliph","g":"orient","ax":{"fmt":"888","font":"saira_regular","size":18.0,"ratio":1.0000,"path":"blit/alpha","orient":"rotcwfliph","mem":"psram","rend":"async2","alpha":255,"halign":0,"corpus":0},"w":{"rows":12,"glyphs":161,"chars":175,"src_px":13512,"dest_px":13512},"m":{"reps":20,"n":15,"min":94221,"med":94323,"max":94488,"mean":94332.6,"sd":77.9},"d":{"ns_iter":4716150,"ns_px":349.03},"q":{"cv":0.08,"spread":0.28,"mhz":360.0,"outliers":0,"flags":[]},"h":"0e714186"} @@6397bfc8@@
@@BENCH-RAW@@ {"i":54,"s":[94421,94349,94247,94337,94298,94323,94267,94470,94394,94287,94332,94488,94313,94221,94242]} @@71397495@@
I (99306) bench: [55/71] orient.rotcwfliph                 4716150 ns/iter  349.03 ns/px  cv 0.08%
@@BENCH-CELL@@ {"t":"cell","i":55,"id":"font.sky@18","g":"font","ax":{"fmt":"888","font":"sky","size":18.0,"ratio":2.0000,"path":"blit/direct","orient":"rotcw","mem":"psram","rend":"async2","alpha":255,"halign":0,"corpus":0},"w":{"rows":12,"glyphs":148,"chars":162,"src_px":4014,"dest_px":16056},"m":{"reps":31,"n":15,"min":81881,"med":82031,"max":82293,"mean":82044.4,"sd":107.2},"d":{"ns_iter":2646161,"ns_px":164.81},"q":{"cv":0.13,"spread":0.50,"mhz":360.0,"outliers":0,"flags":[]},"h":"a32b1e1d"} @@d3e629c1@@
@@BENCH-RAW@@ {"i":55,"s":[82133,81999,81881,82014,82031,81952,82056,82293,82060,82189,82108,81914,81910,82022,82104]} @@cbb9220c@@
I (100576) bench: [56/71] font.sky@18                       2646161 ns/iter  164.81 ns/px  cv 0.13%
@@BENCH-CELL@@ {"t":"cell","i":56,"id":"font.sky@27","g":"font","ax":{"fmt":"888","font":"sky","size":27.0,"ratio":3.0000,"path":"blit/direct","orient":"rotcw","mem":"psram","rend":"async2","alpha":255,"halign":0,"corpus":0},"w":{"rows":8,"glyphs":80,"chars":85,"src_px":2161,"dest_px":19449},"m":{"reps":35,"n":15,"min":80364,"med":80591,"max":81032,"mean":80616.2,"sd":185.1},"d":{"ns_iter":2302600,"ns_px":118.39},"q":{"cv":0.23,"spread":0.83,"mhz":360.0,"outliers":0,"flags":[]},"h":"4bc0b3f9"} @@f67e9094@@
@@BENCH-RAW@@ {"i":56,"s":[80369,80537,80432,80591,81032,80811,80713,80553,80851,80621,80767,80627,80364,80407,80568]} @@78343c9b@@
I (101826) bench: [57/71] font.sky@27                       2302600 ns/iter  118.39 ns/px  cv 0.23%
@@BENCH-CELL@@ {"t":"cell","i":57,"id":"font.skymono@9","g":"font","ax":{"fmt":"888","font":"sky_mono","size":9.0,"ratio":1.0000,"path":"blit/direct","orient":"rotcw","mem":"psram","rend":"async2","alpha":255,"halign":0,"corpus":0},"w":{"rows":23,"glyphs":373,"chars":397,"src_px":23499,"dest_px":23499},"m":{"reps":22,"n":15,"min":99083,"med":99210,"max":99540,"mean":99208.6,"sd":112.8},"d":{"ns_iter":4509545,"ns_px":191.90},"q":{"cv":0.11,"spread":0.46,"mhz":360.0,"outliers":0,"flags":[]},"h":"6335b160"} @@a4e48a6b@@
@@BENCH-RAW@@ {"i":57,"s":[99283,99540,99083,99301,99210,99216,99138,99105,99161,99149,99228,99294,99088,99210,99123]} @@683643c4@@
I (103356) bench: [58/71] font.skymono@9                    4509545 ns/iter  191.90 ns/px  cv 0.11%
@@BENCH-CELL@@ {"t":"cell","i":58,"id":"font.sky@13","g":"font","ax":{"fmt":"888","font":"sky","size":13.0,"ratio":1.4444,"path":"shader/pal","orient":"rotcw","mem":"psram","rend":"async2","alpha":255,"halign":0,"corpus":0},"w":{"rows":17,"glyphs":239,"chars":255,"src_px":6321,"dest_px":12530},"m":{"reps":2,"n":15,"min":112088,"med":112141,"max":112200,"mean":112139.9,"sd":32.6},"d":{"ns_iter":56070500,"ns_px":4474.90},"q":{"cv":0.03,"spread":0.10,"mhz":360.0,"outliers":0,"flags":[]},"h":"254ec85e"} @@425a47cb@@
@@BENCH-RAW@@ {"i":58,"s":[112193,112141,112088,112166,112200,112142,112164,112125,112095,112151,112113,112125,112113,112114,112169]} @@544e43c2@@
I (105296) bench: [59/71] font.sky@13                      56070500 ns/iter  4474.90 ns/px  cv 0.03%
@@BENCH-CELL@@ {"t":"cell","i":59,"id":"font.saira@36","g":"font","ax":{"fmt":"888","font":"saira_regular","size":36.0,"ratio":2.0000,"path":"blit/alpha","orient":"rotcw","mem":"psram","rend":"async2","alpha":255,"halign":0,"corpus":0},"w":{"rows":6,"glyphs":56,"chars":61,"src_px":4710,"dest_px":18840},"m":{"reps":19,"n":15,"min":93267,"med":93388,"max":93541,"mean":93404.0,"sd":77.0},"d":{"ns_iter":4915157,"ns_px":260.89},"q":{"cv":0.08,"spread":0.29,"mhz":360.0,"outliers":0,"flags":[]},"h":"972d0991"} @@7dada510@@
@@BENCH-RAW@@ {"i":59,"s":[93541,93378,93338,93375,93457,93267,93471,93525,93450,93388,93410,93368,93461,93337,93294]} @@26beedb4@@
I (106746) bench: [60/71] font.saira@36                     4915157 ns/iter  260.89 ns/px  cv 0.08%
@@BENCH-CELL@@ {"t":"cell","i":60,"id":"font.marker@22","g":"font","ax":{"fmt":"888","font":"marker","size":22.0,"ratio":1.0000,"path":"blit/alpha","orient":"rotcw","mem":"psram","rend":"async2","alpha":255,"halign":0,"corpus":0},"w":{"rows":10,"glyphs":125,"chars":136,"src_px":22847,"dest_px":22847},"m":{"reps":15,"n":15,"min":104434,"med":104558,"max":104823,"mean":104582.1,"sd":116.6},"d":{"ns_iter":6970533,"ns_px":305.10},"q":{"cv":0.11,"spread":0.37,"mhz":360.0,"outliers":0,"flags":[]},"h":"59dd778c"} @@4f5e78e9@@
@@BENCH-RAW@@ {"i":60,"s":[104752,104495,104493,104558,104508,104499,104823,104575,104807,104559,104524,104572,104642,104491,104434]} @@f3651f3d@@
I (108366) bench: [61/71] font.marker@22                    6970533 ns/iter  305.10 ns/px  cv 0.11%
@@BENCH-CELL@@ {"t":"cell","i":61,"id":"font.marker@33","g":"font","ax":{"fmt":"888","font":"marker","size":33.0,"ratio":1.5000,"path":"shader/aa","orient":"rotcw","mem":"psram","rend":"async2","alpha":255,"halign":0,"corpus":0},"w":{"rows":7,"glyphs":71,"chars":76,"src_px":13008,"dest_px":29868},"m":{"reps":1,"n":15,"min":110016,"med":110048,"max":110143,"mean":110048.5,"sd":29.2},"d":{"ns_iter":110048000,"ns_px":3684.48},"q":{"cv":0.03,"spread":0.12,"mhz":360.0,"outliers":0,"flags":[]},"h":"aed9f152"} @@d86a41c6@@
@@BENCH-RAW@@ {"i":61,"s":[110052,110061,110143,110059,110048,110018,110042,110038,110016,110052,110022,110044,110024,110048,110060]} @@39a7ab50@@
I (110486) bench: [62/71] font.marker@33                   110048000 ns/iter  3684.48 ns/px  cv 0.03%
@@BENCH-CELL@@ {"t":"cell","i":62,"id":"font.condensed@45","g":"font","ax":{"fmt":"888","font":"saira_condensed","size":45.0,"ratio":1.0000,"path":"blit/alpha","orient":"rotcw","mem":"psram","rend":"async2","alpha":255,"halign":0,"corpus":0},"w":{"rows":5,"glyphs":47,"chars":51,"src_px":19237,"dest_px":19237},"m":{"reps":19,"n":15,"min":90617,"med":90676,"max":90835,"mean":90688.2,"sd":57.6},"d":{"ns_iter":4772421,"ns_px":248.09},"q":{"cv":0.06,"spread":0.24,"mhz":360.0,"outliers":0,"flags":[]},"h":"7bcb728d"} @@76d1de7f@@
@@BENCH-RAW@@ {"i":62,"s":[90835,90712,90645,90663,90617,90649,90698,90676,90620,90627,90681,90753,90748,90670,90729]} @@798826d8@@
I (111896) bench: [63/71] font.condensed@45                 4772421 ns/iter  248.09 ns/px  cv 0.06%
@@BENCH-CELL@@ {"t":"cell","i":63,"id":"font.saira@27.noaa","g":"font","ax":{"fmt":"888","font":"saira_regular_noaa","size":27.0,"ratio":1.5000,"path":"shader/plain","orient":"rotcw","mem":"psram","rend":"async2","alpha":255,"halign":0,"corpus":0},"w":{"rows":8,"glyphs":92,"chars":100,"src_px":7701,"dest_px":18002},"m":{"reps":2,"n":13,"min":124641,"med":124694,"max":124729,"mean":124687.2,"sd":26.0},"d":{"ns_iter":62347000,"ns_px":3463.34},"q":{"cv":0.02,"spread":0.07,"mhz":360.0,"outliers":0,"flags":[]},"h":"9c31759b"} @@565744bb@@
@@BENCH-RAW@@ {"i":63,"s":[124694,124729,124658,124641,124703,124708,124710,124694,124668,124701,124658,124659,124710]} @@d919f164@@
I (113796) bench: [64/71] font.saira@27.noaa               62347000 ns/iter  3463.34 ns/px  cv 0.02%
@@BENCH-CELL@@ {"t":"cell","i":64,"id":"rend.async1","g":"rend","ax":{"fmt":"888","font":"saira_regular","size":18.0,"ratio":1.0000,"path":"blit/alpha","orient":"rotcw","mem":"psram","rend":"async1","alpha":255,"halign":0,"corpus":0},"w":{"rows":12,"glyphs":161,"chars":175,"src_px":13512,"dest_px":13512},"m":{"reps":14,"n":15,"min":101614,"med":101678,"max":101981,"mean":101725.8,"sd":100.7},"d":{"ns_iter":7262714,"ns_px":537.50},"q":{"cv":0.10,"spread":0.36,"mhz":360.0,"outliers":0,"flags":[]},"h":"de65743c"} @@0ab08ee7@@
@@BENCH-RAW@@ {"i":64,"s":[101786,101981,101614,101672,101663,101649,101678,101678,101633,101740,101621,101731,101794,101894,101753]} @@a390eea9@@
I (115386) bench: [65/71] rend.async1                       7262714 ns/iter  537.50 ns/px  cv 0.10%
@@BENCH-CELL@@ {"t":"cell","i":65,"id":"alpha.fast1.a128","g":"alpha","ax":{"fmt":"888","font":"sky","size":9.0,"ratio":1.0000,"path":"blit/alpha","orient":"rotcw","mem":"psram","rend":"async2","alpha":128,"halign":0,"corpus":0},"w":{"rows":23,"glyphs":373,"chars":397,"src_px":10135,"dest_px":10135},"m":{"reps":18,"n":15,"min":100311,"med":100373,"max":100486,"mean":100375.1,"sd":48.7},"d":{"ns_iter":5576277,"ns_px":550.20},"q":{"cv":0.05,"spread":0.17,"mhz":360.0,"outliers":0,"flags":[]},"h":"cc2eccc5"} @@f61513d2@@
@@BENCH-RAW@@ {"i":65,"s":[100387,100346,100347,100328,100395,100393,100486,100311,100350,100449,100328,100373,100323,100377,100433]} @@3058c4d6@@
I (116936) bench: [66/71] alpha.fast1.a128                  5576277 ns/iter  550.20 ns/px  cv 0.05%
@@BENCH-CELL@@ {"t":"cell","i":66,"id":"alpha.fast2.a128","g":"alpha","ax":{"fmt":"888","font":"saira_regular","size":18.0,"ratio":1.0000,"path":"blit/alpha","orient":"rotcw","mem":"psram","rend":"async2","alpha":128,"halign":0,"corpus":0},"w":{"rows":12,"glyphs":161,"chars":175,"src_px":13512,"dest_px":13512},"m":{"reps":20,"n":15,"min":94409,"med":94525,"max":94728,"mean":94536.1,"sd":94.7},"d":{"ns_iter":4726250,"ns_px":349.78},"q":{"cv":0.10,"spread":0.34,"mhz":360.0,"outliers":0,"flags":[]},"h":"012c199d"} @@98a7173d@@
@@BENCH-RAW@@ {"i":66,"s":[94728,94541,94541,94430,94525,94409,94515,94487,94727,94526,94624,94481,94607,94443,94457]} @@ee3a8436@@
I (118406) bench: [67/71] alpha.fast2.a128                  4726250 ns/iter  349.78 ns/px  cv 0.10%
@@BENCH-CELL@@ {"t":"cell","i":67,"id":"len.short","g":"len","ax":{"fmt":"888","font":"saira_regular","size":18.0,"ratio":1.0000,"path":"blit/alpha","orient":"rotcw","mem":"psram","rend":"async2","alpha":255,"halign":0,"corpus":1},"w":{"rows":12,"glyphs":82,"chars":83,"src_px":7336,"dest_px":7336},"m":{"reps":31,"n":15,"min":89991,"med":90059,"max":90251,"mean":90070.7,"sd":61.6},"d":{"ns_iter":2905129,"ns_px":396.01},"q":{"cv":0.07,"spread":0.29,"mhz":360.0,"outliers":0,"flags":[]},"h":"450061c8"} @@7859023b@@
@@BENCH-RAW@@ {"i":67,"s":[90056,90123,90120,90032,90015,90058,90251,90059,90084,90094,90082,90065,89991,89996,90034]} @@48d3e7e7@@
I (119796) bench: [68/71] len.short                         2905129 ns/iter  396.01 ns/px  cv 0.07%
@@BENCH-CELL@@ {"t":"cell","i":68,"id":"len.long","g":"len","ax":{"fmt":"888","font":"saira_regular","size":18.0,"ratio":1.0000,"path":"blit/alpha","orient":"rotcw","mem":"psram","rend":"async2","alpha":255,"halign":0,"corpus":2},"w":{"rows":12,"glyphs":273,"chars":315,"src_px":22206,"dest_px":22206},"m":{"reps":14,"n":15,"min":106838,"med":107000,"max":107310,"mean":107038.5,"sd":130.0},"d":{"ns_iter":7642857,"ns_px":344.18},"q":{"cv":0.12,"spread":0.44,"mhz":360.0,"outliers":0,"flags":[]},"h":"504a97ad"} @@a9e3233a@@
@@BENCH-RAW@@ {"i":68,"s":[107310,107039,107076,106985,106991,106952,107107,106904,106907,106838,107158,107000,107106,107271,106933]} @@fec488d0@@
I (121456) bench: [69/71] len.long                          7642857 ns/iter  344.18 ns/px  cv 0.12%
@@BENCH-CELL@@ {"t":"cell","i":69,"id":"align.center","g":"align","ax":{"fmt":"888","font":"saira_regular","size":18.0,"ratio":1.0000,"path":"blit/alpha","orient":"rotcw","mem":"psram","rend":"async2","alpha":255,"halign":1,"corpus":0},"w":{"rows":12,"glyphs":161,"chars":175,"src_px":13512,"dest_px":13512},"m":{"reps":20,"n":15,"min":95029,"med":95257,"max":95451,"mean":95248.4,"sd":113.0},"d":{"ns_iter":4762850,"ns_px":352.49},"q":{"cv":0.12,"spread":0.44,"mhz":360.0,"outliers":0,"flags":[]},"h":"4f91d280"} @@92d3b3c8@@
@@BENCH-RAW@@ {"i":69,"s":[95165,95257,95321,95029,95277,95250,95239,95289,95176,95360,95382,95451,95053,95321,95156]} @@840eda22@@
I (122936) bench: [70/71] align.center                      4762850 ns/iter  352.49 ns/px  cv 0.12%
@@BENCH-CELL@@ {"t":"cell","i":70,"id":"drift.last","g":"drift","ax":{"fmt":"888","font":"saira_regular","size":18.0,"ratio":1.0000,"path":"blit/alpha","orient":"rotcw","mem":"psram","rend":"async2","alpha":255,"halign":0,"corpus":0},"w":{"rows":12,"glyphs":161,"chars":175,"src_px":13512,"dest_px":13512},"m":{"reps":20,"n":15,"min":94384,"med":94521,"max":94718,"mean":94540.8,"sd":88.2},"d":{"ns_iter":4726050,"ns_px":349.77},"q":{"cv":0.09,"spread":0.35,"mhz":360.0,"outliers":0,"flags":[]},"h":"de65743c"} @@461fe45c@@
@@BENCH-RAW@@ {"i":70,"s":[94696,94521,94434,94556,94718,94466,94475,94501,94506,94582,94384,94554,94521,94561,94637]} @@d8174f3f@@
I (124406) bench: [71/71] drift.last                        4726050 ns/iter  349.77 ns/px  cv 0.09%
@@BENCH-END@@ {"t":"end","cells":71,"total_us":117843135,"status":"ok"} @@468e03fb@@
