@@BENCH-BEGIN@@ {"t":"begin","schema":1,"cells":71,"boot_us":4877685,"reset":3,"build":{"app_git":"aaefa9438429","app_dirty":false,"app_branch":"main","pax_git":"9506b879fffd","pax_dirty":false,"pax_branch":"opt/text-rendering","idf":"v6.0.2","opt":"Os","app_ver":"aaefa94","app_date":"Aug 20 2026 14:13:24"},"hw":{"chip":"esp32p4","rev":103,"cores":2,"cpu_mhz_nom":360,"cpu_mhz_meas":359.99,"l2_kb":128,"l2_line":64,"psram":true},"cfg":{"pm_enable":true,"pm_lock":true,"tick_hz":100,"wdt":false,"pax":{"bounds_check":false,"orientation":true,"async":"multithread","range_setter":true,"range_merger":true,"fixed_point":true,"long_fixed_point":true,"queue_size":32,"sso_len":32}},"mem":{"tile_dim":256,"int_addr":"0x4ff40700","psram_addr":"0x4811a900","int_free":338643,"int_largest":192512,"psram_free":30524228},"bench":{"n_samples":15,"warmup":2,"target_sample_us":110000,"cell_budget_us":2000000,"corpus_ver":1,"join_placement":"per_sample","driver_core":0,"driver_prio":5,"scrub_bytes":524288}} @@886bf08c@@
@@BENCH-CELL@@ {"t":"cell","i":0,"id":"drift.first","g":"drift","ax":{"fmt":"888","font":"saira_regular","size":18.0,"ratio":1.0000,"path":"blit/alpha","orient":"rotcw","mem":"psram","rend":"async2","alpha":255,"halign":0,"corpus":0},"w":{"rows":12,"glyphs":161,"chars":175,"src_px":13512,"dest_px":13512},"m":{"reps":27,"n":15,"min":90702,"med":90882,"max":91019,"mean":90865.9,"sd":84.0},"d":{"ns_iter":3366000,"ns_px":249.11},"q":{"cv":0.09,"spread":0.35,"mhz":360.0,"outliers":0,"flags":[]},"h":"de65743c"} @@194a6b85@@
@@BENCH-RAW@@ {"i":0,"s":[90795,90721,90845,90882,90785,90886,90702,90887,90900,91019,90863,90876,90911,90933,90983]} @@a6f8305e@@
I (7514) bench: [1/71] drift.first                       3366000 ns/iter  249.11 ns/px  cv 0.09%
@@BENCH-CELL@@ {"t":"cell","i":1,"id":"c565.fast1.upright.psram.sync","g":"cube","ax":{"fmt":"565","font":"sky","size":9.0,"ratio":1.0000,"path":"blit/direct","orient":"upright","mem":"psram","rend":"sync","alpha":255,"halign":0,"corpus":0},"w":{"rows":23,"glyphs":373,"chars":397,"src_px":10135,"dest_px":10135},"m":{"reps":43,"n":15,"min":85181,"med":85291,"max":85521,"mean":85288.4,"sd":76.9},"d":{"ns_iter":1983511,"ns_px":195.71},"q":{"cv":0.09,"spread":0.40,"mhz":360.0,"outliers":0,"flags":[]},"h":"16b7abd1"} @@3c41fa6c@@
@@BENCH-RAW@@ {"i":1,"s":[85521,85223,85226,85207,85181,85331,85303,85307,85332,85326,85277,85295,85254,85252,85291]} @@06565cd8@@
I (8824) bench: [2/71] c565.fast1.upright.psram.sync     1983511 ns/iter  195.71 ns/px  cv 0.09%
@@BENCH-CELL@@ {"t":"cell","i":2,"id":"c565.fast1.upright.psram.async2","g":"cube","ax":{"fmt":"565","font":"sky","size":9.0,"ratio":1.0000,"path":"blit/direct","orient":"upright","mem":"psram","rend":"async2","alpha":255,"halign":0,"corpus":0},"w":{"rows":23,"glyphs":373,"chars":397,"src_px":10135,"dest_px":10135},"m":{"reps":28,"n":15,"min":102939,"med":103218,"max":103396,"mean":103222.1,"sd":103.2},"d":{"ns_iter":3686357,"ns_px":363.73},"q":{"cv":0.10,"spread":0.44,"mhz":360.0,"outliers":0,"flags":[]},"h":"16b7abd1"} @@9af33ce7@@
@@BENCH-RAW@@ {"i":2,"s":[103330,103396,103130,103310,103288,103218,103160,103310,103183,103197,103200,103263,102939,103189,103218]} @@d8b3e19c@@
I (10414) bench: [3/71] c565.fast1.upright.psram.async2   3686357 ns/iter  363.73 ns/px  cv 0.10%
@@BENCH-CELL@@ {"t":"cell","i":3,"id":"c565.fast1.upright.sram.sync","g":"cube","ax":{"fmt":"565","font":"sky","size":9.0,"ratio":1.0000,"path":"blit/direct","orient":"upright","mem":"sram","rend":"sync","alpha":255,"halign":0,"corpus":0},"w":{"rows":23,"glyphs":373,"chars":397,"src_px":10135,"dest_px":10135},"m":{"reps":51,"n":15,"min":101011,"med":101195,"max":101536,"mean":101224.1,"sd":145.7},"d":{"ns_iter":1984215,"ns_px":195.78},"q":{"cv":0.14,"spread":0.52,"mhz":360.0,"outliers":0,"flags":[]},"h":"16b7abd1"} @@cebad776@@
@@BENCH-RAW@@ {"i":3,"s":[101453,101418,101536,101299,101097,101172,101034,101195,101011,101288,101205,101144,101120,101173,101217]} @@917a62cf@@
I (11964) bench: [4/71] c565.fast1.upright.sram.sync      1984215 ns/iter  195.78 ns/px  cv 0.14%
@@BENCH-CELL@@ {"t":"cell","i":4,"id":"c565.fast1.upright.sram.async2","g":"cube","ax":{"fmt":"565","font":"sky","size":9.0,"ratio":1.0000,"path":"blit/direct","orient":"upright","mem":"sram","rend":"async2","alpha":255,"halign":0,"corpus":0},"w":{"rows":23,"glyphs":373,"chars":397,"src_px":10135,"dest_px":10135},"m":{"reps":30,"n":15,"min":110070,"med":110228,"max":110536,"mean":110235.3,"sd":114.6},"d":{"ns_iter":3674266,"ns_px":362.53},"q":{"cv":0.10,"spread":0.42,"mhz":360.0,"outliers":0,"flags":[]},"h":"16b7abd1"} @@4d807600@@
@@BENCH-RAW@@ {"i":4,"s":[110536,110365,110305,110263,110211,110070,110122,110303,110140,110179,110077,110228,110269,110239,110222]} @@f5538234@@
I (13644) bench: [5/71] c565.fast1.upright.sram.async2    3674266 ns/iter  362.53 ns/px  cv 0.10%
@@BENCH-CELL@@ {"t":"cell","i":5,"id":"c565.fast1.rotcw.psram.sync","g":"cube","ax":{"fmt":"565","font":"sky","size":9.0,"ratio":1.0000,"path":"blit/direct","orient":"rotcw","mem":"psram","rend":"sync","alpha":255,"halign":0,"corpus":0},"w":{"rows":23,"glyphs":373,"chars":397,"src_px":10135,"dest_px":10135},"m":{"reps":38,"n":15,"min":76469,"med":76742,"max":76970,"mean":76701.5,"sd":163.0},"d":{"ns_iter":2019526,"ns_px":199.26},"q":{"cv":0.21,"spread":0.65,"mhz":360.0,"outliers":0,"flags":[]},"h":"70d20c11"} @@089d9e7b@@
@@BENCH-RAW@@ {"i":5,"s":[76909,76840,76742,76656,76933,76970,76798,76747,76749,76576,76542,76488,76615,76489,76469]} @@67e234ad@@
I (14834) bench: [6/71] c565.fast1.rotcw.psram.sync       2019526 ns/iter  199.26 ns/px  cv 0.21%
@@BENCH-CELL@@ {"t":"cell","i":6,"id":"c565.fast1.rotcw.psram.async2","g":"cube","ax":{"fmt":"565","font":"sky","size":9.0,"ratio":1.0000,"path":"blit/direct","orient":"rotcw","mem":"psram","rend":"async2","alpha":255,"halign":0,"corpus":0},"w":{"rows":23,"glyphs":373,"chars":397,"src_px":10135,"dest_px":10135},"m":{"reps":25,"n":15,"min":95724,"med":95902,"max":96052,"mean":95903.7,"sd":80.0},"d":{"ns_iter":3836080,"ns_px":378.50},"q":{"cv":0.08,"spread":0.34,"mhz":360.0,"outliers":0,"flags":[]},"h":"70d20c11"} @@d3493baa@@
@@BENCH-RAW@@ {"i":6,"s":[95894,95724,96052,95943,95874,95951,95963,95902,95871,95856,95903,96009,95966,95858,95790]} @@f2181fef@@
I (16304) bench: [7/71] c565.fast1.rotcw.psram.async2     3836080 ns/iter  378.50 ns/px  cv 0.08%
@@BENCH-CELL@@ {"t":"cell","i":7,"id":"c565.fast1.rotcw.sram.sync","g":"cube","ax":{"fmt":"565","font":"sky","size":9.0,"ratio":1.0000,"path":"blit/direct","orient":"rotcw","mem":"sram","rend":"sync","alpha":255,"halign":0,"corpus":0},"w":{"rows":23,"glyphs":373,"chars":397,"src_px":10135,"dest_px":10135},"m":{"reps":50,"n":15,"min":100582,"med":100648,"max":100739,"mean":100655.8,"sd":47.6},"d":{"ns_iter":2012960,"ns_px":198.61},"q":{"cv":0.05,"spread":0.16,"mhz":360.0,"outliers":0,"flags":[]},"h":"70d20c11"} @@0201bd0f@@
@@BENCH-RAW@@ {"i":7,"s":[100613,100582,100623,100618,100641,100637,100593,100680,100648,100676,100730,100739,100655,100734,100668]} @@bb40a251@@
I (17844) bench: [8/71] c565.fast1.rotcw.sram.sync        2012960 ns/iter  198.61 ns/px  cv 0.05%
@@BENCH-CELL@@ {"t":"cell","i":8,"id":"c565.fast1.rotcw.sram.async2","g":"cube","ax":{"fmt":"565","font":"sky","size":9.0,"ratio":1.0000,"path":"blit/direct","orient":"rotcw","mem":"sram","rend":"async2","alpha":255,"halign":0,"corpus":0},"w":{"rows":23,"glyphs":373,"chars":397,"src_px":10135,"dest_px":10135},"m":{"reps":29,"n":15,"min":110401,"med":110629,"max":110776,"mean":110630.4,"sd":110.2},"d":{"ns_iter":3814793,"ns_px":376.40},"q":{"cv":0.10,"spread":0.34,"mhz":360.0,"outliers":0,"flags":[]},"h":"70d20c11"} @@a7bbace1@@
@@BENCH-RAW@@ {"i":8,"s":[110751,110611,110699,110753,110776,110754,110589,110711,110629,110488,110484,110401,110652,110543,110615]} @@2de73a53@@
I (19544) bench: [9/71] c565.fast1.rotcw.sram.async2      3814793 ns/iter  376.40 ns/px  cv 0.10%
@@BENCH-CELL@@ {"t":"cell","i":9,"id":"c565.fast2.upright.psram.sync","g":"cube","ax":{"fmt":"565","font":"saira_regular","size":18.0,"ratio":1.0000,"path":"blit/alpha","orient":"upright","mem":"psram","rend":"sync","alpha":255,"halign":0,"corpus":0},"w":{"rows":12,"glyphs":161,"chars":175,"src_px":13512,"dest_px":13512},"m":{"reps":29,"n":15,"min":93535,"med":93598,"max":93653,"mean":93597.0,"sd":29.5},"d":{"ns_iter":3227517,"ns_px":238.86},"q":{"cv":0.03,"spread":0.13,"mhz":360.0,"outliers":0,"flags":[]},"h":"ecacce31"} @@940e8703@@
@@BENCH-RAW@@ {"i":9,"s":[93629,93595,93588,93598,93600,93653,93609,93632,93619,93535,93564,93574,93614,93571,93574]} @@c5de0563@@
I (20984) bench: [10/71] c565.fast2.upright.psram.sync     3227517 ns/iter  238.86 ns/px  cv 0.03%
@@BENCH-CELL@@ {"t":"cell","i":10,"id":"c565.fast2.upright.psram.async2","g":"cube","ax":{"fmt":"565","font":"saira_regular","size":18.0,"ratio":1.0000,"path":"blit/alpha","orient":"upright","mem":"psram","rend":"async2","alpha":255,"halign":0,"corpus":0},"w":{"rows":12,"glyphs":161,"chars":175,"src_px":13512,"dest_px":13512},"m":{"reps":31,"n":15,"min":95923,"med":96076,"max":96173,"mean":96074.7,"sd":62.3},"d":{"ns_iter":3099225,"ns_px":229.37},"q":{"cv":0.06,"spread":0.26,"mhz":360.0,"outliers":0,"flags":[]},"h":"ecacce31"} @@88cc8d3f@@
@@BENCH-RAW@@ {"i":10,"s":[95923,96001,96080,96052,96107,96070,96050,96173,96167,96130,96118,96092,96076,96010,96072]} @@093fb552@@
I (22454) bench: [11/71] c565.fast2.upright.psram.async2   3099225 ns/iter  229.37 ns/px  cv 0.06%
@@BENCH-CELL@@ {"t":"cell","i":11,"id":"c565.fast2.upright.sram.sync","g":"cube","ax":{"fmt":"565","font":"saira_regular","size":18.0,"ratio":1.0000,"path":"blit/alpha","orient":"upright","mem":"sram","rend":"sync","alpha":255,"halign":0,"corpus":0},"w":{"rows":12,"glyphs":161,"chars":175,"src_px":13512,"dest_px":13512},"m":{"reps":32,"n":15,"min":103167,"med":103250,"max":103296,"mean":103245.3,"sd":33.2},"d":{"ns_iter":3226562,"ns_px":238.79},"q":{"cv":0.03,"spread":0.12,"mhz":360.0,"outliers":0,"flags":[]},"h":"ecacce31"} @@f595267b@@
@@BENCH-RAW@@ {"i":11,"s":[103215,103167,103205,103242,103226,103250,103296,103232,103234,103258,103284,103292,103268,103254,103257]} @@c66662d2@@
I (24034) bench: [12/71] c565.fast2.upright.sram.sync      3226562 ns/iter  238.79 ns/px  cv 0.03%
@@BENCH-CELL@@ {"t":"cell","i":12,"id":"c565.fast2.upright.sram.async2","g":"cube","ax":{"fmt":"565","font":"saira_regular","size":18.0,"ratio":1.0000,"path":"blit/alpha","orient":"upright","mem":"sram","rend":"async2","alpha":255,"halign":0,"corpus":0},"w":{"rows":12,"glyphs":161,"chars":175,"src_px":13512,"dest_px":13512},"m":{"reps":33,"n":15,"min":102144,"med":102285,"max":102337,"mean":102262.1,"sd":61.6},"d":{"ns_iter":3099545,"ns_px":229.39},"q":{"cv":0.06,"spread":0.19,"mhz":360.0,"outliers":0,"flags":[]},"h":"ecacce31"} @@54b16af2@@
@@BENCH-RAW@@ {"i":12,"s":[102298,102144,102168,102187,102293,102326,102337,102210,102317,102285,102313,102234,102327,102213,102280]} @@6d2bf0da@@
I (25604) bench: [13/71] c565.fast2.upright.sram.async2    3099545 ns/iter  229.39 ns/px  cv 0.06%
@@BENCH-CELL@@ {"t":"cell","i":13,"id":"c565.fast2.rotcw.psram.sync","g":"cube","ax":{"fmt":"565","font":"saira_regular","size":18.0,"ratio":1.0000,"path":"blit/alpha","orient":"rotcw","mem":"psram","rend":"sync","alpha":255,"halign":0,"corpus":0},"w":{"rows":12,"glyphs":161,"chars":175,"src_px":13512,"dest_px":13512},"m":{"reps":26,"n":15,"min":85528,"med":85657,"max":85791,"mean":85652.9,"sd":57.0},"d":{"ns_iter":3294500,"ns_px":243.82},"q":{"cv":0.07,"spread":0.31,"mhz":360.0,"outliers":0,"flags":[]},"h":"70889db9"} @@21ab2bd5@@
@@BENCH-RAW@@ {"i":13,"s":[85528,85592,85624,85646,85665,85651,85791,85663,85671,85590,85640,85657,85700,85689,85687]} @@85a208e4@@
I (26924) bench: [14/71] c565.fast2.rotcw.psram.sync       3294500 ns/iter  243.82 ns/px  cv 0.07%
@@BENCH-CELL@@ {"t":"cell","i":14,"id":"c565.fast2.rotcw.psram.async2","g":"cube","ax":{"fmt":"565","font":"saira_regular","size":18.0,"ratio":1.0000,"path":"blit/alpha","orient":"rotcw","mem":"psram","rend":"async2","alpha":255,"halign":0,"corpus":0},"w":{"rows":12,"glyphs":161,"chars":175,"src_px":13512,"dest_px":13512},"m":{"reps":28,"n":15,"min":90909,"med":91046,"max":91152,"mean":91030.8,"sd":77.2},"d":{"ns_iter":3251642,"ns_px":240.65},"q":{"cv":0.08,"spread":0.27,"mhz":360.0,"outliers":0,"flags":[]},"h":"70889db9"} @@1ddde170@@
@@BENCH-RAW@@ {"i":14,"s":[90909,91100,91115,91152,91046,91075,91152,90963,91058,90994,91054,90954,91016,90929,90945]} @@7e0ace0f@@
I (28324) bench: [15/71] c565.fast2.rotcw.psram.async2     3251642 ns/iter  240.65 ns/px  cv 0.08%
@@BENCH-CELL@@ {"t":"cell","i":15,"id":"c565.fast2.rotcw.sram.sync","g":"cube","ax":{"fmt":"565","font":"saira_regular","size":18.0,"ratio":1.0000,"path":"blit/alpha","orient":"rotcw","mem":"sram","rend":"sync","alpha":255,"halign":0,"corpus":0},"w":{"rows":12,"glyphs":161,"chars":175,"src_px":13512,"dest_px":13512},"m":{"reps":32,"n":15,"min":104807,"med":104881,"max":105030,"mean":104906.8,"sd":79.9},"d":{"ns_iter":3277531,"ns_px":242.56},"q":{"cv":0.08,"spread":0.21,"mhz":360.0,"outliers":0,"flags":[]},"h":"70889db9"} @@1f490389@@
@@BENCH-RAW@@ {"i":15,"s":[104859,104974,104967,105007,104996,105006,105030,104833,104927,104854,104807,104816,104838,104881,104807]} @@023ac643@@
I (29934) bench: [16/71] c565.fast2.rotcw.sram.sync        3277531 ns/iter  242.56 ns/px  cv 0.08%
@@BENCH-CELL@@ {"t":"cell","i":16,"id":"c565.fast2.rotcw.sram.async2","g":"cube","ax":{"fmt":"565","font":"saira_regular","size":18.0,"ratio":1.0000,"path":"blit/alpha","orient":"rotcw","mem":"sram","rend":"async2","alpha":255,"halign":0,"corpus":0},"w":{"rows":12,"glyphs":161,"chars":175,"src_px":13512,"dest_px":13512},"m":{"reps":33,"n":15,"min":105676,"med":105783,"max":105892,"mean":105786.7,"sd":57.0},"d":{"ns_iter":3205545,"ns_px":237.24},"q":{"cv":0.05,"spread":0.20,"mhz":360.0,"outliers":0,"flags":[]},"h":"70889db9"} @@0713b47c@@
@@BENCH-RAW@@ {"i":16,"s":[105731,105777,105892,105764,105774,105676,105843,105708,105804,105799,105810,105783,105797,105887,105756]} @@c70d0866@@
I (31554) bench: [17/71] c565.fast2.rotcw.sram.async2      3205545 ns/iter  237.24 ns/px  cv 0.05%
@@BENCH-CELL@@ {"t":"cell","i":17,"id":"c565.shader.upright.psram.sync","g":"cube","ax":{"fmt":"565","font":"saira_regular","size":27.0,"ratio":1.5000,"path":"shader/aa","orient":"upright","mem":"psram","rend":"sync","alpha":255,"halign":0,"corpus":0},"w":{"rows":8,"glyphs":92,"chars":100,"src_px":7701,"dest_px":18002},"m":{"reps":4,"n":12,"min":138492,"med":138908,"max":138990,"mean":138795.8,"sd":185.9},"d":{"ns_iter":34727000,"ns_px":1929.06},"q":{"cv":0.13,"spread":0.36,"mhz":360.0,"outliers":0,"flags":[]},"h":"f8db19ed"} @@d0613299@@
@@BENCH-RAW@@ {"i":17,"s":[138973,138990,138968,138809,138921,138886,138908,138527,138594,138556,138492,138925]} @@d30739a8@@
I (33384) bench: [18/71] c565.shader.upright.psram.sync   34727000 ns/iter  1929.06 ns/px  cv 0.13%
@@BENCH-CELL@@ {"t":"cell","i":18,"id":"c565.shader.upright.psram.async2","g":"cube","ax":{"fmt":"565","font":"saira_regular","size":27.0,"ratio":1.5000,"path":"shader/aa","orient":"upright","mem":"psram","rend":"async2","alpha":255,"halign":0,"corpus":0},"w":{"rows":8,"glyphs":92,"chars":100,"src_px":7701,"dest_px":18002},"m":{"reps":6,"n":14,"min":113412,"med":113778,"max":113893,"mean":113754.1,"sd":119.7},"d":{"ns_iter":18963000,"ns_px":1053.38},"q":{"cv":0.11,"spread":0.42,"mhz":360.0,"outliers":0,"flags":[]},"h":"f8db19ed"} @@229ced61@@
@@BENCH-RAW@@ {"i":18,"s":[113893,113804,113778,113412,113692,113841,113765,113833,113826,113733,113879,113747,113750,113605]} @@56a96f2a@@
I (35074) bench: [19/71] c565.shader.upright.psram.async2 18963000 ns/iter  1053.38 ns/px  cv 0.11%
@@BENCH-CELL@@ {"t":"cell","i":19,"id":"c565.shader.upright.sram.sync","g":"cube","ax":{"fmt":"565","font":"saira_regular","size":27.0,"ratio":1.5000,"path":"shader/aa","orient":"upright","mem":"sram","rend":"sync","alpha":255,"halign":0,"corpus":0},"w":{"rows":8,"glyphs":92,"chars":100,"src_px":7701,"dest_px":18002},"m":{"reps":4,"n":12,"min":138581,"med":138696,"max":138868,"mean":138706.3,"sd":81.7},"d":{"ns_iter":34674000,"ns_px":1926.12},"q":{"cv":0.06,"spread":0.21,"mhz":360.0,"outliers":0,"flags":[]},"h":"f8db19ed"} @@1eca0680@@
@@BENCH-RAW@@ {"i":19,"s":[138672,138647,138696,138838,138752,138868,138735,138581,138649,138623,138746,138669]} @@a1c2c805@@
I (36904) bench: [20/71] c565.shader.upright.sram.sync    34674000 ns/iter  1926.12 ns/px  cv 0.06%
@@BENCH-CELL@@ {"t":"cell","i":20,"id":"c565.shader.upright.sram.async2","g":"cube","ax":{"fmt":"565","font":"saira_regular","size":27.0,"ratio":1.5000,"path":"shader/aa","orient":"upright","mem":"sram","rend":"async2","alpha":255,"halign":0,"corpus":0},"w":{"rows":8,"glyphs":92,"chars":100,"src_px":7701,"dest_px":18002},"m":{"reps":6,"n":15,"min":113349,"med":113610,"max":113924,"mean":113649.8,"sd":135.6},"d":{"ns_iter":18935000,"ns_px":1051.83},"q":{"cv":0.12,"spread":0.51,"mhz":360.0,"outliers":0,"flags":[]},"h":"f8db19ed"} @@2520fbe3@@
@@BENCH-RAW@@ {"i":20,"s":[113659,113768,113719,113871,113567,113610,113605,113924,113596,113524,113715,113349,113589,113581,113670]} @@d4a1463f@@
I (38704) bench: [21/71] c565.shader.upright.sram.async2  18935000 ns/iter  1051.83 ns/px  cv 0.12%
@@BENCH-CELL@@ {"t":"cell","i":21,"id":"c565.shader.rotcw.psram.sync","g":"cube","ax":{"fmt":"565","font":"saira_regular","size":27.0,"ratio":1.5000,"path":"shader/aa","orient":"rotcw","mem":"psram","rend":"sync","alpha":255,"halign":0,"corpus":0},"w":{"rows":8,"glyphs":92,"chars":100,"src_px":7701,"dest_px":18002},"m":{"reps":3,"n":15,"min":109458,"med":109483,"max":109806,"mean":109529.6,"sd":99.7},"d":{"ns_iter":36494333,"ns_px":2027.24},"q":{"cv":0.09,"spread":0.32,"mhz":360.0,"outliers":0,"flags":[]},"h":"796ae951"} @@a64ee5a3@@
@@BENCH-RAW@@ {"i":21,"s":[109620,109806,109710,109466,109465,109462,109508,109458,109483,109478,109472,109543,109509,109467,109497]} @@180f8813@@
I (40514) bench: [22/71] c565.shader.rotcw.psram.sync     36494333 ns/iter  2027.24 ns/px  cv 0.09%
@@BENCH-CELL@@ {"t":"cell","i":22,"id":"c565.shader.rotcw.psram.async2","g":"cube","ax":{"fmt":"565","font":"saira_regular","size":27.0,"ratio":1.5000,"path":"shader/aa","orient":"rotcw","mem":"psram","rend":"async2","alpha":255,"halign":0,"corpus":0},"w":{"rows":8,"glyphs":92,"chars":100,"src_px":7701,"dest_px":18002},"m":{"reps":6,"n":13,"min":122927,"med":123028,"max":123189,"mean":123034.5,"sd":72.0},"d":{"ns_iter":20504666,"ns_px":1139.02},"q":{"cv":0.06,"spread":0.21,"mhz":360.0,"outliers":0,"flags":[]},"h":"796ae951"} @@6e932bc3@@
@@BENCH-RAW@@ {"i":22,"s":[123013,123038,123119,123097,123189,122972,123028,123110,123029,122980,122927,122982,122964]} @@581bf72e@@
I (42224) bench: [23/71] c565.shader.rotcw.psram.async2   20504666 ns/iter  1139.02 ns/px  cv 0.06%
@@BENCH-CELL@@ {"t":"cell","i":23,"id":"c565.shader.rotcw.sram.sync","g":"cube","ax":{"fmt":"565","font":"saira_regular","size":27.0,"ratio":1.5000,"path":"shader/aa","orient":"rotcw","mem":"sram","rend":"sync","alpha":255,"halign":0,"corpus":0},"w":{"rows":8,"glyphs":92,"chars":100,"src_px":7701,"dest_px":18002},"m":{"reps":3,"n":15,"min":108818,"med":108873,"max":108959,"mean":108867.9,"sd":38.5},"d":{"ns_iter":36291000,"ns_px":2015.94},"q":{"cv":0.04,"spread":0.13,"mhz":360.0,"outliers":0,"flags":[]},"h":"796ae951"} @@878c798f@@
@@BENCH-RAW@@ {"i":23,"s":[108821,108839,108825,108818,108830,108847,108850,108901,108959,108906,108888,108885,108873,108899,108878]} @@d2f1b447@@
I (44024) bench: [24/71] c565.shader.rotcw.sram.sync      36291000 ns/iter  2015.94 ns/px  cv 0.04%
@@BENCH-CELL@@ {"t":"cell","i":24,"id":"c565.shader.rotcw.sram.async2","g":"cube","ax":{"fmt":"565","font":"saira_regular","size":27.0,"ratio":1.5000,"path":"shader/aa","orient":"rotcw","mem":"sram","rend":"async2","alpha":255,"halign":0,"corpus":0},"w":{"rows":8,"glyphs":92,"chars":100,"src_px":7701,"dest_px":18002},"m":{"reps":6,"n":14,"min":120981,"med":121065,"max":121303,"mean":121075.9,"sd":81.3},"d":{"ns_iter":20177500,"ns_px":1120.85},"q":{"cv":0.07,"spread":0.27,"mhz":360.0,"outliers":0,"flags":[]},"h":"796ae951"} @@f6771598@@
@@BENCH-RAW@@ {"i":24,"s":[121026,120981,121106,120994,121036,120990,121062,121077,121065,121033,121136,121158,121303,121096]} @@190d5fe6@@
I (45814) bench: [25/71] c565.shader.rotcw.sram.async2    20177500 ns/iter  1120.85 ns/px  cv 0.07%
@@BENCH-CELL@@ {"t":"cell","i":25,"id":"c888.fast1.upright.psram.sync","g":"cube","ax":{"fmt":"888","font":"sky","size":9.0,"ratio":1.0000,"path":"blit/direct","orient":"upright","mem":"psram","rend":"sync","alpha":255,"halign":0,"corpus":0},"w":{"rows":23,"glyphs":373,"chars":397,"src_px":10135,"dest_px":10135},"m":{"reps":40,"n":15,"min":84283,"med":84575,"max":84804,"mean":84561.4,"sd":157.1},"d":{"ns_iter":2114375,"ns_px":208.62},"q":{"cv":0.19,"spread":0.62,"mhz":360.0,"outliers":0,"flags":[]},"h":"601bd481"} @@a10be517@@
@@BENCH-RAW@@ {"i":25,"s":[84757,84788,84804,84655,84655,84643,84579,84441,84575,84540,84547,84466,84364,84283,84324]} @@97520169@@
I (47124) bench: [26/71] c888.fast1.upright.psram.sync     2114375 ns/iter  208.62 ns/px  cv 0.19%
@@BENCH-CELL@@ {"t":"cell","i":26,"id":"c888.fast1.upright.psram.async2","g":"cube","ax":{"fmt":"888","font":"sky","size":9.0,"ratio":1.0000,"path":"blit/direct","orient":"upright","mem":"psram","rend":"async2","alpha":255,"halign":0,"corpus":0},"w":{"rows":23,"glyphs":373,"chars":397,"src_px":10135,"dest_px":10135},"m":{"reps":27,"n":15,"min":100459,"med":100668,"max":100773,"mean":100666.3,"sd":90.1},"d":{"ns_iter":3728444,"ns_px":367.88},"q":{"cv":0.09,"spread":0.31,"mhz":360.0,"outliers":0,"flags":[]},"h":"601bd481"} @@800cd8cf@@
@@BENCH-RAW@@ {"i":26,"s":[100511,100752,100648,100668,100738,100762,100743,100640,100687,100584,100627,100459,100658,100744,100773]} @@2c0be14e@@
I (48674) bench: [27/71] c888.fast1.upright.psram.async2   3728444 ns/iter  367.88 ns/px  cv 0.09%
@@BENCH-CELL@@ {"t":"cell","i":27,"id":"c888.fast1.upright.sram.sync","g":"cube","ax":{"fmt":"888","font":"sky","size":9.0,"ratio":1.0000,"path":"blit/direct","orient":"upright","mem":"sram","rend":"sync","alpha":255,"halign":0,"corpus":0},"w":{"rows":23,"glyphs":373,"chars":397,"src_px":10135,"dest_px":10135},"m":{"reps":48,"n":15,"min":101422,"med":101533,"max":101716,"mean":101557.9,"sd":97.2},"d":{"ns_iter":2115270,"ns_px":208.71},"q":{"cv":0.10,"spread":0.29,"mhz":360.0,"outliers":0,"flags":[]},"h":"601bd481"} @@6d368604@@
@@BENCH-RAW@@ {"i":27,"s":[101716,101630,101448,101452,101449,101590,101506,101662,101706,101422,101465,101626,101639,101525,101533]} @@93f4bc6a@@
I (50224) bench: [28/71] c888.fast1.upright.sram.sync      2115270 ns/iter  208.71 ns/px  cv 0.10%
@@BENCH-CELL@@ {"t":"cell","i":28,"id":"c888.fast1.upright.sram.async2","g":"cube","ax":{"fmt":"888","font":"sky","size":9.0,"ratio":1.0000,"path":"blit/direct","orient":"upright","mem":"sram","rend":"async2","alpha":255,"halign":0,"corpus":0},"w":{"rows":23,"glyphs":373,"chars":397,"src_px":10135,"dest_px":10135},"m":{"reps":30,"n":15,"min":111846,"med":112006,"max":112258,"mean":112004.7,"sd":110.6},"d":{"ns_iter":3733533,"ns_px":368.38},"q":{"cv":0.10,"spread":0.37,"mhz":360.0,"outliers":0,"flags":[]},"h":"601bd481"} @@9d0be032@@
@@BENCH-RAW@@ {"i":28,"s":[111957,111846,111888,112258,112149,111954,111912,112045,112006,112115,112043,112045,112068,111894,111890]} @@9b6c8ad8@@
I (51944) bench: [29/71] c888.fast1.upright.sram.async2    3733533 ns/iter  368.38 ns/px  cv 0.10%
@@BENCH-CELL@@ {"t":"cell","i":29,"id":"c888.fast1.rotcw.psram.sync","g":"cube","ax":{"fmt":"888","font":"sky","size":9.0,"ratio":1.0000,"path":"blit/direct","orient":"rotcw","mem":"psram","rend":"sync","alpha":255,"halign":0,"corpus":0},"w":{"rows":23,"glyphs":373,"chars":397,"src_px":10135,"dest_px":10135},"m":{"reps":35,"n":15,"min":83846,"med":83994,"max":84237,"mean":83999.7,"sd":94.5},"d":{"ns_iter":2399828,"ns_px":236.79},"q":{"cv":0.11,"spread":0.47,"mhz":360.0,"outliers":0,"flags":[]},"h":"333c04c9"} @@80c16347@@
@@BENCH-RAW@@ {"i":29,"s":[83916,83999,84129,83994,84062,84051,83911,84001,83959,84237,83931,83948,83846,83947,84064]} @@4b5b7fed@@
I (53244) bench: [30/71] c888.fast1.rotcw.psram.sync       2399828 ns/iter  236.79 ns/px  cv 0.11%
@@BENCH-CELL@@ {"t":"cell","i":30,"id":"c888.fast1.rotcw.psram.async2","g":"cube","ax":{"fmt":"888","font":"sky","size":9.0,"ratio":1.0000,"path":"blit/direct","orient":"rotcw","mem":"psram","rend":"async2","alpha":255,"halign":0,"corpus":0},"w":{"rows":23,"glyphs":373,"chars":397,"src_px":10135,"dest_px":10135},"m":{"reps":24,"n":15,"min":98738,"med":98912,"max":99175,"mean":98922.5,"sd":115.2},"d":{"ns_iter":4121333,"ns_px":406.64},"q":{"cv":0.12,"spread":0.44,"mhz":360.0,"outliers":0,"flags":[]},"h":"333c04c9"} @@010edcb1@@
@@BENCH-RAW@@ {"i":30,"s":[99134,98865,98777,98892,98858,99175,99008,98912,98915,98884,98738,99011,98931,98823,98915]} @@c3374211@@
I (54774) bench: [31/71] c888.fast1.rotcw.psram.async2     4121333 ns/iter  406.64 ns/px  cv 0.12%
@@BENCH-CELL@@ {"t":"cell","i":31,"id":"c888.fast1.rotcw.sram.sync","g":"cube","ax":{"fmt":"888","font":"sky","size":9.0,"ratio":1.0000,"path":"blit/direct","orient":"rotcw","mem":"sram","rend":"sync","alpha":255,"halign":0,"corpus":0},"w":{"rows":23,"glyphs":373,"chars":397,"src_px":10135,"dest_px":10135},"m":{"reps":47,"n":15,"min":100794,"med":100822,"max":101122,"mean":100887.8,"sd":113.0},"d":{"ns_iter":2145148,"ns_px":211.66},"q":{"cv":0.11,"spread":0.33,"mhz":360.0,"outliers":0,"flags":[]},"h":"333c04c9"} @@6643a144@@
@@BENCH-RAW@@ {"i":31,"s":[100990,100800,101064,100917,100807,100804,100798,100822,100796,100808,100794,100901,101069,101122,100825]} @@dc77dac3@@
I (56314) bench: [32/71] c888.fast1.rotcw.sram.sync        2145148 ns/iter  211.66 ns/px  cv 0.11%
@@BENCH-CELL@@ {"t":"cell","i":32,"id":"c888.fast1.rotcw.sram.async2","g":"cube","ax":{"fmt":"888","font":"sky","size":9.0,"ratio":1.0000,"path":"blit/direct","orient":"rotcw","mem":"sram","rend":"async2","alpha":255,"halign":0,"corpus":0},"w":{"rows":23,"glyphs":373,"chars":397,"src_px":10135,"dest_px":10135},"m":{"reps":29,"n":15,"min":112158,"med":112396,"max":112561,"mean":112387.0,"sd":115.9},"d":{"ns_iter":3875724,"ns_px":382.41},"q":{"cv":0.10,"spread":0.36,"mhz":360.0,"outliers":0,"flags":[]},"h":"333c04c9"} @@a8fffbff@@
@@BENCH-RAW@@ {"i":32,"s":[112388,112490,112561,112469,112541,112359,112158,112486,112366,112396,112436,112298,112406,112182,112269]} @@3d7f9f14@@
I (58044) bench: [33/71] c888.fast1.rotcw.sram.async2      3875724 ns/iter  382.41 ns/px  cv 0.10%
@@BENCH-CELL@@ {"t":"cell","i":33,"id":"c888.fast2.upright.psram.sync","g":"cube","ax":{"fmt":"888","font":"saira_regular","size":18.0,"ratio":1.0000,"path":"blit/alpha","orient":"upright","mem":"psram","rend":"sync","alpha":255,"halign":0,"corpus":0},"w":{"rows":12,"glyphs":161,"chars":175,"src_px":13512,"dest_px":13512},"m":{"reps":28,"n":15,"min":89450,"med":89508,"max":89561,"mean":89497.3,"sd":32.0},"d":{"ns_iter":3196714,"ns_px":236.58},"q":{"cv":0.04,"spread":0.12,"mhz":360.0,"outliers":0,"flags":[]},"h":"34ac5a26"} @@e25c5934@@
@@BENCH-RAW@@ {"i":33,"s":[89517,89453,89454,89450,89460,89512,89521,89494,89508,89466,89506,89523,89514,89561,89521]} @@2c73d53f@@
I (59424) bench: [34/71] c888.fast2.upright.psram.sync     3196714 ns/iter  236.58 ns/px  cv 0.04%
@@BENCH-CELL@@ {"t":"cell","i":34,"id":"c888.fast2.upright.psram.async2","g":"cube","ax":{"fmt":"888","font":"saira_regular","size":18.0,"ratio":1.0000,"path":"blit/alpha","orient":"upright","mem":"psram","rend":"async2","alpha":255,"halign":0,"corpus":0},"w":{"rows":12,"glyphs":161,"chars":175,"src_px":13512,"dest_px":13512},"m":{"reps":29,"n":15,"min":89168,"med":89384,"max":89526,"mean":89362.3,"sd":84.3},"d":{"ns_iter":3082206,"ns_px":228.11},"q":{"cv":0.09,"spread":0.40,"mhz":360.0,"outliers":0,"flags":[]},"h":"34ac5a26"} @@0b20259b@@
@@BENCH-RAW@@ {"i":34,"s":[89209,89168,89311,89386,89526,89398,89425,89339,89398,89380,89418,89384,89359,89414,89320]} @@93b3fa19@@
I (60804) bench: [35/71] c888.fast2.upright.psram.async2   3082206 ns/iter  228.11 ns/px  cv 0.09%
@@BENCH-CELL@@ {"t":"cell","i":35,"id":"c888.fast2.upright.sram.sync","g":"cube","ax":{"fmt":"888","font":"saira_regular","size":18.0,"ratio":1.0000,"path":"blit/alpha","orient":"upright","mem":"sram","rend":"sync","alpha":255,"halign":0,"corpus":0},"w":{"rows":12,"glyphs":161,"chars":175,"src_px":13512,"dest_px":13512},"m":{"reps":32,"n":15,"min":102270,"med":102337,"max":102458,"mean":102352.0,"sd":44.0},"d":{"ns_iter":3198031,"ns_px":236.68},"q":{"cv":0.04,"spread":0.18,"mhz":360.0,"outliers":0,"flags":[]},"h":"34ac5a26"} @@d258c082@@
@@BENCH-RAW@@ {"i":35,"s":[102458,102409,102372,102364,102326,102318,102335,102359,102330,102341,102407,102333,102337,102321,102270]} @@2ce53c3c@@
I (62374) bench: [36/71] c888.fast2.upright.sram.sync      3198031 ns/iter  236.68 ns/px  cv 0.04%
@@BENCH-CELL@@ {"t":"cell","i":36,"id":"c888.fast2.upright.sram.async2","g":"cube","ax":{"fmt":"888","font":"saira_regular","size":18.0,"ratio":1.0000,"path":"blit/alpha","orient":"upright","mem":"sram","rend":"async2","alpha":255,"halign":0,"corpus":0},"w":{"rows":12,"glyphs":161,"chars":175,"src_px":13512,"dest_px":13512},"m":{"reps":34,"n":15,"min":104547,"med":104747,"max":104836,"mean":104746.3,"sd":77.4},"d":{"ns_iter":3080794,"ns_px":228.00},"q":{"cv":0.07,"spread":0.28,"mhz":360.0,"outliers":0,"flags":[]},"h":"34ac5a26"} @@383c88cf@@
@@BENCH-RAW@@ {"i":36,"s":[104668,104547,104682,104677,104737,104830,104812,104836,104709,104747,104787,104833,104807,104783,104740]} @@45dcf20e@@
I (63984) bench: [37/71] c888.fast2.upright.sram.async2    3080794 ns/iter  228.00 ns/px  cv 0.07%
@@BENCH-CELL@@ {"t":"cell","i":37,"id":"c888.fast2.rotcw.psram.sync","g":"cube","ax":{"fmt":"888","font":"saira_regular","size":18.0,"ratio":1.0000,"path":"blit/alpha","orient":"rotcw","mem":"psram","rend":"sync","alpha":255,"halign":0,"corpus":0},"w":{"rows":12,"glyphs":161,"chars":175,"src_px":13512,"dest_px":13512},"m":{"reps":26,"n":15,"min":88792,"med":88844,"max":89105,"mean":88853.3,"sd":76.2},"d":{"ns_iter":3417076,"ns_px":252.89},"q":{"cv":0.09,"spread":0.35,"mhz":360.0,"outliers":0,"flags":[]},"h":"de65743c"} @@ea017fd4@@
@@BENCH-RAW@@ {"i":37,"s":[88792,88795,88884,88894,88817,88793,88792,88846,88877,88884,89105,88805,88844,88854,88818]} @@cbc5730d@@
I (65354) bench: [38/71] c888.fast2.rotcw.psram.sync       3417076 ns/iter  252.89 ns/px  cv 0.09%
@@BENCH-CELL@@ {"t":"cell","i":38,"id":"c888.fast2.rotcw.psram.async2","g":"cube","ax":{"fmt":"888","font":"saira_regular","size":18.0,"ratio":1.0000,"path":"blit/alpha","orient":"rotcw","mem":"psram","rend":"async2","alpha":255,"halign":0,"corpus":0},"w":{"rows":12,"glyphs":161,"chars":175,"src_px":13512,"dest_px":13512},"m":{"reps":27,"n":15,"min":91372,"med":91506,"max":91690,"mean":91503.1,"sd":77.1},"d":{"ns_iter":3389111,"ns_px":250.82},"q":{"cv":0.08,"spread":0.35,"mhz":360.0,"outliers":0,"flags":[]},"h":"de65743c"} @@f7d229bc@@
@@BENCH-RAW@@ {"i":38,"s":[91457,91470,91506,91533,91561,91586,91690,91568,91506,91481,91447,91451,91372,91395,91523]} @@90c57e1b@@
I (66774) bench: [39/71] c888.fast2.rotcw.psram.async2     3389111 ns/iter  250.82 ns/px  cv 0.08%
@@BENCH-CELL@@ {"t":"cell","i":39,"id":"c888.fast2.rotcw.sram.sync","g":"cube","ax":{"fmt":"888","font":"saira_regular","size":18.0,"ratio":1.0000,"path":"blit/alpha","orient":"rotcw","mem":"sram","rend":"sync","alpha":255,"halign":0,"corpus":0},"w":{"rows":12,"glyphs":161,"chars":175,"src_px":13512,"dest_px":13512},"m":{"reps":32,"n":15,"min":103898,"med":103949,"max":104089,"mean":103956.1,"sd":45.0},"d":{"ns_iter":3248406,"ns_px":240.41},"q":{"cv":0.04,"spread":0.18,"mhz":360.0,"outliers":0,"flags":[]},"h":"de65743c"} @@fff4c7bf@@
@@BENCH-RAW@@ {"i":39,"s":[103992,104089,103907,103942,103933,103960,103949,103965,103992,103950,103945,103980,103921,103898,103918]} @@a906ea37@@
I (68364) bench: [40/71] c888.fast2.rotcw.sram.sync        3248406 ns/iter  240.41 ns/px  cv 0.04%
@@BENCH-CELL@@ {"t":"cell","i":40,"id":"c888.fast2.rotcw.sram.async2","g":"cube","ax":{"fmt":"888","font":"saira_regular","size":18.0,"ratio":1.0000,"path":"blit/alpha","orient":"rotcw","mem":"sram","rend":"async2","alpha":255,"halign":0,"corpus":0},"w":{"rows":12,"glyphs":161,"chars":175,"src_px":13512,"dest_px":13512},"m":{"reps":33,"n":15,"min":105325,"med":105445,"max":105621,"mean":105450.2,"sd":71.4},"d":{"ns_iter":3195303,"ns_px":236.48},"q":{"cv":0.07,"spread":0.28,"mhz":360.0,"outliers":0,"flags":[]},"h":"de65743c"} @@c4f0119a@@
@@BENCH-RAW@@ {"i":40,"s":[105445,105325,105468,105621,105398,105451,105553,105471,105410,105477,105391,105402,105388,105522,105431]} @@9d0ed5f9@@
I (69984) bench: [41/71] c888.fast2.rotcw.sram.async2      3195303 ns/iter  236.48 ns/px  cv 0.07%
@@BENCH-CELL@@ {"t":"cell","i":41,"id":"c888.shader.upright.psram.sync","g":"cube","ax":{"fmt":"888","font":"saira_regular","size":27.0,"ratio":1.5000,"path":"shader/aa","orient":"upright","mem":"psram","rend":"sync","alpha":255,"halign":0,"corpus":0},"w":{"rows":8,"glyphs":92,"chars":100,"src_px":7701,"dest_px":18002},"m":{"reps":4,"n":12,"min":135705,"med":136037,"max":136290,"mean":136032.1,"sd":192.0},"d":{"ns_iter":34009250,"ns_px":1889.19},"q":{"cv":0.14,"spread":0.43,"mhz":360.0,"outliers":0,"flags":[]},"h":"839de335"} @@6b4c4a4c@@
@@BENCH-RAW@@ {"i":41,"s":[135862,135932,135858,136223,136178,135911,136274,136290,136241,135705,135874,136037]} @@e48909c6@@
I (71784) bench: [42/71] c888.shader.upright.psram.sync   34009250 ns/iter  1889.19 ns/px  cv 0.14%
@@BENCH-CELL@@ {"t":"cell","i":42,"id":"c888.shader.upright.psram.async2","g":"cube","ax":{"fmt":"888","font":"saira_regular","size":27.0,"ratio":1.5000,"path":"shader/aa","orient":"upright","mem":"psram","rend":"async2","alpha":255,"halign":0,"corpus":0},"w":{"rows":8,"glyphs":92,"chars":100,"src_px":7701,"dest_px":18002},"m":{"reps":6,"n":15,"min":111325,"med":111723,"max":111882,"mean":111683.8,"sd":142.4},"d":{"ns_iter":18620500,"ns_px":1034.36},"q":{"cv":0.13,"spread":0.50,"mhz":360.0,"outliers":0,"flags":[]},"h":"839de335"} @@23587f4e@@
@@BENCH-RAW@@ {"i":42,"s":[111658,111764,111770,111882,111778,111585,111855,111606,111325,111505,111723,111759,111702,111791,111554]} @@da3faa69@@
I (73564) bench: [43/71] c888.shader.upright.psram.async2 18620500 ns/iter  1034.36 ns/px  cv 0.13%
@@BENCH-CELL@@ {"t":"cell","i":43,"id":"c888.shader.upright.sram.sync","g":"cube","ax":{"fmt":"888","font":"saira_regular","size":27.0,"ratio":1.5000,"path":"shader/aa","orient":"upright","mem":"sram","rend":"sync","alpha":255,"halign":0,"corpus":0},"w":{"rows":8,"glyphs":92,"chars":100,"src_px":7701,"dest_px":18002},"m":{"reps":4,"n":12,"min":136010,"med":136107,"max":136230,"mean":136107.8,"sd":61.7},"d":{"ns_iter":34026750,"ns_px":1890.17},"q":{"cv":0.05,"spread":0.16,"mhz":360.0,"outliers":0,"flags":[]},"h":"839de335"} @@45db2d6c@@
@@BENCH-RAW@@ {"i":43,"s":[136105,136073,136137,136230,136128,136143,136056,136010,136044,136107,136200,136060]} @@6726984f@@
I (75354) bench: [44/71] c888.shader.upright.sram.sync    34026750 ns/iter  1890.17 ns/px  cv 0.05%
@@BENCH-CELL@@ {"t":"cell","i":44,"id":"c888.shader.upright.sram.async2","g":"cube","ax":{"fmt":"888","font":"saira_regular","size":27.0,"ratio":1.5000,"path":"shader/aa","orient":"upright","mem":"sram","rend":"async2","alpha":255,"halign":0,"corpus":0},"w":{"rows":8,"glyphs":92,"chars":100,"src_px":7701,"dest_px":18002},"m":{"reps":6,"n":15,"min":111276,"med":111586,"max":111741,"mean":111578.2,"sd":143.3},"d":{"ns_iter":18597666,"ns_px":1033.09},"q":{"cv":0.13,"spread":0.42,"mhz":360.0,"outliers":0,"flags":[]},"h":"839de335"} @@a3fcd3d6@@
@@BENCH-RAW@@ {"i":44,"s":[111538,111580,111741,111622,111586,111724,111701,111565,111685,111391,111276,111669,111538,111318,111739]} @@373f33ec@@
I (77124) bench: [45/71] c888.shader.upright.sram.async2  18597666 ns/iter  1033.09 ns/px  cv 0.13%
@@BENCH-CELL@@ {"t":"cell","i":45,"id":"c888.shader.rotcw.psram.sync","g":"cube","ax":{"fmt":"888","font":"saira_regular","size":27.0,"ratio":1.5000,"path":"shader/aa","orient":"rotcw","mem":"psram","rend":"sync","alpha":255,"halign":0,"corpus":0},"w":{"rows":8,"glyphs":92,"chars":100,"src_px":7701,"dest_px":18002},"m":{"reps":3,"n":15,"min":108070,"med":108216,"max":108281,"mean":108188.0,"sd":73.5},"d":{"ns_iter":36072000,"ns_px":2003.78},"q":{"cv":0.07,"spread":0.19,"mhz":360.0,"outliers":0,"flags":[]},"h":"dd1828a1"} @@bf89730f@@
@@BENCH-RAW@@ {"i":45,"s":[108216,108276,108251,108281,108225,108245,108240,108263,108115,108163,108195,108097,108070,108083,108100]} @@02ea796c@@
I (78924) bench: [46/71] c888.shader.rotcw.psram.sync     36072000 ns/iter  2003.78 ns/px  cv 0.07%
@@BENCH-CELL@@ {"t":"cell","i":46,"id":"c888.shader.rotcw.psram.async2","g":"cube","ax":{"fmt":"888","font":"saira_regular","size":27.0,"ratio":1.5000,"path":"shader/aa","orient":"rotcw","mem":"psram","rend":"async2","alpha":255,"halign":0,"corpus":0},"w":{"rows":8,"glyphs":92,"chars":100,"src_px":7701,"dest_px":18002},"m":{"reps":6,"n":13,"min":121364,"med":121515,"max":121700,"mean":121527.1,"sd":97.3},"d":{"ns_iter":20252500,"ns_px":1125.01},"q":{"cv":0.08,"spread":0.28,"mhz":360.0,"outliers":0,"flags":[]},"h":"dd1828a1"} @@bf95a1da@@
@@BENCH-RAW@@ {"i":46,"s":[121660,121700,121467,121532,121604,121592,121495,121364,121368,121478,121484,121593,121515]} @@9992f31c@@
I (80614) bench: [47/71] c888.shader.rotcw.psram.async2   20252500 ns/iter  1125.01 ns/px  cv 0.08%
@@BENCH-CELL@@ {"t":"cell","i":47,"id":"c888.shader.rotcw.sram.sync","g":"cube","ax":{"fmt":"888","font":"saira_regular","size":27.0,"ratio":1.5000,"path":"shader/aa","orient":"rotcw","mem":"sram","rend":"sync","alpha":255,"halign":0,"corpus":0},"w":{"rows":8,"glyphs":92,"chars":100,"src_px":7701,"dest_px":18002},"m":{"reps":4,"n":11,"min":142277,"med":142350,"max":142421,"mean":142359.6,"sd":38.6},"d":{"ns_iter":35587500,"ns_px":1976.86},"q":{"cv":0.03,"spread":0.10,"mhz":360.0,"outliers":0,"flags":[]},"h":"dd1828a1"} @@9ffba003@@
@@BENCH-RAW@@ {"i":47,"s":[142335,142361,142348,142350,142330,142277,142350,142384,142407,142421,142393]} @@7d3d5e32@@
I (82344) bench: [48/71] c888.shader.rotcw.sram.sync      35587500 ns/iter  1976.86 ns/px  cv 0.03%
@@BENCH-CELL@@ {"t":"cell","i":48,"id":"c888.shader.rotcw.sram.async2","g":"cube","ax":{"fmt":"888","font":"saira_regular","size":27.0,"ratio":1.5000,"path":"shader/aa","orient":"rotcw","mem":"sram","rend":"async2","alpha":255,"halign":0,"corpus":0},"w":{"rows":8,"glyphs":92,"chars":100,"src_px":7701,"dest_px":18002},"m":{"reps":6,"n":14,"min":118803,"med":119068,"max":119215,"mean":119044.0,"sd":99.0},"d":{"ns_iter":19844666,"ns_px":1102.36},"q":{"cv":0.08,"spread":0.35,"mhz":360.0,"outliers":0,"flags":[]},"h":"dd1828a1"} @@dd82bdd7@@
@@BENCH-RAW@@ {"i":48,"s":[119075,118923,119090,119131,119215,118967,118976,119147,119090,119020,119068,118803,119054,119057]} @@7684674b@@
I (84104) bench: [49/71] c888.shader.rotcw.sram.async2    19844666 ns/iter  1102.36 ns/px  cv 0.08%
@@BENCH-CELL@@ {"t":"cell","i":49,"id":"orient.rotccw","g":"orient","ax":{"fmt":"888","font":"saira_regular","size":18.0,"ratio":1.0000,"path":"blit/alpha","orient":"rotccw","mem":"psram","rend":"async2","alpha":255,"halign":0,"corpus":0},"w":{"rows":12,"glyphs":161,"chars":175,"src_px":13512,"dest_px":13512},"m":{"reps":27,"n":15,"min":90519,"med":90685,"max":91079,"mean":90697.8,"sd":127.0},"d":{"ns_iter":3358703,"ns_px":248.57},"q":{"cv":0.14,"spread":0.62,"mhz":360.0,"outliers":0,"flags":[]},"h":"e16cec42"} @@9e17487b@@
@@BENCH-RAW@@ {"i":49,"s":[90685,90519,90587,90708,90710,90623,90682,90619,90626,90768,91079,90750,90704,90820,90587]} @@285fbe32@@
I (85514) bench: [50/71] orient.rotccw                     3358703 ns/iter  248.57 ns/px  cv 0.14%
@@BENCH-CELL@@ {"t":"cell","i":50,"id":"orient.rothalf","g":"orient","ax":{"fmt":"888","font":"saira_regular","size":18.0,"ratio":1.0000,"path":"blit/alpha","orient":"rothalf","mem":"psram","rend":"async2","alpha":255,"halign":0,"corpus":0},"w":{"rows":12,"glyphs":161,"chars":175,"src_px":13512,"dest_px":13512},"m":{"reps":29,"n":15,"min":92018,"med":92126,"max":92267,"mean":92131.5,"sd":69.2},"d":{"ns_iter":3176758,"ns_px":235.11},"q":{"cv":0.08,"spread":0.27,"mhz":360.0,"outliers":0,"flags":[]},"h":"a6066584"} @@641a28bf@@
@@BENCH-RAW@@ {"i":50,"s":[92040,92018,92140,92084,92046,92126,92267,92214,92124,92160,92079,92138,92197,92121,92219]} @@454d9bd0@@
I (86934) bench: [51/71] orient.rothalf                    3176758 ns/iter  235.11 ns/px  cv 0.08%
@@BENCH-CELL@@ {"t":"cell","i":51,"id":"orient.fliph","g":"orient","ax":{"fmt":"888","font":"saira_regular","size":18.0,"ratio":1.0000,"path":"blit/alpha","orient":"fliph","mem":"psram","rend":"async2","alpha":255,"halign":0,"corpus":0},"w":{"rows":12,"glyphs":161,"chars":175,"src_px":13512,"dest_px":13512},"m":{"reps":29,"n":15,"min":89004,"med":89139,"max":89195,"mean":89109.0,"sd":62.6},"d":{"ns_iter":3073758,"ns_px":227.48},"q":{"cv":0.07,"spread":0.21,"mhz":360.0,"outliers":0,"flags":[]},"h":"abc61a88"} @@69c6aecf@@
@@BENCH-RAW@@ {"i":51,"s":[89004,89164,89041,89029,89143,89186,89195,89107,89174,89148,89050,89073,89139,89151,89031]} @@977d6ae0@@
I (88314) bench: [52/71] orient.fliph                      3073758 ns/iter  227.48 ns/px  cv 0.07%
@@BENCH-CELL@@ {"t":"cell","i":52,"id":"orient.rotccwfliph","g":"orient","ax":{"fmt":"888","font":"saira_regular","size":18.0,"ratio":1.0000,"path":"blit/alpha","orient":"rotccwfliph","mem":"psram","rend":"async2","alpha":255,"halign":0,"corpus":0},"w":{"rows":12,"glyphs":161,"chars":175,"src_px":13512,"dest_px":13512},"m":{"reps":27,"n":15,"min":89955,"med":90114,"max":90362,"mean":90108.9,"sd":118.7},"d":{"ns_iter":3337555,"ns_px":247.01},"q":{"cv":0.13,"spread":0.45,"mhz":360.0,"outliers":0,"flags":[]},"h":"5262d8d8"} @@d01d93b2@@
@@BENCH-RAW@@ {"i":52,"s":[90028,90017,89993,89959,89955,90042,89980,90151,90362,90203,90219,90235,90173,90114,90203]} @@14601e1c@@
I (89704) bench: [53/71] orient.rotccwfliph                3337555 ns/iter  247.01 ns/px  cv 0.13%
@@BENCH-CELL@@ {"t":"cell","i":53,"id":"orient.rothalffliph","g":"orient","ax":{"fmt":"888","font":"saira_regular","size":18.0,"ratio":1.0000,"path":"blit/alpha","orient":"rothalffliph","mem":"psram","rend":"async2","alpha":255,"halign":0,"corpus":0},"w":{"rows":12,"glyphs":161,"chars":175,"src_px":13512,"dest_px":13512},"m":{"reps":29,"n":15,"min":92363,"med":92450,"max":92518,"mean":92447.6,"sd":46.0},"d":{"ns_iter":3187931,"ns_px":235.93},"q":{"cv":0.05,"spread":0.17,"mhz":360.0,"outliers":0,"flags":[]},"h":"418c2762"} @@a684dfa4@@
@@BENCH-RAW@@ {"i":53,"s":[92392,92501,92363,92367,92506,92442,92518,92464,92421,92427,92439,92450,92471,92483,92470]} @@f2320149@@
I (91134) bench: [54/71] orient.rothalffliph               3187931 ns/iter  235.93 ns/px  cv 0.05%
@@BENCH-CELL@@ {"t":"cell","i":54,"id":"orient.rotcwfliph","g":"orient","ax":{"fmt":"888","font":"saira_regular","size":18.0,"ratio":1.0000,"path":"blit/alpha","orient":"rotcwfliph","mem":"psram","rend":"async2","alpha":255,"halign":0,"corpus":0},"w":{"rows":12,"glyphs":161,"chars":175,"src_px":13512,"dest_px":13512},"m":{"reps":27,"n":15,"min":90726,"med":90887,"max":91263,"mean":90893.8,"sd":139.8},"d":{"ns_iter":3366185,"ns_px":249.13},"q":{"cv":0.15,"spread":0.59,"mhz":360.0,"outliers":0,"flags":[]},"h":"0e714186"} @@bbb0ab81@@
@@BENCH-RAW@@ {"i":54,"s":[90751,90730,90889,90814,90891,90944,90960,91076,90806,91013,91263,90726,90887,90876,90781]} @@7131d22e@@
I (92544) bench: [55/71] orient.rotcwfliph                 3366185 ns/iter  249.13 ns/px  cv 0.15%
@@BENCH-CELL@@ {"t":"cell","i":55,"id":"font.sky@18","g":"font","ax":{"fmt":"888","font":"sky","size":18.0,"ratio":2.0000,"path":"blit/direct","orient":"rotcw","mem":"psram","rend":"async2","alpha":255,"halign":0,"corpus":0},"w":{"rows":12,"glyphs":148,"chars":162,"src_px":4014,"dest_px":16056},"m":{"reps":31,"n":15,"min":83160,"med":83404,"max":83592,"mean":83423.3,"sd":107.7},"d":{"ns_iter":2690451,"ns_px":167.57},"q":{"cv":0.13,"spread":0.52,"mhz":360.0,"outliers":0,"flags":[]},"h":"a32b1e1d"} @@531773c0@@
@@BENCH-RAW@@ {"i":55,"s":[83306,83447,83592,83404,83474,83390,83553,83481,83370,83160,83358,83364,83507,83384,83559]} @@9a0f94ba@@
I (93834) bench: [56/71] font.sky@18                       2690451 ns/iter  167.57 ns/px  cv 0.13%
@@BENCH-CELL@@ {"t":"cell","i":56,"id":"font.sky@27","g":"font","ax":{"fmt":"888","font":"sky","size":27.0,"ratio":3.0000,"path":"blit/direct","orient":"rotcw","mem":"psram","rend":"async2","alpha":255,"halign":0,"corpus":0},"w":{"rows":8,"glyphs":80,"chars":85,"src_px":2161,"dest_px":19449},"m":{"reps":35,"n":15,"min":78742,"med":78904,"max":79192,"mean":78915.5,"sd":107.9},"d":{"ns_iter":2254400,"ns_px":115.91},"q":{"cv":0.14,"spread":0.57,"mhz":360.0,"outliers":0,"flags":[]},"h":"4bc0b3f9"} @@5b8c31ed@@
@@BENCH-RAW@@ {"i":56,"s":[78932,79062,79002,79192,78879,78810,78874,78828,78742,78943,78880,78929,78954,78801,78904]} @@9a875f4b@@
I (95054) bench: [57/71] font.sky@27                       2254400 ns/iter  115.91 ns/px  cv 0.14%
@@BENCH-CELL@@ {"t":"cell","i":57,"id":"font.skymono@9","g":"font","ax":{"fmt":"888","font":"sky_mono","size":9.0,"ratio":1.0000,"path":"blit/direct","orient":"rotcw","mem":"psram","rend":"async2","alpha":255,"halign":0,"corpus":0},"w":{"rows":23,"glyphs":373,"chars":397,"src_px":23499,"dest_px":23499},"m":{"reps":22,"n":15,"min":100355,"med":100568,"max":100750,"mean":100565.1,"sd":119.5},"d":{"ns_iter":4571272,"ns_px":194.53},"q":{"cv":0.12,"spread":0.39,"mhz":360.0,"outliers":0,"flags":[]},"h":"6335b160"} @@8fbadb81@@
@@BENCH-RAW@@ {"i":57,"s":[100725,100355,100427,100422,100568,100568,100479,100412,100611,100630,100750,100541,100628,100715,100645]} @@71b57394@@
I (96604) bench: [58/71] font.skymono@9                    4571272 ns/iter  194.53 ns/px  cv 0.12%
@@BENCH-CELL@@ {"t":"cell","i":58,"id":"font.sky@13","g":"font","ax":{"fmt":"888","font":"sky","size":13.0,"ratio":1.4444,"path":"shader/pal","orient":"rotcw","mem":"psram","rend":"async2","alpha":255,"halign":0,"corpus":0},"w":{"rows":17,"glyphs":239,"chars":255,"src_px":6321,"dest_px":12530},"m":{"reps":7,"n":14,"min":113487,"med":113787,"max":113907,"mean":113753.8,"sd":111.4},"d":{"ns_iter":16255285,"ns_px":1297.31},"q":{"cv":0.10,"spread":0.37,"mhz":360.0,"outliers":0,"flags":[]},"h":"254ec85e"} @@85d50a48@@
@@BENCH-RAW@@ {"i":58,"s":[113907,113644,113704,113846,113787,113861,113669,113826,113891,113681,113695,113812,113743,113487]} @@73b1d4df@@
I (98294) bench: [59/71] font.sky@13                      16255285 ns/iter  1297.31 ns/px  cv 0.10%
@@BENCH-CELL@@ {"t":"cell","i":59,"id":"font.saira@36","g":"font","ax":{"fmt":"888","font":"saira_regular","size":36.0,"ratio":2.0000,"path":"blit/alpha","orient":"rotcw","mem":"psram","rend":"async2","alpha":255,"halign":0,"corpus":0},"w":{"rows":6,"glyphs":56,"chars":61,"src_px":4710,"dest_px":18840},"m":{"reps":28,"n":15,"min":83544,"med":83655,"max":83907,"mean":83666.9,"sd":96.9},"d":{"ns_iter":2987678,"ns_px":158.58},"q":{"cv":0.12,"spread":0.43,"mhz":360.0,"outliers":0,"flags":[]},"h":"972d0991"} @@681efa8b@@
@@BENCH-RAW@@ {"i":59,"s":[83778,83733,83655,83551,83644,83686,83585,83544,83559,83611,83595,83722,83907,83750,83683]} @@a1a2df98@@
I (99594) bench: [60/71] font.saira@36                     2987678 ns/iter  158.58 ns/px  cv 0.12%
@@BENCH-CELL@@ {"t":"cell","i":60,"id":"font.marker@22","g":"font","ax":{"fmt":"888","font":"marker","size":22.0,"ratio":1.0000,"path":"blit/alpha","orient":"rotcw","mem":"psram","rend":"async2","alpha":255,"halign":0,"corpus":0},"w":{"rows":10,"glyphs":125,"chars":136,"src_px":22847,"dest_px":22847},"m":{"reps":23,"n":15,"min":96472,"med":96731,"max":96894,"mean":96730.8,"sd":101.3},"d":{"ns_iter":4205695,"ns_px":184.08},"q":{"cv":0.10,"spread":0.44,"mhz":360.0,"outliers":0,"flags":[]},"h":"59dd778c"} @@95fe855c@@
@@BENCH-RAW@@ {"i":60,"s":[96659,96693,96801,96731,96858,96676,96709,96472,96894,96716,96731,96858,96630,96767,96767]} @@f9f2a9fc@@
I (101084) bench: [61/71] font.marker@22                    4205695 ns/iter  184.08 ns/px  cv 0.10%
@@BENCH-CELL@@ {"t":"cell","i":61,"id":"font.marker@33","g":"font","ax":{"fmt":"888","font":"marker","size":33.0,"ratio":1.5000,"path":"shader/aa","orient":"rotcw","mem":"psram","rend":"async2","alpha":255,"halign":0,"corpus":0},"w":{"rows":7,"glyphs":71,"chars":76,"src_px":13008,"dest_px":29868},"m":{"reps":4,"n":13,"min":125379,"med":125590,"max":125727,"mean":125560.1,"sd":110.4},"d":{"ns_iter":31397500,"ns_px":1051.21},"q":{"cv":0.09,"spread":0.28,"mhz":360.0,"outliers":0,"flags":[]},"h":"aed9f152"} @@2f90ed73@@
@@BENCH-RAW@@ {"i":61,"s":[125667,125590,125727,125633,125691,125646,125466,125594,125551,125505,125395,125379,125437]} @@9b7615fb@@
I (102874) bench: [62/71] font.marker@33                   31397500 ns/iter  1051.21 ns/px  cv 0.09%
@@BENCH-CELL@@ {"t":"cell","i":62,"id":"font.condensed@45","g":"font","ax":{"fmt":"888","font":"saira_condensed","size":45.0,"ratio":1.0000,"path":"blit/alpha","orient":"rotcw","mem":"psram","rend":"async2","alpha":255,"halign":0,"corpus":0},"w":{"rows":5,"glyphs":47,"chars":51,"src_px":19237,"dest_px":19237},"m":{"reps":33,"n":15,"min":80484,"med":80560,"max":80642,"mean":80568.7,"sd":35.8},"d":{"ns_iter":2441212,"ns_px":126.90},"q":{"cv":0.04,"spread":0.20,"mhz":360.0,"outliers":0,"flags":[]},"h":"7bcb728d"} @@4ace7cdd@@
@@BENCH-RAW@@ {"i":62,"s":[80558,80484,80594,80560,80544,80555,80642,80554,80575,80587,80563,80558,80619,80598,80539]} @@5f441c7b@@
I (104124) bench: [63/71] font.condensed@45                 2441212 ns/iter  126.90 ns/px  cv 0.04%
@@BENCH-CELL@@ {"t":"cell","i":63,"id":"font.saira@27.noaa","g":"font","ax":{"fmt":"888","font":"saira_regular_noaa","size":27.0,"ratio":1.5000,"path":"shader/plain","orient":"rotcw","mem":"psram","rend":"async2","alpha":255,"halign":0,"corpus":0},"w":{"rows":8,"glyphs":92,"chars":100,"src_px":7701,"dest_px":18002},"m":{"reps":8,"n":14,"min":111075,"med":111313,"max":112011,"mean":111387.3,"sd":252.7},"d":{"ns_iter":13914125,"ns_px":772.92},"q":{"cv":0.23,"spread":0.84,"mhz":360.0,"outliers":0,"flags":[]},"h":"9c31759b"} @@41a1eec0@@
@@BENCH-RAW@@ {"i":63,"s":[111313,111299,111693,111605,111518,112011,111447,111198,111524,111247,111089,111182,111221,111075]} @@56b9c593@@
I (105764) bench: [64/71] font.saira@27.noaa               13914125 ns/iter  772.92 ns/px  cv 0.23%
@@BENCH-CELL@@ {"t":"cell","i":64,"id":"rend.async1","g":"rend","ax":{"fmt":"888","font":"saira_regular","size":18.0,"ratio":1.0000,"path":"blit/alpha","orient":"rotcw","mem":"psram","rend":"async1","alpha":255,"halign":0,"corpus":0},"w":{"rows":12,"glyphs":161,"chars":175,"src_px":13512,"dest_px":13512},"m":{"reps":22,"n":15,"min":94504,"med":94622,"max":95002,"mean":94638.3,"sd":119.0},"d":{"ns_iter":4301000,"ns_px":318.31},"q":{"cv":0.13,"spread":0.53,"mhz":360.0,"outliers":0,"flags":[]},"h":"de65743c"} @@bcddc2b3@@
@@BENCH-RAW@@ {"i":64,"s":[94677,94622,94557,94721,95002,94536,94570,94547,94676,94704,94536,94504,94663,94573,94686]} @@7894dc11@@
I (107234) bench: [65/71] rend.async1                       4301000 ns/iter  318.31 ns/px  cv 0.13%
@@BENCH-CELL@@ {"t":"cell","i":65,"id":"alpha.fast1.a128","g":"alpha","ax":{"fmt":"888","font":"sky","size":9.0,"ratio":1.0000,"path":"blit/alpha","orient":"rotcw","mem":"psram","rend":"async2","alpha":128,"halign":0,"corpus":0},"w":{"rows":23,"glyphs":373,"chars":397,"src_px":10135,"dest_px":10135},"m":{"reps":21,"n":15,"min":100749,"med":100894,"max":101025,"mean":100885.3,"sd":84.6},"d":{"ns_iter":4804476,"ns_px":474.05},"q":{"cv":0.08,"spread":0.27,"mhz":360.0,"outliers":0,"flags":[]},"h":"cc2eccc5"} @@23cb1132@@
@@BENCH-RAW@@ {"i":65,"s":[100810,100896,100767,101025,100749,100956,100894,101013,100784,100991,100864,100931,100835,100911,100853]} @@d5e46ef7@@
I (108794) bench: [66/71] alpha.fast1.a128                  4804476 ns/iter  474.05 ns/px  cv 0.08%
@@BENCH-CELL@@ {"t":"cell","i":66,"id":"alpha.fast2.a128","g":"alpha","ax":{"fmt":"888","font":"saira_regular","size":18.0,"ratio":1.0000,"path":"blit/alpha","orient":"rotcw","mem":"psram","rend":"async2","alpha":128,"halign":0,"corpus":0},"w":{"rows":12,"glyphs":161,"chars":175,"src_px":13512,"dest_px":13512},"m":{"reps":25,"n":15,"min":92194,"med":92472,"max":92791,"mean":92478.5,"sd":145.1},"d":{"ns_iter":3698880,"ns_px":273.75},"q":{"cv":0.16,"spread":0.65,"mhz":360.0,"outliers":0,"flags":[]},"h":"012c199d"} @@7a230c87@@
@@BENCH-RAW@@ {"i":66,"s":[92371,92234,92384,92194,92791,92519,92583,92437,92626,92541,92444,92581,92472,92548,92453]} @@823565d1@@
I (110224) bench: [67/71] alpha.fast2.a128                  3698880 ns/iter  273.75 ns/px  cv 0.16%
@@BENCH-CELL@@ {"t":"cell","i":67,"id":"len.short","g":"len","ax":{"fmt":"888","font":"saira_regular","size":18.0,"ratio":1.0000,"path":"blit/alpha","orient":"rotcw","mem":"psram","rend":"async2","alpha":255,"halign":0,"corpus":1},"w":{"rows":12,"glyphs":82,"chars":83,"src_px":7336,"dest_px":7336},"m":{"reps":38,"n":15,"min":85347,"med":85478,"max":85558,"mean":85469.1,"sd":58.4},"d":{"ns_iter":2249421,"ns_px":306.63},"q":{"cv":0.07,"spread":0.25,"mhz":360.0,"outliers":0,"flags":[]},"h":"450061c8"} @@b49e6b01@@
@@BENCH-RAW@@ {"i":67,"s":[85373,85415,85347,85520,85435,85558,85436,85510,85512,85454,85452,85526,85494,85478,85527]} @@9e716c10@@
I (111544) bench: [68/71] len.short                         2249421 ns/iter  306.63 ns/px  cv 0.07%
@@BENCH-CELL@@ {"t":"cell","i":68,"id":"len.long","g":"len","ax":{"fmt":"888","font":"saira_regular","size":18.0,"ratio":1.0000,"path":"blit/alpha","orient":"rotcw","mem":"psram","rend":"async2","alpha":255,"halign":0,"corpus":2},"w":{"rows":12,"glyphs":273,"chars":315,"src_px":22206,"dest_px":22206},"m":{"reps":19,"n":15,"min":103709,"med":103961,"max":104142,"mean":103959.5,"sd":137.7},"d":{"ns_iter":5471631,"ns_px":246.40},"q":{"cv":0.13,"spread":0.42,"mhz":360.0,"outliers":0,"flags":[]},"h":"504a97ad"} @@8071c15c@@
@@BENCH-RAW@@ {"i":68,"s":[103775,104129,104094,103961,103932,103806,104119,103709,103754,103953,104142,104035,104002,104045,103936]} @@4fed6fa4@@
I (113154) bench: [69/71] len.long                          5471631 ns/iter  246.40 ns/px  cv 0.13%
@@BENCH-CELL@@ {"t":"cell","i":69,"id":"align.center","g":"align","ax":{"fmt":"888","font":"saira_regular","size":18.0,"ratio":1.0000,"path":"blit/alpha","orient":"rotcw","mem":"psram","rend":"async2","alpha":255,"halign":1,"corpus":0},"w":{"rows":12,"glyphs":161,"chars":175,"src_px":13512,"dest_px":13512},"m":{"reps":26,"n":15,"min":88431,"med":88520,"max":88741,"mean":88544.0,"sd":93.6},"d":{"ns_iter":3404615,"ns_px":251.97},"q":{"cv":0.11,"spread":0.35,"mhz":360.0,"outliers":0,"flags":[]},"h":"4f91d280"} @@c85b8769@@
@@BENCH-RAW@@ {"i":69,"s":[88741,88446,88520,88593,88561,88465,88497,88717,88535,88438,88507,88566,88655,88488,88431]} @@e3bc219f@@
I (114524) bench: [70/71] align.center                      3404615 ns/iter  251.97 ns/px  cv 0.11%
@@BENCH-CELL@@ {"t":"cell","i":70,"id":"drift.last","g":"drift","ax":{"fmt":"888","font":"saira_regular","size":18.0,"ratio":1.0000,"path":"blit/alpha","orient":"rotcw","mem":"psram","rend":"async2","alpha":255,"halign":0,"corpus":0},"w":{"rows":12,"glyphs":161,"chars":175,"src_px":13512,"dest_px":13512},"m":{"reps":27,"n":15,"min":90736,"med":90964,"max":91191,"mean":90961.9,"sd":125.9},"d":{"ns_iter":3369037,"ns_px":249.34},"q":{"cv":0.14,"spread":0.50,"mhz":360.0,"outliers":0,"flags":[]},"h":"de65743c"} @@7d174aa3@@
@@BENCH-RAW@@ {"i":70,"s":[90868,90785,90736,90819,90943,91054,90981,91191,90994,90911,91011,91185,90935,90964,91052]} @@84b3c51f@@
I (115934) bench: [71/71] drift.last                        3369037 ns/iter  249.34 ns/px  cv 0.14%
@@BENCH-END@@ {"t":"end","cells":71,"total_us":109872427,"status":"ok"} @@8af8d7fa@@
