@@BENCH-BEGIN@@ {"t":"begin","schema":1,"cells":71,"boot_us":3877689,"reset":3,"build":{"app_git":"b35c97362f60","app_dirty":false,"app_branch":"main","pax_git":"964533a6d894","pax_dirty":false,"pax_branch":"main","idf":"v6.0.2","opt":"Os","app_ver":"b35c973","app_date":"Aug 20 2026 12:05:20"},"hw":{"chip":"esp32p4","rev":103,"cores":2,"cpu_mhz_nom":360,"cpu_mhz_meas":359.99,"l2_kb":128,"l2_line":64,"psram":true},"cfg":{"pm_enable":true,"pm_lock":true,"tick_hz":100,"wdt":false,"pax":{"bounds_check":false,"orientation":true,"async":"multithread","range_setter":true,"range_merger":true,"fixed_point":true,"long_fixed_point":true,"queue_size":32,"sso_len":32}},"mem":{"tile_dim":256,"int_addr":"0x4ff40700","psram_addr":"0x4811a900","int_free":338675,"int_largest":192512,"psram_free":30524228},"bench":{"n_samples":15,"warmup":2,"target_sample_us":110000,"cell_budget_us":2000000,"corpus_ver":1,"join_placement":"per_sample","driver_core":0,"driver_prio":5,"scrub_bytes":524288}} @@ff4bad95@@
@@BENCH-CELL@@ {"t":"cell","i":0,"id":"drift.first","g":"drift","ax":{"fmt":"888","font":"saira_regular","size":18.0,"ratio":1.0000,"path":"blit/alpha","orient":"rotcw","mem":"psram","rend":"async2","alpha":255,"halign":0,"corpus":0},"w":{"rows":12,"glyphs":161,"chars":175,"src_px":13512,"dest_px":13512},"m":{"reps":21,"n":15,"min":98836,"med":99006,"max":99277,"mean":99070.9,"sd":130.5},"d":{"ns_iter":4714571,"ns_px":348.92},"q":{"cv":0.13,"spread":0.45,"mhz":360.0,"outliers":0,"flags":[]},"h":"de65743c"} @@4c6319b3@@
@@BENCH-RAW@@ {"i":0,"s":[98836,99169,98999,98995,99227,98940,99235,99238,99277,99002,99163,99006,98983,99046,98948]} @@3d3cd338@@
I (6646) bench: [1/71] drift.first                       4714571 ns/iter  348.92 ns/px  cv 0.13%
@@BENCH-CELL@@ {"t":"cell","i":1,"id":"c565.fast1.upright.psram.sync","g":"cube","ax":{"fmt":"565","font":"sky","size":9.0,"ratio":1.0000,"path":"blit/direct","orient":"upright","mem":"psram","rend":"sync","alpha":255,"halign":0,"corpus":0},"w":{"rows":23,"glyphs":373,"chars":397,"src_px":10135,"dest_px":10135},"m":{"reps":43,"n":15,"min":85225,"med":85281,"max":85630,"mean":85322.7,"sd":101.8},"d":{"ns_iter":1983279,"ns_px":195.69},"q":{"cv":0.12,"spread":0.47,"mhz":360.0,"outliers":0,"flags":[]},"h":"16b7abd1"} @@eaeb74ad@@
@@BENCH-RAW@@ {"i":1,"s":[85630,85389,85430,85353,85285,85278,85249,85250,85225,85249,85247,85266,85281,85389,85319]} @@acca72d0@@
I (7956) bench: [2/71] c565.fast1.upright.psram.sync     1983279 ns/iter  195.69 ns/px  cv 0.12%
@@BENCH-CELL@@ {"t":"cell","i":2,"id":"c565.fast1.upright.psram.async2","g":"cube","ax":{"fmt":"565","font":"sky","size":9.0,"ratio":1.0000,"path":"blit/direct","orient":"upright","mem":"psram","rend":"async2","alpha":255,"halign":0,"corpus":0},"w":{"rows":23,"glyphs":373,"chars":397,"src_px":10135,"dest_px":10135},"m":{"reps":28,"n":15,"min":102808,"med":102999,"max":103160,"mean":102997.9,"sd":94.8},"d":{"ns_iter":3678535,"ns_px":362.95},"q":{"cv":0.09,"spread":0.34,"mhz":360.0,"outliers":0,"flags":[]},"h":"16b7abd1"} @@ae28ff8e@@
@@BENCH-RAW@@ {"i":2,"s":[103080,102904,103009,102888,103024,103072,103160,102999,103056,103156,102936,102964,102987,102808,102926]} @@f046f607@@
I (9536) bench: [3/71] c565.fast1.upright.psram.async2   3678535 ns/iter  362.95 ns/px  cv 0.09%
@@BENCH-CELL@@ {"t":"cell","i":3,"id":"c565.fast1.upright.sram.sync","g":"cube","ax":{"fmt":"565","font":"sky","size":9.0,"ratio":1.0000,"path":"blit/direct","orient":"upright","mem":"sram","rend":"sync","alpha":255,"halign":0,"corpus":0},"w":{"rows":23,"glyphs":373,"chars":397,"src_px":10135,"dest_px":10135},"m":{"reps":50,"n":15,"min":98756,"med":98836,"max":99262,"mean":98897.7,"sd":155.5},"d":{"ns_iter":1976720,"ns_px":195.04},"q":{"cv":0.16,"spread":0.51,"mhz":360.0,"outliers":0,"flags":[]},"h":"16b7abd1"} @@ba713f82@@
@@BENCH-RAW@@ {"i":3,"s":[99262,99243,98868,98825,98795,98756,98830,98836,98857,98781,98770,98912,98821,98851,99058]} @@6888bb58@@
I (11056) bench: [4/71] c565.fast1.upright.sram.sync      1976720 ns/iter  195.04 ns/px  cv 0.16%
@@BENCH-CELL@@ {"t":"cell","i":4,"id":"c565.fast1.upright.sram.async2","g":"cube","ax":{"fmt":"565","font":"sky","size":9.0,"ratio":1.0000,"path":"blit/direct","orient":"upright","mem":"sram","rend":"async2","alpha":255,"halign":0,"corpus":0},"w":{"rows":23,"glyphs":373,"chars":397,"src_px":10135,"dest_px":10135},"m":{"reps":31,"n":15,"min":113965,"med":114090,"max":114284,"mean":114122.5,"sd":100.8},"d":{"ns_iter":3680322,"ns_px":363.13},"q":{"cv":0.09,"spread":0.28,"mhz":360.0,"outliers":0,"flags":[]},"h":"16b7abd1"} @@f7082d27@@
@@BENCH-RAW@@ {"i":4,"s":[113990,114069,114058,114043,114090,114016,113965,114162,114284,114277,114264,114143,114175,114214,114087]} @@9bcfd678@@
I (12796) bench: [5/71] c565.fast1.upright.sram.async2    3680322 ns/iter  363.13 ns/px  cv 0.09%
@@BENCH-CELL@@ {"t":"cell","i":5,"id":"c565.fast1.rotcw.psram.sync","g":"cube","ax":{"fmt":"565","font":"sky","size":9.0,"ratio":1.0000,"path":"blit/direct","orient":"rotcw","mem":"psram","rend":"sync","alpha":255,"halign":0,"corpus":0},"w":{"rows":23,"glyphs":373,"chars":397,"src_px":10135,"dest_px":10135},"m":{"reps":38,"n":15,"min":76566,"med":76662,"max":76797,"mean":76679.7,"sd":67.6},"d":{"ns_iter":2017421,"ns_px":199.05},"q":{"cv":0.09,"spread":0.30,"mhz":360.0,"outliers":0,"flags":[]},"h":"70d20c11"} @@c0f31af4@@
@@BENCH-RAW@@ {"i":5,"s":[76795,76735,76724,76797,76636,76720,76717,76725,76645,76616,76613,76662,76566,76622,76623]} @@f978fd62@@
I (13976) bench: [6/71] c565.fast1.rotcw.psram.sync       2017421 ns/iter  199.05 ns/px  cv 0.09%
@@BENCH-CELL@@ {"t":"cell","i":6,"id":"c565.fast1.rotcw.psram.async2","g":"cube","ax":{"fmt":"565","font":"sky","size":9.0,"ratio":1.0000,"path":"blit/direct","orient":"rotcw","mem":"psram","rend":"async2","alpha":255,"halign":0,"corpus":0},"w":{"rows":23,"glyphs":373,"chars":397,"src_px":10135,"dest_px":10135},"m":{"reps":25,"n":15,"min":94398,"med":94529,"max":94594,"mean":94515.4,"sd":51.8},"d":{"ns_iter":3781160,"ns_px":373.08},"q":{"cv":0.05,"spread":0.21,"mhz":360.0,"outliers":0,"flags":[]},"h":"70d20c11"} @@98fd63ca@@
@@BENCH-RAW@@ {"i":6,"s":[94538,94529,94581,94579,94551,94499,94495,94594,94464,94538,94535,94506,94398,94463,94461]} @@bb2cce6b@@
I (15436) bench: [7/71] c565.fast1.rotcw.psram.async2     3781160 ns/iter  373.08 ns/px  cv 0.05%
@@BENCH-CELL@@ {"t":"cell","i":7,"id":"c565.fast1.rotcw.sram.sync","g":"cube","ax":{"fmt":"565","font":"sky","size":9.0,"ratio":1.0000,"path":"blit/direct","orient":"rotcw","mem":"sram","rend":"sync","alpha":255,"halign":0,"corpus":0},"w":{"rows":23,"glyphs":373,"chars":397,"src_px":10135,"dest_px":10135},"m":{"reps":50,"n":15,"min":100556,"med":100605,"max":100699,"mean":100610.3,"sd":43.2},"d":{"ns_iter":2012100,"ns_px":198.53},"q":{"cv":0.04,"spread":0.14,"mhz":360.0,"outliers":0,"flags":[]},"h":"70d20c11"} @@0d22319d@@
@@BENCH-RAW@@ {"i":7,"s":[100699,100690,100630,100589,100593,100585,100651,100625,100634,100556,100560,100557,100605,100606,100575]} @@18d53486@@
I (16976) bench: [8/71] c565.fast1.rotcw.sram.sync        2012100 ns/iter  198.53 ns/px  cv 0.04%
@@BENCH-CELL@@ {"t":"cell","i":8,"id":"c565.fast1.rotcw.sram.async2","g":"cube","ax":{"fmt":"565","font":"sky","size":9.0,"ratio":1.0000,"path":"blit/direct","orient":"rotcw","mem":"sram","rend":"async2","alpha":255,"halign":0,"corpus":0},"w":{"rows":23,"glyphs":373,"chars":397,"src_px":10135,"dest_px":10135},"m":{"reps":30,"n":15,"min":112890,"med":112977,"max":113236,"mean":113014.3,"sd":100.4},"d":{"ns_iter":3765900,"ns_px":371.57},"q":{"cv":0.09,"spread":0.31,"mhz":360.0,"outliers":0,"flags":[]},"h":"70d20c11"} @@f4254db3@@
@@BENCH-RAW@@ {"i":8,"s":[113209,113236,112977,112937,112968,112899,112890,112977,112942,113078,113083,112974,112942,113073,113029]} @@f19aee7d@@
I (18706) bench: [9/71] c565.fast1.rotcw.sram.async2      3765900 ns/iter  371.57 ns/px  cv 0.09%
@@BENCH-CELL@@ {"t":"cell","i":9,"id":"c565.fast2.upright.psram.sync","g":"cube","ax":{"fmt":"565","font":"saira_regular","size":18.0,"ratio":1.0000,"path":"blit/alpha","orient":"upright","mem":"psram","rend":"sync","alpha":255,"halign":0,"corpus":0},"w":{"rows":12,"glyphs":161,"chars":175,"src_px":13512,"dest_px":13512},"m":{"reps":16,"n":15,"min":100031,"med":100048,"max":100081,"mean":100049.7,"sd":12.8},"d":{"ns_iter":6253000,"ns_px":462.77},"q":{"cv":0.01,"spread":0.05,"mhz":360.0,"outliers":0,"flags":[]},"h":"ecacce31"} @@7704dfa4@@
@@BENCH-RAW@@ {"i":9,"s":[100046,100038,100048,100081,100048,100053,100047,100048,100043,100031,100053,100031,100048,100060,100071]} @@f1ed39d4@@
I (20256) bench: [10/71] c565.fast2.upright.psram.sync     6253000 ns/iter  462.77 ns/px  cv 0.01%
@@BENCH-CELL@@ {"t":"cell","i":10,"id":"c565.fast2.upright.psram.async2","g":"cube","ax":{"fmt":"565","font":"saira_regular","size":18.0,"ratio":1.0000,"path":"blit/alpha","orient":"upright","mem":"psram","rend":"async2","alpha":255,"halign":0,"corpus":0},"w":{"rows":12,"glyphs":161,"chars":175,"src_px":13512,"dest_px":13512},"m":{"reps":23,"n":15,"min":97976,"med":98042,"max":98167,"mean":98056.6,"sd":63.0},"d":{"ns_iter":4262695,"ns_px":315.47},"q":{"cv":0.06,"spread":0.19,"mhz":360.0,"outliers":0,"flags":[]},"h":"ecacce31"} @@a14a7dad@@
@@BENCH-RAW@@ {"i":10,"s":[98042,98106,97999,98059,97976,98001,98088,98113,97997,98167,97984,98167,98016,98116,98018]} @@fbc59b16@@
I (21766) bench: [11/71] c565.fast2.upright.psram.async2   4262695 ns/iter  315.47 ns/px  cv 0.06%
@@BENCH-CELL@@ {"t":"cell","i":11,"id":"c565.fast2.upright.sram.sync","g":"cube","ax":{"fmt":"565","font":"saira_regular","size":18.0,"ratio":1.0000,"path":"blit/alpha","orient":"upright","mem":"sram","rend":"sync","alpha":255,"halign":0,"corpus":0},"w":{"rows":12,"glyphs":161,"chars":175,"src_px":13512,"dest_px":13512},"m":{"reps":17,"n":15,"min":106239,"med":106276,"max":106306,"mean":106278.6,"sd":16.8},"d":{"ns_iter":6251529,"ns_px":462.66},"q":{"cv":0.02,"spread":0.06,"mhz":360.0,"outliers":0,"flags":[]},"h":"ecacce31"} @@f667dbf5@@
@@BENCH-RAW@@ {"i":11,"s":[106266,106261,106271,106270,106306,106297,106273,106276,106290,106281,106280,106276,106239,106305,106288]} @@0b1f589d@@
I (23406) bench: [12/71] c565.fast2.upright.sram.sync      6251529 ns/iter  462.66 ns/px  cv 0.02%
@@BENCH-CELL@@ {"t":"cell","i":12,"id":"c565.fast2.upright.sram.async2","g":"cube","ax":{"fmt":"565","font":"saira_regular","size":18.0,"ratio":1.0000,"path":"blit/alpha","orient":"upright","mem":"sram","rend":"async2","alpha":255,"halign":0,"corpus":0},"w":{"rows":12,"glyphs":161,"chars":175,"src_px":13512,"dest_px":13512},"m":{"reps":25,"n":15,"min":106392,"med":106498,"max":106657,"mean":106497.9,"sd":68.1},"d":{"ns_iter":4259920,"ns_px":315.27},"q":{"cv":0.06,"spread":0.25,"mhz":360.0,"outliers":0,"flags":[]},"h":"ecacce31"} @@420d0750@@
@@BENCH-RAW@@ {"i":12,"s":[106491,106448,106392,106498,106657,106525,106426,106441,106569,106557,106508,106455,106516,106420,106565]} @@30eb6724@@
I (25036) bench: [13/71] c565.fast2.upright.sram.async2    4259920 ns/iter  315.27 ns/px  cv 0.06%
@@BENCH-CELL@@ {"t":"cell","i":13,"id":"c565.fast2.rotcw.psram.sync","g":"cube","ax":{"fmt":"565","font":"saira_regular","size":18.0,"ratio":1.0000,"path":"blit/alpha","orient":"rotcw","mem":"psram","rend":"sync","alpha":255,"halign":0,"corpus":0},"w":{"rows":12,"glyphs":161,"chars":175,"src_px":13512,"dest_px":13512},"m":{"reps":16,"n":15,"min":100605,"med":100633,"max":100713,"mean":100638.9,"sd":26.4},"d":{"ns_iter":6289562,"ns_px":465.48},"q":{"cv":0.03,"spread":0.11,"mhz":360.0,"outliers":0,"flags":[]},"h":"70889db9"} @@947e0731@@
@@BENCH-RAW@@ {"i":13,"s":[100629,100650,100713,100666,100643,100644,100611,100628,100614,100642,100615,100628,100605,100663,100633]} @@da9fa8f2@@
I (26596) bench: [14/71] c565.fast2.rotcw.psram.sync       6289562 ns/iter  465.48 ns/px  cv 0.03%
@@BENCH-CELL@@ {"t":"cell","i":14,"id":"c565.fast2.rotcw.psram.async2","g":"cube","ax":{"fmt":"565","font":"saira_regular","size":18.0,"ratio":1.0000,"path":"blit/alpha","orient":"rotcw","mem":"psram","rend":"async2","alpha":255,"halign":0,"corpus":0},"w":{"rows":12,"glyphs":161,"chars":175,"src_px":13512,"dest_px":13512},"m":{"reps":20,"n":15,"min":91168,"med":91231,"max":91373,"mean":91234.3,"sd":57.9},"d":{"ns_iter":4561550,"ns_px":337.59},"q":{"cv":0.06,"spread":0.22,"mhz":360.0,"outliers":0,"flags":[]},"h":"70889db9"} @@624040c6@@
@@BENCH-RAW@@ {"i":14,"s":[91169,91235,91183,91190,91184,91214,91239,91231,91373,91168,91234,91254,91209,91302,91330]} @@b4dd72cb@@
I (28006) bench: [15/71] c565.fast2.rotcw.psram.async2     4561550 ns/iter  337.59 ns/px  cv 0.06%
@@BENCH-CELL@@ {"t":"cell","i":15,"id":"c565.fast2.rotcw.sram.sync","g":"cube","ax":{"fmt":"565","font":"saira_regular","size":18.0,"ratio":1.0000,"path":"blit/alpha","orient":"rotcw","mem":"sram","rend":"sync","alpha":255,"halign":0,"corpus":0},"w":{"rows":12,"glyphs":161,"chars":175,"src_px":13512,"dest_px":13512},"m":{"reps":17,"n":15,"min":106735,"med":106758,"max":106797,"mean":106759.4,"sd":17.4},"d":{"ns_iter":6279882,"ns_px":464.76},"q":{"cv":0.02,"spread":0.06,"mhz":360.0,"outliers":0,"flags":[]},"h":"70889db9"} @@71c8a9bf@@
@@BENCH-RAW@@ {"i":15,"s":[106769,106779,106743,106797,106776,106773,106740,106755,106770,106750,106739,106743,106735,106764,106758]} @@40f77c83@@
I (29656) bench: [16/71] c565.fast2.rotcw.sram.sync        6279882 ns/iter  464.76 ns/px  cv 0.02%
@@BENCH-CELL@@ {"t":"cell","i":16,"id":"c565.fast2.rotcw.sram.async2","g":"cube","ax":{"fmt":"565","font":"saira_regular","size":18.0,"ratio":1.0000,"path":"blit/alpha","orient":"rotcw","mem":"sram","rend":"async2","alpha":255,"halign":0,"corpus":0},"w":{"rows":12,"glyphs":161,"chars":175,"src_px":13512,"dest_px":13512},"m":{"reps":23,"n":15,"min":103194,"med":103263,"max":103360,"mean":103269.4,"sd":43.4},"d":{"ns_iter":4489695,"ns_px":332.27},"q":{"cv":0.04,"spread":0.16,"mhz":360.0,"outliers":0,"flags":[]},"h":"70889db9"} @@24d04c62@@
@@BENCH-RAW@@ {"i":16,"s":[103263,103259,103247,103207,103259,103265,103286,103332,103360,103194,103292,103324,103241,103277,103235]} @@40a10771@@
I (31246) bench: [17/71] c565.fast2.rotcw.sram.async2      4489695 ns/iter  332.27 ns/px  cv 0.04%
@@BENCH-CELL@@ {"t":"cell","i":17,"id":"c565.shader.upright.psram.sync","g":"cube","ax":{"fmt":"565","font":"saira_regular","size":27.0,"ratio":1.5000,"path":"shader/aa","orient":"upright","mem":"psram","rend":"sync","alpha":255,"halign":0,"corpus":0},"w":{"rows":8,"glyphs":92,"chars":100,"src_px":7701,"dest_px":18002},"m":{"reps":1,"n":12,"min":134635,"med":134681,"max":134850,"mean":134697.3,"sd":52.8},"d":{"ns_iter":134681000,"ns_px":7481.45},"q":{"cv":0.04,"spread":0.16,"mhz":360.0,"outliers":0,"flags":[]},"h":"f8db19ed"} @@1d4921db@@
@@BENCH-RAW@@ {"i":17,"s":[134687,134737,134850,134727,134635,134679,134677,134658,134681,134677,134673,134687]} @@35482fd5@@
I (33426) bench: [18/71] c565.shader.upright.psram.sync   134681000 ns/iter  7481.45 ns/px  cv 0.04%
@@BENCH-CELL@@ {"t":"cell","i":18,"id":"c565.shader.upright.psram.async2","g":"cube","ax":{"fmt":"565","font":"saira_regular","size":27.0,"ratio":1.5000,"path":"shader/aa","orient":"upright","mem":"psram","rend":"async2","alpha":255,"halign":0,"corpus":0},"w":{"rows":8,"glyphs":92,"chars":100,"src_px":7701,"dest_px":18002},"m":{"reps":2,"n":12,"min":138197,"med":138223,"max":138361,"mean":138240.4,"sd":49.7},"d":{"ns_iter":69111500,"ns_px":3839.10},"q":{"cv":0.04,"spread":0.12,"mhz":360.0,"outliers":0,"flags":[]},"h":"f8db19ed"} @@028cf672@@
@@BENCH-RAW@@ {"i":18,"s":[138199,138361,138223,138298,138210,138224,138254,138198,138205,138296,138220,138197]} @@3bc155b5@@
I (35386) bench: [19/71] c565.shader.upright.psram.async2 69111500 ns/iter  3839.10 ns/px  cv 0.04%
@@BENCH-CELL@@ {"t":"cell","i":19,"id":"c565.shader.upright.sram.sync","g":"cube","ax":{"fmt":"565","font":"saira_regular","size":27.0,"ratio":1.5000,"path":"shader/aa","orient":"upright","mem":"sram","rend":"sync","alpha":255,"halign":0,"corpus":0},"w":{"rows":8,"glyphs":92,"chars":100,"src_px":7701,"dest_px":18002},"m":{"reps":1,"n":12,"min":134665,"med":134684,"max":134775,"mean":134691.7,"sd":27.6},"d":{"ns_iter":134684000,"ns_px":7481.61},"q":{"cv":0.02,"spread":0.08,"mhz":360.0,"outliers":0,"flags":[]},"h":"f8db19ed"} @@2176272d@@
@@BENCH-RAW@@ {"i":19,"s":[134683,134665,134775,134684,134698,134676,134697,134671,134688,134678,134707,134678]} @@0b81efe0@@
I (37556) bench: [20/71] c565.shader.upright.sram.sync    134684000 ns/iter  7481.61 ns/px  cv 0.02%
@@BENCH-CELL@@ {"t":"cell","i":20,"id":"c565.shader.upright.sram.async2","g":"cube","ax":{"fmt":"565","font":"saira_regular","size":27.0,"ratio":1.5000,"path":"shader/aa","orient":"upright","mem":"sram","rend":"async2","alpha":255,"halign":0,"corpus":0},"w":{"rows":8,"glyphs":92,"chars":100,"src_px":7701,"dest_px":18002},"m":{"reps":2,"n":12,"min":138155,"med":138233,"max":138417,"mean":138252.8,"sd":85.8},"d":{"ns_iter":69116500,"ns_px":3839.38},"q":{"cv":0.06,"spread":0.19,"mhz":360.0,"outliers":0,"flags":[]},"h":"f8db19ed"} @@9f11431a@@
@@BENCH-RAW@@ {"i":20,"s":[138334,138417,138246,138159,138396,138155,138199,138177,138218,138303,138197,138233]} @@e5fdb56f@@
I (39516) bench: [21/71] c565.shader.upright.sram.async2  69116500 ns/iter  3839.38 ns/px  cv 0.06%
@@BENCH-CELL@@ {"t":"cell","i":21,"id":"c565.shader.rotcw.psram.sync","g":"cube","ax":{"fmt":"565","font":"saira_regular","size":27.0,"ratio":1.5000,"path":"shader/aa","orient":"rotcw","mem":"psram","rend":"sync","alpha":255,"halign":0,"corpus":0},"w":{"rows":8,"glyphs":92,"chars":100,"src_px":7701,"dest_px":18002},"m":{"reps":1,"n":13,"min":129977,"med":130065,"max":130159,"mean":130066.2,"sd":49.3},"d":{"ns_iter":130065000,"ns_px":7225.03},"q":{"cv":0.04,"spread":0.14,"mhz":360.0,"outliers":0,"flags":[]},"h":"796ae951"} @@75bb9d35@@
@@BENCH-RAW@@ {"i":21,"s":[129998,129977,130022,130087,130159,130132,130097,130052,130035,130077,130065,130103,130056]} @@9227c6a3@@
I (41746) bench: [22/71] c565.shader.rotcw.psram.sync     130065000 ns/iter  7225.03 ns/px  cv 0.04%
@@BENCH-CELL@@ {"t":"cell","i":22,"id":"c565.shader.rotcw.psram.async2","g":"cube","ax":{"fmt":"565","font":"saira_regular","size":27.0,"ratio":1.5000,"path":"shader/aa","orient":"rotcw","mem":"psram","rend":"async2","alpha":255,"halign":0,"corpus":0},"w":{"rows":8,"glyphs":92,"chars":100,"src_px":7701,"dest_px":18002},"m":{"reps":2,"n":12,"min":136549,"med":136631,"max":136753,"mean":136630.8,"sd":78.0},"d":{"ns_iter":68315500,"ns_px":3794.88},"q":{"cv":0.06,"spread":0.15,"mhz":360.0,"outliers":0,"flags":[]},"h":"796ae951"} @@4115e18b@@
@@BENCH-RAW@@ {"i":22,"s":[136712,136712,136753,136742,136560,136549,136564,136553,136567,136631,136667,136560]} @@8070d6b3@@
I (43686) bench: [23/71] c565.shader.rotcw.psram.async2   68315500 ns/iter  3794.88 ns/px  cv 0.06%
@@BENCH-CELL@@ {"t":"cell","i":23,"id":"c565.shader.rotcw.sram.sync","g":"cube","ax":{"fmt":"565","font":"saira_regular","size":27.0,"ratio":1.5000,"path":"shader/aa","orient":"rotcw","mem":"sram","rend":"sync","alpha":255,"halign":0,"corpus":0},"w":{"rows":8,"glyphs":92,"chars":100,"src_px":7701,"dest_px":18002},"m":{"reps":1,"n":13,"min":129741,"med":129753,"max":129873,"mean":129765.9,"sd":33.4},"d":{"ns_iter":129753000,"ns_px":7207.70},"q":{"cv":0.03,"spread":0.10,"mhz":360.0,"outliers":0,"flags":[]},"h":"796ae951"} @@f3ca9965@@
@@BENCH-RAW@@ {"i":23,"s":[129786,129771,129764,129873,129747,129748,129742,129741,129746,129753,129763,129753,129770]} @@2b08b03c@@
I (45916) bench: [24/71] c565.shader.rotcw.sram.sync      129753000 ns/iter  7207.70 ns/px  cv 0.03%
@@BENCH-CELL@@ {"t":"cell","i":24,"id":"c565.shader.rotcw.sram.async2","g":"cube","ax":{"fmt":"565","font":"saira_regular","size":27.0,"ratio":1.5000,"path":"shader/aa","orient":"rotcw","mem":"sram","rend":"async2","alpha":255,"halign":0,"corpus":0},"w":{"rows":8,"glyphs":92,"chars":100,"src_px":7701,"dest_px":18002},"m":{"reps":2,"n":12,"min":135916,"med":135964,"max":136006,"mean":135957.7,"sd":27.9},"d":{"ns_iter":67982000,"ns_px":3776.36},"q":{"cv":0.02,"spread":0.07,"mhz":360.0,"outliers":0,"flags":[]},"h":"796ae951"} @@7cfb0282@@
@@BENCH-RAW@@ {"i":24,"s":[135948,135916,135918,135978,136006,135930,135962,135938,135964,135965,135966,136001]} @@4909a946@@
I (47836) bench: [25/71] c565.shader.rotcw.sram.async2    67982000 ns/iter  3776.36 ns/px  cv 0.02%
@@BENCH-CELL@@ {"t":"cell","i":25,"id":"c888.fast1.upright.psram.sync","g":"cube","ax":{"fmt":"888","font":"sky","size":9.0,"ratio":1.0000,"path":"blit/direct","orient":"upright","mem":"psram","rend":"sync","alpha":255,"halign":0,"corpus":0},"w":{"rows":23,"glyphs":373,"chars":397,"src_px":10135,"dest_px":10135},"m":{"reps":40,"n":15,"min":83756,"med":83882,"max":84443,"mean":83971.7,"sd":205.2},"d":{"ns_iter":2097050,"ns_px":206.91},"q":{"cv":0.24,"spread":0.82,"mhz":360.0,"outliers":0,"flags":[]},"h":"601bd481"} @@cc151fe7@@
@@BENCH-RAW@@ {"i":25,"s":[84443,84376,84138,84026,84033,84003,83858,83872,83756,83758,84020,83802,83816,83793,83882]} @@d8d3dd8a@@
I (49136) bench: [26/71] c888.fast1.upright.psram.sync     2097050 ns/iter  206.91 ns/px  cv 0.24%
@@BENCH-CELL@@ {"t":"cell","i":26,"id":"c888.fast1.upright.psram.async2","g":"cube","ax":{"fmt":"888","font":"sky","size":9.0,"ratio":1.0000,"path":"blit/direct","orient":"upright","mem":"psram","rend":"async2","alpha":255,"halign":0,"corpus":0},"w":{"rows":23,"glyphs":373,"chars":397,"src_px":10135,"dest_px":10135},"m":{"reps":27,"n":15,"min":100328,"med":100653,"max":100819,"mean":100617.2,"sd":130.0},"d":{"ns_iter":3727888,"ns_px":367.82},"q":{"cv":0.13,"spread":0.49,"mhz":360.0,"outliers":0,"flags":[]},"h":"601bd481"} @@ffa1797d@@
@@BENCH-RAW@@ {"i":26,"s":[100414,100328,100529,100678,100597,100745,100672,100745,100653,100505,100545,100604,100751,100819,100673]} @@dacce5e8@@
I (50686) bench: [27/71] c888.fast1.upright.psram.async2   3727888 ns/iter  367.82 ns/px  cv 0.13%
@@BENCH-CELL@@ {"t":"cell","i":27,"id":"c888.fast1.upright.sram.sync","g":"cube","ax":{"fmt":"888","font":"sky","size":9.0,"ratio":1.0000,"path":"blit/direct","orient":"upright","mem":"sram","rend":"sync","alpha":255,"halign":0,"corpus":0},"w":{"rows":23,"glyphs":373,"chars":397,"src_px":10135,"dest_px":10135},"m":{"reps":48,"n":15,"min":101086,"med":101274,"max":101516,"mean":101276.4,"sd":120.4},"d":{"ns_iter":2109875,"ns_px":208.18},"q":{"cv":0.12,"spread":0.42,"mhz":360.0,"outliers":0,"flags":[]},"h":"601bd481"} @@43ee93d1@@
@@BENCH-RAW@@ {"i":27,"s":[101331,101271,101466,101516,101314,101211,101131,101160,101274,101372,101335,101167,101086,101354,101158]} @@8bafb761@@
I (52236) bench: [28/71] c888.fast1.upright.sram.sync      2109875 ns/iter  208.18 ns/px  cv 0.12%
@@BENCH-CELL@@ {"t":"cell","i":28,"id":"c888.fast1.upright.sram.async2","g":"cube","ax":{"fmt":"888","font":"sky","size":9.0,"ratio":1.0000,"path":"blit/direct","orient":"upright","mem":"sram","rend":"async2","alpha":255,"halign":0,"corpus":0},"w":{"rows":23,"glyphs":373,"chars":397,"src_px":10135,"dest_px":10135},"m":{"reps":30,"n":15,"min":111831,"med":112035,"max":112192,"mean":112010.3,"sd":81.0},"d":{"ns_iter":3734500,"ns_px":368.48},"q":{"cv":0.07,"spread":0.32,"mhz":360.0,"outliers":0,"flags":[]},"h":"601bd481"} @@38655f5c@@
@@BENCH-RAW@@ {"i":28,"s":[112035,111927,112064,111831,112041,112071,112192,111913,112012,112047,111987,112035,111938,112022,112040]} @@8c095c3f@@
I (53956) bench: [29/71] c888.fast1.upright.sram.async2    3734500 ns/iter  368.48 ns/px  cv 0.07%
@@BENCH-CELL@@ {"t":"cell","i":29,"id":"c888.fast1.rotcw.psram.sync","g":"cube","ax":{"fmt":"888","font":"sky","size":9.0,"ratio":1.0000,"path":"blit/direct","orient":"rotcw","mem":"psram","rend":"sync","alpha":255,"halign":0,"corpus":0},"w":{"rows":23,"glyphs":373,"chars":397,"src_px":10135,"dest_px":10135},"m":{"reps":35,"n":15,"min":83323,"med":83504,"max":83714,"mean":83501.9,"sd":93.5},"d":{"ns_iter":2385828,"ns_px":235.40},"q":{"cv":0.11,"spread":0.47,"mhz":360.0,"outliers":0,"flags":[]},"h":"333c04c9"} @@6d89a40d@@
@@BENCH-RAW@@ {"i":29,"s":[83453,83517,83392,83323,83480,83509,83496,83555,83504,83630,83590,83714,83504,83461,83401]} @@354b47b4@@
I (55246) bench: [30/71] c888.fast1.rotcw.psram.sync       2385828 ns/iter  235.40 ns/px  cv 0.11%
@@BENCH-CELL@@ {"t":"cell","i":30,"id":"c888.fast1.rotcw.psram.async2","g":"cube","ax":{"fmt":"888","font":"sky","size":9.0,"ratio":1.0000,"path":"blit/direct","orient":"rotcw","mem":"psram","rend":"async2","alpha":255,"halign":0,"corpus":0},"w":{"rows":23,"glyphs":373,"chars":397,"src_px":10135,"dest_px":10135},"m":{"reps":25,"n":15,"min":101588,"med":101785,"max":101995,"mean":101793.1,"sd":97.8},"d":{"ns_iter":4071400,"ns_px":401.72},"q":{"cv":0.10,"spread":0.40,"mhz":360.0,"outliers":0,"flags":[]},"h":"333c04c9"} @@9df2fd81@@
@@BENCH-RAW@@ {"i":30,"s":[101850,101742,101785,101961,101995,101727,101826,101849,101749,101719,101822,101816,101701,101766,101588]} @@3e0772a5@@
I (56816) bench: [31/71] c888.fast1.rotcw.psram.async2     4071400 ns/iter  401.72 ns/px  cv 0.10%
@@BENCH-CELL@@ {"t":"cell","i":31,"id":"c888.fast1.rotcw.sram.sync","g":"cube","ax":{"fmt":"888","font":"sky","size":9.0,"ratio":1.0000,"path":"blit/direct","orient":"rotcw","mem":"sram","rend":"sync","alpha":255,"halign":0,"corpus":0},"w":{"rows":23,"glyphs":373,"chars":397,"src_px":10135,"dest_px":10135},"m":{"reps":47,"n":15,"min":99996,"med":100295,"max":100563,"mean":100242.3,"sd":161.8},"d":{"ns_iter":2133936,"ns_px":210.55},"q":{"cv":0.16,"spread":0.57,"mhz":360.0,"outliers":0,"flags":[]},"h":"333c04c9"} @@ce94b4ac@@
@@BENCH-RAW@@ {"i":31,"s":[100563,100356,100206,100179,100117,100015,99996,100060,100078,100339,100470,100342,100295,100318,100301]} @@86d74494@@
I (58346) bench: [32/71] c888.fast1.rotcw.sram.sync        2133936 ns/iter  210.55 ns/px  cv 0.16%
@@BENCH-CELL@@ {"t":"cell","i":32,"id":"c888.fast1.rotcw.sram.async2","g":"cube","ax":{"fmt":"888","font":"sky","size":9.0,"ratio":1.0000,"path":"blit/direct","orient":"rotcw","mem":"sram","rend":"async2","alpha":255,"halign":0,"corpus":0},"w":{"rows":23,"glyphs":373,"chars":397,"src_px":10135,"dest_px":10135},"m":{"reps":29,"n":15,"min":110357,"med":110579,"max":110877,"mean":110602.0,"sd":159.1},"d":{"ns_iter":3813068,"ns_px":376.23},"q":{"cv":0.14,"spread":0.47,"mhz":360.0,"outliers":0,"flags":[]},"h":"333c04c9"} @@693d0303@@
@@BENCH-RAW@@ {"i":32,"s":[110578,110416,110357,110372,110449,110600,110562,110544,110585,110579,110751,110747,110877,110815,110798]} @@5c15f5d1@@
I (60046) bench: [33/71] c888.fast1.rotcw.sram.async2      3813068 ns/iter  376.23 ns/px  cv 0.14%
@@BENCH-CELL@@ {"t":"cell","i":33,"id":"c888.fast2.upright.psram.sync","g":"cube","ax":{"fmt":"888","font":"saira_regular","size":18.0,"ratio":1.0000,"path":"blit/alpha","orient":"upright","mem":"psram","rend":"sync","alpha":255,"halign":0,"corpus":0},"w":{"rows":12,"glyphs":161,"chars":175,"src_px":13512,"dest_px":13512},"m":{"reps":16,"n":15,"min":97206,"med":97223,"max":97255,"mean":97224.7,"sd":11.5},"d":{"ns_iter":6076437,"ns_px":449.71},"q":{"cv":0.01,"spread":0.05,"mhz":360.0,"outliers":0,"flags":[]},"h":"34ac5a26"} @@56210206@@
@@BENCH-RAW@@ {"i":33,"s":[97232,97239,97221,97218,97209,97223,97225,97222,97231,97255,97222,97215,97227,97225,97206]} @@ca5fbe3b@@
I (61556) bench: [34/71] c888.fast2.upright.psram.sync     6076437 ns/iter  449.71 ns/px  cv 0.01%
@@BENCH-CELL@@ {"t":"cell","i":34,"id":"c888.fast2.upright.psram.async2","g":"cube","ax":{"fmt":"888","font":"saira_regular","size":18.0,"ratio":1.0000,"path":"blit/alpha","orient":"upright","mem":"psram","rend":"async2","alpha":255,"halign":0,"corpus":0},"w":{"rows":12,"glyphs":161,"chars":175,"src_px":13512,"dest_px":13512},"m":{"reps":22,"n":15,"min":91989,"med":92079,"max":92187,"mean":92074.2,"sd":50.7},"d":{"ns_iter":4185409,"ns_px":309.75},"q":{"cv":0.06,"spread":0.22,"mhz":360.0,"outliers":0,"flags":[]},"h":"34ac5a26"} @@9469fec1@@
@@BENCH-RAW@@ {"i":34,"s":[92156,92079,92107,92083,92055,92187,92004,92082,92039,91989,92109,92049,92029,92063,92082]} @@4c3d05f7@@
I (62986) bench: [35/71] c888.fast2.upright.psram.async2   4185409 ns/iter  309.75 ns/px  cv 0.06%
@@BENCH-CELL@@ {"t":"cell","i":35,"id":"c888.fast2.upright.sram.sync","g":"cube","ax":{"fmt":"888","font":"saira_regular","size":18.0,"ratio":1.0000,"path":"blit/alpha","orient":"upright","mem":"sram","rend":"sync","alpha":255,"halign":0,"corpus":0},"w":{"rows":12,"glyphs":161,"chars":175,"src_px":13512,"dest_px":13512},"m":{"reps":18,"n":15,"min":109307,"med":109330,"max":109357,"mean":109333.5,"sd":16.7},"d":{"ns_iter":6073888,"ns_px":449.52},"q":{"cv":0.02,"spread":0.05,"mhz":360.0,"outliers":0,"flags":[]},"h":"34ac5a26"} @@0587dc79@@
@@BENCH-RAW@@ {"i":35,"s":[109328,109335,109355,109343,109357,109349,109352,109352,109326,109307,109318,109311,109309,109330,109330]} @@5ebf56d7@@
I (64676) bench: [36/71] c888.fast2.upright.sram.sync      6073888 ns/iter  449.52 ns/px  cv 0.02%
@@BENCH-CELL@@ {"t":"cell","i":36,"id":"c888.fast2.upright.sram.async2","g":"cube","ax":{"fmt":"888","font":"saira_regular","size":18.0,"ratio":1.0000,"path":"blit/alpha","orient":"upright","mem":"sram","rend":"async2","alpha":255,"halign":0,"corpus":0},"w":{"rows":12,"glyphs":161,"chars":175,"src_px":13512,"dest_px":13512},"m":{"reps":25,"n":15,"min":104428,"med":104517,"max":104584,"mean":104524.8,"sd":41.9},"d":{"ns_iter":4180680,"ns_px":309.40},"q":{"cv":0.04,"spread":0.15,"mhz":360.0,"outliers":0,"flags":[]},"h":"34ac5a26"} @@87e1915c@@
@@BENCH-RAW@@ {"i":36,"s":[104561,104584,104507,104566,104558,104477,104517,104530,104556,104582,104511,104496,104428,104506,104493]} @@2809583d@@
I (66276) bench: [37/71] c888.fast2.upright.sram.async2    4180680 ns/iter  309.40 ns/px  cv 0.04%
@@BENCH-CELL@@ {"t":"cell","i":37,"id":"c888.fast2.rotcw.psram.sync","g":"cube","ax":{"fmt":"888","font":"saira_regular","size":18.0,"ratio":1.0000,"path":"blit/alpha","orient":"rotcw","mem":"psram","rend":"sync","alpha":255,"halign":0,"corpus":0},"w":{"rows":12,"glyphs":161,"chars":175,"src_px":13512,"dest_px":13512},"m":{"reps":16,"n":15,"min":102140,"med":102215,"max":102353,"mean":102211.1,"sd":53.1},"d":{"ns_iter":6388437,"ns_px":472.80},"q":{"cv":0.05,"spread":0.21,"mhz":360.0,"outliers":0,"flags":[]},"h":"de65743c"} @@2c4269dc@@
@@BENCH-RAW@@ {"i":37,"s":[102227,102183,102168,102229,102237,102254,102215,102250,102237,102353,102163,102204,102145,102140,102162]} @@864fd09a@@
I (67866) bench: [38/71] c888.fast2.rotcw.psram.sync       6388437 ns/iter  472.80 ns/px  cv 0.05%
@@BENCH-CELL@@ {"t":"cell","i":38,"id":"c888.fast2.rotcw.psram.async2","g":"cube","ax":{"fmt":"888","font":"saira_regular","size":18.0,"ratio":1.0000,"path":"blit/alpha","orient":"rotcw","mem":"psram","rend":"async2","alpha":255,"halign":0,"corpus":0},"w":{"rows":12,"glyphs":161,"chars":175,"src_px":13512,"dest_px":13512},"m":{"reps":20,"n":15,"min":94866,"med":95045,"max":95344,"mean":95076.2,"sd":119.9},"d":{"ns_iter":4752250,"ns_px":351.71},"q":{"cv":0.13,"spread":0.50,"mhz":360.0,"outliers":0,"flags":[]},"h":"de65743c"} @@b898c9ef@@
@@BENCH-RAW@@ {"i":38,"s":[94969,95344,95183,95232,94996,95048,95079,94866,95022,95095,95035,94974,95019,95045,95236]} @@a4dfd8bb@@
I (69336) bench: [39/71] c888.fast2.rotcw.psram.async2     4752250 ns/iter  351.71 ns/px  cv 0.13%
@@BENCH-CELL@@ {"t":"cell","i":39,"id":"c888.fast2.rotcw.sram.sync","g":"cube","ax":{"fmt":"888","font":"saira_regular","size":18.0,"ratio":1.0000,"path":"blit/alpha","orient":"rotcw","mem":"sram","rend":"sync","alpha":255,"halign":0,"corpus":0},"w":{"rows":12,"glyphs":161,"chars":175,"src_px":13512,"dest_px":13512},"m":{"reps":18,"n":15,"min":109808,"med":109824,"max":109860,"mean":109828.5,"sd":13.1},"d":{"ns_iter":6101333,"ns_px":451.55},"q":{"cv":0.01,"spread":0.05,"mhz":360.0,"outliers":0,"flags":[]},"h":"de65743c"} @@6be5c9ea@@
@@BENCH-RAW@@ {"i":39,"s":[109824,109831,109845,109843,109824,109823,109815,109820,109860,109822,109823,109808,109823,109824,109843]} @@f866f50b@@
I (71036) bench: [40/71] c888.fast2.rotcw.sram.sync        6101333 ns/iter  451.55 ns/px  cv 0.01%
@@BENCH-CELL@@ {"t":"cell","i":40,"id":"c888.fast2.rotcw.sram.async2","g":"cube","ax":{"fmt":"888","font":"saira_regular","size":18.0,"ratio":1.0000,"path":"blit/alpha","orient":"rotcw","mem":"sram","rend":"async2","alpha":255,"halign":0,"corpus":0},"w":{"rows":12,"glyphs":161,"chars":175,"src_px":13512,"dest_px":13512},"m":{"reps":24,"n":15,"min":105727,"med":105927,"max":106035,"mean":105897.1,"sd":86.5},"d":{"ns_iter":4413625,"ns_px":326.64},"q":{"cv":0.08,"spread":0.29,"mhz":360.0,"outliers":0,"flags":[]},"h":"de65743c"} @@9bfc8cd8@@
@@BENCH-RAW@@ {"i":40,"s":[105936,105959,106035,105963,105959,105927,105961,105924,105883,105935,105809,105903,105736,105727,105799]} @@c22b30cb@@
I (72666) bench: [41/71] c888.fast2.rotcw.sram.async2      4413625 ns/iter  326.64 ns/px  cv 0.08%
@@BENCH-CELL@@ {"t":"cell","i":41,"id":"c888.shader.upright.psram.sync","g":"cube","ax":{"fmt":"888","font":"saira_regular","size":27.0,"ratio":1.5000,"path":"shader/aa","orient":"upright","mem":"psram","rend":"sync","alpha":255,"halign":0,"corpus":0},"w":{"rows":8,"glyphs":92,"chars":100,"src_px":7701,"dest_px":18002},"m":{"reps":1,"n":12,"min":136159,"med":136208,"max":136449,"mean":136224.8,"sd":70.3},"d":{"ns_iter":136208000,"ns_px":7566.27},"q":{"cv":0.05,"spread":0.21,"mhz":360.0,"outliers":0,"flags":[]},"h":"839de335"} @@65cc6f0d@@
@@BENCH-RAW@@ {"i":41,"s":[136206,136449,136213,136210,136199,136208,136239,136194,136230,136159,136189,136201]} @@b504c7f2@@
I (74876) bench: [42/71] c888.shader.upright.psram.sync   136208000 ns/iter  7566.27 ns/px  cv 0.05%
@@BENCH-CELL@@ {"t":"cell","i":42,"id":"c888.shader.upright.psram.async2","g":"cube","ax":{"fmt":"888","font":"saira_regular","size":27.0,"ratio":1.5000,"path":"shader/aa","orient":"upright","mem":"psram","rend":"async2","alpha":255,"halign":0,"corpus":0},"w":{"rows":8,"glyphs":92,"chars":100,"src_px":7701,"dest_px":18002},"m":{"reps":2,"n":12,"min":138075,"med":138131,"max":138343,"mean":138173.8,"sd":87.8},"d":{"ns_iter":69065500,"ns_px":3836.55},"q":{"cv":0.06,"spread":0.19,"mhz":360.0,"outliers":0,"flags":[]},"h":"839de335"} @@1738b470@@
@@BENCH-RAW@@ {"i":42,"s":[138241,138106,138272,138075,138113,138301,138343,138184,138108,138103,138109,138131]} @@1dd2665c@@
I (76836) bench: [43/71] c888.shader.upright.psram.async2 69065500 ns/iter  3836.55 ns/px  cv 0.06%
@@BENCH-CELL@@ {"t":"cell","i":43,"id":"c888.shader.upright.sram.sync","g":"cube","ax":{"fmt":"888","font":"saira_regular","size":27.0,"ratio":1.5000,"path":"shader/aa","orient":"upright","mem":"sram","rend":"sync","alpha":255,"halign":0,"corpus":0},"w":{"rows":8,"glyphs":92,"chars":100,"src_px":7701,"dest_px":18002},"m":{"reps":1,"n":12,"min":136055,"med":136105,"max":136197,"mean":136103.9,"sd":34.5},"d":{"ns_iter":136105000,"ns_px":7560.55},"q":{"cv":0.03,"spread":0.10,"mhz":360.0,"outliers":0,"flags":[]},"h":"839de335"} @@6892630e@@
@@BENCH-RAW@@ {"i":43,"s":[136055,136105,136115,136138,136197,136106,136082,136093,136105,136090,136082,136079]} @@0cd7c928@@
I (79036) bench: [44/71] c888.shader.upright.sram.sync    136105000 ns/iter  7560.55 ns/px  cv 0.03%
@@BENCH-CELL@@ {"t":"cell","i":44,"id":"c888.shader.upright.sram.async2","g":"cube","ax":{"fmt":"888","font":"saira_regular","size":27.0,"ratio":1.5000,"path":"shader/aa","orient":"upright","mem":"sram","rend":"async2","alpha":255,"halign":0,"corpus":0},"w":{"rows":8,"glyphs":92,"chars":100,"src_px":7701,"dest_px":18002},"m":{"reps":2,"n":12,"min":137878,"med":138112,"max":138238,"mean":138060.2,"sd":131.3},"d":{"ns_iter":69056000,"ns_px":3836.02},"q":{"cv":0.10,"spread":0.26,"mhz":360.0,"outliers":0,"flags":[]},"h":"839de335"} @@35316b3a@@
@@BENCH-RAW@@ {"i":44,"s":[137886,138158,138012,137953,137878,137947,137946,138238,138112,138153,138222,138218]} @@2cda2a44@@
I (80996) bench: [45/71] c888.shader.upright.sram.async2  69056000 ns/iter  3836.02 ns/px  cv 0.10%
@@BENCH-CELL@@ {"t":"cell","i":45,"id":"c888.shader.rotcw.psram.sync","g":"cube","ax":{"fmt":"888","font":"saira_regular","size":27.0,"ratio":1.5000,"path":"shader/aa","orient":"rotcw","mem":"psram","rend":"sync","alpha":255,"halign":0,"corpus":0},"w":{"rows":8,"glyphs":92,"chars":100,"src_px":7701,"dest_px":18002},"m":{"reps":1,"n":13,"min":129815,"med":129845,"max":129961,"mean":129856.8,"sd":36.4},"d":{"ns_iter":129845000,"ns_px":7212.81},"q":{"cv":0.03,"spread":0.11,"mhz":360.0,"outliers":0,"flags":[]},"h":"dd1828a1"} @@193f927c@@
@@BENCH-RAW@@ {"i":45,"s":[129961,129861,129845,129845,129838,129851,129878,129815,129898,129842,129839,129837,129828]} @@6375d40a@@
I (83226) bench: [46/71] c888.shader.rotcw.psram.sync     129845000 ns/iter  7212.81 ns/px  cv 0.03%
@@BENCH-CELL@@ {"t":"cell","i":46,"id":"c888.shader.rotcw.psram.async2","g":"cube","ax":{"fmt":"888","font":"saira_regular","size":27.0,"ratio":1.5000,"path":"shader/aa","orient":"rotcw","mem":"psram","rend":"async2","alpha":255,"halign":0,"corpus":0},"w":{"rows":8,"glyphs":92,"chars":100,"src_px":7701,"dest_px":18002},"m":{"reps":2,"n":12,"min":136536,"med":136590,"max":136732,"mean":136601.0,"sd":50.3},"d":{"ns_iter":68295000,"ns_px":3793.75},"q":{"cv":0.04,"spread":0.14,"mhz":360.0,"outliers":0,"flags":[]},"h":"dd1828a1"} @@7e158dba@@
@@BENCH-RAW@@ {"i":46,"s":[136558,136732,136653,136580,136607,136590,136606,136536,136568,136562,136588,136632]} @@28a33f9a@@
I (85176) bench: [47/71] c888.shader.rotcw.psram.async2   68295000 ns/iter  3793.75 ns/px  cv 0.04%
@@BENCH-CELL@@ {"t":"cell","i":47,"id":"c888.shader.rotcw.sram.sync","g":"cube","ax":{"fmt":"888","font":"saira_regular","size":27.0,"ratio":1.5000,"path":"shader/aa","orient":"rotcw","mem":"sram","rend":"sync","alpha":255,"halign":0,"corpus":0},"w":{"rows":8,"glyphs":92,"chars":100,"src_px":7701,"dest_px":18002},"m":{"reps":1,"n":13,"min":129347,"med":129372,"max":129434,"mean":129382.6,"sd":28.5},"d":{"ns_iter":129372000,"ns_px":7186.53},"q":{"cv":0.02,"spread":0.07,"mhz":360.0,"outliers":0,"flags":[]},"h":"dd1828a1"} @@4d09bc28@@
@@BENCH-RAW@@ {"i":47,"s":[129347,129369,129396,129402,129433,129434,129372,129353,129349,129370,129360,129383,129406]} @@def8dc53@@
I (87396) bench: [48/71] c888.shader.rotcw.sram.sync      129372000 ns/iter  7186.53 ns/px  cv 0.02%
@@BENCH-CELL@@ {"t":"cell","i":48,"id":"c888.shader.rotcw.sram.async2","g":"cube","ax":{"fmt":"888","font":"saira_regular","size":27.0,"ratio":1.5000,"path":"shader/aa","orient":"rotcw","mem":"sram","rend":"async2","alpha":255,"halign":0,"corpus":0},"w":{"rows":8,"glyphs":92,"chars":100,"src_px":7701,"dest_px":18002},"m":{"reps":2,"n":12,"min":135449,"med":135547,"max":135673,"mean":135548.5,"sd":62.5},"d":{"ns_iter":67773500,"ns_px":3764.78},"q":{"cv":0.05,"spread":0.17,"mhz":360.0,"outliers":0,"flags":[]},"h":"dd1828a1"} @@2b926dab@@
@@BENCH-RAW@@ {"i":48,"s":[135530,135576,135589,135615,135589,135673,135465,135449,135475,135531,135547,135543]} @@d924e6e1@@
I (89316) bench: [49/71] c888.shader.rotcw.sram.async2    67773500 ns/iter  3764.78 ns/px  cv 0.05%
@@BENCH-CELL@@ {"t":"cell","i":49,"id":"orient.rotccw","g":"orient","ax":{"fmt":"888","font":"saira_regular","size":18.0,"ratio":1.0000,"path":"blit/alpha","orient":"rotccw","mem":"psram","rend":"async2","alpha":255,"halign":0,"corpus":0},"w":{"rows":12,"glyphs":161,"chars":175,"src_px":13512,"dest_px":13512},"m":{"reps":20,"n":15,"min":93914,"med":94023,"max":94370,"mean":94065.6,"sd":118.7},"d":{"ns_iter":4701150,"ns_px":347.92},"q":{"cv":0.13,"spread":0.48,"mhz":360.0,"outliers":0,"flags":[]},"h":"e16cec42"} @@5a877ba6@@
@@BENCH-RAW@@ {"i":49,"s":[94164,94058,94370,93975,94195,93973,94023,94081,93914,94017,94006,94004,94057,94216,93931]} @@d2d338fd@@
I (90776) bench: [50/71] orient.rotccw                     4701150 ns/iter  347.92 ns/px  cv 0.13%
@@BENCH-CELL@@ {"t":"cell","i":50,"id":"orient.rothalf","g":"orient","ax":{"fmt":"888","font":"saira_regular","size":18.0,"ratio":1.0000,"path":"blit/alpha","orient":"rothalf","mem":"psram","rend":"async2","alpha":255,"halign":0,"corpus":0},"w":{"rows":12,"glyphs":161,"chars":175,"src_px":13512,"dest_px":13512},"m":{"reps":21,"n":15,"min":94898,"med":95065,"max":95213,"mean":95058.4,"sd":73.0},"d":{"ns_iter":4526904,"ns_px":335.03},"q":{"cv":0.08,"spread":0.33,"mhz":360.0,"outliers":0,"flags":[]},"h":"a6066584"} @@cbf2e27f@@
@@BENCH-RAW@@ {"i":50,"s":[94898,95029,94923,95075,95065,95106,95030,95130,95213,95065,95051,95079,95040,95093,95079]} @@8726645d@@
I (92246) bench: [51/71] orient.rothalf                    4526904 ns/iter  335.03 ns/px  cv 0.08%
@@BENCH-CELL@@ {"t":"cell","i":51,"id":"orient.fliph","g":"orient","ax":{"fmt":"888","font":"saira_regular","size":18.0,"ratio":1.0000,"path":"blit/alpha","orient":"fliph","mem":"psram","rend":"async2","alpha":255,"halign":0,"corpus":0},"w":{"rows":12,"glyphs":161,"chars":175,"src_px":13512,"dest_px":13512},"m":{"reps":22,"n":15,"min":91930,"med":92117,"max":92193,"mean":92107.3,"sd":69.8},"d":{"ns_iter":4187136,"ns_px":309.88},"q":{"cv":0.08,"spread":0.29,"mhz":360.0,"outliers":0,"flags":[]},"h":"abc61a88"} @@4a9881ac@@
@@BENCH-RAW@@ {"i":51,"s":[92181,91995,91930,92083,92130,92193,92165,92050,92162,92156,92081,92106,92104,92117,92156]} @@54f5a676@@
I (93676) bench: [52/71] orient.fliph                      4187136 ns/iter  309.88 ns/px  cv 0.08%
@@BENCH-CELL@@ {"t":"cell","i":52,"id":"orient.rotccwfliph","g":"orient","ax":{"fmt":"888","font":"saira_regular","size":18.0,"ratio":1.0000,"path":"blit/alpha","orient":"rotccwfliph","mem":"psram","rend":"async2","alpha":255,"halign":0,"corpus":0},"w":{"rows":12,"glyphs":161,"chars":175,"src_px":13512,"dest_px":13512},"m":{"reps":21,"n":15,"min":98450,"med":98710,"max":98971,"mean":98694.3,"sd":142.1},"d":{"ns_iter":4700476,"ns_px":347.87},"q":{"cv":0.14,"spread":0.53,"mhz":360.0,"outliers":0,"flags":[]},"h":"5262d8d8"} @@fe4aeb4a@@
@@BENCH-RAW@@ {"i":52,"s":[98547,98599,98698,98712,98710,98740,98765,98921,98799,98971,98614,98455,98741,98692,98450]} @@f27a8980@@
I (95206) bench: [53/71] orient.rotccwfliph                4700476 ns/iter  347.87 ns/px  cv 0.14%
@@BENCH-CELL@@ {"t":"cell","i":53,"id":"orient.rothalffliph","g":"orient","ax":{"fmt":"888","font":"saira_regular","size":18.0,"ratio":1.0000,"path":"blit/alpha","orient":"rothalffliph","mem":"psram","rend":"async2","alpha":255,"halign":0,"corpus":0},"w":{"rows":12,"glyphs":161,"chars":175,"src_px":13512,"dest_px":13512},"m":{"reps":21,"n":15,"min":95417,"med":95546,"max":95645,"mean":95524.0,"sd":64.8},"d":{"ns_iter":4549809,"ns_px":336.72},"q":{"cv":0.07,"spread":0.24,"mhz":360.0,"outliers":0,"flags":[]},"h":"418c2762"} @@548cafe9@@
@@BENCH-RAW@@ {"i":53,"s":[95466,95417,95418,95428,95645,95525,95513,95502,95554,95591,95553,95546,95565,95576,95561]} @@18156d99@@
I (96686) bench: [54/71] orient.rothalffliph               4549809 ns/iter  336.72 ns/px  cv 0.07%
@@BENCH-CELL@@ {"t":"cell","i":54,"id":"orient.rotcwfliph","g":"orient","ax":{"fmt":"888","font":"saira_regular","size":18.0,"ratio":1.0000,"path":"blit/alpha","orient":"rotcwfliph","mem":"psram","rend":"async2","alpha":255,"halign":0,"corpus":0},"w":{"rows":12,"glyphs":161,"chars":175,"src_px":13512,"dest_px":13512},"m":{"reps":20,"n":15,"min":93781,"med":93941,"max":94093,"mean":93943.3,"sd":88.2},"d":{"ns_iter":4697050,"ns_px":347.62},"q":{"cv":0.09,"spread":0.33,"mhz":360.0,"outliers":0,"flags":[]},"h":"0e714186"} @@978cd7e0@@
@@BENCH-RAW@@ {"i":54,"s":[93865,93781,93827,93982,94093,94048,93935,93939,93948,94005,93964,93941,94085,93876,93860]} @@00c31fdd@@
I (98136) bench: [55/71] orient.rotcwfliph                 4697050 ns/iter  347.62 ns/px  cv 0.09%
@@BENCH-CELL@@ {"t":"cell","i":55,"id":"font.sky@18","g":"font","ax":{"fmt":"888","font":"sky","size":18.0,"ratio":2.0000,"path":"blit/direct","orient":"rotcw","mem":"psram","rend":"async2","alpha":255,"halign":0,"corpus":0},"w":{"rows":12,"glyphs":148,"chars":162,"src_px":4014,"dest_px":16056},"m":{"reps":32,"n":15,"min":85640,"med":85724,"max":85943,"mean":85763.4,"sd":91.4},"d":{"ns_iter":2678875,"ns_px":166.85},"q":{"cv":0.11,"spread":0.35,"mhz":360.0,"outliers":0,"flags":[]},"h":"a32b1e1d"} @@7d4cc5eb@@
@@BENCH-RAW@@ {"i":55,"s":[85721,85810,85680,85724,85696,85943,85800,85715,85858,85931,85771,85649,85815,85698,85640]} @@ca86f58f@@
I (99466) bench: [56/71] font.sky@18                       2678875 ns/iter  166.85 ns/px  cv 0.11%
@@BENCH-CELL@@ {"t":"cell","i":56,"id":"font.sky@27","g":"font","ax":{"fmt":"888","font":"sky","size":27.0,"ratio":3.0000,"path":"blit/direct","orient":"rotcw","mem":"psram","rend":"async2","alpha":255,"halign":0,"corpus":0},"w":{"rows":8,"glyphs":80,"chars":85,"src_px":2161,"dest_px":19449},"m":{"reps":35,"n":15,"min":79634,"med":79792,"max":80233,"mean":79828.8,"sd":144.7},"d":{"ns_iter":2279771,"ns_px":117.22},"q":{"cv":0.18,"spread":0.75,"mhz":360.0,"outliers":0,"flags":[]},"h":"4bc0b3f9"} @@5ca0625a@@
@@BENCH-RAW@@ {"i":56,"s":[79743,79731,80233,79776,79634,79892,79888,79792,79707,80020,79766,79819,79792,79936,79703]} @@11082c87@@
I (100706) bench: [57/71] font.sky@27                       2279771 ns/iter  117.22 ns/px  cv 0.18%
@@BENCH-CELL@@ {"t":"cell","i":57,"id":"font.skymono@9","g":"font","ax":{"fmt":"888","font":"sky_mono","size":9.0,"ratio":1.0000,"path":"blit/direct","orient":"rotcw","mem":"psram","rend":"async2","alpha":255,"halign":0,"corpus":0},"w":{"rows":23,"glyphs":373,"chars":397,"src_px":23499,"dest_px":23499},"m":{"reps":22,"n":15,"min":99833,"med":100088,"max":100307,"mean":100050.5,"sd":129.1},"d":{"ns_iter":4549454,"ns_px":193.60},"q":{"cv":0.13,"spread":0.47,"mhz":360.0,"outliers":0,"flags":[]},"h":"6335b160"} @@d22e7c44@@
@@BENCH-RAW@@ {"i":57,"s":[99928,99929,99836,99953,100121,100088,100041,100155,100088,100307,99833,100033,100127,100120,100198]} @@dadf3033@@
I (102246) bench: [58/71] font.skymono@9                    4549454 ns/iter  193.60 ns/px  cv 0.13%
@@BENCH-CELL@@ {"t":"cell","i":58,"id":"font.sky@13","g":"font","ax":{"fmt":"888","font":"sky","size":13.0,"ratio":1.4444,"path":"shader/pal","orient":"rotcw","mem":"psram","rend":"async2","alpha":255,"halign":0,"corpus":0},"w":{"rows":17,"glyphs":239,"chars":255,"src_px":6321,"dest_px":12530},"m":{"reps":2,"n":15,"min":111861,"med":111936,"max":112004,"mean":111940.5,"sd":39.3},"d":{"ns_iter":55968000,"ns_px":4466.72},"q":{"cv":0.04,"spread":0.13,"mhz":360.0,"outliers":0,"flags":[]},"h":"254ec85e"} @@3874e359@@
@@BENCH-RAW@@ {"i":58,"s":[111896,111936,112004,111983,111917,111928,111861,111909,111937,111991,111919,111911,111958,111968,111989]} @@736f5731@@
I (104186) bench: [59/71] font.sky@13                      55968000 ns/iter  4466.72 ns/px  cv 0.04%
@@BENCH-CELL@@ {"t":"cell","i":59,"id":"font.saira@36","g":"font","ax":{"fmt":"888","font":"saira_regular","size":36.0,"ratio":2.0000,"path":"blit/alpha","orient":"rotcw","mem":"psram","rend":"async2","alpha":255,"halign":0,"corpus":0},"w":{"rows":6,"glyphs":56,"chars":61,"src_px":4710,"dest_px":18840},"m":{"reps":19,"n":15,"min":94068,"med":94250,"max":94355,"mean":94230.3,"sd":65.9},"d":{"ns_iter":4960526,"ns_px":263.30},"q":{"cv":0.07,"spread":0.30,"mhz":360.0,"outliers":0,"flags":[]},"h":"972d0991"} @@e3927aa1@@
@@BENCH-RAW@@ {"i":59,"s":[94229,94355,94068,94154,94241,94250,94160,94294,94261,94211,94276,94261,94183,94251,94261]} @@cbd8a9f5@@
I (105646) bench: [60/71] font.saira@36                     4960526 ns/iter  263.30 ns/px  cv 0.07%
@@BENCH-CELL@@ {"t":"cell","i":60,"id":"font.marker@22","g":"font","ax":{"fmt":"888","font":"marker","size":22.0,"ratio":1.0000,"path":"blit/alpha","orient":"rotcw","mem":"psram","rend":"async2","alpha":255,"halign":0,"corpus":0},"w":{"rows":10,"glyphs":125,"chars":136,"src_px":22847,"dest_px":22847},"m":{"reps":15,"n":15,"min":102929,"med":103075,"max":103278,"mean":103091.0,"sd":116.6},"d":{"ns_iter":6871666,"ns_px":300.77},"q":{"cv":0.11,"spread":0.34,"mhz":360.0,"outliers":0,"flags":[]},"h":"59dd778c"} @@3e3d1dad@@
@@BENCH-RAW@@ {"i":60,"s":[103039,103255,103167,102978,102946,103225,103278,102981,103114,103039,102956,103163,103075,102929,103220]} @@9dc85ea8@@
I (107246) bench: [61/71] font.marker@22                    6871666 ns/iter  300.77 ns/px  cv 0.11%
@@BENCH-CELL@@ {"t":"cell","i":61,"id":"font.marker@33","g":"font","ax":{"fmt":"888","font":"marker","size":33.0,"ratio":1.5000,"path":"shader/aa","orient":"rotcw","mem":"psram","rend":"async2","alpha":255,"halign":0,"corpus":0},"w":{"rows":7,"glyphs":71,"chars":76,"src_px":13008,"dest_px":29868},"m":{"reps":1,"n":15,"min":110163,"med":110329,"max":110485,"mean":110331.2,"sd":73.7},"d":{"ns_iter":110329000,"ns_px":3693.89},"q":{"cv":0.07,"spread":0.29,"mhz":360.0,"outliers":0,"flags":[]},"h":"aed9f152"} @@ef41f98c@@
@@BENCH-RAW@@ {"i":61,"s":[110386,110356,110485,110354,110448,110347,110325,110277,110299,110163,110269,110312,110275,110343,110329]} @@3d6b082d@@
I (109376) bench: [62/71] font.marker@33                   110329000 ns/iter  3693.89 ns/px  cv 0.07%
@@BENCH-CELL@@ {"t":"cell","i":62,"id":"font.condensed@45","g":"font","ax":{"fmt":"888","font":"saira_condensed","size":45.0,"ratio":1.0000,"path":"blit/alpha","orient":"rotcw","mem":"psram","rend":"async2","alpha":255,"halign":0,"corpus":0},"w":{"rows":5,"glyphs":47,"chars":51,"src_px":19237,"dest_px":19237},"m":{"reps":20,"n":15,"min":95111,"med":95168,"max":95294,"mean":95177.8,"sd":49.0},"d":{"ns_iter":4758400,"ns_px":247.36},"q":{"cv":0.05,"spread":0.19,"mhz":360.0,"outliers":0,"flags":[]},"h":"7bcb728d"} @@2e137c51@@
@@BENCH-RAW@@ {"i":62,"s":[95168,95281,95157,95179,95213,95111,95150,95171,95144,95155,95294,95183,95167,95123,95171]} @@06287a94@@
I (110846) bench: [63/71] font.condensed@45                 4758400 ns/iter  247.36 ns/px  cv 0.05%
@@BENCH-CELL@@ {"t":"cell","i":63,"id":"font.saira@27.noaa","g":"font","ax":{"fmt":"888","font":"saira_regular_noaa","size":27.0,"ratio":1.5000,"path":"shader/plain","orient":"rotcw","mem":"psram","rend":"async2","alpha":255,"halign":0,"corpus":0},"w":{"rows":8,"glyphs":92,"chars":100,"src_px":7701,"dest_px":18002},"m":{"reps":2,"n":13,"min":124302,"med":124378,"max":124449,"mean":124375.5,"sd":39.3},"d":{"ns_iter":62189000,"ns_px":3454.56},"q":{"cv":0.03,"spread":0.12,"mhz":360.0,"outliers":0,"flags":[]},"h":"9c31759b"} @@a5235e10@@
@@BENCH-RAW@@ {"i":63,"s":[124359,124385,124403,124378,124418,124302,124412,124449,124348,124358,124378,124313,124379]} @@3074746d@@
I (112746) bench: [64/71] font.saira@27.noaa               62189000 ns/iter  3454.56 ns/px  cv 0.03%
@@BENCH-CELL@@ {"t":"cell","i":64,"id":"rend.async1","g":"rend","ax":{"fmt":"888","font":"saira_regular","size":18.0,"ratio":1.0000,"path":"blit/alpha","orient":"rotcw","mem":"psram","rend":"async1","alpha":255,"halign":0,"corpus":0},"w":{"rows":12,"glyphs":161,"chars":175,"src_px":13512,"dest_px":13512},"m":{"reps":14,"n":15,"min":101674,"med":101775,"max":102068,"mean":101787.7,"sd":99.4},"d":{"ns_iter":7269642,"ns_px":538.01},"q":{"cv":0.10,"spread":0.39,"mhz":360.0,"outliers":0,"flags":[]},"h":"de65743c"} @@c9c45c37@@
@@BENCH-RAW@@ {"i":64,"s":[101901,102068,101775,101744,101674,101712,101719,101778,101784,101829,101829,101880,101697,101707,101719]} @@786dd65e@@
I (114326) bench: [65/71] rend.async1                       7269642 ns/iter  538.01 ns/px  cv 0.10%
@@BENCH-CELL@@ {"t":"cell","i":65,"id":"alpha.fast1.a128","g":"alpha","ax":{"fmt":"888","font":"sky","size":9.0,"ratio":1.0000,"path":"blit/alpha","orient":"rotcw","mem":"psram","rend":"async2","alpha":128,"halign":0,"corpus":0},"w":{"rows":23,"glyphs":373,"chars":397,"src_px":10135,"dest_px":10135},"m":{"reps":18,"n":15,"min":100700,"med":100838,"max":101065,"mean":100869.9,"sd":100.7},"d":{"ns_iter":5602111,"ns_px":552.75},"q":{"cv":0.10,"spread":0.36,"mhz":360.0,"outliers":0,"flags":[]},"h":"cc2eccc5"} @@651105ca@@
@@BENCH-RAW@@ {"i":65,"s":[100700,100731,100807,100994,100799,100991,101065,100825,100823,100801,100838,100901,100879,100990,100905]} @@2a0e600e@@
I (115896) bench: [66/71] alpha.fast1.a128                  5602111 ns/iter  552.75 ns/px  cv 0.10%
@@BENCH-CELL@@ {"t":"cell","i":66,"id":"alpha.fast2.a128","g":"alpha","ax":{"fmt":"888","font":"saira_regular","size":18.0,"ratio":1.0000,"path":"blit/alpha","orient":"rotcw","mem":"psram","rend":"async2","alpha":128,"halign":0,"corpus":0},"w":{"rows":12,"glyphs":161,"chars":175,"src_px":13512,"dest_px":13512},"m":{"reps":20,"n":15,"min":94125,"med":94252,"max":94587,"mean":94276.9,"sd":112.5},"d":{"ns_iter":4712600,"ns_px":348.77},"q":{"cv":0.12,"spread":0.49,"mhz":360.0,"outliers":0,"flags":[]},"h":"012c199d"} @@c8f9aa7c@@
@@BENCH-RAW@@ {"i":66,"s":[94587,94252,94314,94273,94191,94241,94295,94252,94358,94308,94158,94418,94228,94154,94125]} @@7acbdd4c@@
I (117356) bench: [67/71] alpha.fast2.a128                  4712600 ns/iter  348.77 ns/px  cv 0.12%
@@BENCH-CELL@@ {"t":"cell","i":67,"id":"len.short","g":"len","ax":{"fmt":"888","font":"saira_regular","size":18.0,"ratio":1.0000,"path":"blit/alpha","orient":"rotcw","mem":"psram","rend":"async2","alpha":255,"halign":0,"corpus":1},"w":{"rows":12,"glyphs":82,"chars":83,"src_px":7336,"dest_px":7336},"m":{"reps":31,"n":15,"min":89859,"med":89970,"max":90162,"mean":89986.1,"sd":74.4},"d":{"ns_iter":2902258,"ns_px":395.62},"q":{"cv":0.08,"spread":0.34,"mhz":360.0,"outliers":0,"flags":[]},"h":"450061c8"} @@f7679351@@
@@BENCH-RAW@@ {"i":67,"s":[89859,89911,90070,89964,89970,89964,90162,89942,89930,89983,89976,90018,90101,90003,89939]} @@e37426c3@@
I (118746) bench: [68/71] len.short                         2902258 ns/iter  395.62 ns/px  cv 0.08%
@@BENCH-CELL@@ {"t":"cell","i":68,"id":"len.long","g":"len","ax":{"fmt":"888","font":"saira_regular","size":18.0,"ratio":1.0000,"path":"blit/alpha","orient":"rotcw","mem":"psram","rend":"async2","alpha":255,"halign":0,"corpus":2},"w":{"rows":12,"glyphs":273,"chars":315,"src_px":22206,"dest_px":22206},"m":{"reps":14,"n":15,"min":106198,"med":106379,"max":106775,"mean":106401.0,"sd":171.6},"d":{"ns_iter":7598500,"ns_px":342.18},"q":{"cv":0.16,"spread":0.54,"mhz":360.0,"outliers":0,"flags":[]},"h":"504a97ad"} @@0cf90383@@
@@BENCH-RAW@@ {"i":68,"s":[106609,106200,106546,106511,106198,106235,106286,106201,106355,106379,106602,106266,106413,106775,106439]} @@de8dc315@@
I (120396) bench: [69/71] len.long                          7598500 ns/iter  342.18 ns/px  cv 0.16%
@@BENCH-CELL@@ {"t":"cell","i":69,"id":"align.center","g":"align","ax":{"fmt":"888","font":"saira_regular","size":18.0,"ratio":1.0000,"path":"blit/alpha","orient":"rotcw","mem":"psram","rend":"async2","alpha":255,"halign":1,"corpus":0},"w":{"rows":12,"glyphs":161,"chars":175,"src_px":13512,"dest_px":13512},"m":{"reps":20,"n":15,"min":94782,"med":95094,"max":95295,"mean":95078.5,"sd":118.9},"d":{"ns_iter":4754700,"ns_px":351.89},"q":{"cv":0.13,"spread":0.54,"mhz":360.0,"outliers":0,"flags":[]},"h":"4f91d280"} @@73c25c95@@
@@BENCH-RAW@@ {"i":69,"s":[94782,95085,95101,94944,94991,95160,95148,95043,95189,95295,94966,95078,95187,95094,95114]} @@a5affbef@@
I (121876) bench: [70/71] align.center                      4754700 ns/iter  351.89 ns/px  cv 0.13%
@@BENCH-CELL@@ {"t":"cell","i":70,"id":"drift.last","g":"drift","ax":{"fmt":"888","font":"saira_regular","size":18.0,"ratio":1.0000,"path":"blit/alpha","orient":"rotcw","mem":"psram","rend":"async2","alpha":255,"halign":0,"corpus":0},"w":{"rows":12,"glyphs":161,"chars":175,"src_px":13512,"dest_px":13512},"m":{"reps":20,"n":15,"min":94106,"med":94262,"max":94696,"mean":94287.7,"sd":141.8},"d":{"ns_iter":4713100,"ns_px":348.81},"q":{"cv":0.15,"spread":0.63,"mhz":360.0,"outliers":0,"flags":[]},"h":"de65743c"} @@ae978b52@@
@@BENCH-RAW@@ {"i":70,"s":[94313,94167,94432,94106,94325,94696,94232,94368,94262,94169,94384,94280,94240,94146,94195]} @@0add012f@@
I (123336) bench: [71/71] drift.last                        4713100 ns/iter  348.81 ns/px  cv 0.15%
@@BENCH-END@@ {"t":"end","cells":71,"total_us":118275230,"status":"ok"} @@f988551d@@
