@@BENCH-BEGIN@@ {"t":"begin","schema":1,"cells":71,"boot_us":4877699,"reset":3,"build":{"app_git":"802104f3869e","app_dirty":false,"app_branch":"main","pax_git":"f18645c3ac7e","pax_dirty":false,"pax_branch":"opt/text-rendering","idf":"v6.0.2","opt":"Os","app_ver":"802104f","app_date":"Aug 20 2026 13:15:42"},"hw":{"chip":"esp32p4","rev":103,"cores":2,"cpu_mhz_nom":360,"cpu_mhz_meas":359.99,"l2_kb":128,"l2_line":64,"psram":true},"cfg":{"pm_enable":true,"pm_lock":true,"tick_hz":100,"wdt":false,"pax":{"bounds_check":false,"orientation":true,"async":"multithread","range_setter":true,"range_merger":true,"fixed_point":true,"long_fixed_point":true,"queue_size":32,"sso_len":32}},"mem":{"tile_dim":256,"int_addr":"0x4ff40700","psram_addr":"0x4811a900","int_free":338643,"int_largest":192512,"psram_free":30524228},"bench":{"n_samples":15,"warmup":2,"target_sample_us":110000,"cell_budget_us":2000000,"corpus_ver":1,"join_placement":"per_sample","driver_core":0,"driver_prio":5,"scrub_bytes":524288}} @@b6047c96@@
@@BENCH-CELL@@ {"t":"cell","i":0,"id":"drift.first","g":"drift","ax":{"fmt":"888","font":"saira_regular","size":18.0,"ratio":1.0000,"path":"blit/alpha","orient":"rotcw","mem":"psram","rend":"async2","alpha":255,"halign":0,"corpus":0},"w":{"rows":12,"glyphs":161,"chars":175,"src_px":13512,"dest_px":13512},"m":{"reps":21,"n":15,"min":94815,"med":94949,"max":95078,"mean":94955.1,"sd":68.3},"d":{"ns_iter":4521380,"ns_px":334.62},"q":{"cv":0.07,"spread":0.28,"mhz":360.0,"outliers":0,"flags":[]},"h":"de65743c"} @@4a64526e@@
@@BENCH-RAW@@ {"i":0,"s":[95046,94815,94990,94918,94904,94949,94977,95078,94996,94994,95041,94911,94899,94916,94892]} @@78f69f67@@
I (7586) bench: [1/71] drift.first                       4521380 ns/iter  334.62 ns/px  cv 0.07%
@@BENCH-CELL@@ {"t":"cell","i":1,"id":"c565.fast1.upright.psram.sync","g":"cube","ax":{"fmt":"565","font":"sky","size":9.0,"ratio":1.0000,"path":"blit/direct","orient":"upright","mem":"psram","rend":"sync","alpha":255,"halign":0,"corpus":0},"w":{"rows":23,"glyphs":373,"chars":397,"src_px":10135,"dest_px":10135},"m":{"reps":44,"n":15,"min":85106,"med":85148,"max":85222,"mean":85158.7,"sd":42.4},"d":{"ns_iter":1935181,"ns_px":190.94},"q":{"cv":0.05,"spread":0.14,"mhz":360.0,"outliers":0,"flags":[]},"h":"16b7abd1"} @@3ff14979@@
@@BENCH-RAW@@ {"i":1,"s":[85222,85206,85208,85163,85148,85125,85221,85155,85106,85213,85129,85145,85115,85111,85113]} @@742d5cc1@@
I (8896) bench: [2/71] c565.fast1.upright.psram.sync     1935181 ns/iter  190.94 ns/px  cv 0.05%
@@BENCH-CELL@@ {"t":"cell","i":2,"id":"c565.fast1.upright.psram.async2","g":"cube","ax":{"fmt":"565","font":"sky","size":9.0,"ratio":1.0000,"path":"blit/direct","orient":"upright","mem":"psram","rend":"async2","alpha":255,"halign":0,"corpus":0},"w":{"rows":23,"glyphs":373,"chars":397,"src_px":10135,"dest_px":10135},"m":{"reps":28,"n":15,"min":101655,"med":101771,"max":101826,"mean":101753.8,"sd":55.5},"d":{"ns_iter":3634678,"ns_px":358.63},"q":{"cv":0.05,"spread":0.17,"mhz":360.0,"outliers":0,"flags":[]},"h":"16b7abd1"} @@05395c99@@
@@BENCH-RAW@@ {"i":2,"s":[101666,101739,101804,101655,101797,101761,101826,101681,101681,101745,101785,101789,101771,101822,101785]} @@6c02fc17@@
I (10456) bench: [3/71] c565.fast1.upright.psram.async2   3634678 ns/iter  358.63 ns/px  cv 0.05%
@@BENCH-CELL@@ {"t":"cell","i":3,"id":"c565.fast1.upright.sram.sync","g":"cube","ax":{"fmt":"565","font":"sky","size":9.0,"ratio":1.0000,"path":"blit/direct","orient":"upright","mem":"sram","rend":"sync","alpha":255,"halign":0,"corpus":0},"w":{"rows":23,"glyphs":373,"chars":397,"src_px":10135,"dest_px":10135},"m":{"reps":52,"n":15,"min":100457,"med":100565,"max":100774,"mean":100592.7,"sd":99.5},"d":{"ns_iter":1933942,"ns_px":190.82},"q":{"cv":0.10,"spread":0.32,"mhz":360.0,"outliers":0,"flags":[]},"h":"16b7abd1"} @@dd31455d@@
@@BENCH-RAW@@ {"i":3,"s":[100550,100701,100774,100755,100746,100604,100501,100480,100592,100531,100457,100568,100518,100565,100549]} @@d6a88658@@
I (11996) bench: [4/71] c565.fast1.upright.sram.sync      1933942 ns/iter  190.82 ns/px  cv 0.10%
@@BENCH-CELL@@ {"t":"cell","i":4,"id":"c565.fast1.upright.sram.async2","g":"cube","ax":{"fmt":"565","font":"sky","size":9.0,"ratio":1.0000,"path":"blit/direct","orient":"upright","mem":"sram","rend":"async2","alpha":255,"halign":0,"corpus":0},"w":{"rows":23,"glyphs":373,"chars":397,"src_px":10135,"dest_px":10135},"m":{"reps":31,"n":15,"min":112303,"med":112578,"max":112672,"mean":112526.9,"sd":123.9},"d":{"ns_iter":3631548,"ns_px":358.32},"q":{"cv":0.11,"spread":0.33,"mhz":360.0,"outliers":0,"flags":[]},"h":"16b7abd1"} @@df14f4b7@@
@@BENCH-RAW@@ {"i":4,"s":[112391,112327,112303,112431,112642,112578,112672,112509,112624,112531,112377,112628,112624,112612,112655]} @@e9e8485b@@
I (13716) bench: [5/71] c565.fast1.upright.sram.async2    3631548 ns/iter  358.32 ns/px  cv 0.11%
@@BENCH-CELL@@ {"t":"cell","i":5,"id":"c565.fast1.rotcw.psram.sync","g":"cube","ax":{"fmt":"565","font":"sky","size":9.0,"ratio":1.0000,"path":"blit/direct","orient":"rotcw","mem":"psram","rend":"sync","alpha":255,"halign":0,"corpus":0},"w":{"rows":23,"glyphs":373,"chars":397,"src_px":10135,"dest_px":10135},"m":{"reps":39,"n":15,"min":75990,"med":76010,"max":76076,"mean":76014.6,"sd":20.0},"d":{"ns_iter":1948974,"ns_px":192.30},"q":{"cv":0.03,"spread":0.11,"mhz":360.0,"outliers":0,"flags":[]},"h":"70d20c11"} @@2ff79f37@@
@@BENCH-RAW@@ {"i":5,"s":[76028,76021,76034,76076,75998,76010,76001,76015,76009,75996,76005,76016,75990,76007,76013]} @@d1084270@@
I (14886) bench: [6/71] c565.fast1.rotcw.psram.sync       1948974 ns/iter  192.30 ns/px  cv 0.03%
@@BENCH-CELL@@ {"t":"cell","i":6,"id":"c565.fast1.rotcw.psram.async2","g":"cube","ax":{"fmt":"565","font":"sky","size":9.0,"ratio":1.0000,"path":"blit/direct","orient":"rotcw","mem":"psram","rend":"async2","alpha":255,"halign":0,"corpus":0},"w":{"rows":23,"glyphs":373,"chars":397,"src_px":10135,"dest_px":10135},"m":{"reps":26,"n":15,"min":96868,"med":97010,"max":97074,"mean":96991.0,"sd":57.2},"d":{"ns_iter":3731153,"ns_px":368.15},"q":{"cv":0.06,"spread":0.21,"mhz":360.0,"outliers":0,"flags":[]},"h":"70d20c11"} @@71c668c4@@
@@BENCH-RAW@@ {"i":6,"s":[96950,97074,96962,97034,97034,97010,96938,96948,96868,96942,97070,97054,96947,97018,97016]} @@fb0ce9eb@@
I (16376) bench: [7/71] c565.fast1.rotcw.psram.async2     3731153 ns/iter  368.15 ns/px  cv 0.06%
@@BENCH-CELL@@ {"t":"cell","i":7,"id":"c565.fast1.rotcw.sram.sync","g":"cube","ax":{"fmt":"565","font":"sky","size":9.0,"ratio":1.0000,"path":"blit/direct","orient":"rotcw","mem":"sram","rend":"sync","alpha":255,"halign":0,"corpus":0},"w":{"rows":23,"glyphs":373,"chars":397,"src_px":10135,"dest_px":10135},"m":{"reps":51,"n":15,"min":99862,"med":99958,"max":100138,"mean":99971.5,"sd":76.4},"d":{"ns_iter":1959960,"ns_px":193.39},"q":{"cv":0.08,"spread":0.28,"mhz":360.0,"outliers":0,"flags":[]},"h":"70d20c11"} @@747bf8c9@@
@@BENCH-RAW@@ {"i":7,"s":[99937,99872,99958,100138,100089,99919,100068,99950,99983,99963,99862,99985,100023,99902,99924]} @@024ad1a8@@
I (17906) bench: [8/71] c565.fast1.rotcw.sram.sync        1959960 ns/iter  193.39 ns/px  cv 0.08%
@@BENCH-CELL@@ {"t":"cell","i":8,"id":"c565.fast1.rotcw.sram.async2","g":"cube","ax":{"fmt":"565","font":"sky","size":9.0,"ratio":1.0000,"path":"blit/direct","orient":"rotcw","mem":"sram","rend":"async2","alpha":255,"halign":0,"corpus":0},"w":{"rows":23,"glyphs":373,"chars":397,"src_px":10135,"dest_px":10135},"m":{"reps":30,"n":15,"min":111152,"med":111284,"max":111481,"mean":111311.1,"sd":93.0},"d":{"ns_iter":3709466,"ns_px":366.01},"q":{"cv":0.08,"spread":0.30,"mhz":360.0,"outliers":0,"flags":[]},"h":"70d20c11"} @@ef774e01@@
@@BENCH-RAW@@ {"i":8,"s":[111152,111425,111285,111225,111272,111461,111245,111284,111481,111386,111365,111258,111232,111237,111359]} @@b40d0fd8@@
I (19616) bench: [9/71] c565.fast1.rotcw.sram.async2      3709466 ns/iter  366.01 ns/px  cv 0.08%
@@BENCH-CELL@@ {"t":"cell","i":9,"id":"c565.fast2.upright.psram.sync","g":"cube","ax":{"fmt":"565","font":"saira_regular","size":18.0,"ratio":1.0000,"path":"blit/alpha","orient":"upright","mem":"psram","rend":"sync","alpha":255,"halign":0,"corpus":0},"w":{"rows":12,"glyphs":161,"chars":175,"src_px":13512,"dest_px":13512},"m":{"reps":18,"n":15,"min":102809,"med":102823,"max":102855,"mean":102827.5,"sd":13.7},"d":{"ns_iter":5712388,"ns_px":422.76},"q":{"cv":0.01,"spread":0.04,"mhz":360.0,"outliers":0,"flags":[]},"h":"ecacce31"} @@826b1fec@@
@@BENCH-RAW@@ {"i":9,"s":[102814,102821,102851,102823,102855,102828,102815,102809,102822,102816,102829,102848,102835,102817,102829]} @@38b9f593@@
I (21206) bench: [10/71] c565.fast2.upright.psram.sync     5712388 ns/iter  422.76 ns/px  cv 0.01%
@@BENCH-CELL@@ {"t":"cell","i":10,"id":"c565.fast2.upright.psram.async2","g":"cube","ax":{"fmt":"565","font":"saira_regular","size":18.0,"ratio":1.0000,"path":"blit/alpha","orient":"upright","mem":"psram","rend":"async2","alpha":255,"halign":0,"corpus":0},"w":{"rows":12,"glyphs":161,"chars":175,"src_px":13512,"dest_px":13512},"m":{"reps":24,"n":15,"min":98552,"med":98601,"max":98642,"mean":98598.7,"sd":26.6},"d":{"ns_iter":4108375,"ns_px":304.05},"q":{"cv":0.03,"spread":0.09,"mhz":360.0,"outliers":0,"flags":[]},"h":"ecacce31"} @@e5f614d0@@
@@BENCH-RAW@@ {"i":10,"s":[98563,98600,98601,98629,98581,98601,98604,98565,98552,98627,98642,98637,98611,98586,98581]} @@666c212b@@
I (22716) bench: [11/71] c565.fast2.upright.psram.async2   4108375 ns/iter  304.05 ns/px  cv 0.03%
@@BENCH-CELL@@ {"t":"cell","i":11,"id":"c565.fast2.upright.sram.sync","g":"cube","ax":{"fmt":"565","font":"saira_regular","size":18.0,"ratio":1.0000,"path":"blit/alpha","orient":"upright","mem":"sram","rend":"sync","alpha":255,"halign":0,"corpus":0},"w":{"rows":12,"glyphs":161,"chars":175,"src_px":13512,"dest_px":13512},"m":{"reps":19,"n":15,"min":108580,"med":108606,"max":108652,"mean":108606.6,"sd":22.5},"d":{"ns_iter":5716105,"ns_px":423.04},"q":{"cv":0.02,"spread":0.07,"mhz":360.0,"outliers":0,"flags":[]},"h":"ecacce31"} @@50d83b47@@
@@BENCH-RAW@@ {"i":11,"s":[108616,108610,108605,108646,108652,108628,108606,108580,108580,108587,108582,108581,108606,108623,108597]} @@13c74e9e@@
I (24396) bench: [12/71] c565.fast2.upright.sram.sync      5716105 ns/iter  423.04 ns/px  cv 0.02%
@@BENCH-CELL@@ {"t":"cell","i":12,"id":"c565.fast2.upright.sram.async2","g":"cube","ax":{"fmt":"565","font":"saira_regular","size":18.0,"ratio":1.0000,"path":"blit/alpha","orient":"upright","mem":"sram","rend":"async2","alpha":255,"halign":0,"corpus":0},"w":{"rows":12,"glyphs":161,"chars":175,"src_px":13512,"dest_px":13512},"m":{"reps":25,"n":15,"min":102489,"med":102561,"max":102647,"mean":102563.7,"sd":46.6},"d":{"ns_iter":4102440,"ns_px":303.61},"q":{"cv":0.05,"spread":0.15,"mhz":360.0,"outliers":0,"flags":[]},"h":"ecacce31"} @@3f8355b8@@
@@BENCH-RAW@@ {"i":12,"s":[102576,102561,102597,102604,102632,102647,102547,102599,102584,102523,102545,102555,102489,102497,102500]} @@252ab2ea@@
I (25966) bench: [13/71] c565.fast2.upright.sram.async2    4102440 ns/iter  303.61 ns/px  cv 0.05%
@@BENCH-CELL@@ {"t":"cell","i":13,"id":"c565.fast2.rotcw.psram.sync","g":"cube","ax":{"fmt":"565","font":"saira_regular","size":18.0,"ratio":1.0000,"path":"blit/alpha","orient":"rotcw","mem":"psram","rend":"sync","alpha":255,"halign":0,"corpus":0},"w":{"rows":12,"glyphs":161,"chars":175,"src_px":13512,"dest_px":13512},"m":{"reps":17,"n":15,"min":97768,"med":97809,"max":97936,"mean":97809.3,"sd":37.4},"d":{"ns_iter":5753470,"ns_px":425.80},"q":{"cv":0.04,"spread":0.17,"mhz":360.0,"outliers":0,"flags":[]},"h":"70889db9"} @@b303b738@@
@@BENCH-RAW@@ {"i":13,"s":[97809,97784,97768,97936,97819,97798,97812,97801,97809,97809,97783,97782,97788,97830,97812]} @@0ebca0c6@@
I (27486) bench: [14/71] c565.fast2.rotcw.psram.sync       5753470 ns/iter  425.80 ns/px  cv 0.04%
@@BENCH-CELL@@ {"t":"cell","i":14,"id":"c565.fast2.rotcw.psram.async2","g":"cube","ax":{"fmt":"565","font":"saira_regular","size":18.0,"ratio":1.0000,"path":"blit/alpha","orient":"rotcw","mem":"psram","rend":"async2","alpha":255,"halign":0,"corpus":0},"w":{"rows":12,"glyphs":161,"chars":175,"src_px":13512,"dest_px":13512},"m":{"reps":21,"n":15,"min":92351,"med":92439,"max":92580,"mean":92437.7,"sd":55.8},"d":{"ns_iter":4401857,"ns_px":325.77},"q":{"cv":0.06,"spread":0.25,"mhz":360.0,"outliers":0,"flags":[]},"h":"70889db9"} @@12db262c@@
@@BENCH-RAW@@ {"i":14,"s":[92353,92381,92433,92407,92495,92351,92439,92437,92479,92580,92464,92399,92454,92451,92443]} @@2392b2f0@@
I (28906) bench: [15/71] c565.fast2.rotcw.psram.async2     4401857 ns/iter  325.77 ns/px  cv 0.06%
@@BENCH-CELL@@ {"t":"cell","i":15,"id":"c565.fast2.rotcw.sram.sync","g":"cube","ax":{"fmt":"565","font":"saira_regular","size":18.0,"ratio":1.0000,"path":"blit/alpha","orient":"rotcw","mem":"sram","rend":"sync","alpha":255,"halign":0,"corpus":0},"w":{"rows":12,"glyphs":161,"chars":175,"src_px":13512,"dest_px":13512},"m":{"reps":19,"n":15,"min":109116,"med":109131,"max":109209,"mean":109141.5,"sd":23.0},"d":{"ns_iter":5743736,"ns_px":425.08},"q":{"cv":0.02,"spread":0.09,"mhz":360.0,"outliers":0,"flags":[]},"h":"70889db9"} @@659fb3eb@@
@@BENCH-RAW@@ {"i":15,"s":[109116,109140,109155,109140,109209,109150,109153,109126,109131,109124,109131,109125,109125,109170,109128]} @@6024cfb2@@
I (30586) bench: [16/71] c565.fast2.rotcw.sram.sync        5743736 ns/iter  425.08 ns/px  cv 0.02%
@@BENCH-CELL@@ {"t":"cell","i":16,"id":"c565.fast2.rotcw.sram.async2","g":"cube","ax":{"fmt":"565","font":"saira_regular","size":18.0,"ratio":1.0000,"path":"blit/alpha","orient":"rotcw","mem":"sram","rend":"async2","alpha":255,"halign":0,"corpus":0},"w":{"rows":12,"glyphs":161,"chars":175,"src_px":13512,"dest_px":13512},"m":{"reps":24,"n":15,"min":104085,"med":104130,"max":104211,"mean":104134.8,"sd":32.8},"d":{"ns_iter":4338750,"ns_px":321.10},"q":{"cv":0.03,"spread":0.12,"mhz":360.0,"outliers":0,"flags":[]},"h":"70889db9"} @@52da90cb@@
@@BENCH-RAW@@ {"i":16,"s":[104111,104085,104099,104175,104114,104211,104136,104130,104130,104178,104104,104158,104133,104114,104144]} @@70b27f71@@
I (32186) bench: [17/71] c565.fast2.rotcw.sram.async2      4338750 ns/iter  321.10 ns/px  cv 0.03%
@@BENCH-CELL@@ {"t":"cell","i":17,"id":"c565.shader.upright.psram.sync","g":"cube","ax":{"fmt":"565","font":"saira_regular","size":27.0,"ratio":1.5000,"path":"shader/aa","orient":"upright","mem":"psram","rend":"sync","alpha":255,"halign":0,"corpus":0},"w":{"rows":8,"glyphs":92,"chars":100,"src_px":7701,"dest_px":18002},"m":{"reps":1,"n":12,"min":133881,"med":133955,"max":134012,"mean":133948.6,"sd":40.5},"d":{"ns_iter":133955000,"ns_px":7441.12},"q":{"cv":0.03,"spread":0.10,"mhz":360.0,"outliers":0,"flags":[]},"h":"f8db19ed"} @@5cbe5616@@
@@BENCH-RAW@@ {"i":17,"s":[133930,133907,133914,133959,134009,133999,134012,133930,133967,133920,133955,133881]} @@facd3866@@
I (34356) bench: [18/71] c565.shader.upright.psram.sync   133955000 ns/iter  7441.12 ns/px  cv 0.03%
@@BENCH-CELL@@ {"t":"cell","i":18,"id":"c565.shader.upright.psram.async2","g":"cube","ax":{"fmt":"565","font":"saira_regular","size":27.0,"ratio":1.5000,"path":"shader/aa","orient":"upright","mem":"psram","rend":"async2","alpha":255,"halign":0,"corpus":0},"w":{"rows":8,"glyphs":92,"chars":100,"src_px":7701,"dest_px":18002},"m":{"reps":2,"n":12,"min":137718,"med":137826,"max":137898,"mean":137822.1,"sd":46.4},"d":{"ns_iter":68913000,"ns_px":3828.07},"q":{"cv":0.03,"spread":0.13,"mhz":360.0,"outliers":0,"flags":[]},"h":"f8db19ed"} @@acf53c70@@
@@BENCH-RAW@@ {"i":18,"s":[137718,137805,137822,137826,137831,137828,137784,137802,137795,137898,137880,137876]} @@9d6d1a96@@
I (36316) bench: [19/71] c565.shader.upright.psram.async2 68913000 ns/iter  3828.07 ns/px  cv 0.03%
@@BENCH-CELL@@ {"t":"cell","i":19,"id":"c565.shader.upright.sram.sync","g":"cube","ax":{"fmt":"565","font":"saira_regular","size":27.0,"ratio":1.5000,"path":"shader/aa","orient":"upright","mem":"sram","rend":"sync","alpha":255,"halign":0,"corpus":0},"w":{"rows":8,"glyphs":92,"chars":100,"src_px":7701,"dest_px":18002},"m":{"reps":1,"n":12,"min":133762,"med":133845,"max":133963,"mean":133852.8,"sd":46.9},"d":{"ns_iter":133845000,"ns_px":7435.01},"q":{"cv":0.04,"spread":0.15,"mhz":360.0,"outliers":0,"flags":[]},"h":"f8db19ed"} @@1dc9d584@@
@@BENCH-RAW@@ {"i":19,"s":[133844,133831,133810,133963,133839,133884,133849,133845,133875,133838,133762,133893]} @@3e08a394@@
I (38476) bench: [20/71] c565.shader.upright.sram.sync    133845000 ns/iter  7435.01 ns/px  cv 0.04%
@@BENCH-CELL@@ {"t":"cell","i":20,"id":"c565.shader.upright.sram.async2","g":"cube","ax":{"fmt":"565","font":"saira_regular","size":27.0,"ratio":1.5000,"path":"shader/aa","orient":"upright","mem":"sram","rend":"async2","alpha":255,"halign":0,"corpus":0},"w":{"rows":8,"glyphs":92,"chars":100,"src_px":7701,"dest_px":18002},"m":{"reps":2,"n":12,"min":137546,"med":137668,"max":137808,"mean":137655.4,"sd":84.2},"d":{"ns_iter":68834000,"ns_px":3823.69},"q":{"cv":0.06,"spread":0.19,"mhz":360.0,"outliers":0,"flags":[]},"h":"f8db19ed"} @@2ced03b0@@
@@BENCH-RAW@@ {"i":20,"s":[137673,137658,137679,137765,137749,137808,137550,137558,137571,137546,137640,137668]} @@23487b0e@@
I (40426) bench: [21/71] c565.shader.upright.sram.async2  68834000 ns/iter  3823.69 ns/px  cv 0.06%
@@BENCH-CELL@@ {"t":"cell","i":21,"id":"c565.shader.rotcw.psram.sync","g":"cube","ax":{"fmt":"565","font":"saira_regular","size":27.0,"ratio":1.5000,"path":"shader/aa","orient":"rotcw","mem":"psram","rend":"sync","alpha":255,"halign":0,"corpus":0},"w":{"rows":8,"glyphs":92,"chars":100,"src_px":7701,"dest_px":18002},"m":{"reps":1,"n":13,"min":129516,"med":129709,"max":129788,"mean":129668.8,"sd":100.1},"d":{"ns_iter":129709000,"ns_px":7205.25},"q":{"cv":0.08,"spread":0.21,"mhz":360.0,"outliers":0,"flags":[]},"h":"796ae951"} @@2c8afc78@@
@@BENCH-RAW@@ {"i":21,"s":[129788,129771,129742,129757,129760,129709,129724,129665,129530,129529,129537,129667,129516]} @@ba37e03b@@
I (42656) bench: [22/71] c565.shader.rotcw.psram.sync     129709000 ns/iter  7205.25 ns/px  cv 0.08%
@@BENCH-CELL@@ {"t":"cell","i":22,"id":"c565.shader.rotcw.psram.async2","g":"cube","ax":{"fmt":"565","font":"saira_regular","size":27.0,"ratio":1.5000,"path":"shader/aa","orient":"rotcw","mem":"psram","rend":"async2","alpha":255,"halign":0,"corpus":0},"w":{"rows":8,"glyphs":92,"chars":100,"src_px":7701,"dest_px":18002},"m":{"reps":2,"n":12,"min":136543,"med":136628,"max":136823,"mean":136637.1,"sd":62.9},"d":{"ns_iter":68314000,"ns_px":3794.80},"q":{"cv":0.05,"spread":0.20,"mhz":360.0,"outliers":0,"flags":[]},"h":"796ae951"} @@048e7964@@
@@BENCH-RAW@@ {"i":22,"s":[136823,136628,136609,136543,136649,136607,136609,136612,136626,136652,136632,136655]} @@2e716785@@
I (44586) bench: [23/71] c565.shader.rotcw.psram.async2   68314000 ns/iter  3794.80 ns/px  cv 0.05%
@@BENCH-CELL@@ {"t":"cell","i":23,"id":"c565.shader.rotcw.sram.sync","g":"cube","ax":{"fmt":"565","font":"saira_regular","size":27.0,"ratio":1.5000,"path":"shader/aa","orient":"rotcw","mem":"sram","rend":"sync","alpha":255,"halign":0,"corpus":0},"w":{"rows":8,"glyphs":92,"chars":100,"src_px":7701,"dest_px":18002},"m":{"reps":1,"n":13,"min":129375,"med":129386,"max":129406,"mean":129389.3,"sd":9.9},"d":{"ns_iter":129386000,"ns_px":7187.31},"q":{"cv":0.01,"spread":0.02,"mhz":360.0,"outliers":0,"flags":[]},"h":"796ae951"} @@ea66b62a@@
@@BENCH-RAW@@ {"i":23,"s":[129397,129406,129386,129382,129403,129391,129383,129386,129395,129379,129377,129375,129401]} @@d343f9ee@@
I (46806) bench: [24/71] c565.shader.rotcw.sram.sync      129386000 ns/iter  7187.31 ns/px  cv 0.01%
@@BENCH-CELL@@ {"t":"cell","i":24,"id":"c565.shader.rotcw.sram.async2","g":"cube","ax":{"fmt":"565","font":"saira_regular","size":27.0,"ratio":1.5000,"path":"shader/aa","orient":"rotcw","mem":"sram","rend":"async2","alpha":255,"halign":0,"corpus":0},"w":{"rows":8,"glyphs":92,"chars":100,"src_px":7701,"dest_px":18002},"m":{"reps":2,"n":12,"min":135985,"med":136067,"max":136187,"mean":136071.6,"sd":44.3},"d":{"ns_iter":68033500,"ns_px":3779.22},"q":{"cv":0.03,"spread":0.15,"mhz":360.0,"outliers":0,"flags":[]},"h":"796ae951"} @@4e015226@@
@@BENCH-RAW@@ {"i":24,"s":[136092,136062,136067,136072,136057,136187,135985,136042,136065,136058,136071,136101]} @@8069eb8b@@
I (48736) bench: [25/71] c565.shader.rotcw.sram.async2    68033500 ns/iter  3779.22 ns/px  cv 0.03%
@@BENCH-CELL@@ {"t":"cell","i":25,"id":"c888.fast1.upright.psram.sync","g":"cube","ax":{"fmt":"888","font":"sky","size":9.0,"ratio":1.0000,"path":"blit/direct","orient":"upright","mem":"psram","rend":"sync","alpha":255,"halign":0,"corpus":0},"w":{"rows":23,"glyphs":373,"chars":397,"src_px":10135,"dest_px":10135},"m":{"reps":41,"n":15,"min":84253,"med":84535,"max":84643,"mean":84471.3,"sd":131.3},"d":{"ns_iter":2061829,"ns_px":203.44},"q":{"cv":0.16,"spread":0.46,"mhz":360.0,"outliers":0,"flags":[]},"h":"601bd481"} @@8defdfe3@@
@@BENCH-RAW@@ {"i":25,"s":[84292,84300,84253,84287,84326,84513,84566,84563,84543,84578,84575,84512,84584,84643,84535]} @@0c836f13@@
I (50036) bench: [26/71] c888.fast1.upright.psram.sync     2061829 ns/iter  203.44 ns/px  cv 0.16%
@@BENCH-CELL@@ {"t":"cell","i":26,"id":"c888.fast1.upright.psram.async2","g":"cube","ax":{"fmt":"888","font":"sky","size":9.0,"ratio":1.0000,"path":"blit/direct","orient":"upright","mem":"psram","rend":"async2","alpha":255,"halign":0,"corpus":0},"w":{"rows":23,"glyphs":373,"chars":397,"src_px":10135,"dest_px":10135},"m":{"reps":27,"n":15,"min":99330,"med":99643,"max":99699,"mean":99600.8,"sd":94.9},"d":{"ns_iter":3690481,"ns_px":364.13},"q":{"cv":0.10,"spread":0.37,"mhz":360.0,"outliers":0,"flags":[]},"h":"601bd481"} @@4fadde67@@
@@BENCH-RAW@@ {"i":26,"s":[99664,99330,99495,99488,99648,99651,99604,99617,99643,99546,99677,99619,99699,99668,99663]} @@ddb22ab7@@
I (51576) bench: [27/71] c888.fast1.upright.psram.async2   3690481 ns/iter  364.13 ns/px  cv 0.10%
@@BENCH-CELL@@ {"t":"cell","i":27,"id":"c888.fast1.upright.sram.sync","g":"cube","ax":{"fmt":"888","font":"sky","size":9.0,"ratio":1.0000,"path":"blit/direct","orient":"upright","mem":"sram","rend":"sync","alpha":255,"halign":0,"corpus":0},"w":{"rows":23,"glyphs":373,"chars":397,"src_px":10135,"dest_px":10135},"m":{"reps":49,"n":15,"min":100840,"med":100996,"max":101170,"mean":101004.7,"sd":110.6},"d":{"ns_iter":2061142,"ns_px":203.37},"q":{"cv":0.11,"spread":0.33,"mhz":360.0,"outliers":0,"flags":[]},"h":"601bd481"} @@735ef222@@
@@BENCH-RAW@@ {"i":27,"s":[101160,101170,101089,101128,101094,101128,101022,100937,100911,100840,100875,100902,100908,100910,100996]} @@9f81e8c7@@
I (53126) bench: [28/71] c888.fast1.upright.sram.sync      2061142 ns/iter  203.37 ns/px  cv 0.11%
@@BENCH-CELL@@ {"t":"cell","i":28,"id":"c888.fast1.upright.sram.async2","g":"cube","ax":{"fmt":"888","font":"sky","size":9.0,"ratio":1.0000,"path":"blit/direct","orient":"upright","mem":"sram","rend":"async2","alpha":255,"halign":0,"corpus":0},"w":{"rows":23,"glyphs":373,"chars":397,"src_px":10135,"dest_px":10135},"m":{"reps":30,"n":15,"min":110578,"med":110663,"max":110779,"mean":110665.0,"sd":50.2},"d":{"ns_iter":3688766,"ns_px":363.96},"q":{"cv":0.05,"spread":0.18,"mhz":360.0,"outliers":0,"flags":[]},"h":"601bd481"} @@5f806476@@
@@BENCH-RAW@@ {"i":28,"s":[110578,110714,110649,110650,110706,110727,110665,110624,110603,110625,110663,110691,110634,110779,110667]} @@324b8dc2@@
I (54816) bench: [29/71] c888.fast1.upright.sram.async2    3688766 ns/iter  363.96 ns/px  cv 0.05%
@@BENCH-CELL@@ {"t":"cell","i":29,"id":"c888.fast1.rotcw.psram.sync","g":"cube","ax":{"fmt":"888","font":"sky","size":9.0,"ratio":1.0000,"path":"blit/direct","orient":"rotcw","mem":"psram","rend":"sync","alpha":255,"halign":0,"corpus":0},"w":{"rows":23,"glyphs":373,"chars":397,"src_px":10135,"dest_px":10135},"m":{"reps":36,"n":15,"min":84171,"med":84291,"max":84434,"mean":84289.9,"sd":78.9},"d":{"ns_iter":2341416,"ns_px":231.02},"q":{"cv":0.09,"spread":0.31,"mhz":360.0,"outliers":0,"flags":[]},"h":"333c04c9"} @@b7867e0f@@
@@BENCH-RAW@@ {"i":29,"s":[84171,84320,84268,84422,84434,84397,84318,84291,84299,84189,84281,84297,84253,84226,84182]} @@209ce208@@
I (56116) bench: [30/71] c888.fast1.rotcw.psram.sync       2341416 ns/iter  231.02 ns/px  cv 0.09%
@@BENCH-CELL@@ {"t":"cell","i":30,"id":"c888.fast1.rotcw.psram.async2","g":"cube","ax":{"fmt":"888","font":"sky","size":9.0,"ratio":1.0000,"path":"blit/direct","orient":"rotcw","mem":"psram","rend":"async2","alpha":255,"halign":0,"corpus":0},"w":{"rows":23,"glyphs":373,"chars":397,"src_px":10135,"dest_px":10135},"m":{"reps":25,"n":15,"min":99978,"med":100160,"max":100392,"mean":100182.3,"sd":128.5},"d":{"ns_iter":4006400,"ns_px":395.30},"q":{"cv":0.13,"spread":0.41,"mhz":360.0,"outliers":0,"flags":[]},"h":"333c04c9"} @@a3d2340e@@
@@BENCH-RAW@@ {"i":30,"s":[100392,100186,99983,99978,100065,100103,100189,100125,100160,100150,100121,100289,100381,100384,100229]} @@b4ea49d6@@
I (57666) bench: [31/71] c888.fast1.rotcw.psram.async2     4006400 ns/iter  395.30 ns/px  cv 0.13%
@@BENCH-CELL@@ {"t":"cell","i":31,"id":"c888.fast1.rotcw.sram.sync","g":"cube","ax":{"fmt":"888","font":"sky","size":9.0,"ratio":1.0000,"path":"blit/direct","orient":"rotcw","mem":"sram","rend":"sync","alpha":255,"halign":0,"corpus":0},"w":{"rows":23,"glyphs":373,"chars":397,"src_px":10135,"dest_px":10135},"m":{"reps":48,"n":15,"min":99888,"med":100051,"max":100197,"mean":100028.5,"sd":76.6},"d":{"ns_iter":2084395,"ns_px":205.66},"q":{"cv":0.08,"spread":0.31,"mhz":360.0,"outliers":0,"flags":[]},"h":"333c04c9"} @@f1ddd275@@
@@BENCH-RAW@@ {"i":31,"s":[100197,99991,100068,99890,100027,99888,99945,100038,100061,100051,100074,100074,100059,99988,100077]} @@2565254a@@
I (59196) bench: [32/71] c888.fast1.rotcw.sram.sync        2084395 ns/iter  205.66 ns/px  cv 0.08%
@@BENCH-CELL@@ {"t":"cell","i":32,"id":"c888.fast1.rotcw.sram.async2","g":"cube","ax":{"fmt":"888","font":"sky","size":9.0,"ratio":1.0000,"path":"blit/direct","orient":"rotcw","mem":"sram","rend":"async2","alpha":255,"halign":0,"corpus":0},"w":{"rows":23,"glyphs":373,"chars":397,"src_px":10135,"dest_px":10135},"m":{"reps":30,"n":15,"min":112617,"med":112855,"max":113098,"mean":112865.1,"sd":101.0},"d":{"ns_iter":3761833,"ns_px":371.17},"q":{"cv":0.09,"spread":0.43,"mhz":360.0,"outliers":0,"flags":[]},"h":"333c04c9"} @@e054fada@@
@@BENCH-RAW@@ {"i":32,"s":[113098,112830,112855,112902,112843,112990,112920,112877,112906,112846,112809,112890,112802,112791,112617]} @@6264601c@@
I (60926) bench: [33/71] c888.fast1.rotcw.sram.async2      3761833 ns/iter  371.17 ns/px  cv 0.09%
@@BENCH-CELL@@ {"t":"cell","i":33,"id":"c888.fast2.upright.psram.sync","g":"cube","ax":{"fmt":"888","font":"saira_regular","size":18.0,"ratio":1.0000,"path":"blit/alpha","orient":"upright","mem":"psram","rend":"sync","alpha":255,"halign":0,"corpus":0},"w":{"rows":12,"glyphs":161,"chars":175,"src_px":13512,"dest_px":13512},"m":{"reps":18,"n":15,"min":97581,"med":97594,"max":97643,"mean":97600.5,"sd":16.3},"d":{"ns_iter":5421888,"ns_px":401.26},"q":{"cv":0.02,"spread":0.06,"mhz":360.0,"outliers":0,"flags":[]},"h":"34ac5a26"} @@50575cb5@@
@@BENCH-RAW@@ {"i":33,"s":[97613,97604,97643,97599,97585,97594,97592,97593,97585,97581,97591,97592,97596,97626,97613]} @@3fa3ab3b@@
I (62446) bench: [34/71] c888.fast2.upright.psram.sync     5421888 ns/iter  401.26 ns/px  cv 0.02%
@@BENCH-CELL@@ {"t":"cell","i":34,"id":"c888.fast2.upright.psram.async2","g":"cube","ax":{"fmt":"888","font":"saira_regular","size":18.0,"ratio":1.0000,"path":"blit/alpha","orient":"upright","mem":"psram","rend":"async2","alpha":255,"halign":0,"corpus":0},"w":{"rows":12,"glyphs":161,"chars":175,"src_px":13512,"dest_px":13512},"m":{"reps":23,"n":15,"min":91814,"med":91874,"max":91937,"mean":91872.7,"sd":27.5},"d":{"ns_iter":3994521,"ns_px":295.63},"q":{"cv":0.03,"spread":0.13,"mhz":360.0,"outliers":0,"flags":[]},"h":"34ac5a26"} @@790df043@@
@@BENCH-RAW@@ {"i":34,"s":[91876,91814,91900,91885,91874,91861,91886,91864,91874,91884,91937,91826,91878,91863,91868]} @@a8e8f3e0@@
I (63866) bench: [35/71] c888.fast2.upright.psram.async2   3994521 ns/iter  295.63 ns/px  cv 0.03%
@@BENCH-CELL@@ {"t":"cell","i":35,"id":"c888.fast2.upright.sram.sync","g":"cube","ax":{"fmt":"888","font":"saira_regular","size":18.0,"ratio":1.0000,"path":"blit/alpha","orient":"upright","mem":"sram","rend":"sync","alpha":255,"halign":0,"corpus":0},"w":{"rows":12,"glyphs":161,"chars":175,"src_px":13512,"dest_px":13512},"m":{"reps":20,"n":15,"min":108366,"med":108370,"max":108454,"mean":108378.1,"sd":21.1},"d":{"ns_iter":5418500,"ns_px":401.01},"q":{"cv":0.02,"spread":0.08,"mhz":360.0,"outliers":0,"flags":[]},"h":"34ac5a26"} @@493fa2b6@@
@@BENCH-RAW@@ {"i":35,"s":[108369,108376,108371,108368,108454,108385,108369,108374,108370,108366,108370,108369,108370,108387,108373]} @@9ae8f6ad@@
I (65536) bench: [36/71] c888.fast2.upright.sram.sync      5418500 ns/iter  401.01 ns/px  cv 0.02%
@@BENCH-CELL@@ {"t":"cell","i":36,"id":"c888.fast2.upright.sram.async2","g":"cube","ax":{"fmt":"888","font":"saira_regular","size":18.0,"ratio":1.0000,"path":"blit/alpha","orient":"upright","mem":"sram","rend":"async2","alpha":255,"halign":0,"corpus":0},"w":{"rows":12,"glyphs":161,"chars":175,"src_px":13512,"dest_px":13512},"m":{"reps":26,"n":15,"min":103724,"med":103768,"max":103851,"mean":103776.5,"sd":40.4},"d":{"ns_iter":3991076,"ns_px":295.37},"q":{"cv":0.04,"spread":0.12,"mhz":360.0,"outliers":0,"flags":[]},"h":"34ac5a26"} @@f73be268@@
@@BENCH-RAW@@ {"i":36,"s":[103724,103753,103743,103848,103768,103745,103818,103782,103783,103851,103726,103782,103824,103764,103737]} @@a98066e1@@
I (67136) bench: [37/71] c888.fast2.upright.sram.async2    3991076 ns/iter  295.37 ns/px  cv 0.04%
@@BENCH-CELL@@ {"t":"cell","i":37,"id":"c888.fast2.rotcw.psram.sync","g":"cube","ax":{"fmt":"888","font":"saira_regular","size":18.0,"ratio":1.0000,"path":"blit/alpha","orient":"rotcw","mem":"psram","rend":"sync","alpha":255,"halign":0,"corpus":0},"w":{"rows":12,"glyphs":161,"chars":175,"src_px":13512,"dest_px":13512},"m":{"reps":17,"n":15,"min":96912,"med":97012,"max":97165,"mean":97020.5,"sd":75.8},"d":{"ns_iter":5706588,"ns_px":422.33},"q":{"cv":0.08,"spread":0.26,"mhz":360.0,"outliers":0,"flags":[]},"h":"de65743c"} @@37e64253@@
@@BENCH-RAW@@ {"i":37,"s":[96912,97023,96928,97154,97046,96950,96983,96949,96968,97057,97113,97012,97058,97165,96990]} @@626d3cbf@@
I (68636) bench: [38/71] c888.fast2.rotcw.psram.sync       5706588 ns/iter  422.33 ns/px  cv 0.08%
@@BENCH-CELL@@ {"t":"cell","i":38,"id":"c888.fast2.rotcw.psram.async2","g":"cube","ax":{"fmt":"888","font":"saira_regular","size":18.0,"ratio":1.0000,"path":"blit/alpha","orient":"rotcw","mem":"psram","rend":"async2","alpha":255,"halign":0,"corpus":0},"w":{"rows":12,"glyphs":161,"chars":175,"src_px":13512,"dest_px":13512},"m":{"reps":21,"n":15,"min":95683,"med":95836,"max":96189,"mean":95849.1,"sd":132.7},"d":{"ns_iter":4563619,"ns_px":337.75},"q":{"cv":0.14,"spread":0.53,"mhz":360.0,"outliers":0,"flags":[]},"h":"de65743c"} @@0e911f1f@@
@@BENCH-RAW@@ {"i":38,"s":[95846,95729,95683,95822,95759,95757,95723,95708,96189,95836,95912,95903,96037,95885,95948]} @@145debac@@
I (70126) bench: [39/71] c888.fast2.rotcw.psram.async2     4563619 ns/iter  337.75 ns/px  cv 0.14%
@@BENCH-CELL@@ {"t":"cell","i":39,"id":"c888.fast2.rotcw.sram.sync","g":"cube","ax":{"fmt":"888","font":"saira_regular","size":18.0,"ratio":1.0000,"path":"blit/alpha","orient":"rotcw","mem":"sram","rend":"sync","alpha":255,"halign":0,"corpus":0},"w":{"rows":12,"glyphs":161,"chars":175,"src_px":13512,"dest_px":13512},"m":{"reps":20,"n":15,"min":108968,"med":108979,"max":109022,"mean":108982.5,"sd":13.9},"d":{"ns_iter":5448950,"ns_px":403.27},"q":{"cv":0.01,"spread":0.05,"mhz":360.0,"outliers":0,"flags":[]},"h":"de65743c"} @@3ea2096e@@
@@BENCH-RAW@@ {"i":39,"s":[108979,108971,108968,109022,109003,108974,108978,108970,108981,108989,108986,108972,108987,108986,108971]} @@83652a68@@
I (71806) bench: [40/71] c888.fast2.rotcw.sram.sync        5448950 ns/iter  403.27 ns/px  cv 0.01%
@@BENCH-CELL@@ {"t":"cell","i":40,"id":"c888.fast2.rotcw.sram.async2","g":"cube","ax":{"fmt":"888","font":"saira_regular","size":18.0,"ratio":1.0000,"path":"blit/alpha","orient":"rotcw","mem":"sram","rend":"async2","alpha":255,"halign":0,"corpus":0},"w":{"rows":12,"glyphs":161,"chars":175,"src_px":13512,"dest_px":13512},"m":{"reps":25,"n":15,"min":105558,"med":105640,"max":105693,"mean":105641.6,"sd":37.4},"d":{"ns_iter":4225600,"ns_px":312.73},"q":{"cv":0.04,"spread":0.13,"mhz":360.0,"outliers":0,"flags":[]},"h":"de65743c"} @@aecb5ad0@@
@@BENCH-RAW@@ {"i":40,"s":[105671,105666,105558,105630,105597,105681,105606,105688,105627,105677,105609,105629,105652,105693,105640]} @@e668fde9@@
I (73426) bench: [41/71] c888.fast2.rotcw.sram.async2      4225600 ns/iter  312.73 ns/px  cv 0.04%
@@BENCH-CELL@@ {"t":"cell","i":41,"id":"c888.shader.upright.psram.sync","g":"cube","ax":{"fmt":"888","font":"saira_regular","size":27.0,"ratio":1.5000,"path":"shader/aa","orient":"upright","mem":"psram","rend":"sync","alpha":255,"halign":0,"corpus":0},"w":{"rows":8,"glyphs":92,"chars":100,"src_px":7701,"dest_px":18002},"m":{"reps":1,"n":12,"min":134742,"med":134841,"max":134917,"mean":134836.3,"sd":48.0},"d":{"ns_iter":134841000,"ns_px":7490.33},"q":{"cv":0.04,"spread":0.13,"mhz":360.0,"outliers":0,"flags":[]},"h":"839de335"} @@bf989024@@
@@BENCH-RAW@@ {"i":41,"s":[134820,134867,134761,134866,134917,134830,134819,134742,134895,134841,134821,134857]} @@de6d2894@@
I (75616) bench: [42/71] c888.shader.upright.psram.sync   134841000 ns/iter  7490.33 ns/px  cv 0.04%
@@BENCH-CELL@@ {"t":"cell","i":42,"id":"c888.shader.upright.psram.async2","g":"cube","ax":{"fmt":"888","font":"saira_regular","size":27.0,"ratio":1.5000,"path":"shader/aa","orient":"upright","mem":"psram","rend":"async2","alpha":255,"halign":0,"corpus":0},"w":{"rows":8,"glyphs":92,"chars":100,"src_px":7701,"dest_px":18002},"m":{"reps":2,"n":12,"min":136986,"med":137123,"max":137201,"mean":137090.6,"sd":68.7},"d":{"ns_iter":68561500,"ns_px":3808.55},"q":{"cv":0.05,"spread":0.16,"mhz":360.0,"outliers":0,"flags":[]},"h":"839de335"} @@97ab0956@@
@@BENCH-RAW@@ {"i":42,"s":[137201,137147,137064,137151,137071,137157,137140,137035,136986,137016,137123,136996]} @@850a9672@@
I (77566) bench: [43/71] c888.shader.upright.psram.async2 68561500 ns/iter  3808.55 ns/px  cv 0.05%
@@BENCH-CELL@@ {"t":"cell","i":43,"id":"c888.shader.upright.sram.sync","g":"cube","ax":{"fmt":"888","font":"saira_regular","size":27.0,"ratio":1.5000,"path":"shader/aa","orient":"upright","mem":"sram","rend":"sync","alpha":255,"halign":0,"corpus":0},"w":{"rows":8,"glyphs":92,"chars":100,"src_px":7701,"dest_px":18002},"m":{"reps":1,"n":12,"min":134690,"med":134828,"max":135163,"mean":134862.5,"sd":132.5},"d":{"ns_iter":134828000,"ns_px":7489.61},"q":{"cv":0.10,"spread":0.35,"mhz":360.0,"outliers":0,"flags":[]},"h":"839de335"} @@cef5b2a6@@
@@BENCH-RAW@@ {"i":43,"s":[134890,134828,135078,135163,134877,134776,134916,134816,134690,134763,134728,134825]} @@739209c8@@
I (79746) bench: [44/71] c888.shader.upright.sram.sync    134828000 ns/iter  7489.61 ns/px  cv 0.10%
@@BENCH-CELL@@ {"t":"cell","i":44,"id":"c888.shader.upright.sram.async2","g":"cube","ax":{"fmt":"888","font":"saira_regular","size":27.0,"ratio":1.5000,"path":"shader/aa","orient":"upright","mem":"sram","rend":"async2","alpha":255,"halign":0,"corpus":0},"w":{"rows":8,"glyphs":92,"chars":100,"src_px":7701,"dest_px":18002},"m":{"reps":2,"n":12,"min":136908,"med":136936,"max":137033,"mean":136952.8,"sd":38.2},"d":{"ns_iter":68468000,"ns_px":3803.36},"q":{"cv":0.03,"spread":0.09,"mhz":360.0,"outliers":0,"flags":[]},"h":"839de335"} @@fa3ca9b0@@
@@BENCH-RAW@@ {"i":44,"s":[137004,136975,136936,136929,136931,137033,136990,136909,136961,136908,136923,136934]} @@31737af9@@
I (81686) bench: [45/71] c888.shader.upright.sram.async2  68468000 ns/iter  3803.36 ns/px  cv 0.03%
@@BENCH-CELL@@ {"t":"cell","i":45,"id":"c888.shader.rotcw.psram.sync","g":"cube","ax":{"fmt":"888","font":"saira_regular","size":27.0,"ratio":1.5000,"path":"shader/aa","orient":"rotcw","mem":"psram","rend":"sync","alpha":255,"halign":0,"corpus":0},"w":{"rows":8,"glyphs":92,"chars":100,"src_px":7701,"dest_px":18002},"m":{"reps":1,"n":13,"min":128981,"med":129026,"max":129073,"mean":129025.1,"sd":26.6},"d":{"ns_iter":129026000,"ns_px":7167.31},"q":{"cv":0.02,"spread":0.07,"mhz":360.0,"outliers":0,"flags":[]},"h":"dd1828a1"} @@0fb12a3e@@
@@BENCH-RAW@@ {"i":45,"s":[129073,129059,129024,129009,129051,129042,129015,129034,128983,129000,129026,129029,128981]} @@eac4db22@@
I (83906) bench: [46/71] c888.shader.rotcw.psram.sync     129026000 ns/iter  7167.31 ns/px  cv 0.02%
@@BENCH-CELL@@ {"t":"cell","i":46,"id":"c888.shader.rotcw.psram.async2","g":"cube","ax":{"fmt":"888","font":"saira_regular","size":27.0,"ratio":1.5000,"path":"shader/aa","orient":"rotcw","mem":"psram","rend":"async2","alpha":255,"halign":0,"corpus":0},"w":{"rows":8,"glyphs":92,"chars":100,"src_px":7701,"dest_px":18002},"m":{"reps":2,"n":12,"min":136287,"med":136411,"max":136560,"mean":136400.9,"sd":80.8},"d":{"ns_iter":68205500,"ns_px":3788.77},"q":{"cv":0.06,"spread":0.20,"mhz":360.0,"outliers":0,"flags":[]},"h":"dd1828a1"} @@cdea9914@@
@@BENCH-RAW@@ {"i":46,"s":[136407,136463,136560,136411,136495,136420,136306,136449,136373,136349,136291,136287]} @@07c08317@@
I (85846) bench: [47/71] c888.shader.rotcw.psram.async2   68205500 ns/iter  3788.77 ns/px  cv 0.06%
@@BENCH-CELL@@ {"t":"cell","i":47,"id":"c888.shader.rotcw.sram.sync","g":"cube","ax":{"fmt":"888","font":"saira_regular","size":27.0,"ratio":1.5000,"path":"shader/aa","orient":"rotcw","mem":"sram","rend":"sync","alpha":255,"halign":0,"corpus":0},"w":{"rows":8,"glyphs":92,"chars":100,"src_px":7701,"dest_px":18002},"m":{"reps":1,"n":13,"min":128481,"med":128506,"max":128549,"mean":128507.3,"sd":17.4},"d":{"ns_iter":128506000,"ns_px":7138.43},"q":{"cv":0.01,"spread":0.05,"mhz":360.0,"outliers":0,"flags":[]},"h":"dd1828a1"} @@e04b74b4@@
@@BENCH-RAW@@ {"i":47,"s":[128508,128481,128498,128494,128549,128497,128510,128499,128507,128506,128514,128495,128537]} @@c2ec28a1@@
I (88056) bench: [48/71] c888.shader.rotcw.sram.sync      128506000 ns/iter  7138.43 ns/px  cv 0.01%
@@BENCH-CELL@@ {"t":"cell","i":48,"id":"c888.shader.rotcw.sram.async2","g":"cube","ax":{"fmt":"888","font":"saira_regular","size":27.0,"ratio":1.5000,"path":"shader/aa","orient":"rotcw","mem":"sram","rend":"async2","alpha":255,"halign":0,"corpus":0},"w":{"rows":8,"glyphs":92,"chars":100,"src_px":7701,"dest_px":18002},"m":{"reps":2,"n":12,"min":135197,"med":135237,"max":135418,"mean":135265.8,"sd":75.3},"d":{"ns_iter":67618500,"ns_px":3756.17},"q":{"cv":0.06,"spread":0.16,"mhz":360.0,"outliers":0,"flags":[]},"h":"dd1828a1"} @@f8d45ba3@@
@@BENCH-RAW@@ {"i":48,"s":[135418,135334,135203,135233,135298,135201,135250,135197,135203,135237,135399,135216]} @@b0b97e17@@
I (89966) bench: [49/71] c888.shader.rotcw.sram.async2    67618500 ns/iter  3756.17 ns/px  cv 0.06%
@@BENCH-CELL@@ {"t":"cell","i":49,"id":"orient.rotccw","g":"orient","ax":{"fmt":"888","font":"saira_regular","size":18.0,"ratio":1.0000,"path":"blit/alpha","orient":"rotccw","mem":"psram","rend":"async2","alpha":255,"halign":0,"corpus":0},"w":{"rows":12,"glyphs":161,"chars":175,"src_px":13512,"dest_px":13512},"m":{"reps":21,"n":15,"min":95046,"med":95141,"max":95362,"mean":95155.2,"sd":93.2},"d":{"ns_iter":4530523,"ns_px":335.30},"q":{"cv":0.10,"spread":0.33,"mhz":360.0,"outliers":0,"flags":[]},"h":"e16cec42"} @@bc0c1429@@
@@BENCH-RAW@@ {"i":49,"s":[95167,95089,95283,95046,95147,95257,95078,95087,95115,95277,95141,95082,95047,95362,95150]} @@827d1860@@
I (91446) bench: [50/71] orient.rotccw                     4530523 ns/iter  335.30 ns/px  cv 0.10%
@@BENCH-CELL@@ {"t":"cell","i":50,"id":"orient.rothalf","g":"orient","ax":{"fmt":"888","font":"saira_regular","size":18.0,"ratio":1.0000,"path":"blit/alpha","orient":"rothalf","mem":"psram","rend":"async2","alpha":255,"halign":0,"corpus":0},"w":{"rows":12,"glyphs":161,"chars":175,"src_px":13512,"dest_px":13512},"m":{"reps":22,"n":15,"min":94999,"med":95062,"max":95193,"mean":95085.2,"sd":57.3},"d":{"ns_iter":4321000,"ns_px":319.79},"q":{"cv":0.06,"spread":0.20,"mhz":360.0,"outliers":0,"flags":[]},"h":"a6066584"} @@ccbf351c@@
@@BENCH-RAW@@ {"i":50,"s":[95124,95180,95059,95062,95031,95181,95113,95070,95193,95048,94999,95061,95049,95045,95063]} @@697d9d58@@
I (92916) bench: [51/71] orient.rothalf                    4321000 ns/iter  319.79 ns/px  cv 0.06%
@@BENCH-CELL@@ {"t":"cell","i":51,"id":"orient.fliph","g":"orient","ax":{"fmt":"888","font":"saira_regular","size":18.0,"ratio":1.0000,"path":"blit/alpha","orient":"fliph","mem":"psram","rend":"async2","alpha":255,"halign":0,"corpus":0},"w":{"rows":12,"glyphs":161,"chars":175,"src_px":13512,"dest_px":13512},"m":{"reps":23,"n":15,"min":92040,"med":92106,"max":92226,"mean":92112.3,"sd":47.5},"d":{"ns_iter":4004608,"ns_px":296.37},"q":{"cv":0.05,"spread":0.20,"mhz":360.0,"outliers":0,"flags":[]},"h":"abc61a88"} @@863fc4eb@@
@@BENCH-RAW@@ {"i":51,"s":[92135,92084,92194,92226,92065,92040,92077,92120,92106,92071,92094,92093,92153,92107,92119]} @@961f5c67@@
I (94346) bench: [52/71] orient.fliph                      4004608 ns/iter  296.37 ns/px  cv 0.05%
@@BENCH-CELL@@ {"t":"cell","i":52,"id":"orient.rotccwfliph","g":"orient","ax":{"fmt":"888","font":"saira_regular","size":18.0,"ratio":1.0000,"path":"blit/alpha","orient":"rotccwfliph","mem":"psram","rend":"async2","alpha":255,"halign":0,"corpus":0},"w":{"rows":12,"glyphs":161,"chars":175,"src_px":13512,"dest_px":13512},"m":{"reps":21,"n":15,"min":94277,"med":94413,"max":94646,"mean":94437.7,"sd":102.6},"d":{"ns_iter":4495857,"ns_px":332.73},"q":{"cv":0.11,"spread":0.39,"mhz":360.0,"outliers":0,"flags":[]},"h":"5262d8d8"} @@05e20cd7@@
@@BENCH-RAW@@ {"i":52,"s":[94346,94549,94403,94646,94367,94465,94328,94407,94277,94597,94335,94537,94421,94413,94475]} @@7f26638e@@
I (95806) bench: [53/71] orient.rotccwfliph                4495857 ns/iter  332.73 ns/px  cv 0.11%
@@BENCH-CELL@@ {"t":"cell","i":53,"id":"orient.rothalffliph","g":"orient","ax":{"fmt":"888","font":"saira_regular","size":18.0,"ratio":1.0000,"path":"blit/alpha","orient":"rothalffliph","mem":"psram","rend":"async2","alpha":255,"halign":0,"corpus":0},"w":{"rows":12,"glyphs":161,"chars":175,"src_px":13512,"dest_px":13512},"m":{"reps":22,"n":15,"min":95395,"med":95439,"max":95568,"mean":95447.3,"sd":43.5},"d":{"ns_iter":4338136,"ns_px":321.06},"q":{"cv":0.05,"spread":0.18,"mhz":360.0,"outliers":0,"flags":[]},"h":"418c2762"} @@3b9db3ad@@
@@BENCH-RAW@@ {"i":53,"s":[95451,95458,95413,95506,95568,95423,95407,95439,95429,95398,95444,95395,95438,95462,95478]} @@ea9bf4ca@@
I (97286) bench: [54/71] orient.rothalffliph               4338136 ns/iter  321.06 ns/px  cv 0.05%
@@BENCH-CELL@@ {"t":"cell","i":54,"id":"orient.rotcwfliph","g":"orient","ax":{"fmt":"888","font":"saira_regular","size":18.0,"ratio":1.0000,"path":"blit/alpha","orient":"rotcwfliph","mem":"psram","rend":"async2","alpha":255,"halign":0,"corpus":0},"w":{"rows":12,"glyphs":161,"chars":175,"src_px":13512,"dest_px":13512},"m":{"reps":21,"n":15,"min":94592,"med":94722,"max":94918,"mean":94736.1,"sd":93.9},"d":{"ns_iter":4510571,"ns_px":333.82},"q":{"cv":0.10,"spread":0.34,"mhz":360.0,"outliers":0,"flags":[]},"h":"0e714186"} @@6f3a673b@@
@@BENCH-RAW@@ {"i":54,"s":[94885,94678,94643,94685,94771,94722,94596,94685,94737,94800,94918,94840,94783,94707,94592]} @@8f324a96@@
I (98756) bench: [55/71] orient.rotcwfliph                 4510571 ns/iter  333.82 ns/px  cv 0.10%
@@BENCH-CELL@@ {"t":"cell","i":55,"id":"font.sky@18","g":"font","ax":{"fmt":"888","font":"sky","size":18.0,"ratio":2.0000,"path":"blit/direct","orient":"rotcw","mem":"psram","rend":"async2","alpha":255,"halign":0,"corpus":0},"w":{"rows":12,"glyphs":148,"chars":162,"src_px":4014,"dest_px":16056},"m":{"reps":32,"n":15,"min":84753,"med":85030,"max":85176,"mean":85003.1,"sd":113.5},"d":{"ns_iter":2657187,"ns_px":165.49},"q":{"cv":0.13,"spread":0.50,"mhz":360.0,"outliers":0,"flags":[]},"h":"a32b1e1d"} @@5d76ec01@@
@@BENCH-RAW@@ {"i":55,"s":[85017,84915,84905,85104,85064,85052,85176,84926,84944,84861,84753,85166,85036,85098,85030]} @@b0cb9ab2@@
I (100066) bench: [56/71] font.sky@18                       2657187 ns/iter  165.49 ns/px  cv 0.13%
@@BENCH-CELL@@ {"t":"cell","i":56,"id":"font.sky@27","g":"font","ax":{"fmt":"888","font":"sky","size":27.0,"ratio":3.0000,"path":"blit/direct","orient":"rotcw","mem":"psram","rend":"async2","alpha":255,"halign":0,"corpus":0},"w":{"rows":8,"glyphs":80,"chars":85,"src_px":2161,"dest_px":19449},"m":{"reps":36,"n":15,"min":80323,"med":80540,"max":80648,"mean":80518.9,"sd":102.3},"d":{"ns_iter":2237222,"ns_px":115.03},"q":{"cv":0.13,"spread":0.40,"mhz":360.0,"outliers":0,"flags":[]},"h":"4bc0b3f9"} @@84616857@@
@@BENCH-RAW@@ {"i":56,"s":[80360,80403,80632,80603,80323,80500,80452,80515,80540,80624,80584,80615,80414,80648,80570]} @@b278d065@@
I (101316) bench: [57/71] font.sky@27                       2237222 ns/iter  115.03 ns/px  cv 0.13%
@@BENCH-CELL@@ {"t":"cell","i":57,"id":"font.skymono@9","g":"font","ax":{"fmt":"888","font":"sky_mono","size":9.0,"ratio":1.0000,"path":"blit/direct","orient":"rotcw","mem":"psram","rend":"async2","alpha":255,"halign":0,"corpus":0},"w":{"rows":23,"glyphs":373,"chars":397,"src_px":23499,"dest_px":23499},"m":{"reps":22,"n":15,"min":98970,"med":99087,"max":99403,"mean":99121.5,"sd":111.5},"d":{"ns_iter":4503954,"ns_px":191.67},"q":{"cv":0.11,"spread":0.44,"mhz":360.0,"outliers":0,"flags":[]},"h":"6335b160"} @@82c97019@@
@@BENCH-RAW@@ {"i":57,"s":[99000,98970,99040,99033,99087,99010,99063,99177,99181,99403,99149,99205,99062,99232,99211]} @@b375193c@@
I (102846) bench: [58/71] font.skymono@9                    4503954 ns/iter  191.67 ns/px  cv 0.11%
@@BENCH-CELL@@ {"t":"cell","i":58,"id":"font.sky@13","g":"font","ax":{"fmt":"888","font":"sky","size":13.0,"ratio":1.4444,"path":"shader/pal","orient":"rotcw","mem":"psram","rend":"async2","alpha":255,"halign":0,"corpus":0},"w":{"rows":17,"glyphs":239,"chars":255,"src_px":6321,"dest_px":12530},"m":{"reps":2,"n":15,"min":112183,"med":112244,"max":112360,"mean":112245.0,"sd":48.0},"d":{"ns_iter":56122000,"ns_px":4479.01},"q":{"cv":0.04,"spread":0.16,"mhz":360.0,"outliers":0,"flags":[]},"h":"254ec85e"} @@e9fc38b2@@
@@BENCH-RAW@@ {"i":58,"s":[112360,112244,112263,112295,112269,112310,112190,112254,112252,112183,112218,112230,112201,112190,112216]} @@faf4a173@@
I (104786) bench: [59/71] font.sky@13                      56122000 ns/iter  4479.01 ns/px  cv 0.04%
@@BENCH-CELL@@ {"t":"cell","i":59,"id":"font.saira@36","g":"font","ax":{"fmt":"888","font":"saira_regular","size":36.0,"ratio":2.0000,"path":"blit/alpha","orient":"rotcw","mem":"psram","rend":"async2","alpha":255,"halign":0,"corpus":0},"w":{"rows":6,"glyphs":56,"chars":61,"src_px":4710,"dest_px":18840},"m":{"reps":20,"n":15,"min":93312,"med":93412,"max":93572,"mean":93410.0,"sd":83.6},"d":{"ns_iter":4670600,"ns_px":247.91},"q":{"cv":0.09,"spread":0.28,"mhz":360.0,"outliers":0,"flags":[]},"h":"972d0991"} @@9078a015@@
@@BENCH-RAW@@ {"i":59,"s":[93427,93355,93321,93546,93312,93357,93321,93418,93500,93460,93572,93485,93412,93328,93336]} @@460f2fd0@@
I (106236) bench: [60/71] font.saira@36                     4670600 ns/iter  247.91 ns/px  cv 0.09%
@@BENCH-CELL@@ {"t":"cell","i":60,"id":"font.marker@22","g":"font","ax":{"fmt":"888","font":"marker","size":22.0,"ratio":1.0000,"path":"blit/alpha","orient":"rotcw","mem":"psram","rend":"async2","alpha":255,"halign":0,"corpus":0},"w":{"rows":10,"glyphs":125,"chars":136,"src_px":22847,"dest_px":22847},"m":{"reps":16,"n":15,"min":104890,"med":105129,"max":105381,"mean":105144.0,"sd":112.8},"d":{"ns_iter":6570562,"ns_px":287.59},"q":{"cv":0.11,"spread":0.47,"mhz":360.0,"outliers":0,"flags":[]},"h":"59dd778c"} @@6e916109@@
@@BENCH-RAW@@ {"i":60,"s":[105381,105145,105183,105180,105129,105297,105109,105086,104890,105071,105259,105113,105058,105206,105053]} @@5babce98@@
I (107866) bench: [61/71] font.marker@22                    6570562 ns/iter  287.59 ns/px  cv 0.11%
@@BENCH-CELL@@ {"t":"cell","i":61,"id":"font.marker@33","g":"font","ax":{"fmt":"888","font":"marker","size":33.0,"ratio":1.5000,"path":"shader/aa","orient":"rotcw","mem":"psram","rend":"async2","alpha":255,"halign":0,"corpus":0},"w":{"rows":7,"glyphs":71,"chars":76,"src_px":13008,"dest_px":29868},"m":{"reps":1,"n":15,"min":110119,"med":110186,"max":110331,"mean":110204.3,"sd":73.1},"d":{"ns_iter":110186000,"ns_px":3689.10},"q":{"cv":0.07,"spread":0.19,"mhz":360.0,"outliers":0,"flags":[]},"h":"aed9f152"} @@8ff9d260@@
@@BENCH-RAW@@ {"i":61,"s":[110331,110309,110218,110317,110119,110142,110122,110138,110120,110181,110186,110172,110225,110190,110295]} @@38607b08@@
I (109986) bench: [62/71] font.marker@33                   110186000 ns/iter  3689.10 ns/px  cv 0.07%
@@BENCH-CELL@@ {"t":"cell","i":62,"id":"font.condensed@45","g":"font","ax":{"fmt":"888","font":"saira_condensed","size":45.0,"ratio":1.0000,"path":"blit/alpha","orient":"rotcw","mem":"psram","rend":"async2","alpha":255,"halign":0,"corpus":0},"w":{"rows":5,"glyphs":47,"chars":51,"src_px":19237,"dest_px":19237},"m":{"reps":20,"n":15,"min":89993,"med":90088,"max":90127,"mean":90078.1,"sd":40.8},"d":{"ns_iter":4504400,"ns_px":234.15},"q":{"cv":0.05,"spread":0.15,"mhz":360.0,"outliers":0,"flags":[]},"h":"7bcb728d"} @@d8932f08@@
@@BENCH-RAW@@ {"i":62,"s":[90127,90027,90088,89993,90077,90097,90015,90049,90052,90103,90078,90120,90102,90117,90126]} @@24d79781@@
I (111386) bench: [63/71] font.condensed@45                 4504400 ns/iter  234.15 ns/px  cv 0.05%
@@BENCH-CELL@@ {"t":"cell","i":63,"id":"font.saira@27.noaa","g":"font","ax":{"fmt":"888","font":"saira_regular_noaa","size":27.0,"ratio":1.5000,"path":"shader/plain","orient":"rotcw","mem":"psram","rend":"async2","alpha":255,"halign":0,"corpus":0},"w":{"rows":8,"glyphs":92,"chars":100,"src_px":7701,"dest_px":18002},"m":{"reps":2,"n":13,"min":124473,"med":124566,"max":124603,"mean":124552.8,"sd":38.3},"d":{"ns_iter":62283000,"ns_px":3459.78},"q":{"cv":0.03,"spread":0.10,"mhz":360.0,"outliers":0,"flags":[]},"h":"9c31759b"} @@f519c644@@
@@BENCH-RAW@@ {"i":63,"s":[124533,124519,124566,124603,124584,124583,124576,124473,124580,124566,124548,124484,124572]} @@3de19831@@
I (113286) bench: [64/71] font.saira@27.noaa               62283000 ns/iter  3459.78 ns/px  cv 0.03%
@@BENCH-CELL@@ {"t":"cell","i":64,"id":"rend.async1","g":"rend","ax":{"fmt":"888","font":"saira_regular","size":18.0,"ratio":1.0000,"path":"blit/alpha","orient":"rotcw","mem":"psram","rend":"async1","alpha":255,"halign":0,"corpus":0},"w":{"rows":12,"glyphs":161,"chars":175,"src_px":13512,"dest_px":13512},"m":{"reps":15,"n":15,"min":98999,"med":99107,"max":99369,"mean":99111.7,"sd":87.4},"d":{"ns_iter":6607133,"ns_px":488.98},"q":{"cv":0.09,"spread":0.37,"mhz":360.0,"outliers":0,"flags":[]},"h":"de65743c"} @@89ccbaba@@
@@BENCH-RAW@@ {"i":64,"s":[99059,99369,99154,99045,98999,99012,99188,99107,99064,99153,99125,99084,99154,99115,99048]} @@599f33bd@@
I (114826) bench: [65/71] rend.async1                       6607133 ns/iter  488.98 ns/px  cv 0.09%
@@BENCH-CELL@@ {"t":"cell","i":65,"id":"alpha.fast1.a128","g":"alpha","ax":{"fmt":"888","font":"sky","size":9.0,"ratio":1.0000,"path":"blit/alpha","orient":"rotcw","mem":"psram","rend":"async2","alpha":128,"halign":0,"corpus":0},"w":{"rows":23,"glyphs":373,"chars":397,"src_px":10135,"dest_px":10135},"m":{"reps":19,"n":15,"min":102978,"med":103078,"max":103334,"mean":103103.5,"sd":86.2},"d":{"ns_iter":5425157,"ns_px":535.29},"q":{"cv":0.08,"spread":0.35,"mhz":360.0,"outliers":0,"flags":[]},"h":"cc2eccc5"} @@1394294c@@
@@BENCH-RAW@@ {"i":65,"s":[103002,103087,103078,103158,103045,103065,103334,103052,103217,103145,103057,103065,102978,103116,103153]} @@a9de0cb9@@
I (116426) bench: [66/71] alpha.fast1.a128                  5425157 ns/iter  535.29 ns/px  cv 0.08%
@@BENCH-CELL@@ {"t":"cell","i":66,"id":"alpha.fast2.a128","g":"alpha","ax":{"fmt":"888","font":"saira_regular","size":18.0,"ratio":1.0000,"path":"blit/alpha","orient":"rotcw","mem":"psram","rend":"async2","alpha":128,"halign":0,"corpus":0},"w":{"rows":12,"glyphs":161,"chars":175,"src_px":13512,"dest_px":13512},"m":{"reps":21,"n":15,"min":94807,"med":94932,"max":95263,"mean":94940.1,"sd":114.9},"d":{"ns_iter":4520571,"ns_px":334.56},"q":{"cv":0.12,"spread":0.48,"mhz":360.0,"outliers":0,"flags":[]},"h":"012c199d"} @@407a19f4@@
@@BENCH-RAW@@ {"i":66,"s":[95263,94807,94881,94942,94932,95023,94866,94998,94949,94825,94827,95021,94839,95044,94885]} @@a5b23297@@
I (117896) bench: [67/71] alpha.fast2.a128                  4520571 ns/iter  334.56 ns/px  cv 0.12%
@@BENCH-CELL@@ {"t":"cell","i":67,"id":"len.short","g":"len","ax":{"fmt":"888","font":"saira_regular","size":18.0,"ratio":1.0000,"path":"blit/alpha","orient":"rotcw","mem":"psram","rend":"async2","alpha":255,"halign":0,"corpus":1},"w":{"rows":12,"glyphs":82,"chars":83,"src_px":7336,"dest_px":7336},"m":{"reps":32,"n":15,"min":89248,"med":89331,"max":89364,"mean":89327.6,"sd":34.9},"d":{"ns_iter":2791593,"ns_px":380.53},"q":{"cv":0.04,"spread":0.13,"mhz":360.0,"outliers":0,"flags":[]},"h":"450061c8"} @@c87361ef@@
@@BENCH-RAW@@ {"i":67,"s":[89248,89281,89358,89327,89341,89317,89364,89280,89331,89324,89303,89363,89362,89351,89364]} @@eb2523e3@@
I (119276) bench: [68/71] len.short                         2791593 ns/iter  380.53 ns/px  cv 0.04%
@@BENCH-CELL@@ {"t":"cell","i":68,"id":"len.long","g":"len","ax":{"fmt":"888","font":"saira_regular","size":18.0,"ratio":1.0000,"path":"blit/alpha","orient":"rotcw","mem":"psram","rend":"async2","alpha":255,"halign":0,"corpus":2},"w":{"rows":12,"glyphs":273,"chars":315,"src_px":22206,"dest_px":22206},"m":{"reps":15,"n":15,"min":109562,"med":109821,"max":110152,"mean":109824.3,"sd":140.4},"d":{"ns_iter":7321400,"ns_px":329.70},"q":{"cv":0.13,"spread":0.54,"mhz":360.0,"outliers":0,"flags":[]},"h":"504a97ad"} @@76ef926d@@
@@BENCH-RAW@@ {"i":68,"s":[110152,109821,109770,109562,109892,109835,109883,109804,109692,109792,109978,109905,109600,109774,109905]} @@3b1972bd@@
I (120986) bench: [69/71] len.long                          7321400 ns/iter  329.70 ns/px  cv 0.13%
@@BENCH-CELL@@ {"t":"cell","i":69,"id":"align.center","g":"align","ax":{"fmt":"888","font":"saira_regular","size":18.0,"ratio":1.0000,"path":"blit/alpha","orient":"rotcw","mem":"psram","rend":"async2","alpha":255,"halign":1,"corpus":0},"w":{"rows":12,"glyphs":161,"chars":175,"src_px":13512,"dest_px":13512},"m":{"reps":20,"n":15,"min":91536,"med":91716,"max":91950,"mean":91717.8,"sd":119.3},"d":{"ns_iter":4585800,"ns_px":339.39},"q":{"cv":0.13,"spread":0.45,"mhz":360.0,"outliers":0,"flags":[]},"h":"4f91d280"} @@f36e0fc7@@
@@BENCH-RAW@@ {"i":69,"s":[91563,91644,91640,91716,91574,91739,91776,91668,91816,91818,91950,91785,91640,91902,91536]} @@e54601bb@@
I (122406) bench: [70/71] align.center                      4585800 ns/iter  339.39 ns/px  cv 0.13%
@@BENCH-CELL@@ {"t":"cell","i":70,"id":"drift.last","g":"drift","ax":{"fmt":"888","font":"saira_regular","size":18.0,"ratio":1.0000,"path":"blit/alpha","orient":"rotcw","mem":"psram","rend":"async2","alpha":255,"halign":0,"corpus":0},"w":{"rows":12,"glyphs":161,"chars":175,"src_px":13512,"dest_px":13512},"m":{"reps":21,"n":15,"min":94803,"med":94985,"max":95200,"mean":94965.3,"sd":117.9},"d":{"ns_iter":4523095,"ns_px":334.75},"q":{"cv":0.12,"spread":0.42,"mhz":360.0,"outliers":0,"flags":[]},"h":"de65743c"} @@1dd4493f@@
@@BENCH-RAW@@ {"i":70,"s":[95047,94886,95068,94891,95002,95200,94875,94836,94824,95090,94856,95117,94999,94985,94803]} @@c02ad49b@@
I (123876) bench: [71/71] drift.last                        4523095 ns/iter  334.75 ns/px  cv 0.12%
@@BENCH-END@@ {"t":"end","cells":71,"total_us":117816167,"status":"ok"} @@208097b1@@
