@@BENCH-BEGIN@@ {"t":"begin","schema":1,"cells":71,"boot_us":5577688,"reset":3,"build":{"app_git":"34816deaf5ae","app_dirty":false,"app_branch":"main","pax_git":"c3ad1df6f621","pax_dirty":false,"pax_branch":"opt/text-rendering","idf":"v6.0.2","opt":"Os","app_ver":"34816de","app_date":"Aug 20 2026 13:24:50"},"hw":{"chip":"esp32p4","rev":103,"cores":2,"cpu_mhz_nom":360,"cpu_mhz_meas":359.99,"l2_kb":128,"l2_line":64,"psram":true},"cfg":{"pm_enable":true,"pm_lock":true,"tick_hz":100,"wdt":false,"pax":{"bounds_check":false,"orientation":true,"async":"multithread","range_setter":true,"range_merger":true,"fixed_point":true,"long_fixed_point":true,"queue_size":32,"sso_len":32}},"mem":{"tile_dim":256,"int_addr":"0x4ff40700","psram_addr":"0x4811a900","int_free":338643,"int_largest":192512,"psram_free":30524228},"bench":{"n_samples":15,"warmup":2,"target_sample_us":110000,"cell_budget_us":2000000,"corpus_ver":1,"join_placement":"per_sample","driver_core":0,"driver_prio":5,"scrub_bytes":524288}} @@055a3934@@
@@BENCH-CELL@@ {"t":"cell","i":0,"id":"drift.first","g":"drift","ax":{"fmt":"888","font":"saira_regular","size":18.0,"ratio":1.0000,"path":"blit/alpha","orient":"rotcw","mem":"psram","rend":"async2","alpha":255,"halign":0,"corpus":0},"w":{"rows":12,"glyphs":161,"chars":175,"src_px":13512,"dest_px":13512},"m":{"reps":27,"n":15,"min":90948,"med":91047,"max":91393,"mean":91117.9,"sd":122.4},"d":{"ns_iter":3372111,"ns_px":249.56},"q":{"cv":0.13,"spread":0.49,"mhz":360.0,"outliers":0,"flags":[]},"h":"de65743c"} @@fbc30fb5@@
@@BENCH-RAW@@ {"i":0,"s":[91033,91393,91035,91047,91028,91218,91031,90948,91240,91046,91144,91150,91333,91080,91042]} @@e79c9c02@@
I (8227) bench: [1/71] drift.first                       3372111 ns/iter  249.56 ns/px  cv 0.13%
@@BENCH-CELL@@ {"t":"cell","i":1,"id":"c565.fast1.upright.psram.sync","g":"cube","ax":{"fmt":"565","font":"sky","size":9.0,"ratio":1.0000,"path":"blit/direct","orient":"upright","mem":"psram","rend":"sync","alpha":255,"halign":0,"corpus":0},"w":{"rows":23,"glyphs":373,"chars":397,"src_px":10135,"dest_px":10135},"m":{"reps":44,"n":15,"min":86710,"med":86919,"max":87128,"mean":86919.8,"sd":94.9},"d":{"ns_iter":1975431,"ns_px":194.91},"q":{"cv":0.11,"spread":0.48,"mhz":360.0,"outliers":0,"flags":[]},"h":"16b7abd1"} @@72a74a88@@
@@BENCH-RAW@@ {"i":1,"s":[86907,86958,86964,86710,86813,86859,86959,86947,86994,87128,86919,86857,86909,86845,87028]} @@bff34028@@
I (9557) bench: [2/71] c565.fast1.upright.psram.sync     1975431 ns/iter  194.91 ns/px  cv 0.11%
@@BENCH-CELL@@ {"t":"cell","i":2,"id":"c565.fast1.upright.psram.async2","g":"cube","ax":{"fmt":"565","font":"sky","size":9.0,"ratio":1.0000,"path":"blit/direct","orient":"upright","mem":"psram","rend":"async2","alpha":255,"halign":0,"corpus":0},"w":{"rows":23,"glyphs":373,"chars":397,"src_px":10135,"dest_px":10135},"m":{"reps":28,"n":15,"min":102535,"med":102748,"max":103170,"mean":102771.5,"sd":148.9},"d":{"ns_iter":3669571,"ns_px":362.07},"q":{"cv":0.14,"spread":0.62,"mhz":360.0,"outliers":0,"flags":[]},"h":"16b7abd1"} @@4dc638f9@@
@@BENCH-RAW@@ {"i":2,"s":[102649,102720,102723,103170,102801,102535,102748,102684,102756,102761,102623,102705,102807,102956,102934]} @@faa29ba8@@
I (11137) bench: [3/71] c565.fast1.upright.psram.async2   3669571 ns/iter  362.07 ns/px  cv 0.14%
@@BENCH-CELL@@ {"t":"cell","i":3,"id":"c565.fast1.upright.sram.sync","g":"cube","ax":{"fmt":"565","font":"sky","size":9.0,"ratio":1.0000,"path":"blit/direct","orient":"upright","mem":"sram","rend":"sync","alpha":255,"halign":0,"corpus":0},"w":{"rows":23,"glyphs":373,"chars":397,"src_px":10135,"dest_px":10135},"m":{"reps":50,"n":15,"min":98907,"med":99051,"max":99192,"mean":99042.5,"sd":84.7},"d":{"ns_iter":1981020,"ns_px":195.46},"q":{"cv":0.09,"spread":0.29,"mhz":360.0,"outliers":0,"flags":[]},"h":"16b7abd1"} @@e31daf8f@@
@@BENCH-RAW@@ {"i":3,"s":[99150,98918,99051,99192,99135,98965,99138,99055,99076,99040,98973,98961,98998,99079,98907]} @@9ad775f7@@
I (12647) bench: [4/71] c565.fast1.upright.sram.sync      1981020 ns/iter  195.46 ns/px  cv 0.09%
@@BENCH-CELL@@ {"t":"cell","i":4,"id":"c565.fast1.upright.sram.async2","g":"cube","ax":{"fmt":"565","font":"sky","size":9.0,"ratio":1.0000,"path":"blit/direct","orient":"upright","mem":"sram","rend":"async2","alpha":255,"halign":0,"corpus":0},"w":{"rows":23,"glyphs":373,"chars":397,"src_px":10135,"dest_px":10135},"m":{"reps":30,"n":15,"min":110000,"med":110162,"max":110251,"mean":110152.5,"sd":74.6},"d":{"ns_iter":3672066,"ns_px":362.32},"q":{"cv":0.07,"spread":0.23,"mhz":360.0,"outliers":0,"flags":[]},"h":"16b7abd1"} @@be86d624@@
@@BENCH-RAW@@ {"i":4,"s":[110156,110030,110067,110135,110136,110170,110162,110000,110162,110242,110244,110199,110231,110251,110103]} @@211e97d2@@
I (14337) bench: [5/71] c565.fast1.upright.sram.async2    3672066 ns/iter  362.32 ns/px  cv 0.07%
@@BENCH-CELL@@ {"t":"cell","i":5,"id":"c565.fast1.rotcw.psram.sync","g":"cube","ax":{"fmt":"565","font":"sky","size":9.0,"ratio":1.0000,"path":"blit/direct","orient":"rotcw","mem":"psram","rend":"sync","alpha":255,"halign":0,"corpus":0},"w":{"rows":23,"glyphs":373,"chars":397,"src_px":10135,"dest_px":10135},"m":{"reps":39,"n":15,"min":78303,"med":78530,"max":78820,"mean":78544.7,"sd":144.0},"d":{"ns_iter":2013589,"ns_px":198.68},"q":{"cv":0.18,"spread":0.66,"mhz":360.0,"outliers":0,"flags":[]},"h":"70d20c11"} @@85688098@@
@@BENCH-RAW@@ {"i":5,"s":[78547,78674,78656,78683,78419,78530,78709,78652,78820,78475,78439,78472,78303,78331,78460]} @@19131e41@@
I (15547) bench: [6/71] c565.fast1.rotcw.psram.sync       2013589 ns/iter  198.68 ns/px  cv 0.18%
@@BENCH-CELL@@ {"t":"cell","i":6,"id":"c565.fast1.rotcw.psram.async2","g":"cube","ax":{"fmt":"565","font":"sky","size":9.0,"ratio":1.0000,"path":"blit/direct","orient":"rotcw","mem":"psram","rend":"async2","alpha":255,"halign":0,"corpus":0},"w":{"rows":23,"glyphs":373,"chars":397,"src_px":10135,"dest_px":10135},"m":{"reps":25,"n":15,"min":94216,"med":94358,"max":94484,"mean":94350.7,"sd":74.0},"d":{"ns_iter":3774320,"ns_px":372.40},"q":{"cv":0.08,"spread":0.28,"mhz":360.0,"outliers":0,"flags":[]},"h":"70d20c11"} @@689dd34d@@
@@BENCH-RAW@@ {"i":6,"s":[94278,94350,94289,94334,94358,94325,94484,94216,94362,94445,94382,94414,94391,94221,94411]} @@ea20eff7@@
I (16997) bench: [7/71] c565.fast1.rotcw.psram.async2     3774320 ns/iter  372.40 ns/px  cv 0.08%
@@BENCH-CELL@@ {"t":"cell","i":7,"id":"c565.fast1.rotcw.sram.sync","g":"cube","ax":{"fmt":"565","font":"sky","size":9.0,"ratio":1.0000,"path":"blit/direct","orient":"rotcw","mem":"sram","rend":"sync","alpha":255,"halign":0,"corpus":0},"w":{"rows":23,"glyphs":373,"chars":397,"src_px":10135,"dest_px":10135},"m":{"reps":50,"n":15,"min":100281,"med":100733,"max":100810,"mean":100671.2,"sd":138.0},"d":{"ns_iter":2014660,"ns_px":198.78},"q":{"cv":0.14,"spread":0.53,"mhz":360.0,"outliers":0,"flags":[]},"h":"70d20c11"} @@ffdcfc48@@
@@BENCH-RAW@@ {"i":7,"s":[100762,100810,100733,100675,100768,100733,100728,100571,100788,100762,100752,100670,100523,100512,100281]} @@14eb5a71@@
I (18537) bench: [8/71] c565.fast1.rotcw.sram.sync        2014660 ns/iter  198.78 ns/px  cv 0.14%
@@BENCH-CELL@@ {"t":"cell","i":8,"id":"c565.fast1.rotcw.sram.async2","g":"cube","ax":{"fmt":"565","font":"sky","size":9.0,"ratio":1.0000,"path":"blit/direct","orient":"rotcw","mem":"sram","rend":"async2","alpha":255,"halign":0,"corpus":0},"w":{"rows":23,"glyphs":373,"chars":397,"src_px":10135,"dest_px":10135},"m":{"reps":30,"n":15,"min":112339,"med":112570,"max":112838,"mean":112556.8,"sd":128.7},"d":{"ns_iter":3752333,"ns_px":370.24},"q":{"cv":0.11,"spread":0.44,"mhz":360.0,"outliers":0,"flags":[]},"h":"70d20c11"} @@cea0c231@@
@@BENCH-RAW@@ {"i":8,"s":[112645,112517,112718,112589,112401,112511,112371,112464,112589,112640,112570,112339,112521,112838,112639]} @@b5d9171e@@
I (20267) bench: [9/71] c565.fast1.rotcw.sram.async2      3752333 ns/iter  370.24 ns/px  cv 0.11%
@@BENCH-CELL@@ {"t":"cell","i":9,"id":"c565.fast2.upright.psram.sync","g":"cube","ax":{"fmt":"565","font":"saira_regular","size":18.0,"ratio":1.0000,"path":"blit/alpha","orient":"upright","mem":"psram","rend":"sync","alpha":255,"halign":0,"corpus":0},"w":{"rows":12,"glyphs":161,"chars":175,"src_px":13512,"dest_px":13512},"m":{"reps":28,"n":15,"min":91665,"med":91723,"max":91784,"mean":91722.7,"sd":38.5},"d":{"ns_iter":3275821,"ns_px":242.44},"q":{"cv":0.04,"spread":0.13,"mhz":360.0,"outliers":0,"flags":[]},"h":"ecacce31"} @@70a09ae5@@
@@BENCH-RAW@@ {"i":9,"s":[91780,91767,91738,91727,91716,91690,91691,91719,91723,91784,91764,91737,91665,91667,91673]} @@9da6660e@@
I (21677) bench: [10/71] c565.fast2.upright.psram.sync     3275821 ns/iter  242.44 ns/px  cv 0.04%
@@BENCH-CELL@@ {"t":"cell","i":10,"id":"c565.fast2.upright.psram.async2","g":"cube","ax":{"fmt":"565","font":"saira_regular","size":18.0,"ratio":1.0000,"path":"blit/alpha","orient":"upright","mem":"psram","rend":"async2","alpha":255,"halign":0,"corpus":0},"w":{"rows":12,"glyphs":161,"chars":175,"src_px":13512,"dest_px":13512},"m":{"reps":30,"n":15,"min":93487,"med":93728,"max":93876,"mean":93703.7,"sd":101.8},"d":{"ns_iter":3124266,"ns_px":231.22},"q":{"cv":0.11,"spread":0.42,"mhz":360.0,"outliers":0,"flags":[]},"h":"ecacce31"} @@3509cefe@@
@@BENCH-RAW@@ {"i":10,"s":[93488,93487,93732,93633,93789,93658,93761,93716,93736,93694,93696,93728,93772,93789,93876]} @@5bdb7cd0@@
I (23117) bench: [11/71] c565.fast2.upright.psram.async2   3124266 ns/iter  231.22 ns/px  cv 0.11%
@@BENCH-CELL@@ {"t":"cell","i":11,"id":"c565.fast2.upright.sram.sync","g":"cube","ax":{"fmt":"565","font":"saira_regular","size":18.0,"ratio":1.0000,"path":"blit/alpha","orient":"upright","mem":"sram","rend":"sync","alpha":255,"halign":0,"corpus":0},"w":{"rows":12,"glyphs":161,"chars":175,"src_px":13512,"dest_px":13512},"m":{"reps":31,"n":15,"min":101493,"med":101593,"max":101647,"mean":101587.8,"sd":34.5},"d":{"ns_iter":3277193,"ns_px":242.54},"q":{"cv":0.03,"spread":0.15,"mhz":360.0,"outliers":0,"flags":[]},"h":"ecacce31"} @@231e58f2@@
@@BENCH-RAW@@ {"i":11,"s":[101558,101493,101565,101554,101594,101613,101647,101608,101584,101593,101618,101589,101595,101614,101592]} @@af67817f@@
I (24677) bench: [12/71] c565.fast2.upright.sram.sync      3277193 ns/iter  242.54 ns/px  cv 0.03%
@@BENCH-CELL@@ {"t":"cell","i":12,"id":"c565.fast2.upright.sram.async2","g":"cube","ax":{"fmt":"565","font":"saira_regular","size":18.0,"ratio":1.0000,"path":"blit/alpha","orient":"upright","mem":"sram","rend":"async2","alpha":255,"halign":0,"corpus":0},"w":{"rows":12,"glyphs":161,"chars":175,"src_px":13512,"dest_px":13512},"m":{"reps":33,"n":15,"min":102944,"med":103081,"max":103223,"mean":103077.6,"sd":70.7},"d":{"ns_iter":3123666,"ns_px":231.18},"q":{"cv":0.07,"spread":0.27,"mhz":360.0,"outliers":0,"flags":[]},"h":"ecacce31"} @@d0a5a3e4@@
@@BENCH-RAW@@ {"i":12,"s":[103021,103001,102944,103013,103223,103102,103121,103041,103036,103081,103033,103142,103125,103162,103119]} @@8ea1f8a0@@
I (26257) bench: [13/71] c565.fast2.upright.sram.async2    3123666 ns/iter  231.18 ns/px  cv 0.07%
@@BENCH-CELL@@ {"t":"cell","i":13,"id":"c565.fast2.rotcw.psram.sync","g":"cube","ax":{"fmt":"565","font":"saira_regular","size":18.0,"ratio":1.0000,"path":"blit/alpha","orient":"rotcw","mem":"psram","rend":"sync","alpha":255,"halign":0,"corpus":0},"w":{"rows":12,"glyphs":161,"chars":175,"src_px":13512,"dest_px":13512},"m":{"reps":26,"n":15,"min":86005,"med":86046,"max":86160,"mean":86045.9,"sd":36.9},"d":{"ns_iter":3309461,"ns_px":244.93},"q":{"cv":0.04,"spread":0.18,"mhz":360.0,"outliers":0,"flags":[]},"h":"70889db9"} @@6dfab691@@
@@BENCH-RAW@@ {"i":13,"s":[86008,86049,86005,86051,86049,86031,86046,86013,86020,86038,86160,86080,86053,86065,86021]} @@17af5c77@@
I (27577) bench: [14/71] c565.fast2.rotcw.psram.sync       3309461 ns/iter  244.93 ns/px  cv 0.04%
@@BENCH-CELL@@ {"t":"cell","i":14,"id":"c565.fast2.rotcw.psram.async2","g":"cube","ax":{"fmt":"565","font":"saira_regular","size":18.0,"ratio":1.0000,"path":"blit/alpha","orient":"rotcw","mem":"psram","rend":"async2","alpha":255,"halign":0,"corpus":0},"w":{"rows":12,"glyphs":161,"chars":175,"src_px":13512,"dest_px":13512},"m":{"reps":27,"n":15,"min":88325,"med":88423,"max":88560,"mean":88425.9,"sd":63.5},"d":{"ns_iter":3274925,"ns_px":242.37},"q":{"cv":0.07,"spread":0.27,"mhz":360.0,"outliers":0,"flags":[]},"h":"70889db9"} @@673e0673@@
@@BENCH-RAW@@ {"i":14,"s":[88395,88342,88456,88446,88508,88430,88423,88560,88387,88361,88458,88378,88410,88325,88509]} @@61686f6e@@
I (28947) bench: [15/71] c565.fast2.rotcw.psram.async2     3274925 ns/iter  242.37 ns/px  cv 0.07%
@@BENCH-CELL@@ {"t":"cell","i":15,"id":"c565.fast2.rotcw.sram.sync","g":"cube","ax":{"fmt":"565","font":"saira_regular","size":18.0,"ratio":1.0000,"path":"blit/alpha","orient":"rotcw","mem":"sram","rend":"sync","alpha":255,"halign":0,"corpus":0},"w":{"rows":12,"glyphs":161,"chars":175,"src_px":13512,"dest_px":13512},"m":{"reps":31,"n":15,"min":102300,"med":102329,"max":102397,"mean":102332.0,"sd":27.8},"d":{"ns_iter":3300935,"ns_px":244.30},"q":{"cv":0.03,"spread":0.09,"mhz":360.0,"outliers":0,"flags":[]},"h":"70889db9"} @@2d1251ba@@
@@BENCH-RAW@@ {"i":15,"s":[102314,102356,102397,102309,102313,102329,102365,102367,102333,102300,102333,102300,102345,102310,102309]} @@7c18fe1f@@
I (30517) bench: [16/71] c565.fast2.rotcw.sram.sync        3300935 ns/iter  244.30 ns/px  cv 0.03%
@@BENCH-CELL@@ {"t":"cell","i":16,"id":"c565.fast2.rotcw.sram.async2","g":"cube","ax":{"fmt":"565","font":"saira_regular","size":18.0,"ratio":1.0000,"path":"blit/alpha","orient":"rotcw","mem":"sram","rend":"async2","alpha":255,"halign":0,"corpus":0},"w":{"rows":12,"glyphs":161,"chars":175,"src_px":13512,"dest_px":13512},"m":{"reps":32,"n":15,"min":103185,"med":103303,"max":103492,"mean":103314.8,"sd":89.0},"d":{"ns_iter":3228218,"ns_px":238.91},"q":{"cv":0.09,"spread":0.30,"mhz":360.0,"outliers":0,"flags":[]},"h":"70889db9"} @@1b252b43@@
@@BENCH-RAW@@ {"i":16,"s":[103268,103185,103360,103463,103396,103350,103369,103492,103303,103212,103205,103245,103250,103283,103341]} @@c6959653@@
I (32097) bench: [17/71] c565.fast2.rotcw.sram.async2      3228218 ns/iter  238.91 ns/px  cv 0.09%
@@BENCH-CELL@@ {"t":"cell","i":17,"id":"c565.shader.upright.psram.sync","g":"cube","ax":{"fmt":"565","font":"saira_regular","size":27.0,"ratio":1.5000,"path":"shader/aa","orient":"upright","mem":"psram","rend":"sync","alpha":255,"halign":0,"corpus":0},"w":{"rows":8,"glyphs":92,"chars":100,"src_px":7701,"dest_px":18002},"m":{"reps":1,"n":12,"min":136945,"med":137149,"max":137426,"mean":137159.4,"sd":132.4},"d":{"ns_iter":137149000,"ns_px":7618.54},"q":{"cv":0.10,"spread":0.35,"mhz":360.0,"outliers":0,"flags":[]},"h":"f8db19ed"} @@4e3a1efb@@
@@BENCH-RAW@@ {"i":17,"s":[137345,137151,137137,137149,136993,137276,137426,137136,137033,136945,137173,137149]} @@4365e3cb@@
I (34317) bench: [18/71] c565.shader.upright.psram.sync   137149000 ns/iter  7618.54 ns/px  cv 0.10%
@@BENCH-CELL@@ {"t":"cell","i":18,"id":"c565.shader.upright.psram.async2","g":"cube","ax":{"fmt":"565","font":"saira_regular","size":27.0,"ratio":1.5000,"path":"shader/aa","orient":"upright","mem":"psram","rend":"async2","alpha":255,"halign":0,"corpus":0},"w":{"rows":8,"glyphs":92,"chars":100,"src_px":7701,"dest_px":18002},"m":{"reps":2,"n":12,"min":137942,"med":138004,"max":138058,"mean":137998.0,"sd":34.7},"d":{"ns_iter":69002000,"ns_px":3833.02},"q":{"cv":0.03,"spread":0.08,"mhz":360.0,"outliers":0,"flags":[]},"h":"f8db19ed"} @@9bb4a175@@
@@BENCH-RAW@@ {"i":18,"s":[138058,138045,137978,137977,137960,137992,138023,138023,138004,138016,137942,137958]} @@869d6127@@
I (36267) bench: [19/71] c565.shader.upright.psram.async2 69002000 ns/iter  3833.02 ns/px  cv 0.03%
@@BENCH-CELL@@ {"t":"cell","i":19,"id":"c565.shader.upright.sram.sync","g":"cube","ax":{"fmt":"565","font":"saira_regular","size":27.0,"ratio":1.5000,"path":"shader/aa","orient":"upright","mem":"sram","rend":"sync","alpha":255,"halign":0,"corpus":0},"w":{"rows":8,"glyphs":92,"chars":100,"src_px":7701,"dest_px":18002},"m":{"reps":1,"n":12,"min":136931,"med":137092,"max":137414,"mean":137146.1,"sd":145.9},"d":{"ns_iter":137092000,"ns_px":7615.38},"q":{"cv":0.11,"spread":0.35,"mhz":360.0,"outliers":0,"flags":[]},"h":"f8db19ed"} @@701af982@@
@@BENCH-RAW@@ {"i":19,"s":[137373,137335,137414,137192,137060,137092,137146,137065,136931,137030,137026,137089]} @@4bb7a5a5@@
I (38487) bench: [20/71] c565.shader.upright.sram.sync    137092000 ns/iter  7615.38 ns/px  cv 0.11%
@@BENCH-CELL@@ {"t":"cell","i":20,"id":"c565.shader.upright.sram.async2","g":"cube","ax":{"fmt":"565","font":"saira_regular","size":27.0,"ratio":1.5000,"path":"shader/aa","orient":"upright","mem":"sram","rend":"async2","alpha":255,"halign":0,"corpus":0},"w":{"rows":8,"glyphs":92,"chars":100,"src_px":7701,"dest_px":18002},"m":{"reps":2,"n":12,"min":138029,"med":138199,"max":138296,"mean":138201.7,"sd":73.5},"d":{"ns_iter":69099500,"ns_px":3838.43},"q":{"cv":0.05,"spread":0.19,"mhz":360.0,"outliers":0,"flags":[]},"h":"f8db19ed"} @@1e99e623@@
@@BENCH-RAW@@ {"i":20,"s":[138029,138173,138143,138296,138268,138265,138199,138190,138133,138241,138285,138198]} @@cb926522@@
I (40437) bench: [21/71] c565.shader.upright.sram.async2  69099500 ns/iter  3838.43 ns/px  cv 0.05%
@@BENCH-CELL@@ {"t":"cell","i":21,"id":"c565.shader.rotcw.psram.sync","g":"cube","ax":{"fmt":"565","font":"saira_regular","size":27.0,"ratio":1.5000,"path":"shader/aa","orient":"rotcw","mem":"psram","rend":"sync","alpha":255,"halign":0,"corpus":0},"w":{"rows":8,"glyphs":92,"chars":100,"src_px":7701,"dest_px":18002},"m":{"reps":1,"n":13,"min":129892,"med":129950,"max":130027,"mean":129946.9,"sd":38.5},"d":{"ns_iter":129950000,"ns_px":7218.64},"q":{"cv":0.03,"spread":0.10,"mhz":360.0,"outliers":0,"flags":[]},"h":"796ae951"} @@9d660969@@
@@BENCH-RAW@@ {"i":21,"s":[129952,129962,129988,129994,130027,129947,129926,129953,129892,129909,129895,129915,129950]} @@e071f6c0@@
I (42677) bench: [22/71] c565.shader.rotcw.psram.sync     129950000 ns/iter  7218.64 ns/px  cv 0.03%
@@BENCH-CELL@@ {"t":"cell","i":22,"id":"c565.shader.rotcw.psram.async2","g":"cube","ax":{"fmt":"565","font":"saira_regular","size":27.0,"ratio":1.5000,"path":"shader/aa","orient":"rotcw","mem":"psram","rend":"async2","alpha":255,"halign":0,"corpus":0},"w":{"rows":8,"glyphs":92,"chars":100,"src_px":7701,"dest_px":18002},"m":{"reps":2,"n":12,"min":136331,"med":136457,"max":136588,"mean":136459.2,"sd":66.5},"d":{"ns_iter":68228500,"ns_px":3790.05},"q":{"cv":0.05,"spread":0.19,"mhz":360.0,"outliers":0,"flags":[]},"h":"796ae951"} @@a31a5667@@
@@BENCH-RAW@@ {"i":22,"s":[136420,136414,136426,136418,136486,136331,136434,136539,136536,136461,136588,136457]} @@481fb6bb@@
I (44607) bench: [23/71] c565.shader.rotcw.psram.async2   68228500 ns/iter  3790.05 ns/px  cv 0.05%
@@BENCH-CELL@@ {"t":"cell","i":23,"id":"c565.shader.rotcw.sram.sync","g":"cube","ax":{"fmt":"565","font":"saira_regular","size":27.0,"ratio":1.5000,"path":"shader/aa","orient":"rotcw","mem":"sram","rend":"sync","alpha":255,"halign":0,"corpus":0},"w":{"rows":8,"glyphs":92,"chars":100,"src_px":7701,"dest_px":18002},"m":{"reps":1,"n":13,"min":129644,"med":129694,"max":129730,"mean":129697.2,"sd":24.3},"d":{"ns_iter":129694000,"ns_px":7204.42},"q":{"cv":0.02,"spread":0.07,"mhz":360.0,"outliers":0,"flags":[]},"h":"796ae951"} @@c297e54a@@
@@BENCH-RAW@@ {"i":23,"s":[129644,129692,129662,129694,129685,129692,129696,129719,129730,129727,129714,129721,129688]} @@760d7940@@
I (46837) bench: [24/71] c565.shader.rotcw.sram.sync      129694000 ns/iter  7204.42 ns/px  cv 0.02%
@@BENCH-CELL@@ {"t":"cell","i":24,"id":"c565.shader.rotcw.sram.async2","g":"cube","ax":{"fmt":"565","font":"saira_regular","size":27.0,"ratio":1.5000,"path":"shader/aa","orient":"rotcw","mem":"sram","rend":"async2","alpha":255,"halign":0,"corpus":0},"w":{"rows":8,"glyphs":92,"chars":100,"src_px":7701,"dest_px":18002},"m":{"reps":2,"n":12,"min":135756,"med":135812,"max":135943,"mean":135822.3,"sd":54.3},"d":{"ns_iter":67906000,"ns_px":3772.14},"q":{"cv":0.04,"spread":0.14,"mhz":360.0,"outliers":0,"flags":[]},"h":"796ae951"} @@2883ebf4@@
@@BENCH-RAW@@ {"i":24,"s":[135756,135796,135777,135811,135842,135818,135812,135943,135920,135816,135765,135812]} @@afc32210@@
I (48757) bench: [25/71] c565.shader.rotcw.sram.async2    67906000 ns/iter  3772.14 ns/px  cv 0.04%
@@BENCH-CELL@@ {"t":"cell","i":25,"id":"c888.fast1.upright.psram.sync","g":"cube","ax":{"fmt":"888","font":"sky","size":9.0,"ratio":1.0000,"path":"blit/direct","orient":"upright","mem":"psram","rend":"sync","alpha":255,"halign":0,"corpus":0},"w":{"rows":23,"glyphs":373,"chars":397,"src_px":10135,"dest_px":10135},"m":{"reps":40,"n":15,"min":84257,"med":84419,"max":84567,"mean":84424.7,"sd":85.6},"d":{"ns_iter":2110475,"ns_px":208.24},"q":{"cv":0.10,"spread":0.37,"mhz":360.0,"outliers":0,"flags":[]},"h":"601bd481"} @@9a5fe1f0@@
@@BENCH-RAW@@ {"i":25,"s":[84325,84293,84566,84416,84417,84411,84567,84520,84424,84487,84440,84398,84419,84431,84257]} @@275e75ab@@
I (50057) bench: [26/71] c888.fast1.upright.psram.sync     2110475 ns/iter  208.24 ns/px  cv 0.10%
@@BENCH-CELL@@ {"t":"cell","i":26,"id":"c888.fast1.upright.psram.async2","g":"cube","ax":{"fmt":"888","font":"sky","size":9.0,"ratio":1.0000,"path":"blit/direct","orient":"upright","mem":"psram","rend":"async2","alpha":255,"halign":0,"corpus":0},"w":{"rows":23,"glyphs":373,"chars":397,"src_px":10135,"dest_px":10135},"m":{"reps":27,"n":15,"min":100726,"med":100940,"max":101230,"mean":100938.1,"sd":142.2},"d":{"ns_iter":3738518,"ns_px":368.87},"q":{"cv":0.14,"spread":0.50,"mhz":360.0,"outliers":0,"flags":[]},"h":"601bd481"} @@a23ff70d@@
@@BENCH-RAW@@ {"i":26,"s":[100726,100735,100748,100783,101230,100942,100928,100904,101013,101122,101060,100921,101063,100957,100940]} @@d8a479ac@@
I (51617) bench: [27/71] c888.fast1.upright.psram.async2   3738518 ns/iter  368.87 ns/px  cv 0.14%
@@BENCH-CELL@@ {"t":"cell","i":27,"id":"c888.fast1.upright.sram.sync","g":"cube","ax":{"fmt":"888","font":"sky","size":9.0,"ratio":1.0000,"path":"blit/direct","orient":"upright","mem":"sram","rend":"sync","alpha":255,"halign":0,"corpus":0},"w":{"rows":23,"glyphs":373,"chars":397,"src_px":10135,"dest_px":10135},"m":{"reps":48,"n":15,"min":100763,"med":101007,"max":101181,"mean":100990.1,"sd":115.2},"d":{"ns_iter":2104312,"ns_px":207.63},"q":{"cv":0.11,"spread":0.41,"mhz":360.0,"outliers":0,"flags":[]},"h":"601bd481"} @@0cb8d047@@
@@BENCH-RAW@@ {"i":27,"s":[101181,101007,100979,100763,100790,100946,101070,101113,101106,101061,101034,101064,100938,100866,100933]} @@9bf85d45@@
I (53167) bench: [28/71] c888.fast1.upright.sram.sync      2104312 ns/iter  207.63 ns/px  cv 0.11%
@@BENCH-CELL@@ {"t":"cell","i":28,"id":"c888.fast1.upright.sram.async2","g":"cube","ax":{"fmt":"888","font":"sky","size":9.0,"ratio":1.0000,"path":"blit/direct","orient":"upright","mem":"sram","rend":"async2","alpha":255,"halign":0,"corpus":0},"w":{"rows":23,"glyphs":373,"chars":397,"src_px":10135,"dest_px":10135},"m":{"reps":30,"n":15,"min":111753,"med":111980,"max":112150,"mean":111968.3,"sd":112.3},"d":{"ns_iter":3732666,"ns_px":368.29},"q":{"cv":0.10,"spread":0.35,"mhz":360.0,"outliers":0,"flags":[]},"h":"601bd481"} @@c5cb8b91@@
@@BENCH-RAW@@ {"i":28,"s":[112109,112150,112095,112031,111782,111956,112049,111936,112024,112010,111890,111980,111860,111900,111753]} @@998adbc6@@
I (54877) bench: [29/71] c888.fast1.upright.sram.async2    3732666 ns/iter  368.29 ns/px  cv 0.10%
@@BENCH-CELL@@ {"t":"cell","i":29,"id":"c888.fast1.rotcw.psram.sync","g":"cube","ax":{"fmt":"888","font":"sky","size":9.0,"ratio":1.0000,"path":"blit/direct","orient":"rotcw","mem":"psram","rend":"sync","alpha":255,"halign":0,"corpus":0},"w":{"rows":23,"glyphs":373,"chars":397,"src_px":10135,"dest_px":10135},"m":{"reps":35,"n":15,"min":83336,"med":83519,"max":83651,"mean":83483.9,"sd":95.3},"d":{"ns_iter":2386257,"ns_px":235.45},"q":{"cv":0.11,"spread":0.38,"mhz":360.0,"outliers":0,"flags":[]},"h":"333c04c9"} @@5f6c187f@@
@@BENCH-RAW@@ {"i":29,"s":[83355,83336,83372,83456,83386,83519,83555,83434,83615,83533,83651,83414,83527,83587,83519]} @@77b9027e@@
I (56167) bench: [30/71] c888.fast1.rotcw.psram.sync       2386257 ns/iter  235.45 ns/px  cv 0.11%
@@BENCH-CELL@@ {"t":"cell","i":30,"id":"c888.fast1.rotcw.psram.async2","g":"cube","ax":{"fmt":"888","font":"sky","size":9.0,"ratio":1.0000,"path":"blit/direct","orient":"rotcw","mem":"psram","rend":"async2","alpha":255,"halign":0,"corpus":0},"w":{"rows":23,"glyphs":373,"chars":397,"src_px":10135,"dest_px":10135},"m":{"reps":25,"n":15,"min":101090,"med":101320,"max":101669,"mean":101324.0,"sd":153.4},"d":{"ns_iter":4052800,"ns_px":399.88},"q":{"cv":0.15,"spread":0.57,"mhz":360.0,"outliers":0,"flags":[]},"h":"333c04c9"} @@b653450e@@
@@BENCH-RAW@@ {"i":30,"s":[101532,101335,101090,101167,101669,101320,101434,101461,101135,101159,101315,101370,101260,101234,101379]} @@6f6b9fa4@@
I (57737) bench: [31/71] c888.fast1.rotcw.psram.async2     4052800 ns/iter  399.88 ns/px  cv 0.15%
@@BENCH-CELL@@ {"t":"cell","i":31,"id":"c888.fast1.rotcw.sram.sync","g":"cube","ax":{"fmt":"888","font":"sky","size":9.0,"ratio":1.0000,"path":"blit/direct","orient":"rotcw","mem":"sram","rend":"sync","alpha":255,"halign":0,"corpus":0},"w":{"rows":23,"glyphs":373,"chars":397,"src_px":10135,"dest_px":10135},"m":{"reps":48,"n":15,"min":101960,"med":102189,"max":102310,"mean":102167.1,"sd":105.3},"d":{"ns_iter":2128937,"ns_px":210.06},"q":{"cv":0.10,"spread":0.34,"mhz":360.0,"outliers":0,"flags":[]},"h":"333c04c9"} @@06b7bdda@@
@@BENCH-RAW@@ {"i":31,"s":[102071,102243,102189,102246,102310,102295,102094,102233,102307,102221,101960,102025,102125,102106,102082]} @@141a91ff@@
I (59297) bench: [32/71] c888.fast1.rotcw.sram.sync        2128937 ns/iter  210.06 ns/px  cv 0.10%
@@BENCH-CELL@@ {"t":"cell","i":32,"id":"c888.fast1.rotcw.sram.async2","g":"cube","ax":{"fmt":"888","font":"sky","size":9.0,"ratio":1.0000,"path":"blit/direct","orient":"rotcw","mem":"sram","rend":"async2","alpha":255,"halign":0,"corpus":0},"w":{"rows":23,"glyphs":373,"chars":397,"src_px":10135,"dest_px":10135},"m":{"reps":29,"n":15,"min":110326,"med":110475,"max":110517,"mean":110456.0,"sd":51.4},"d":{"ns_iter":3809482,"ns_px":375.87},"q":{"cv":0.05,"spread":0.17,"mhz":360.0,"outliers":0,"flags":[]},"h":"333c04c9"} @@bcb8ac18@@
@@BENCH-RAW@@ {"i":32,"s":[110495,110458,110480,110511,110396,110408,110497,110475,110480,110517,110441,110326,110455,110400,110501]} @@7b921abd@@
I (60987) bench: [33/71] c888.fast1.rotcw.sram.async2      3809482 ns/iter  375.87 ns/px  cv 0.05%
@@BENCH-CELL@@ {"t":"cell","i":33,"id":"c888.fast2.upright.psram.sync","g":"cube","ax":{"fmt":"888","font":"saira_regular","size":18.0,"ratio":1.0000,"path":"blit/alpha","orient":"upright","mem":"psram","rend":"sync","alpha":255,"halign":0,"corpus":0},"w":{"rows":12,"glyphs":161,"chars":175,"src_px":13512,"dest_px":13512},"m":{"reps":28,"n":15,"min":89861,"med":89880,"max":89921,"mean":89883.1,"sd":16.3},"d":{"ns_iter":3210000,"ns_px":237.57},"q":{"cv":0.02,"spread":0.07,"mhz":360.0,"outliers":0,"flags":[]},"h":"34ac5a26"} @@f5d1d92f@@
@@BENCH-RAW@@ {"i":33,"s":[89899,89880,89891,89902,89875,89862,89863,89921,89873,89870,89889,89891,89861,89891,89878]} @@e0bcf83f@@
I (62377) bench: [34/71] c888.fast2.upright.psram.sync     3210000 ns/iter  237.57 ns/px  cv 0.02%
@@BENCH-CELL@@ {"t":"cell","i":34,"id":"c888.fast2.upright.psram.async2","g":"cube","ax":{"fmt":"888","font":"saira_regular","size":18.0,"ratio":1.0000,"path":"blit/alpha","orient":"upright","mem":"psram","rend":"async2","alpha":255,"halign":0,"corpus":0},"w":{"rows":12,"glyphs":161,"chars":175,"src_px":13512,"dest_px":13512},"m":{"reps":29,"n":15,"min":89840,"med":89951,"max":90093,"mean":89949.7,"sd":53.1},"d":{"ns_iter":3101758,"ns_px":229.56},"q":{"cv":0.06,"spread":0.28,"mhz":360.0,"outliers":0,"flags":[]},"h":"34ac5a26"} @@9b57967f@@
@@BENCH-RAW@@ {"i":34,"s":[89959,89840,89921,90093,89940,89960,89929,89954,89879,89942,89935,89980,89951,89986,89976]} @@bc63220f@@
I (63767) bench: [35/71] c888.fast2.upright.psram.async2   3101758 ns/iter  229.56 ns/px  cv 0.06%
@@BENCH-CELL@@ {"t":"cell","i":35,"id":"c888.fast2.upright.sram.sync","g":"cube","ax":{"fmt":"888","font":"saira_regular","size":18.0,"ratio":1.0000,"path":"blit/alpha","orient":"upright","mem":"sram","rend":"sync","alpha":255,"halign":0,"corpus":0},"w":{"rows":12,"glyphs":161,"chars":175,"src_px":13512,"dest_px":13512},"m":{"reps":32,"n":15,"min":102552,"med":102638,"max":102699,"mean":102640.3,"sd":34.0},"d":{"ns_iter":3207437,"ns_px":237.38},"q":{"cv":0.03,"spread":0.14,"mhz":360.0,"outliers":0,"flags":[]},"h":"34ac5a26"} @@28d21285@@
@@BENCH-RAW@@ {"i":35,"s":[102648,102638,102602,102552,102622,102638,102661,102629,102660,102659,102635,102620,102652,102699,102689]} @@3f62c65f@@
I (65347) bench: [36/71] c888.fast2.upright.sram.sync      3207437 ns/iter  237.38 ns/px  cv 0.03%
@@BENCH-CELL@@ {"t":"cell","i":36,"id":"c888.fast2.upright.sram.async2","g":"cube","ax":{"fmt":"888","font":"saira_regular","size":18.0,"ratio":1.0000,"path":"blit/alpha","orient":"upright","mem":"sram","rend":"async2","alpha":255,"halign":0,"corpus":0},"w":{"rows":12,"glyphs":161,"chars":175,"src_px":13512,"dest_px":13512},"m":{"reps":33,"n":15,"min":102086,"med":102273,"max":102389,"mean":102264.5,"sd":65.7},"d":{"ns_iter":3099181,"ns_px":229.37},"q":{"cv":0.06,"spread":0.30,"mhz":360.0,"outliers":0,"flags":[]},"h":"34ac5a26"} @@8f595bef@@
@@BENCH-RAW@@ {"i":36,"s":[102277,102086,102215,102273,102313,102195,102310,102229,102269,102260,102295,102389,102319,102261,102277]} @@e5ffdf9a@@
I (66917) bench: [37/71] c888.fast2.upright.sram.async2    3099181 ns/iter  229.37 ns/px  cv 0.06%
@@BENCH-CELL@@ {"t":"cell","i":37,"id":"c888.fast2.rotcw.psram.sync","g":"cube","ax":{"fmt":"888","font":"saira_regular","size":18.0,"ratio":1.0000,"path":"blit/alpha","orient":"rotcw","mem":"psram","rend":"sync","alpha":255,"halign":0,"corpus":0},"w":{"rows":12,"glyphs":161,"chars":175,"src_px":13512,"dest_px":13512},"m":{"reps":26,"n":15,"min":87730,"med":87774,"max":87943,"mean":87790.7,"sd":56.1},"d":{"ns_iter":3375923,"ns_px":249.85},"q":{"cv":0.06,"spread":0.24,"mhz":360.0,"outliers":0,"flags":[]},"h":"de65743c"} @@26dc2abd@@
@@BENCH-RAW@@ {"i":37,"s":[87749,87795,87781,87799,87730,87766,87859,87740,87741,87943,87774,87839,87757,87747,87840]} @@d29820b5@@
I (68277) bench: [38/71] c888.fast2.rotcw.psram.sync       3375923 ns/iter  249.85 ns/px  cv 0.06%
@@BENCH-CELL@@ {"t":"cell","i":38,"id":"c888.fast2.rotcw.psram.async2","g":"cube","ax":{"fmt":"888","font":"saira_regular","size":18.0,"ratio":1.0000,"path":"blit/alpha","orient":"rotcw","mem":"psram","rend":"async2","alpha":255,"halign":0,"corpus":0},"w":{"rows":12,"glyphs":161,"chars":175,"src_px":13512,"dest_px":13512},"m":{"reps":26,"n":15,"min":88039,"med":88275,"max":88509,"mean":88256.9,"sd":113.4},"d":{"ns_iter":3395192,"ns_px":251.27},"q":{"cv":0.13,"spread":0.53,"mhz":360.0,"outliers":0,"flags":[]},"h":"de65743c"} @@4f9d7c47@@
@@BENCH-RAW@@ {"i":38,"s":[88039,88178,88257,88161,88372,88509,88169,88316,88338,88282,88168,88135,88299,88356,88275]} @@049fb257@@
I (69637) bench: [39/71] c888.fast2.rotcw.psram.async2     3395192 ns/iter  251.27 ns/px  cv 0.13%
@@BENCH-CELL@@ {"t":"cell","i":39,"id":"c888.fast2.rotcw.sram.sync","g":"cube","ax":{"fmt":"888","font":"saira_regular","size":18.0,"ratio":1.0000,"path":"blit/alpha","orient":"rotcw","mem":"sram","rend":"sync","alpha":255,"halign":0,"corpus":0},"w":{"rows":12,"glyphs":161,"chars":175,"src_px":13512,"dest_px":13512},"m":{"reps":32,"n":15,"min":103330,"med":103385,"max":103523,"mean":103419.6,"sd":73.0},"d":{"ns_iter":3230781,"ns_px":239.10},"q":{"cv":0.07,"spread":0.19,"mhz":360.0,"outliers":0,"flags":[]},"h":"de65743c"} @@1e2790ce@@
@@BENCH-RAW@@ {"i":39,"s":[103470,103494,103330,103349,103385,103338,103355,103351,103361,103355,103489,103513,103503,103523,103478]} @@72987381@@
I (71227) bench: [40/71] c888.fast2.rotcw.sram.sync        3230781 ns/iter  239.10 ns/px  cv 0.07%
@@BENCH-CELL@@ {"t":"cell","i":40,"id":"c888.fast2.rotcw.sram.async2","g":"cube","ax":{"fmt":"888","font":"saira_regular","size":18.0,"ratio":1.0000,"path":"blit/alpha","orient":"rotcw","mem":"sram","rend":"async2","alpha":255,"halign":0,"corpus":0},"w":{"rows":12,"glyphs":161,"chars":175,"src_px":13512,"dest_px":13512},"m":{"reps":33,"n":15,"min":105740,"med":105929,"max":106030,"mean":105929.1,"sd":80.7},"d":{"ns_iter":3209969,"ns_px":237.56},"q":{"cv":0.08,"spread":0.27,"mhz":360.0,"outliers":0,"flags":[]},"h":"de65743c"} @@07bcdbf9@@
@@BENCH-RAW@@ {"i":40,"s":[105740,106017,105926,105828,105857,105988,105929,105912,105995,105869,105985,106030,106017,105976,105867]} @@25e44019@@
I (72847) bench: [41/71] c888.fast2.rotcw.sram.async2      3209969 ns/iter  237.56 ns/px  cv 0.08%
@@BENCH-CELL@@ {"t":"cell","i":41,"id":"c888.shader.upright.psram.sync","g":"cube","ax":{"fmt":"888","font":"saira_regular","size":27.0,"ratio":1.5000,"path":"shader/aa","orient":"upright","mem":"psram","rend":"sync","alpha":255,"halign":0,"corpus":0},"w":{"rows":8,"glyphs":92,"chars":100,"src_px":7701,"dest_px":18002},"m":{"reps":1,"n":12,"min":134399,"med":134545,"max":134724,"mean":134540.5,"sd":101.9},"d":{"ns_iter":134545000,"ns_px":7473.89},"q":{"cv":0.08,"spread":0.24,"mhz":360.0,"outliers":0,"flags":[]},"h":"839de335"} @@66169959@@
@@BENCH-RAW@@ {"i":41,"s":[134594,134636,134614,134408,134724,134534,134647,134545,134517,134409,134399,134459]} @@bb0cc37e@@
I (75037) bench: [42/71] c888.shader.upright.psram.sync   134545000 ns/iter  7473.89 ns/px  cv 0.08%
@@BENCH-CELL@@ {"t":"cell","i":42,"id":"c888.shader.upright.psram.async2","g":"cube","ax":{"fmt":"888","font":"saira_regular","size":27.0,"ratio":1.5000,"path":"shader/aa","orient":"upright","mem":"psram","rend":"async2","alpha":255,"halign":0,"corpus":0},"w":{"rows":8,"glyphs":92,"chars":100,"src_px":7701,"dest_px":18002},"m":{"reps":2,"n":12,"min":137387,"med":137524,"max":137764,"mean":137558.7,"sd":119.0},"d":{"ns_iter":68762000,"ns_px":3819.69},"q":{"cv":0.09,"spread":0.27,"mhz":360.0,"outliers":0,"flags":[]},"h":"839de335"} @@0adef74e@@
@@BENCH-RAW@@ {"i":42,"s":[137387,137628,137758,137764,137650,137629,137495,137471,137431,137480,137524,137487]} @@2b90bfe0@@
I (76987) bench: [43/71] c888.shader.upright.psram.async2 68762000 ns/iter  3819.69 ns/px  cv 0.09%
@@BENCH-CELL@@ {"t":"cell","i":43,"id":"c888.shader.upright.sram.sync","g":"cube","ax":{"fmt":"888","font":"saira_regular","size":27.0,"ratio":1.5000,"path":"shader/aa","orient":"upright","mem":"sram","rend":"sync","alpha":255,"halign":0,"corpus":0},"w":{"rows":8,"glyphs":92,"chars":100,"src_px":7701,"dest_px":18002},"m":{"reps":1,"n":12,"min":134460,"med":134675,"max":134782,"mean":134631.8,"sd":107.3},"d":{"ns_iter":134675000,"ns_px":7481.11},"q":{"cv":0.08,"spread":0.24,"mhz":360.0,"outliers":0,"flags":[]},"h":"839de335"} @@7d409d73@@
@@BENCH-RAW@@ {"i":43,"s":[134552,134485,134460,134496,134611,134675,134754,134782,134645,134680,134675,134766]} @@53e2a07d@@
I (79167) bench: [44/71] c888.shader.upright.sram.sync    134675000 ns/iter  7481.11 ns/px  cv 0.08%
@@BENCH-CELL@@ {"t":"cell","i":44,"id":"c888.shader.upright.sram.async2","g":"cube","ax":{"fmt":"888","font":"saira_regular","size":27.0,"ratio":1.5000,"path":"shader/aa","orient":"upright","mem":"sram","rend":"async2","alpha":255,"halign":0,"corpus":0},"w":{"rows":8,"glyphs":92,"chars":100,"src_px":7701,"dest_px":18002},"m":{"reps":2,"n":12,"min":137212,"med":137245,"max":137474,"mean":137271.8,"sd":71.9},"d":{"ns_iter":68622500,"ns_px":3811.94},"q":{"cv":0.05,"spread":0.19,"mhz":360.0,"outliers":0,"flags":[]},"h":"839de335"} @@e66f1ef1@@
@@BENCH-RAW@@ {"i":44,"s":[137245,137474,137316,137349,137230,137212,137225,137233,137229,137238,137253,137258]} @@cc485428@@
I (81107) bench: [45/71] c888.shader.upright.sram.async2  68622500 ns/iter  3811.94 ns/px  cv 0.05%
@@BENCH-CELL@@ {"t":"cell","i":45,"id":"c888.shader.rotcw.psram.sync","g":"cube","ax":{"fmt":"888","font":"saira_regular","size":27.0,"ratio":1.5000,"path":"shader/aa","orient":"rotcw","mem":"psram","rend":"sync","alpha":255,"halign":0,"corpus":0},"w":{"rows":8,"glyphs":92,"chars":100,"src_px":7701,"dest_px":18002},"m":{"reps":1,"n":13,"min":129231,"med":129297,"max":129391,"mean":129308.3,"sd":42.8},"d":{"ns_iter":129297000,"ns_px":7182.37},"q":{"cv":0.03,"spread":0.12,"mhz":360.0,"outliers":0,"flags":[]},"h":"dd1828a1"} @@8bbcfcba@@
@@BENCH-RAW@@ {"i":45,"s":[129348,129297,129231,129284,129391,129355,129289,129290,129316,129280,129258,129311,129358]} @@71110cb5@@
I (83337) bench: [46/71] c888.shader.rotcw.psram.sync     129297000 ns/iter  7182.37 ns/px  cv 0.03%
@@BENCH-CELL@@ {"t":"cell","i":46,"id":"c888.shader.rotcw.psram.async2","g":"cube","ax":{"fmt":"888","font":"saira_regular","size":27.0,"ratio":1.5000,"path":"shader/aa","orient":"rotcw","mem":"psram","rend":"async2","alpha":255,"halign":0,"corpus":0},"w":{"rows":8,"glyphs":92,"chars":100,"src_px":7701,"dest_px":18002},"m":{"reps":2,"n":12,"min":136004,"med":136139,"max":136290,"mean":136136.2,"sd":88.5},"d":{"ns_iter":68069500,"ns_px":3781.22},"q":{"cv":0.07,"spread":0.21,"mhz":360.0,"outliers":0,"flags":[]},"h":"dd1828a1"} @@9ba2ee84@@
@@BENCH-RAW@@ {"i":46,"s":[136247,136233,136139,136205,136154,136290,136115,136004,136017,136102,136069,136060]} @@46119351@@
I (85277) bench: [47/71] c888.shader.rotcw.psram.async2   68069500 ns/iter  3781.22 ns/px  cv 0.07%
@@BENCH-CELL@@ {"t":"cell","i":47,"id":"c888.shader.rotcw.sram.sync","g":"cube","ax":{"fmt":"888","font":"saira_regular","size":27.0,"ratio":1.5000,"path":"shader/aa","orient":"rotcw","mem":"sram","rend":"sync","alpha":255,"halign":0,"corpus":0},"w":{"rows":8,"glyphs":92,"chars":100,"src_px":7701,"dest_px":18002},"m":{"reps":1,"n":13,"min":128792,"med":128821,"max":128848,"mean":128824.9,"sd":14.1},"d":{"ns_iter":128821000,"ns_px":7155.93},"q":{"cv":0.01,"spread":0.04,"mhz":360.0,"outliers":0,"flags":[]},"h":"dd1828a1"} @@6f345b15@@
@@BENCH-RAW@@ {"i":47,"s":[128839,128816,128828,128821,128818,128818,128848,128819,128832,128834,128816,128792,128843]} @@14072eca@@
I (87487) bench: [48/71] c888.shader.rotcw.sram.sync      128821000 ns/iter  7155.93 ns/px  cv 0.01%
@@BENCH-CELL@@ {"t":"cell","i":48,"id":"c888.shader.rotcw.sram.async2","g":"cube","ax":{"fmt":"888","font":"saira_regular","size":27.0,"ratio":1.5000,"path":"shader/aa","orient":"rotcw","mem":"sram","rend":"async2","alpha":255,"halign":0,"corpus":0},"w":{"rows":8,"glyphs":92,"chars":100,"src_px":7701,"dest_px":18002},"m":{"reps":2,"n":12,"min":135106,"med":135152,"max":135213,"mean":135154.1,"sd":23.5},"d":{"ns_iter":67576000,"ns_px":3753.81},"q":{"cv":0.02,"spread":0.08,"mhz":360.0,"outliers":0,"flags":[]},"h":"dd1828a1"} @@79ba440a@@
@@BENCH-RAW@@ {"i":48,"s":[135152,135106,135130,135166,135151,135213,135155,135161,135152,135150,135161,135152]} @@d7a700ae@@
I (89397) bench: [49/71] c888.shader.rotcw.sram.async2    67576000 ns/iter  3753.81 ns/px  cv 0.02%
@@BENCH-CELL@@ {"t":"cell","i":49,"id":"orient.rotccw","g":"orient","ax":{"fmt":"888","font":"saira_regular","size":18.0,"ratio":1.0000,"path":"blit/alpha","orient":"rotccw","mem":"psram","rend":"async2","alpha":255,"halign":0,"corpus":0},"w":{"rows":12,"glyphs":161,"chars":175,"src_px":13512,"dest_px":13512},"m":{"reps":26,"n":15,"min":88067,"med":88237,"max":88355,"mean":88230.2,"sd":74.5},"d":{"ns_iter":3393730,"ns_px":251.16},"q":{"cv":0.08,"spread":0.33,"mhz":360.0,"outliers":0,"flags":[]},"h":"e16cec42"} @@700d415b@@
@@BENCH-RAW@@ {"i":49,"s":[88171,88295,88324,88099,88225,88210,88296,88237,88215,88246,88237,88355,88067,88208,88268]} @@3eb1cf04@@
I (90767) bench: [50/71] orient.rotccw                     3393730 ns/iter  251.16 ns/px  cv 0.08%
@@BENCH-CELL@@ {"t":"cell","i":50,"id":"orient.rothalf","g":"orient","ax":{"fmt":"888","font":"saira_regular","size":18.0,"ratio":1.0000,"path":"blit/alpha","orient":"rothalf","mem":"psram","rend":"async2","alpha":255,"halign":0,"corpus":0},"w":{"rows":12,"glyphs":161,"chars":175,"src_px":13512,"dest_px":13512},"m":{"reps":28,"n":15,"min":89471,"med":89646,"max":89775,"mean":89644.9,"sd":66.7},"d":{"ns_iter":3201642,"ns_px":236.95},"q":{"cv":0.07,"spread":0.34,"mhz":360.0,"outliers":0,"flags":[]},"h":"a6066584"} @@0c7dc594@@
@@BENCH-RAW@@ {"i":50,"s":[89656,89624,89680,89693,89626,89695,89704,89775,89622,89560,89630,89646,89670,89471,89621]} @@5d3802f1@@
I (92157) bench: [51/71] orient.rothalf                    3201642 ns/iter  236.95 ns/px  cv 0.07%
@@BENCH-CELL@@ {"t":"cell","i":51,"id":"orient.fliph","g":"orient","ax":{"fmt":"888","font":"saira_regular","size":18.0,"ratio":1.0000,"path":"blit/alpha","orient":"fliph","mem":"psram","rend":"async2","alpha":255,"halign":0,"corpus":0},"w":{"rows":12,"glyphs":161,"chars":175,"src_px":13512,"dest_px":13512},"m":{"reps":29,"n":15,"min":89643,"med":89720,"max":89903,"mean":89752.1,"sd":69.4},"d":{"ns_iter":3093793,"ns_px":228.97},"q":{"cv":0.08,"spread":0.29,"mhz":360.0,"outliers":0,"flags":[]},"h":"abc61a88"} @@a3a3fb7f@@
@@BENCH-RAW@@ {"i":51,"s":[89828,89719,89903,89843,89802,89821,89720,89727,89768,89692,89689,89705,89719,89643,89703]} @@c3847702@@
I (93547) bench: [52/71] orient.fliph                      3093793 ns/iter  228.97 ns/px  cv 0.08%
@@BENCH-CELL@@ {"t":"cell","i":52,"id":"orient.rotccwfliph","g":"orient","ax":{"fmt":"888","font":"saira_regular","size":18.0,"ratio":1.0000,"path":"blit/alpha","orient":"rotccwfliph","mem":"psram","rend":"async2","alpha":255,"halign":0,"corpus":0},"w":{"rows":12,"glyphs":161,"chars":175,"src_px":13512,"dest_px":13512},"m":{"reps":27,"n":15,"min":91080,"med":91280,"max":91518,"mean":91275.6,"sd":103.2},"d":{"ns_iter":3380740,"ns_px":250.20},"q":{"cv":0.11,"spread":0.48,"mhz":360.0,"outliers":0,"flags":[]},"h":"5262d8d8"} @@d45f3cd4@@
@@BENCH-RAW@@ {"i":52,"s":[91288,91348,91350,91193,91080,91155,91279,91301,91183,91518,91393,91300,91280,91273,91193]} @@6fd77cfe@@
I (94957) bench: [53/71] orient.rotccwfliph                3380740 ns/iter  250.20 ns/px  cv 0.11%
@@BENCH-CELL@@ {"t":"cell","i":53,"id":"orient.rothalffliph","g":"orient","ax":{"fmt":"888","font":"saira_regular","size":18.0,"ratio":1.0000,"path":"blit/alpha","orient":"rothalffliph","mem":"psram","rend":"async2","alpha":255,"halign":0,"corpus":0},"w":{"rows":12,"glyphs":161,"chars":175,"src_px":13512,"dest_px":13512},"m":{"reps":28,"n":15,"min":89875,"med":89985,"max":90102,"mean":89998.6,"sd":76.5},"d":{"ns_iter":3213750,"ns_px":237.84},"q":{"cv":0.09,"spread":0.25,"mhz":360.0,"outliers":0,"flags":[]},"h":"418c2762"} @@42dad1da@@
@@BENCH-RAW@@ {"i":53,"s":[89905,89875,90087,90042,90102,90077,89985,89925,89973,90089,90059,89877,89981,89956,90046]} @@319d882a@@
I (96347) bench: [54/71] orient.rothalffliph               3213750 ns/iter  237.84 ns/px  cv 0.09%
@@BENCH-CELL@@ {"t":"cell","i":54,"id":"orient.rotcwfliph","g":"orient","ax":{"fmt":"888","font":"saira_regular","size":18.0,"ratio":1.0000,"path":"blit/alpha","orient":"rotcwfliph","mem":"psram","rend":"async2","alpha":255,"halign":0,"corpus":0},"w":{"rows":12,"glyphs":161,"chars":175,"src_px":13512,"dest_px":13512},"m":{"reps":27,"n":15,"min":91169,"med":91401,"max":91651,"mean":91401.1,"sd":99.8},"d":{"ns_iter":3385222,"ns_px":250.53},"q":{"cv":0.11,"spread":0.53,"mhz":360.0,"outliers":0,"flags":[]},"h":"0e714186"} @@3b232975@@
@@BENCH-RAW@@ {"i":54,"s":[91651,91420,91469,91448,91352,91373,91344,91169,91381,91340,91401,91496,91434,91408,91330]} @@2b7ef31d@@
I (97757) bench: [55/71] orient.rotcwfliph                 3385222 ns/iter  250.53 ns/px  cv 0.11%
@@BENCH-CELL@@ {"t":"cell","i":55,"id":"font.sky@18","g":"font","ax":{"fmt":"888","font":"sky","size":18.0,"ratio":2.0000,"path":"blit/direct","orient":"rotcw","mem":"psram","rend":"async2","alpha":255,"halign":0,"corpus":0},"w":{"rows":12,"glyphs":148,"chars":162,"src_px":4014,"dest_px":16056},"m":{"reps":32,"n":15,"min":85334,"med":85551,"max":85852,"mean":85532.3,"sd":129.0},"d":{"ns_iter":2673468,"ns_px":166.51},"q":{"cv":0.15,"spread":0.61,"mhz":360.0,"outliers":0,"flags":[]},"h":"a32b1e1d"} @@81b0cf89@@
@@BENCH-RAW@@ {"i":55,"s":[85560,85628,85551,85455,85556,85414,85642,85852,85619,85473,85633,85433,85480,85334,85355]} @@0bcf39ab@@
I (99077) bench: [56/71] font.sky@18                       2673468 ns/iter  166.51 ns/px  cv 0.15%
@@BENCH-CELL@@ {"t":"cell","i":56,"id":"font.sky@27","g":"font","ax":{"fmt":"888","font":"sky","size":27.0,"ratio":3.0000,"path":"blit/direct","orient":"rotcw","mem":"psram","rend":"async2","alpha":255,"halign":0,"corpus":0},"w":{"rows":8,"glyphs":80,"chars":85,"src_px":2161,"dest_px":19449},"m":{"reps":36,"n":15,"min":81112,"med":81281,"max":81383,"mean":81259.9,"sd":89.2},"d":{"ns_iter":2257805,"ns_px":116.09},"q":{"cv":0.11,"spread":0.33,"mhz":360.0,"outliers":0,"flags":[]},"h":"4bc0b3f9"} @@c5f476ee@@
@@BENCH-RAW@@ {"i":56,"s":[81315,81337,81174,81383,81281,81303,81117,81173,81375,81333,81240,81112,81355,81183,81218]} @@69a6d96d@@
I (100337) bench: [57/71] font.sky@27                       2257805 ns/iter  116.09 ns/px  cv 0.11%
@@BENCH-CELL@@ {"t":"cell","i":57,"id":"font.skymono@9","g":"font","ax":{"fmt":"888","font":"sky_mono","size":9.0,"ratio":1.0000,"path":"blit/direct","orient":"rotcw","mem":"psram","rend":"async2","alpha":255,"halign":0,"corpus":0},"w":{"rows":23,"glyphs":373,"chars":397,"src_px":23499,"dest_px":23499},"m":{"reps":22,"n":15,"min":99953,"med":100071,"max":100187,"mean":100060.3,"sd":74.0},"d":{"ns_iter":4548681,"ns_px":193.57},"q":{"cv":0.07,"spread":0.23,"mhz":360.0,"outliers":0,"flags":[]},"h":"6335b160"} @@9f57e745@@
@@BENCH-RAW@@ {"i":57,"s":[100050,99974,99953,99992,99967,99994,100147,100187,100160,100141,100080,100103,100076,100071,100009]} @@76622e08@@
I (101887) bench: [58/71] font.skymono@9                    4548681 ns/iter  193.57 ns/px  cv 0.07%
@@BENCH-CELL@@ {"t":"cell","i":58,"id":"font.sky@13","g":"font","ax":{"fmt":"888","font":"sky","size":13.0,"ratio":1.4444,"path":"shader/pal","orient":"rotcw","mem":"psram","rend":"async2","alpha":255,"halign":0,"corpus":0},"w":{"rows":17,"glyphs":239,"chars":255,"src_px":6321,"dest_px":12530},"m":{"reps":2,"n":15,"min":112091,"med":112123,"max":112199,"mean":112125.6,"sd":28.2},"d":{"ns_iter":56061500,"ns_px":4474.18},"q":{"cv":0.03,"spread":0.10,"mhz":360.0,"outliers":0,"flags":[]},"h":"254ec85e"} @@8540547c@@
@@BENCH-RAW@@ {"i":58,"s":[112142,112123,112103,112199,112101,112134,112096,112166,112146,112115,112110,112132,112102,112124,112091]} @@146f051d@@
I (103817) bench: [59/71] font.sky@13                      56061500 ns/iter  4474.18 ns/px  cv 0.03%
@@BENCH-CELL@@ {"t":"cell","i":59,"id":"font.saira@36","g":"font","ax":{"fmt":"888","font":"saira_regular","size":36.0,"ratio":2.0000,"path":"blit/alpha","orient":"rotcw","mem":"psram","rend":"async2","alpha":255,"halign":0,"corpus":0},"w":{"rows":6,"glyphs":56,"chars":61,"src_px":4710,"dest_px":18840},"m":{"reps":27,"n":15,"min":82022,"med":82159,"max":82270,"mean":82157.9,"sd":68.5},"d":{"ns_iter":3042925,"ns_px":161.51},"q":{"cv":0.08,"spread":0.30,"mhz":360.0,"outliers":0,"flags":[]},"h":"972d0991"} @@59d52ac7@@
@@BENCH-RAW@@ {"i":59,"s":[82159,82110,82114,82083,82199,82022,82086,82127,82182,82221,82261,82169,82270,82233,82132]} @@eef4b529@@
I (105097) bench: [60/71] font.saira@36                     3042925 ns/iter  161.51 ns/px  cv 0.08%
@@BENCH-CELL@@ {"t":"cell","i":60,"id":"font.marker@22","g":"font","ax":{"fmt":"888","font":"marker","size":22.0,"ratio":1.0000,"path":"blit/alpha","orient":"rotcw","mem":"psram","rend":"async2","alpha":255,"halign":0,"corpus":0},"w":{"rows":10,"glyphs":125,"chars":136,"src_px":22847,"dest_px":22847},"m":{"reps":23,"n":15,"min":97763,"med":97983,"max":98201,"mean":97978.3,"sd":103.4},"d":{"ns_iter":4260130,"ns_px":186.46},"q":{"cv":0.11,"spread":0.45,"mhz":360.0,"outliers":0,"flags":[]},"h":"59dd778c"} @@529e8ba8@@
@@BENCH-RAW@@ {"i":60,"s":[97961,97965,97984,98006,97983,98040,97763,97844,97986,98201,98125,97860,98042,97976,97938]} @@82881e0c@@
I (106607) bench: [61/71] font.marker@22                    4260130 ns/iter  186.46 ns/px  cv 0.11%
@@BENCH-CELL@@ {"t":"cell","i":61,"id":"font.marker@33","g":"font","ax":{"fmt":"888","font":"marker","size":33.0,"ratio":1.5000,"path":"shader/aa","orient":"rotcw","mem":"psram","rend":"async2","alpha":255,"halign":0,"corpus":0},"w":{"rows":7,"glyphs":71,"chars":76,"src_px":13008,"dest_px":29868},"m":{"reps":1,"n":15,"min":109921,"med":109990,"max":110123,"mean":109991.7,"sd":53.7},"d":{"ns_iter":109990000,"ns_px":3682.54},"q":{"cv":0.05,"spread":0.18,"mhz":360.0,"outliers":0,"flags":[]},"h":"aed9f152"} @@5ceeb79c@@
@@BENCH-RAW@@ {"i":61,"s":[109990,110028,110041,110123,109954,110057,109996,110028,109934,109940,109921,109967,109936,109991,109969]} @@bfc9bc71@@
I (108727) bench: [62/71] font.marker@33                   109990000 ns/iter  3682.54 ns/px  cv 0.05%
@@BENCH-CELL@@ {"t":"cell","i":62,"id":"font.condensed@45","g":"font","ax":{"fmt":"888","font":"saira_condensed","size":45.0,"ratio":1.0000,"path":"blit/alpha","orient":"rotcw","mem":"psram","rend":"async2","alpha":255,"halign":0,"corpus":0},"w":{"rows":5,"glyphs":47,"chars":51,"src_px":19237,"dest_px":19237},"m":{"reps":32,"n":15,"min":78854,"med":78899,"max":79025,"mean":78927.0,"sd":60.6},"d":{"ns_iter":2465593,"ns_px":128.17},"q":{"cv":0.08,"spread":0.22,"mhz":360.0,"outliers":0,"flags":[]},"h":"7bcb728d"} @@ebbd1bab@@
@@BENCH-RAW@@ {"i":62,"s":[78899,78890,78873,78854,78887,78867,78890,78943,79023,78930,78940,78860,79014,79010,79025]} @@5027151d@@
I (109957) bench: [63/71] font.condensed@45                 2465593 ns/iter  128.17 ns/px  cv 0.08%
@@BENCH-CELL@@ {"t":"cell","i":63,"id":"font.saira@27.noaa","g":"font","ax":{"fmt":"888","font":"saira_regular_noaa","size":27.0,"ratio":1.5000,"path":"shader/plain","orient":"rotcw","mem":"psram","rend":"async2","alpha":255,"halign":0,"corpus":0},"w":{"rows":8,"glyphs":92,"chars":100,"src_px":7701,"dest_px":18002},"m":{"reps":2,"n":13,"min":124259,"med":124363,"max":124434,"mean":124353.0,"sd":51.5},"d":{"ns_iter":62181500,"ns_px":3454.14},"q":{"cv":0.04,"spread":0.14,"mhz":360.0,"outliers":0,"flags":[]},"h":"9c31759b"} @@5973cf54@@
@@BENCH-RAW@@ {"i":63,"s":[124363,124371,124299,124337,124290,124396,124433,124434,124259,124342,124387,124311,124367]} @@5d0360a0@@
I (111847) bench: [64/71] font.saira@27.noaa               62181500 ns/iter  3454.14 ns/px  cv 0.04%
@@BENCH-CELL@@ {"t":"cell","i":64,"id":"rend.async1","g":"rend","ax":{"fmt":"888","font":"saira_regular","size":18.0,"ratio":1.0000,"path":"blit/alpha","orient":"rotcw","mem":"psram","rend":"async1","alpha":255,"halign":0,"corpus":0},"w":{"rows":12,"glyphs":161,"chars":175,"src_px":13512,"dest_px":13512},"m":{"reps":22,"n":15,"min":93261,"med":93405,"max":93517,"mean":93410.2,"sd":69.5},"d":{"ns_iter":4245681,"ns_px":314.22},"q":{"cv":0.07,"spread":0.27,"mhz":360.0,"outliers":0,"flags":[]},"h":"de65743c"} @@9ffdf536@@
@@BENCH-RAW@@ {"i":64,"s":[93517,93334,93440,93405,93353,93401,93355,93405,93352,93261,93439,93500,93421,93453,93517]} @@695a9adf@@
I (113297) bench: [65/71] rend.async1                       4245681 ns/iter  314.22 ns/px  cv 0.07%
@@BENCH-CELL@@ {"t":"cell","i":65,"id":"alpha.fast1.a128","g":"alpha","ax":{"fmt":"888","font":"sky","size":9.0,"ratio":1.0000,"path":"blit/alpha","orient":"rotcw","mem":"psram","rend":"async2","alpha":128,"halign":0,"corpus":0},"w":{"rows":23,"glyphs":373,"chars":397,"src_px":10135,"dest_px":10135},"m":{"reps":21,"n":15,"min":100485,"med":100649,"max":100936,"mean":100670.6,"sd":113.4},"d":{"ns_iter":4792809,"ns_px":472.90},"q":{"cv":0.11,"spread":0.45,"mhz":360.0,"outliers":0,"flags":[]},"h":"cc2eccc5"} @@7fde2a09@@
@@BENCH-RAW@@ {"i":65,"s":[100597,100737,100814,100628,100560,100628,100524,100485,100936,100723,100731,100748,100649,100707,100592]} @@666f96b6@@
I (114857) bench: [66/71] alpha.fast1.a128                  4792809 ns/iter  472.90 ns/px  cv 0.11%
@@BENCH-CELL@@ {"t":"cell","i":66,"id":"alpha.fast2.a128","g":"alpha","ax":{"fmt":"888","font":"saira_regular","size":18.0,"ratio":1.0000,"path":"blit/alpha","orient":"rotcw","mem":"psram","rend":"async2","alpha":128,"halign":0,"corpus":0},"w":{"rows":12,"glyphs":161,"chars":175,"src_px":13512,"dest_px":13512},"m":{"reps":24,"n":15,"min":89003,"med":89130,"max":89383,"mean":89161.0,"sd":105.8},"d":{"ns_iter":3713750,"ns_px":274.85},"q":{"cv":0.12,"spread":0.43,"mhz":360.0,"outliers":0,"flags":[]},"h":"012c199d"} @@b464ef10@@
@@BENCH-RAW@@ {"i":66,"s":[89104,89003,89078,89329,89187,89037,89190,89102,89108,89143,89116,89383,89130,89175,89330]} @@b57f6a8c@@
I (116237) bench: [67/71] alpha.fast2.a128                  3713750 ns/iter  274.85 ns/px  cv 0.12%
@@BENCH-CELL@@ {"t":"cell","i":67,"id":"len.short","g":"len","ax":{"fmt":"888","font":"saira_regular","size":18.0,"ratio":1.0000,"path":"blit/alpha","orient":"rotcw","mem":"psram","rend":"async2","alpha":255,"halign":0,"corpus":1},"w":{"rows":12,"glyphs":82,"chars":83,"src_px":7336,"dest_px":7336},"m":{"reps":38,"n":15,"min":85611,"med":85672,"max":85847,"mean":85679.8,"sd":65.1},"d":{"ns_iter":2254526,"ns_px":307.32},"q":{"cv":0.08,"spread":0.28,"mhz":360.0,"outliers":0,"flags":[]},"h":"450061c8"} @@7194e9d6@@
@@BENCH-RAW@@ {"i":67,"s":[85711,85625,85678,85635,85612,85621,85611,85653,85673,85672,85663,85847,85802,85709,85685]} @@1e9dd126@@
I (117557) bench: [68/71] len.short                         2254526 ns/iter  307.32 ns/px  cv 0.08%
@@BENCH-CELL@@ {"t":"cell","i":68,"id":"len.long","g":"len","ax":{"fmt":"888","font":"saira_regular","size":18.0,"ratio":1.0000,"path":"blit/alpha","orient":"rotcw","mem":"psram","rend":"async2","alpha":255,"halign":0,"corpus":2},"w":{"rows":12,"glyphs":273,"chars":315,"src_px":22206,"dest_px":22206},"m":{"reps":19,"n":15,"min":104253,"med":104428,"max":104918,"mean":104458.5,"sd":154.0},"d":{"ns_iter":5496210,"ns_px":247.51},"q":{"cv":0.15,"spread":0.64,"mhz":360.0,"outliers":0,"flags":[]},"h":"504a97ad"} @@60f5ea3f@@
@@BENCH-RAW@@ {"i":68,"s":[104507,104550,104376,104428,104510,104918,104479,104253,104313,104416,104280,104386,104543,104542,104376]} @@a6e88a45@@
I (119177) bench: [69/71] len.long                          5496210 ns/iter  247.51 ns/px  cv 0.15%
@@BENCH-CELL@@ {"t":"cell","i":69,"id":"align.center","g":"align","ax":{"fmt":"888","font":"saira_regular","size":18.0,"ratio":1.0000,"path":"blit/alpha","orient":"rotcw","mem":"psram","rend":"async2","alpha":255,"halign":1,"corpus":0},"w":{"rows":12,"glyphs":161,"chars":175,"src_px":13512,"dest_px":13512},"m":{"reps":26,"n":15,"min":88804,"med":89010,"max":89260,"mean":89019.3,"sd":122.5},"d":{"ns_iter":3423461,"ns_px":253.36},"q":{"cv":0.14,"spread":0.51,"mhz":360.0,"outliers":0,"flags":[]},"h":"4f91d280"} @@0e5da2e0@@
@@BENCH-RAW@@ {"i":69,"s":[89140,89137,88911,88917,88973,88804,88987,89014,88837,89138,89093,89260,89117,89010,88951]} @@7cb17b32@@
I (120547) bench: [70/71] align.center                      3423461 ns/iter  253.36 ns/px  cv 0.14%
@@BENCH-CELL@@ {"t":"cell","i":70,"id":"drift.last","g":"drift","ax":{"fmt":"888","font":"saira_regular","size":18.0,"ratio":1.0000,"path":"blit/alpha","orient":"rotcw","mem":"psram","rend":"async2","alpha":255,"halign":0,"corpus":0},"w":{"rows":12,"glyphs":161,"chars":175,"src_px":13512,"dest_px":13512},"m":{"reps":26,"n":15,"min":87492,"med":87735,"max":87933,"mean":87711.7,"sd":124.5},"d":{"ns_iter":3374423,"ns_px":249.74},"q":{"cv":0.14,"spread":0.50,"mhz":360.0,"outliers":0,"flags":[]},"h":"de65743c"} @@e109f438@@
@@BENCH-RAW@@ {"i":70,"s":[87492,87522,87758,87755,87573,87706,87630,87933,87738,87895,87860,87611,87709,87759,87735]} @@fbe5ede2@@
I (121907) bench: [71/71] drift.last                        3374423 ns/iter  249.74 ns/px  cv 0.14%
@@BENCH-END@@ {"t":"end","cells":71,"total_us":115148493,"status":"ok"} @@fd460ce5@@
