@@BENCH-BEGIN@@ {"t":"begin","schema":1,"cells":71,"boot_us":4797793,"reset":3,"build":{"app_git":"98d71065c517","app_dirty":false,"app_branch":"main","pax_git":"964533a6d894","pax_dirty":false,"pax_branch":"main","idf":"v6.0.2","opt":"Og","app_ver":"98d7106","app_date":"Aug 20 2026 12:20:34"},"hw":{"chip":"esp32p4","rev":103,"cores":2,"cpu_mhz_nom":360,"cpu_mhz_meas":359.99,"l2_kb":128,"l2_line":64,"psram":true},"cfg":{"pm_enable":true,"pm_lock":true,"tick_hz":100,"wdt":false,"pax":{"bounds_check":false,"orientation":true,"async":"multithread","range_setter":true,"range_merger":true,"fixed_point":true,"long_fixed_point":true,"queue_size":32,"sso_len":32}},"mem":{"tile_dim":256,"int_addr":"0x4ff40700","psram_addr":"0x4811a900","int_free":324567,"int_largest":192512,"psram_free":30524228},"bench":{"n_samples":15,"warmup":2,"target_sample_us":110000,"cell_budget_us":2000000,"corpus_ver":1,"join_placement":"per_sample","driver_core":0,"driver_prio":5,"scrub_bytes":524288}} @@f1595147@@
@@BENCH-CELL@@ {"t":"cell","i":0,"id":"drift.first","g":"drift","ax":{"fmt":"888","font":"saira_regular","size":18.0,"ratio":1.0000,"path":"blit/alpha","orient":"rotcw","mem":"psram","rend":"async2","alpha":255,"halign":0,"corpus":0},"w":{"rows":12,"glyphs":161,"chars":175,"src_px":13512,"dest_px":13512},"m":{"reps":20,"n":15,"min":101764,"med":102073,"max":102297,"mean":102040.9,"sd":130.3},"d":{"ns_iter":5103650,"ns_px":377.71},"q":{"cv":0.13,"spread":0.52,"mhz":360.0,"outliers":0,"flags":[]},"h":"de65743c"} @@393e3ec1@@
@@BENCH-RAW@@ {"i":0,"s":[102073,102089,102170,102297,102173,102152,102091,101882,102078,101912,102026,101764,101985,101976,101945]} @@4d50b40c@@
I (7674) bench: [1/71] drift.first                       5103650 ns/iter  377.71 ns/px  cv 0.13%
@@BENCH-CELL@@ {"t":"cell","i":1,"id":"c565.fast1.upright.psram.sync","g":"cube","ax":{"fmt":"565","font":"sky","size":9.0,"ratio":1.0000,"path":"blit/direct","orient":"upright","mem":"psram","rend":"sync","alpha":255,"halign":0,"corpus":0},"w":{"rows":23,"glyphs":373,"chars":397,"src_px":10135,"dest_px":10135},"m":{"reps":41,"n":15,"min":89330,"med":89428,"max":89722,"mean":89468.4,"sd":106.7},"d":{"ns_iter":2181170,"ns_px":215.21},"q":{"cv":0.12,"spread":0.44,"mhz":360.0,"outliers":0,"flags":[]},"h":"16b7abd1"} @@49222a6c@@
@@BENCH-RAW@@ {"i":1,"s":[89375,89410,89330,89574,89722,89390,89379,89414,89436,89382,89428,89466,89616,89574,89530]} @@a119a5dc@@
I (9044) bench: [2/71] c565.fast1.upright.psram.sync     2181170 ns/iter  215.21 ns/px  cv 0.12%
@@BENCH-CELL@@ {"t":"cell","i":2,"id":"c565.fast1.upright.psram.async2","g":"cube","ax":{"fmt":"565","font":"sky","size":9.0,"ratio":1.0000,"path":"blit/direct","orient":"upright","mem":"psram","rend":"async2","alpha":255,"halign":0,"corpus":0},"w":{"rows":23,"glyphs":373,"chars":397,"src_px":10135,"dest_px":10135},"m":{"reps":26,"n":15,"min":103170,"med":103314,"max":103484,"mean":103329.9,"sd":83.4},"d":{"ns_iter":3973615,"ns_px":392.07},"q":{"cv":0.08,"spread":0.30,"mhz":360.0,"outliers":0,"flags":[]},"h":"16b7abd1"} @@01056847@@
@@BENCH-RAW@@ {"i":2,"s":[103484,103436,103430,103405,103307,103261,103312,103314,103363,103351,103279,103342,103295,103200,103170]} @@636c19a0@@
I (10634) bench: [3/71] c565.fast1.upright.psram.async2   3973615 ns/iter  392.07 ns/px  cv 0.08%
@@BENCH-CELL@@ {"t":"cell","i":3,"id":"c565.fast1.upright.sram.sync","g":"cube","ax":{"fmt":"565","font":"sky","size":9.0,"ratio":1.0000,"path":"blit/direct","orient":"upright","mem":"sram","rend":"sync","alpha":255,"halign":0,"corpus":0},"w":{"rows":23,"glyphs":373,"chars":397,"src_px":10135,"dest_px":10135},"m":{"reps":46,"n":15,"min":100354,"med":100436,"max":100488,"mean":100422.5,"sd":43.5},"d":{"ns_iter":2183391,"ns_px":215.43},"q":{"cv":0.04,"spread":0.13,"mhz":360.0,"outliers":0,"flags":[]},"h":"16b7abd1"} @@514ad8cd@@
@@BENCH-RAW@@ {"i":3,"s":[100381,100416,100356,100354,100451,100436,100446,100471,100452,100359,100429,100461,100381,100457,100488]} @@97949935@@
I (12174) bench: [4/71] c565.fast1.upright.sram.sync      2183391 ns/iter  215.43 ns/px  cv 0.04%
@@BENCH-CELL@@ {"t":"cell","i":4,"id":"c565.fast1.upright.sram.async2","g":"cube","ax":{"fmt":"565","font":"sky","size":9.0,"ratio":1.0000,"path":"blit/direct","orient":"upright","mem":"sram","rend":"async2","alpha":255,"halign":0,"corpus":0},"w":{"rows":23,"glyphs":373,"chars":397,"src_px":10135,"dest_px":10135},"m":{"reps":28,"n":15,"min":110759,"med":110857,"max":110987,"mean":110863.8,"sd":59.8},"d":{"ns_iter":3959178,"ns_px":390.64},"q":{"cv":0.05,"spread":0.21,"mhz":360.0,"outliers":0,"flags":[]},"h":"16b7abd1"} @@718b0b8b@@
@@BENCH-RAW@@ {"i":4,"s":[110829,110829,110867,110857,110915,110987,110808,110899,110949,110795,110759,110835,110863,110930,110835]} @@9749d38e@@
I (13874) bench: [5/71] c565.fast1.upright.sram.async2    3959178 ns/iter  390.64 ns/px  cv 0.05%
@@BENCH-CELL@@ {"t":"cell","i":5,"id":"c565.fast1.rotcw.psram.sync","g":"cube","ax":{"fmt":"565","font":"sky","size":9.0,"ratio":1.0000,"path":"blit/direct","orient":"rotcw","mem":"psram","rend":"sync","alpha":255,"halign":0,"corpus":0},"w":{"rows":23,"glyphs":373,"chars":397,"src_px":10135,"dest_px":10135},"m":{"reps":36,"n":15,"min":78915,"med":79008,"max":79091,"mean":79001.3,"sd":45.5},"d":{"ns_iter":2194666,"ns_px":216.54},"q":{"cv":0.06,"spread":0.22,"mhz":360.0,"outliers":0,"flags":[]},"h":"70d20c11"} @@24944a09@@
@@BENCH-RAW@@ {"i":5,"s":[78926,78915,78971,79091,79001,79008,78988,79007,79023,79021,78939,79030,79025,79037,79038]} @@6c2a274a@@
I (15094) bench: [6/71] c565.fast1.rotcw.psram.sync       2194666 ns/iter  216.54 ns/px  cv 0.06%
@@BENCH-CELL@@ {"t":"cell","i":6,"id":"c565.fast1.rotcw.psram.async2","g":"cube","ax":{"fmt":"565","font":"sky","size":9.0,"ratio":1.0000,"path":"blit/direct","orient":"rotcw","mem":"psram","rend":"async2","alpha":255,"halign":0,"corpus":0},"w":{"rows":23,"glyphs":373,"chars":397,"src_px":10135,"dest_px":10135},"m":{"reps":24,"n":15,"min":98448,"med":98760,"max":98956,"mean":98737.5,"sd":146.2},"d":{"ns_iter":4115000,"ns_px":406.02},"q":{"cv":0.15,"spread":0.51,"mhz":360.0,"outliers":0,"flags":[]},"h":"70d20c11"} @@ba4a0d77@@
@@BENCH-RAW@@ {"i":6,"s":[98847,98687,98701,98796,98448,98760,98878,98871,98559,98611,98688,98818,98528,98914,98956]} @@511cb3d2@@
I (16614) bench: [7/71] c565.fast1.rotcw.psram.async2     4115000 ns/iter  406.02 ns/px  cv 0.15%
@@BENCH-CELL@@ {"t":"cell","i":7,"id":"c565.fast1.rotcw.sram.sync","g":"cube","ax":{"fmt":"565","font":"sky","size":9.0,"ratio":1.0000,"path":"blit/direct","orient":"rotcw","mem":"sram","rend":"sync","alpha":255,"halign":0,"corpus":0},"w":{"rows":23,"glyphs":373,"chars":397,"src_px":10135,"dest_px":10135},"m":{"reps":46,"n":15,"min":100816,"med":100850,"max":100999,"mean":100868.3,"sd":52.1},"d":{"ns_iter":2192391,"ns_px":216.32},"q":{"cv":0.05,"spread":0.18,"mhz":360.0,"outliers":0,"flags":[]},"h":"70d20c11"} @@10df7987@@
@@BENCH-RAW@@ {"i":7,"s":[100841,100903,100845,100856,100816,100876,100818,100817,100850,100877,100883,100970,100999,100841,100832]} @@46375d96@@
I (18154) bench: [8/71] c565.fast1.rotcw.sram.sync        2192391 ns/iter  216.32 ns/px  cv 0.05%
@@BENCH-CELL@@ {"t":"cell","i":8,"id":"c565.fast1.rotcw.sram.async2","g":"cube","ax":{"fmt":"565","font":"sky","size":9.0,"ratio":1.0000,"path":"blit/direct","orient":"rotcw","mem":"sram","rend":"async2","alpha":255,"halign":0,"corpus":0},"w":{"rows":23,"glyphs":373,"chars":397,"src_px":10135,"dest_px":10135},"m":{"reps":28,"n":15,"min":113971,"med":114141,"max":114383,"mean":114145.8,"sd":123.8},"d":{"ns_iter":4076464,"ns_px":402.22},"q":{"cv":0.11,"spread":0.36,"mhz":360.0,"outliers":0,"flags":[]},"h":"70d20c11"} @@753dc6af@@
@@BENCH-RAW@@ {"i":8,"s":[114244,114308,114383,114089,114141,114024,114172,114239,114257,113971,113987,114073,113974,114105,114220]} @@f21b0143@@
I (19904) bench: [9/71] c565.fast1.rotcw.sram.async2      4076464 ns/iter  402.22 ns/px  cv 0.11%
@@BENCH-CELL@@ {"t":"cell","i":9,"id":"c565.fast2.upright.psram.sync","g":"cube","ax":{"fmt":"565","font":"saira_regular","size":18.0,"ratio":1.0000,"path":"blit/alpha","orient":"upright","mem":"psram","rend":"sync","alpha":255,"halign":0,"corpus":0},"w":{"rows":12,"glyphs":161,"chars":175,"src_px":13512,"dest_px":13512},"m":{"reps":16,"n":15,"min":101477,"med":101555,"max":101644,"mean":101565.0,"sd":47.9},"d":{"ns_iter":6347187,"ns_px":469.74},"q":{"cv":0.05,"spread":0.16,"mhz":360.0,"outliers":0,"flags":[]},"h":"ecacce31"} @@f445e3e8@@
@@BENCH-RAW@@ {"i":9,"s":[101508,101643,101644,101577,101555,101525,101477,101584,101533,101538,101546,101605,101585,101625,101530]} @@cce7e8d9@@
I (21484) bench: [10/71] c565.fast2.upright.psram.sync     6347187 ns/iter  469.74 ns/px  cv 0.05%
@@BENCH-CELL@@ {"t":"cell","i":10,"id":"c565.fast2.upright.psram.async2","g":"cube","ax":{"fmt":"565","font":"saira_regular","size":18.0,"ratio":1.0000,"path":"blit/alpha","orient":"upright","mem":"psram","rend":"async2","alpha":255,"halign":0,"corpus":0},"w":{"rows":12,"glyphs":161,"chars":175,"src_px":13512,"dest_px":13512},"m":{"reps":22,"n":15,"min":97425,"med":97547,"max":97668,"mean":97549.3,"sd":63.9},"d":{"ns_iter":4433954,"ns_px":328.15},"q":{"cv":0.07,"spread":0.25,"mhz":360.0,"outliers":0,"flags":[]},"h":"ecacce31"} @@817c632f@@
@@BENCH-RAW@@ {"i":10,"s":[97630,97572,97640,97572,97567,97536,97547,97668,97579,97508,97492,97425,97467,97540,97497]} @@07d4cba8@@
I (22984) bench: [11/71] c565.fast2.upright.psram.async2   4433954 ns/iter  328.15 ns/px  cv 0.07%
@@BENCH-CELL@@ {"t":"cell","i":11,"id":"c565.fast2.upright.sram.sync","g":"cube","ax":{"fmt":"565","font":"saira_regular","size":18.0,"ratio":1.0000,"path":"blit/alpha","orient":"upright","mem":"sram","rend":"sync","alpha":255,"halign":0,"corpus":0},"w":{"rows":12,"glyphs":161,"chars":175,"src_px":13512,"dest_px":13512},"m":{"reps":17,"n":15,"min":107895,"med":107957,"max":108138,"mean":107986.0,"sd":66.0},"d":{"ns_iter":6350411,"ns_px":469.98},"q":{"cv":0.06,"spread":0.23,"mhz":360.0,"outliers":0,"flags":[]},"h":"ecacce31"} @@1a7885a3@@
@@BENCH-RAW@@ {"i":11,"s":[107895,108024,108031,107949,107938,107924,107955,107927,107987,107968,108078,108072,108138,107957,107947]} @@14bcbd75@@
I (24654) bench: [12/71] c565.fast2.upright.sram.sync      6350411 ns/iter  469.98 ns/px  cv 0.06%
@@BENCH-CELL@@ {"t":"cell","i":12,"id":"c565.fast2.upright.sram.async2","g":"cube","ax":{"fmt":"565","font":"saira_regular","size":18.0,"ratio":1.0000,"path":"blit/alpha","orient":"upright","mem":"sram","rend":"async2","alpha":255,"halign":0,"corpus":0},"w":{"rows":12,"glyphs":161,"chars":175,"src_px":13512,"dest_px":13512},"m":{"reps":24,"n":15,"min":106235,"med":106318,"max":106407,"mean":106316.1,"sd":47.3},"d":{"ns_iter":4429916,"ns_px":327.85},"q":{"cv":0.04,"spread":0.16,"mhz":360.0,"outliers":0,"flags":[]},"h":"ecacce31"} @@cf72f9e8@@
@@BENCH-RAW@@ {"i":12,"s":[106353,106407,106294,106364,106282,106318,106326,106291,106268,106363,106360,106235,106238,106315,106328]} @@86e8bbfe@@
I (26294) bench: [13/71] c565.fast2.upright.sram.async2    4429916 ns/iter  327.85 ns/px  cv 0.04%
@@BENCH-CELL@@ {"t":"cell","i":13,"id":"c565.fast2.rotcw.psram.sync","g":"cube","ax":{"fmt":"565","font":"saira_regular","size":18.0,"ratio":1.0000,"path":"blit/alpha","orient":"rotcw","mem":"psram","rend":"sync","alpha":255,"halign":0,"corpus":0},"w":{"rows":12,"glyphs":161,"chars":175,"src_px":13512,"dest_px":13512},"m":{"reps":15,"n":15,"min":95744,"med":95891,"max":96075,"mean":95902.7,"sd":98.7},"d":{"ns_iter":6392733,"ns_px":473.12},"q":{"cv":0.10,"spread":0.35,"mhz":360.0,"outliers":0,"flags":[]},"h":"70889db9"} @@c9c2b47f@@
@@BENCH-RAW@@ {"i":13,"s":[96062,95858,95975,96075,95856,96038,95949,95891,95837,95760,95905,95909,95744,95800,95881]} @@6ae0b53f@@
I (27774) bench: [14/71] c565.fast2.rotcw.psram.sync       6392733 ns/iter  473.12 ns/px  cv 0.10%
@@BENCH-CELL@@ {"t":"cell","i":14,"id":"c565.fast2.rotcw.psram.async2","g":"cube","ax":{"fmt":"565","font":"saira_regular","size":18.0,"ratio":1.0000,"path":"blit/alpha","orient":"rotcw","mem":"psram","rend":"async2","alpha":255,"halign":0,"corpus":0},"w":{"rows":12,"glyphs":161,"chars":175,"src_px":13512,"dest_px":13512},"m":{"reps":20,"n":15,"min":96060,"med":96125,"max":96399,"mean":96157.1,"sd":90.5},"d":{"ns_iter":4806250,"ns_px":355.70},"q":{"cv":0.09,"spread":0.35,"mhz":360.0,"outliers":0,"flags":[]},"h":"70889db9"} @@296cdbb1@@
@@BENCH-RAW@@ {"i":14,"s":[96299,96109,96267,96148,96131,96101,96399,96146,96060,96125,96117,96119,96074,96175,96087]} @@79579c08@@
I (29264) bench: [15/71] c565.fast2.rotcw.psram.async2     4806250 ns/iter  355.70 ns/px  cv 0.09%
@@BENCH-CELL@@ {"t":"cell","i":15,"id":"c565.fast2.rotcw.sram.sync","g":"cube","ax":{"fmt":"565","font":"saira_regular","size":18.0,"ratio":1.0000,"path":"blit/alpha","orient":"rotcw","mem":"sram","rend":"sync","alpha":255,"halign":0,"corpus":0},"w":{"rows":12,"glyphs":161,"chars":175,"src_px":13512,"dest_px":13512},"m":{"reps":17,"n":15,"min":108263,"med":108314,"max":108403,"mean":108321.8,"sd":36.1},"d":{"ns_iter":6371411,"ns_px":471.54},"q":{"cv":0.03,"spread":0.13,"mhz":360.0,"outliers":0,"flags":[]},"h":"70889db9"} @@f386cbd2@@
@@BENCH-RAW@@ {"i":15,"s":[108302,108403,108327,108288,108263,108316,108310,108298,108291,108355,108287,108314,108360,108354,108359]} @@4b9e88b7@@
I (30934) bench: [16/71] c565.fast2.rotcw.sram.sync        6371411 ns/iter  471.54 ns/px  cv 0.03%
@@BENCH-CELL@@ {"t":"cell","i":16,"id":"c565.fast2.rotcw.sram.async2","g":"cube","ax":{"fmt":"565","font":"saira_regular","size":18.0,"ratio":1.0000,"path":"blit/alpha","orient":"rotcw","mem":"sram","rend":"async2","alpha":255,"halign":0,"corpus":0},"w":{"rows":12,"glyphs":161,"chars":175,"src_px":13512,"dest_px":13512},"m":{"reps":23,"n":15,"min":108703,"med":108861,"max":109021,"mean":108843.8,"sd":90.2},"d":{"ns_iter":4733086,"ns_px":350.29},"q":{"cv":0.08,"spread":0.29,"mhz":360.0,"outliers":0,"flags":[]},"h":"70889db9"} @@d62fcfc7@@
@@BENCH-RAW@@ {"i":16,"s":[108957,108878,108815,108955,108882,109021,108861,108746,108891,108703,108827,108863,108808,108730,108720]} @@b4577f28@@
I (32614) bench: [17/71] c565.fast2.rotcw.sram.async2      4733086 ns/iter  350.29 ns/px  cv 0.08%
@@BENCH-CELL@@ {"t":"cell","i":17,"id":"c565.shader.upright.psram.sync","g":"cube","ax":{"fmt":"565","font":"saira_regular","size":27.0,"ratio":1.5000,"path":"shader/aa","orient":"upright","mem":"psram","rend":"sync","alpha":255,"halign":0,"corpus":0},"w":{"rows":8,"glyphs":92,"chars":100,"src_px":7701,"dest_px":18002},"m":{"reps":1,"n":12,"min":132963,"med":133064,"max":133223,"mean":133055.2,"sd":71.5},"d":{"ns_iter":133064000,"ns_px":7391.62},"q":{"cv":0.05,"spread":0.20,"mhz":360.0,"outliers":0,"flags":[]},"h":"f8db19ed"} @@afa53dca@@
@@BENCH-RAW@@ {"i":17,"s":[133054,133097,132963,132971,133223,133077,133058,132973,133064,133090,132986,133106]} @@aa213bc2@@
I (34764) bench: [18/71] c565.shader.upright.psram.sync   133064000 ns/iter  7391.62 ns/px  cv 0.05%
@@BENCH-CELL@@ {"t":"cell","i":18,"id":"c565.shader.upright.psram.async2","g":"cube","ax":{"fmt":"565","font":"saira_regular","size":27.0,"ratio":1.5000,"path":"shader/aa","orient":"upright","mem":"psram","rend":"async2","alpha":255,"halign":0,"corpus":0},"w":{"rows":8,"glyphs":92,"chars":100,"src_px":7701,"dest_px":18002},"m":{"reps":2,"n":12,"min":133860,"med":133899,"max":133945,"mean":133896.4,"sd":24.4},"d":{"ns_iter":66949500,"ns_px":3719.00},"q":{"cv":0.02,"spread":0.06,"mhz":360.0,"outliers":0,"flags":[]},"h":"f8db19ed"} @@ca54f216@@
@@BENCH-RAW@@ {"i":18,"s":[133918,133899,133876,133876,133872,133945,133907,133888,133878,133860,133919,133919]} @@3325ca6b@@
I (36664) bench: [19/71] c565.shader.upright.psram.async2 66949500 ns/iter  3719.00 ns/px  cv 0.02%
@@BENCH-CELL@@ {"t":"cell","i":19,"id":"c565.shader.upright.sram.sync","g":"cube","ax":{"fmt":"565","font":"saira_regular","size":27.0,"ratio":1.5000,"path":"shader/aa","orient":"upright","mem":"sram","rend":"sync","alpha":255,"halign":0,"corpus":0},"w":{"rows":8,"glyphs":92,"chars":100,"src_px":7701,"dest_px":18002},"m":{"reps":1,"n":12,"min":132955,"med":133030,"max":133109,"mean":133032.1,"sd":49.4},"d":{"ns_iter":133030000,"ns_px":7389.73},"q":{"cv":0.04,"spread":0.12,"mhz":360.0,"outliers":0,"flags":[]},"h":"f8db19ed"} @@040e9d08@@
@@BENCH-RAW@@ {"i":19,"s":[133109,133068,133043,132955,133019,133030,133095,132995,133000,132992,132977,133102]} @@7678c133@@
I (38814) bench: [20/71] c565.shader.upright.sram.sync    133030000 ns/iter  7389.73 ns/px  cv 0.04%
@@BENCH-CELL@@ {"t":"cell","i":20,"id":"c565.shader.upright.sram.async2","g":"cube","ax":{"fmt":"565","font":"saira_regular","size":27.0,"ratio":1.5000,"path":"shader/aa","orient":"upright","mem":"sram","rend":"async2","alpha":255,"halign":0,"corpus":0},"w":{"rows":8,"glyphs":92,"chars":100,"src_px":7701,"dest_px":18002},"m":{"reps":2,"n":12,"min":133713,"med":133733,"max":134004,"mean":133770.5,"sd":85.1},"d":{"ns_iter":66866500,"ns_px":3714.39},"q":{"cv":0.06,"spread":0.22,"mhz":360.0,"outliers":0,"flags":[]},"h":"f8db19ed"} @@0e1e75d4@@
@@BENCH-RAW@@ {"i":20,"s":[133875,134004,133828,133736,133716,133733,133732,133713,133717,133741,133730,133721]} @@92e32b21@@
I (40714) bench: [21/71] c565.shader.upright.sram.async2  66866500 ns/iter  3714.39 ns/px  cv 0.06%
@@BENCH-CELL@@ {"t":"cell","i":21,"id":"c565.shader.rotcw.psram.sync","g":"cube","ax":{"fmt":"565","font":"saira_regular","size":27.0,"ratio":1.5000,"path":"shader/aa","orient":"rotcw","mem":"psram","rend":"sync","alpha":255,"halign":0,"corpus":0},"w":{"rows":8,"glyphs":92,"chars":100,"src_px":7701,"dest_px":18002},"m":{"reps":1,"n":13,"min":126146,"med":126166,"max":126230,"mean":126175.3,"sd":21.9},"d":{"ns_iter":126166000,"ns_px":7008.44},"q":{"cv":0.02,"spread":0.07,"mhz":360.0,"outliers":0,"flags":[]},"h":"796ae951"} @@a3edabaf@@
@@BENCH-RAW@@ {"i":21,"s":[126183,126191,126146,126157,126230,126177,126194,126158,126165,126160,126166,126158,126194]} @@6c1cd0b3@@
I (42884) bench: [22/71] c565.shader.rotcw.psram.sync     126166000 ns/iter  7008.44 ns/px  cv 0.02%
@@BENCH-CELL@@ {"t":"cell","i":22,"id":"c565.shader.rotcw.psram.async2","g":"cube","ax":{"fmt":"565","font":"saira_regular","size":27.0,"ratio":1.5000,"path":"shader/aa","orient":"rotcw","mem":"psram","rend":"async2","alpha":255,"halign":0,"corpus":0},"w":{"rows":8,"glyphs":92,"chars":100,"src_px":7701,"dest_px":18002},"m":{"reps":2,"n":12,"min":133794,"med":133885,"max":134069,"mean":133918.2,"sd":107.7},"d":{"ns_iter":66942500,"ns_px":3718.61},"q":{"cv":0.08,"spread":0.21,"mhz":360.0,"outliers":0,"flags":[]},"h":"796ae951"} @@4589e7a8@@
@@BENCH-RAW@@ {"i":22,"s":[133857,133819,133794,133812,133860,133970,133885,133796,134069,134067,134041,134048]} @@d7de112f@@
I (44784) bench: [23/71] c565.shader.rotcw.psram.async2   66942500 ns/iter  3718.61 ns/px  cv 0.08%
@@BENCH-CELL@@ {"t":"cell","i":23,"id":"c565.shader.rotcw.sram.sync","g":"cube","ax":{"fmt":"565","font":"saira_regular","size":27.0,"ratio":1.5000,"path":"shader/aa","orient":"rotcw","mem":"sram","rend":"sync","alpha":255,"halign":0,"corpus":0},"w":{"rows":8,"glyphs":92,"chars":100,"src_px":7701,"dest_px":18002},"m":{"reps":1,"n":13,"min":125860,"med":125885,"max":125905,"mean":125881.8,"sd":13.3},"d":{"ns_iter":125885000,"ns_px":6992.83},"q":{"cv":0.01,"spread":0.04,"mhz":360.0,"outliers":0,"flags":[]},"h":"796ae951"} @@72fae9a6@@
@@BENCH-RAW@@ {"i":23,"s":[125886,125864,125873,125887,125860,125894,125898,125905,125880,125873,125892,125866,125885]} @@ec409f99@@
I (46944) bench: [24/71] c565.shader.rotcw.sram.sync      125885000 ns/iter  6992.83 ns/px  cv 0.01%
@@BENCH-CELL@@ {"t":"cell","i":24,"id":"c565.shader.rotcw.sram.async2","g":"cube","ax":{"fmt":"565","font":"saira_regular","size":27.0,"ratio":1.5000,"path":"shader/aa","orient":"rotcw","mem":"sram","rend":"async2","alpha":255,"halign":0,"corpus":0},"w":{"rows":8,"glyphs":92,"chars":100,"src_px":7701,"dest_px":18002},"m":{"reps":2,"n":12,"min":133073,"med":133101,"max":133117,"mean":133095.2,"sd":13.3},"d":{"ns_iter":66550500,"ns_px":3696.84},"q":{"cv":0.01,"spread":0.03,"mhz":360.0,"outliers":0,"flags":[]},"h":"796ae951"} @@1cca2eef@@
@@BENCH-RAW@@ {"i":24,"s":[133098,133102,133104,133109,133117,133095,133076,133078,133101,133103,133087,133073]} @@29240368@@
I (48834) bench: [25/71] c565.shader.rotcw.sram.async2    66550500 ns/iter  3696.84 ns/px  cv 0.01%
@@BENCH-CELL@@ {"t":"cell","i":25,"id":"c888.fast1.upright.psram.sync","g":"cube","ax":{"fmt":"888","font":"sky","size":9.0,"ratio":1.0000,"path":"blit/direct","orient":"upright","mem":"psram","rend":"sync","alpha":255,"halign":0,"corpus":0},"w":{"rows":23,"glyphs":373,"chars":397,"src_px":10135,"dest_px":10135},"m":{"reps":37,"n":15,"min":85629,"med":85732,"max":85796,"mean":85727.2,"sd":36.5},"d":{"ns_iter":2317081,"ns_px":228.62},"q":{"cv":0.04,"spread":0.19,"mhz":360.0,"outliers":0,"flags":[]},"h":"601bd481"} @@1a4a9c91@@
@@BENCH-RAW@@ {"i":25,"s":[85629,85694,85727,85760,85717,85708,85700,85761,85732,85796,85733,85719,85738,85751,85743]} @@e74a736f@@
I (50154) bench: [26/71] c888.fast1.upright.psram.sync     2317081 ns/iter  228.62 ns/px  cv 0.04%
@@BENCH-CELL@@ {"t":"cell","i":26,"id":"c888.fast1.upright.psram.async2","g":"cube","ax":{"fmt":"888","font":"sky","size":9.0,"ratio":1.0000,"path":"blit/direct","orient":"upright","mem":"psram","rend":"async2","alpha":255,"halign":0,"corpus":0},"w":{"rows":23,"glyphs":373,"chars":397,"src_px":10135,"dest_px":10135},"m":{"reps":25,"n":15,"min":100809,"med":100916,"max":101042,"mean":100925.3,"sd":60.5},"d":{"ns_iter":4036640,"ns_px":398.29},"q":{"cv":0.06,"spread":0.23,"mhz":360.0,"outliers":0,"flags":[]},"h":"601bd481"} @@addd17b4@@
@@BENCH-RAW@@ {"i":26,"s":[100925,100809,100897,100920,100990,100892,100916,100907,101004,100910,100990,100881,100838,101042,100958]} @@07548463@@
I (51714) bench: [27/71] c888.fast1.upright.psram.async2   4036640 ns/iter  398.29 ns/px  cv 0.06%
@@BENCH-CELL@@ {"t":"cell","i":27,"id":"c888.fast1.upright.sram.sync","g":"cube","ax":{"fmt":"888","font":"sky","size":9.0,"ratio":1.0000,"path":"blit/direct","orient":"upright","mem":"sram","rend":"sync","alpha":255,"halign":0,"corpus":0},"w":{"rows":23,"glyphs":373,"chars":397,"src_px":10135,"dest_px":10135},"m":{"reps":44,"n":15,"min":101912,"med":101970,"max":102124,"mean":101982.9,"sd":51.7},"d":{"ns_iter":2317500,"ns_px":228.66},"q":{"cv":0.05,"spread":0.21,"mhz":360.0,"outliers":0,"flags":[]},"h":"601bd481"} @@d18f7fcb@@
@@BENCH-RAW@@ {"i":27,"s":[102124,102040,101957,102035,102017,101938,101995,101975,101986,101970,101938,101912,101948,101947,101961]} @@e074856c@@
I (53284) bench: [28/71] c888.fast1.upright.sram.sync      2317500 ns/iter  228.66 ns/px  cv 0.05%
@@BENCH-CELL@@ {"t":"cell","i":28,"id":"c888.fast1.upright.sram.async2","g":"cube","ax":{"fmt":"888","font":"sky","size":9.0,"ratio":1.0000,"path":"blit/direct","orient":"upright","mem":"sram","rend":"async2","alpha":255,"halign":0,"corpus":0},"w":{"rows":23,"glyphs":373,"chars":397,"src_px":10135,"dest_px":10135},"m":{"reps":27,"n":15,"min":108821,"med":108925,"max":109030,"mean":108940.3,"sd":54.5},"d":{"ns_iter":4034259,"ns_px":398.05},"q":{"cv":0.05,"spread":0.19,"mhz":360.0,"outliers":0,"flags":[]},"h":"601bd481"} @@e63f032c@@
@@BENCH-RAW@@ {"i":28,"s":[108925,108991,108911,109030,108962,108900,108997,108918,108876,108995,108910,108996,108821,108965,108907]} @@00c78ea9@@
I (54954) bench: [29/71] c888.fast1.upright.sram.async2    4034259 ns/iter  398.05 ns/px  cv 0.05%
@@BENCH-CELL@@ {"t":"cell","i":29,"id":"c888.fast1.rotcw.psram.sync","g":"cube","ax":{"fmt":"888","font":"sky","size":9.0,"ratio":1.0000,"path":"blit/direct","orient":"rotcw","mem":"psram","rend":"sync","alpha":255,"halign":0,"corpus":0},"w":{"rows":23,"glyphs":373,"chars":397,"src_px":10135,"dest_px":10135},"m":{"reps":33,"n":15,"min":85493,"med":85674,"max":85984,"mean":85693.7,"sd":120.1},"d":{"ns_iter":2596181,"ns_px":256.16},"q":{"cv":0.14,"spread":0.57,"mhz":360.0,"outliers":0,"flags":[]},"h":"333c04c9"} @@b78d186e@@
@@BENCH-RAW@@ {"i":29,"s":[85581,85588,85493,85671,85655,85678,85684,85674,85984,85859,85732,85767,85812,85660,85568]} @@e4f8ee24@@
I (56274) bench: [30/71] c888.fast1.rotcw.psram.sync       2596181 ns/iter  256.16 ns/px  cv 0.14%
@@BENCH-CELL@@ {"t":"cell","i":30,"id":"c888.fast1.rotcw.psram.async2","g":"cube","ax":{"fmt":"888","font":"sky","size":9.0,"ratio":1.0000,"path":"blit/direct","orient":"rotcw","mem":"psram","rend":"async2","alpha":255,"halign":0,"corpus":0},"w":{"rows":23,"glyphs":373,"chars":397,"src_px":10135,"dest_px":10135},"m":{"reps":23,"n":15,"min":101898,"med":102056,"max":102236,"mean":102056.3,"sd":85.4},"d":{"ns_iter":4437217,"ns_px":437.81},"q":{"cv":0.08,"spread":0.33,"mhz":360.0,"outliers":0,"flags":[]},"h":"333c04c9"} @@ebb623ed@@
@@BENCH-RAW@@ {"i":30,"s":[102070,102033,101898,102056,102170,102116,102094,102078,102008,102033,102236,101997,102022,101911,102122]} @@bac59dd5@@
I (57854) bench: [31/71] c888.fast1.rotcw.psram.async2     4437217 ns/iter  437.81 ns/px  cv 0.08%
@@BENCH-CELL@@ {"t":"cell","i":31,"id":"c888.fast1.rotcw.sram.sync","g":"cube","ax":{"fmt":"888","font":"sky","size":9.0,"ratio":1.0000,"path":"blit/direct","orient":"rotcw","mem":"sram","rend":"sync","alpha":255,"halign":0,"corpus":0},"w":{"rows":23,"glyphs":373,"chars":397,"src_px":10135,"dest_px":10135},"m":{"reps":43,"n":15,"min":100883,"med":100959,"max":101040,"mean":100965.6,"sd":45.5},"d":{"ns_iter":2347883,"ns_px":231.66},"q":{"cv":0.05,"spread":0.16,"mhz":360.0,"outliers":0,"flags":[]},"h":"333c04c9"} @@2663ca4c@@
@@BENCH-RAW@@ {"i":31,"s":[101040,100990,100971,100959,100999,100915,100945,100956,101031,100890,100957,100967,100883,100955,101026]} @@d336c0b9@@
I (59404) bench: [32/71] c888.fast1.rotcw.sram.sync        2347883 ns/iter  231.66 ns/px  cv 0.05%
@@BENCH-CELL@@ {"t":"cell","i":32,"id":"c888.fast1.rotcw.sram.async2","g":"cube","ax":{"fmt":"888","font":"sky","size":9.0,"ratio":1.0000,"path":"blit/direct","orient":"rotcw","mem":"sram","rend":"async2","alpha":255,"halign":0,"corpus":0},"w":{"rows":23,"glyphs":373,"chars":397,"src_px":10135,"dest_px":10135},"m":{"reps":27,"n":15,"min":111821,"med":112040,"max":112280,"mean":112061.1,"sd":106.5},"d":{"ns_iter":4149629,"ns_px":409.44},"q":{"cv":0.10,"spread":0.41,"mhz":360.0,"outliers":0,"flags":[]},"h":"333c04c9"} @@5caa7038@@
@@BENCH-RAW@@ {"i":32,"s":[112016,111821,112280,111959,112036,112056,112179,112127,112164,111988,112102,112040,112000,112000,112149]} @@6b2e2088@@
I (61124) bench: [33/71] c888.fast1.rotcw.sram.async2      4149629 ns/iter  409.44 ns/px  cv 0.10%
@@BENCH-CELL@@ {"t":"cell","i":33,"id":"c888.fast2.upright.psram.sync","g":"cube","ax":{"fmt":"888","font":"saira_regular","size":18.0,"ratio":1.0000,"path":"blit/alpha","orient":"upright","mem":"psram","rend":"sync","alpha":255,"halign":0,"corpus":0},"w":{"rows":12,"glyphs":161,"chars":175,"src_px":13512,"dest_px":13512},"m":{"reps":16,"n":15,"min":102721,"med":102755,"max":102797,"mean":102751.5,"sd":17.8},"d":{"ns_iter":6422187,"ns_px":475.30},"q":{"cv":0.02,"spread":0.07,"mhz":360.0,"outliers":0,"flags":[]},"h":"34ac5a26"} @@856feb65@@
@@BENCH-RAW@@ {"i":33,"s":[102770,102756,102755,102747,102732,102797,102732,102721,102732,102756,102749,102749,102762,102757,102757]} @@7cd48659@@
I (62724) bench: [34/71] c888.fast2.upright.psram.sync     6422187 ns/iter  475.30 ns/px  cv 0.02%
@@BENCH-CELL@@ {"t":"cell","i":34,"id":"c888.fast2.upright.psram.async2","g":"cube","ax":{"fmt":"888","font":"saira_regular","size":18.0,"ratio":1.0000,"path":"blit/alpha","orient":"upright","mem":"psram","rend":"async2","alpha":255,"halign":0,"corpus":0},"w":{"rows":12,"glyphs":161,"chars":175,"src_px":13512,"dest_px":13512},"m":{"reps":21,"n":15,"min":94100,"med":94176,"max":94343,"mean":94194.5,"sd":64.0},"d":{"ns_iter":4484571,"ns_px":331.90},"q":{"cv":0.07,"spread":0.26,"mhz":360.0,"outliers":0,"flags":[]},"h":"34ac5a26"} @@fa1ee665@@
@@BENCH-RAW@@ {"i":34,"s":[94343,94264,94148,94276,94232,94218,94161,94139,94171,94183,94237,94152,94176,94117,94100]} @@0da5479c@@
I (64184) bench: [35/71] c888.fast2.upright.psram.async2   4484571 ns/iter  331.90 ns/px  cv 0.07%
@@BENCH-CELL@@ {"t":"cell","i":35,"id":"c888.fast2.upright.sram.sync","g":"cube","ax":{"fmt":"888","font":"saira_regular","size":18.0,"ratio":1.0000,"path":"blit/alpha","orient":"upright","mem":"sram","rend":"sync","alpha":255,"halign":0,"corpus":0},"w":{"rows":12,"glyphs":161,"chars":175,"src_px":13512,"dest_px":13512},"m":{"reps":17,"n":15,"min":109149,"med":109162,"max":109186,"mean":109163.3,"sd":10.5},"d":{"ns_iter":6421294,"ns_px":475.23},"q":{"cv":0.01,"spread":0.03,"mhz":360.0,"outliers":0,"flags":[]},"h":"34ac5a26"} @@756fa6cf@@
@@BENCH-RAW@@ {"i":35,"s":[109158,109172,109170,109175,109162,109179,109186,109154,109163,109156,109163,109149,109153,109154,109155]} @@06e8c547@@
I (65874) bench: [36/71] c888.fast2.upright.sram.sync      6421294 ns/iter  475.23 ns/px  cv 0.01%
@@BENCH-CELL@@ {"t":"cell","i":36,"id":"c888.fast2.upright.sram.async2","g":"cube","ax":{"fmt":"888","font":"saira_regular","size":18.0,"ratio":1.0000,"path":"blit/alpha","orient":"upright","mem":"sram","rend":"async2","alpha":255,"halign":0,"corpus":0},"w":{"rows":12,"glyphs":161,"chars":175,"src_px":13512,"dest_px":13512},"m":{"reps":23,"n":15,"min":103092,"med":103159,"max":103263,"mean":103170.1,"sd":47.8},"d":{"ns_iter":4485173,"ns_px":331.94},"q":{"cv":0.05,"spread":0.17,"mhz":360.0,"outliers":0,"flags":[]},"h":"34ac5a26"} @@a2bcb45f@@
@@BENCH-RAW@@ {"i":36,"s":[103170,103122,103092,103190,103152,103132,103142,103159,103117,103140,103220,103188,103231,103263,103233]} @@290c2bcb@@
I (67464) bench: [37/71] c888.fast2.upright.sram.async2    4485173 ns/iter  331.94 ns/px  cv 0.05%
@@BENCH-CELL@@ {"t":"cell","i":37,"id":"c888.fast2.rotcw.psram.sync","g":"cube","ax":{"fmt":"888","font":"saira_regular","size":18.0,"ratio":1.0000,"path":"blit/alpha","orient":"rotcw","mem":"psram","rend":"sync","alpha":255,"halign":0,"corpus":0},"w":{"rows":12,"glyphs":161,"chars":175,"src_px":13512,"dest_px":13512},"m":{"reps":15,"n":15,"min":100398,"med":100453,"max":100653,"mean":100469.3,"sd":60.7},"d":{"ns_iter":6696866,"ns_px":495.62},"q":{"cv":0.06,"spread":0.25,"mhz":360.0,"outliers":0,"flags":[]},"h":"de65743c"} @@a64ce3e3@@
@@BENCH-RAW@@ {"i":37,"s":[100472,100531,100448,100436,100398,100653,100436,100461,100533,100453,100427,100422,100431,100474,100465]} @@0857f014@@
I (69024) bench: [38/71] c888.fast2.rotcw.psram.sync       6696866 ns/iter  495.62 ns/px  cv 0.06%
@@BENCH-CELL@@ {"t":"cell","i":38,"id":"c888.fast2.rotcw.psram.async2","g":"cube","ax":{"fmt":"888","font":"saira_regular","size":18.0,"ratio":1.0000,"path":"blit/alpha","orient":"rotcw","mem":"psram","rend":"async2","alpha":255,"halign":0,"corpus":0},"w":{"rows":12,"glyphs":161,"chars":175,"src_px":13512,"dest_px":13512},"m":{"reps":19,"n":15,"min":97233,"med":97393,"max":97569,"mean":97402.7,"sd":73.2},"d":{"ns_iter":5125947,"ns_px":379.36},"q":{"cv":0.08,"spread":0.34,"mhz":360.0,"outliers":0,"flags":[]},"h":"de65743c"} @@efa3630a@@
@@BENCH-RAW@@ {"i":38,"s":[97393,97233,97407,97380,97428,97434,97428,97393,97378,97350,97569,97357,97507,97345,97438]} @@a5cb5852@@
I (70534) bench: [39/71] c888.fast2.rotcw.psram.async2     5125947 ns/iter  379.36 ns/px  cv 0.08%
@@BENCH-CELL@@ {"t":"cell","i":39,"id":"c888.fast2.rotcw.sram.sync","g":"cube","ax":{"fmt":"888","font":"saira_regular","size":18.0,"ratio":1.0000,"path":"blit/alpha","orient":"rotcw","mem":"sram","rend":"sync","alpha":255,"halign":0,"corpus":0},"w":{"rows":12,"glyphs":161,"chars":175,"src_px":13512,"dest_px":13512},"m":{"reps":17,"n":15,"min":109581,"med":109609,"max":109651,"mean":109616.6,"sd":24.5},"d":{"ns_iter":6447588,"ns_px":477.17},"q":{"cv":0.02,"spread":0.06,"mhz":360.0,"outliers":0,"flags":[]},"h":"de65743c"} @@60ea243b@@
@@BENCH-RAW@@ {"i":39,"s":[109642,109651,109645,109640,109646,109581,109585,109584,109598,109603,109608,109609,109601,109613,109643]} @@1b2ec454@@
I (72234) bench: [40/71] c888.fast2.rotcw.sram.sync        6447588 ns/iter  477.17 ns/px  cv 0.02%
@@BENCH-CELL@@ {"t":"cell","i":40,"id":"c888.fast2.rotcw.sram.async2","g":"cube","ax":{"fmt":"888","font":"saira_regular","size":18.0,"ratio":1.0000,"path":"blit/alpha","orient":"rotcw","mem":"sram","rend":"async2","alpha":255,"halign":0,"corpus":0},"w":{"rows":12,"glyphs":161,"chars":175,"src_px":13512,"dest_px":13512},"m":{"reps":22,"n":15,"min":104777,"med":104816,"max":105014,"mean":104837.7,"sd":60.7},"d":{"ns_iter":4764363,"ns_px":352.60},"q":{"cv":0.06,"spread":0.23,"mhz":360.0,"outliers":0,"flags":[]},"h":"de65743c"} @@69e009f4@@
@@BENCH-RAW@@ {"i":40,"s":[104799,104785,104810,104816,104845,104829,104777,104813,105014,104824,104788,104854,104867,104809,104936]} @@cc7d64ba@@
I (73844) bench: [41/71] c888.fast2.rotcw.sram.async2      4764363 ns/iter  352.60 ns/px  cv 0.06%
@@BENCH-CELL@@ {"t":"cell","i":41,"id":"c888.shader.upright.psram.sync","g":"cube","ax":{"fmt":"888","font":"saira_regular","size":27.0,"ratio":1.5000,"path":"shader/aa","orient":"upright","mem":"psram","rend":"sync","alpha":255,"halign":0,"corpus":0},"w":{"rows":8,"glyphs":92,"chars":100,"src_px":7701,"dest_px":18002},"m":{"reps":1,"n":12,"min":133027,"med":133107,"max":133204,"mean":133108.5,"sd":39.5},"d":{"ns_iter":133107000,"ns_px":7394.01},"q":{"cv":0.03,"spread":0.13,"mhz":360.0,"outliers":0,"flags":[]},"h":"839de335"} @@64708bbf@@
@@BENCH-RAW@@ {"i":41,"s":[133129,133204,133095,133107,133080,133113,133142,133102,133090,133027,133110,133103]} @@b7d5df6c@@
I (76004) bench: [42/71] c888.shader.upright.psram.sync   133107000 ns/iter  7394.01 ns/px  cv 0.03%
@@BENCH-CELL@@ {"t":"cell","i":42,"id":"c888.shader.upright.psram.async2","g":"cube","ax":{"fmt":"888","font":"saira_regular","size":27.0,"ratio":1.5000,"path":"shader/aa","orient":"upright","mem":"psram","rend":"async2","alpha":255,"halign":0,"corpus":0},"w":{"rows":8,"glyphs":92,"chars":100,"src_px":7701,"dest_px":18002},"m":{"reps":2,"n":12,"min":134040,"med":134060,"max":134163,"mean":134068.4,"sd":31.3},"d":{"ns_iter":67030000,"ns_px":3723.48},"q":{"cv":0.02,"spread":0.09,"mhz":360.0,"outliers":0,"flags":[]},"h":"839de335"} @@e3053863@@
@@BENCH-RAW@@ {"i":42,"s":[134163,134079,134077,134056,134081,134060,134044,134063,134047,134040,134055,134056]} @@f43974e6@@
I (77914) bench: [43/71] c888.shader.upright.psram.async2 67030000 ns/iter  3723.48 ns/px  cv 0.02%
@@BENCH-CELL@@ {"t":"cell","i":43,"id":"c888.shader.upright.sram.sync","g":"cube","ax":{"fmt":"888","font":"saira_regular","size":27.0,"ratio":1.5000,"path":"shader/aa","orient":"upright","mem":"sram","rend":"sync","alpha":255,"halign":0,"corpus":0},"w":{"rows":8,"glyphs":92,"chars":100,"src_px":7701,"dest_px":18002},"m":{"reps":1,"n":12,"min":132947,"med":133093,"max":133135,"mean":133073.4,"sd":52.8},"d":{"ns_iter":133093000,"ns_px":7393.23},"q":{"cv":0.04,"spread":0.14,"mhz":360.0,"outliers":0,"flags":[]},"h":"839de335"} @@b970b43d@@
@@BENCH-RAW@@ {"i":43,"s":[133080,132990,133074,133112,133135,133075,133114,133047,133098,133093,133116,132947]} @@6580b969@@
I (80064) bench: [44/71] c888.shader.upright.sram.sync    133093000 ns/iter  7393.23 ns/px  cv 0.04%
@@BENCH-CELL@@ {"t":"cell","i":44,"id":"c888.shader.upright.sram.async2","g":"cube","ax":{"fmt":"888","font":"saira_regular","size":27.0,"ratio":1.5000,"path":"shader/aa","orient":"upright","mem":"sram","rend":"async2","alpha":255,"halign":0,"corpus":0},"w":{"rows":8,"glyphs":92,"chars":100,"src_px":7701,"dest_px":18002},"m":{"reps":2,"n":12,"min":133818,"med":133830,"max":133899,"mean":133837.2,"sd":21.8},"d":{"ns_iter":66915000,"ns_px":3717.09},"q":{"cv":0.02,"spread":0.06,"mhz":360.0,"outliers":0,"flags":[]},"h":"839de335"} @@d51f50f6@@
@@BENCH-RAW@@ {"i":44,"s":[133818,133828,133823,133853,133823,133822,133899,133830,133843,133819,133839,133849]} @@baa40afd@@
I (81964) bench: [45/71] c888.shader.upright.sram.async2  66915000 ns/iter  3717.09 ns/px  cv 0.02%
@@BENCH-CELL@@ {"t":"cell","i":45,"id":"c888.shader.rotcw.psram.sync","g":"cube","ax":{"fmt":"888","font":"saira_regular","size":27.0,"ratio":1.5000,"path":"shader/aa","orient":"rotcw","mem":"psram","rend":"sync","alpha":255,"halign":0,"corpus":0},"w":{"rows":8,"glyphs":92,"chars":100,"src_px":7701,"dest_px":18002},"m":{"reps":1,"n":13,"min":126553,"med":126670,"max":126785,"mean":126654.2,"sd":67.5},"d":{"ns_iter":126670000,"ns_px":7036.44},"q":{"cv":0.05,"spread":0.18,"mhz":360.0,"outliers":0,"flags":[]},"h":"dd1828a1"} @@9381ac48@@
@@BENCH-RAW@@ {"i":45,"s":[126553,126785,126589,126558,126562,126658,126687,126670,126680,126725,126677,126703,126657]} @@5ce3083d@@
I (84154) bench: [46/71] c888.shader.rotcw.psram.sync     126670000 ns/iter  7036.44 ns/px  cv 0.05%
@@BENCH-CELL@@ {"t":"cell","i":46,"id":"c888.shader.rotcw.psram.async2","g":"cube","ax":{"fmt":"888","font":"saira_regular","size":27.0,"ratio":1.5000,"path":"shader/aa","orient":"rotcw","mem":"psram","rend":"async2","alpha":255,"halign":0,"corpus":0},"w":{"rows":8,"glyphs":92,"chars":100,"src_px":7701,"dest_px":18002},"m":{"reps":2,"n":12,"min":134375,"med":134426,"max":134646,"mean":134458.2,"sd":92.4},"d":{"ns_iter":67213000,"ns_px":3733.64},"q":{"cv":0.07,"spread":0.20,"mhz":360.0,"outliers":0,"flags":[]},"h":"dd1828a1"} @@c26a8a8f@@
@@BENCH-RAW@@ {"i":46,"s":[134482,134613,134646,134566,134434,134389,134405,134384,134426,134375,134387,134392]} @@989cb52a@@
I (86064) bench: [47/71] c888.shader.rotcw.psram.async2   67213000 ns/iter  3733.64 ns/px  cv 0.07%
@@BENCH-CELL@@ {"t":"cell","i":47,"id":"c888.shader.rotcw.sram.sync","g":"cube","ax":{"fmt":"888","font":"saira_regular","size":27.0,"ratio":1.5000,"path":"shader/aa","orient":"rotcw","mem":"sram","rend":"sync","alpha":255,"halign":0,"corpus":0},"w":{"rows":8,"glyphs":92,"chars":100,"src_px":7701,"dest_px":18002},"m":{"reps":1,"n":13,"min":126152,"med":126173,"max":126192,"mean":126172.5,"sd":10.2},"d":{"ns_iter":126173000,"ns_px":7008.83},"q":{"cv":0.01,"spread":0.03,"mhz":360.0,"outliers":0,"flags":[]},"h":"dd1828a1"} @@306f1ad5@@
@@BENCH-RAW@@ {"i":47,"s":[126178,126166,126162,126172,126192,126179,126164,126173,126164,126183,126152,126179,126179]} @@9a3d7424@@
I (88234) bench: [48/71] c888.shader.rotcw.sram.sync      126173000 ns/iter  7008.83 ns/px  cv 0.01%
@@BENCH-CELL@@ {"t":"cell","i":48,"id":"c888.shader.rotcw.sram.async2","g":"cube","ax":{"fmt":"888","font":"saira_regular","size":27.0,"ratio":1.5000,"path":"shader/aa","orient":"rotcw","mem":"sram","rend":"async2","alpha":255,"halign":0,"corpus":0},"w":{"rows":8,"glyphs":92,"chars":100,"src_px":7701,"dest_px":18002},"m":{"reps":2,"n":12,"min":133237,"med":133428,"max":133457,"mean":133353.6,"sd":91.8},"d":{"ns_iter":66714000,"ns_px":3705.92},"q":{"cv":0.07,"spread":0.16,"mhz":360.0,"outliers":0,"flags":[]},"h":"dd1828a1"} @@0b3c984a@@
@@BENCH-RAW@@ {"i":48,"s":[133249,133246,133237,133276,133457,133443,133429,133449,133447,133428,133332,133250]} @@c7bd51be@@
I (90124) bench: [49/71] c888.shader.rotcw.sram.async2    66714000 ns/iter  3705.92 ns/px  cv 0.07%
@@BENCH-CELL@@ {"t":"cell","i":49,"id":"orient.rotccw","g":"orient","ax":{"fmt":"888","font":"saira_regular","size":18.0,"ratio":1.0000,"path":"blit/alpha","orient":"rotccw","mem":"psram","rend":"async2","alpha":255,"halign":0,"corpus":0},"w":{"rows":12,"glyphs":161,"chars":175,"src_px":13512,"dest_px":13512},"m":{"reps":19,"n":15,"min":96516,"med":96720,"max":96861,"mean":96696.7,"sd":104.4},"d":{"ns_iter":5090526,"ns_px":376.74},"q":{"cv":0.11,"spread":0.36,"mhz":360.0,"outliers":0,"flags":[]},"h":"e16cec42"} @@c5668822@@
@@BENCH-RAW@@ {"i":49,"s":[96517,96747,96826,96516,96711,96726,96802,96720,96606,96543,96861,96664,96751,96758,96703]} @@ddf8deb1@@
I (91624) bench: [50/71] orient.rotccw                     5090526 ns/iter  376.74 ns/px  cv 0.11%
@@BENCH-CELL@@ {"t":"cell","i":50,"id":"orient.rothalf","g":"orient","ax":{"fmt":"888","font":"saira_regular","size":18.0,"ratio":1.0000,"path":"blit/alpha","orient":"rothalf","mem":"psram","rend":"async2","alpha":255,"halign":0,"corpus":0},"w":{"rows":12,"glyphs":161,"chars":175,"src_px":13512,"dest_px":13512},"m":{"reps":20,"n":15,"min":97269,"med":97316,"max":97468,"mean":97326.7,"sd":48.4},"d":{"ns_iter":4865800,"ns_px":360.11},"q":{"cv":0.05,"spread":0.20,"mhz":360.0,"outliers":0,"flags":[]},"h":"a6066584"} @@058c5132@@
@@BENCH-RAW@@ {"i":50,"s":[97378,97285,97303,97326,97382,97333,97289,97468,97319,97305,97316,97269,97303,97292,97332]} @@5ba7aa68@@
I (93134) bench: [51/71] orient.rothalf                    4865800 ns/iter  360.11 ns/px  cv 0.05%
@@BENCH-CELL@@ {"t":"cell","i":51,"id":"orient.fliph","g":"orient","ax":{"fmt":"888","font":"saira_regular","size":18.0,"ratio":1.0000,"path":"blit/alpha","orient":"fliph","mem":"psram","rend":"async2","alpha":255,"halign":0,"corpus":0},"w":{"rows":12,"glyphs":161,"chars":175,"src_px":13512,"dest_px":13512},"m":{"reps":21,"n":15,"min":94193,"med":94281,"max":94408,"mean":94277.7,"sd":55.6},"d":{"ns_iter":4489571,"ns_px":332.27},"q":{"cv":0.06,"spread":0.23,"mhz":360.0,"outliers":0,"flags":[]},"h":"abc61a88"} @@7722eb39@@
@@BENCH-RAW@@ {"i":51,"s":[94320,94262,94408,94193,94208,94211,94287,94286,94238,94332,94281,94230,94303,94272,94334]} @@ecaa8d57@@
I (94594) bench: [52/71] orient.fliph                      4489571 ns/iter  332.27 ns/px  cv 0.06%
@@BENCH-CELL@@ {"t":"cell","i":52,"id":"orient.rotccwfliph","g":"orient","ax":{"fmt":"888","font":"saira_regular","size":18.0,"ratio":1.0000,"path":"blit/alpha","orient":"rotccwfliph","mem":"psram","rend":"async2","alpha":255,"halign":0,"corpus":0},"w":{"rows":12,"glyphs":161,"chars":175,"src_px":13512,"dest_px":13512},"m":{"reps":19,"n":15,"min":95805,"med":95975,"max":96212,"mean":96000.4,"sd":114.1},"d":{"ns_iter":5051315,"ns_px":373.84},"q":{"cv":0.12,"spread":0.42,"mhz":360.0,"outliers":0,"flags":[]},"h":"5262d8d8"} @@e2cd1828@@
@@BENCH-RAW@@ {"i":52,"s":[96055,96125,95924,95861,95805,96070,96119,95975,96212,96025,95975,95889,95954,95880,96137]} @@546e555c@@
I (96084) bench: [53/71] orient.rotccwfliph                5051315 ns/iter  373.84 ns/px  cv 0.12%
@@BENCH-CELL@@ {"t":"cell","i":53,"id":"orient.rothalffliph","g":"orient","ax":{"fmt":"888","font":"saira_regular","size":18.0,"ratio":1.0000,"path":"blit/alpha","orient":"rothalffliph","mem":"psram","rend":"async2","alpha":255,"halign":0,"corpus":0},"w":{"rows":12,"glyphs":161,"chars":175,"src_px":13512,"dest_px":13512},"m":{"reps":20,"n":15,"min":97423,"med":97491,"max":97693,"mean":97513.4,"sd":73.3},"d":{"ns_iter":4874550,"ns_px":360.76},"q":{"cv":0.08,"spread":0.28,"mhz":360.0,"outliers":0,"flags":[]},"h":"418c2762"} @@2d54f51c@@
@@BENCH-RAW@@ {"i":53,"s":[97623,97534,97491,97693,97508,97460,97562,97454,97464,97443,97423,97452,97467,97572,97555]} @@6170db85@@
I (97604) bench: [54/71] orient.rothalffliph               4874550 ns/iter  360.76 ns/px  cv 0.08%
@@BENCH-CELL@@ {"t":"cell","i":54,"id":"orient.rotcwfliph","g":"orient","ax":{"fmt":"888","font":"saira_regular","size":18.0,"ratio":1.0000,"path":"blit/alpha","orient":"rotcwfliph","mem":"psram","rend":"async2","alpha":255,"halign":0,"corpus":0},"w":{"rows":12,"glyphs":161,"chars":175,"src_px":13512,"dest_px":13512},"m":{"reps":19,"n":15,"min":96720,"med":96888,"max":97003,"mean":96876.5,"sd":77.6},"d":{"ns_iter":5099368,"ns_px":377.40},"q":{"cv":0.08,"spread":0.29,"mhz":360.0,"outliers":0,"flags":[]},"h":"0e714186"} @@e3629410@@
@@BENCH-RAW@@ {"i":54,"s":[96906,96955,96720,96862,96913,96919,96952,97003,96961,96844,96809,96865,96888,96786,96764]} @@d98df254@@
I (99104) bench: [55/71] orient.rotcwfliph                 5099368 ns/iter  377.40 ns/px  cv 0.08%
@@BENCH-CELL@@ {"t":"cell","i":55,"id":"font.sky@18","g":"font","ax":{"fmt":"888","font":"sky","size":18.0,"ratio":2.0000,"path":"blit/direct","orient":"rotcw","mem":"psram","rend":"async2","alpha":255,"halign":0,"corpus":0},"w":{"rows":12,"glyphs":148,"chars":162,"src_px":4014,"dest_px":16056},"m":{"reps":29,"n":15,"min":86156,"med":86421,"max":86618,"mean":86397.1,"sd":139.7},"d":{"ns_iter":2980034,"ns_px":185.60},"q":{"cv":0.16,"spread":0.53,"mhz":360.0,"outliers":0,"flags":[]},"h":"a32b1e1d"} @@19096468@@
@@BENCH-RAW@@ {"i":55,"s":[86311,86306,86310,86618,86265,86519,86466,86227,86571,86421,86156,86491,86552,86246,86497]} @@71c01489@@
I (100444) bench: [56/71] font.sky@18                       2980034 ns/iter  185.60 ns/px  cv 0.16%
@@BENCH-CELL@@ {"t":"cell","i":56,"id":"font.sky@27","g":"font","ax":{"fmt":"888","font":"sky","size":27.0,"ratio":3.0000,"path":"blit/direct","orient":"rotcw","mem":"psram","rend":"async2","alpha":255,"halign":0,"corpus":0},"w":{"rows":8,"glyphs":80,"chars":85,"src_px":2161,"dest_px":19449},"m":{"reps":32,"n":15,"min":81639,"med":81824,"max":82003,"mean":81816.4,"sd":106.2},"d":{"ns_iter":2557000,"ns_px":131.47},"q":{"cv":0.13,"spread":0.44,"mhz":360.0,"outliers":0,"flags":[]},"h":"4bc0b3f9"} @@97a9c5e9@@
@@BENCH-RAW@@ {"i":56,"s":[81906,81709,81892,81897,81879,81648,81639,81860,81803,81741,81743,82003,81959,81743,81824]} @@71262ca7@@
I (101714) bench: [57/71] font.sky@27                       2557000 ns/iter  131.47 ns/px  cv 0.13%
@@BENCH-CELL@@ {"t":"cell","i":57,"id":"font.skymono@9","g":"font","ax":{"fmt":"888","font":"sky_mono","size":9.0,"ratio":1.0000,"path":"blit/direct","orient":"rotcw","mem":"psram","rend":"async2","alpha":255,"halign":0,"corpus":0},"w":{"rows":23,"glyphs":373,"chars":397,"src_px":23499,"dest_px":23499},"m":{"reps":20,"n":15,"min":100691,"med":100770,"max":101027,"mean":100793.3,"sd":82.9},"d":{"ns_iter":5038500,"ns_px":214.41},"q":{"cv":0.08,"spread":0.33,"mhz":360.0,"outliers":0,"flags":[]},"h":"6335b160"} @@1afbe45e@@
@@BENCH-RAW@@ {"i":57,"s":[100895,100862,100747,100795,100704,100786,100778,101027,100691,100734,100852,100758,100770,100756,100744]} @@7797adec@@
I (103274) bench: [58/71] font.skymono@9                    5038500 ns/iter  214.41 ns/px  cv 0.08%
@@BENCH-CELL@@ {"t":"cell","i":58,"id":"font.sky@13","g":"font","ax":{"fmt":"888","font":"sky","size":13.0,"ratio":1.4444,"path":"shader/pal","orient":"rotcw","mem":"psram","rend":"async2","alpha":255,"halign":0,"corpus":0},"w":{"rows":17,"glyphs":239,"chars":255,"src_px":6321,"dest_px":12530},"m":{"reps":2,"n":15,"min":111981,"med":112052,"max":112171,"mean":112059.0,"sd":49.5},"d":{"ns_iter":56026000,"ns_px":4471.35},"q":{"cv":0.04,"spread":0.17,"mhz":360.0,"outliers":0,"flags":[]},"h":"254ec85e"} @@7220e631@@
@@BENCH-RAW@@ {"i":58,"s":[112106,112171,112149,112071,112018,112000,112052,111981,112045,112036,112046,112066,112059,112065,112020]} @@107aac82@@
I (105214) bench: [59/71] font.sky@13                      56026000 ns/iter  4471.35 ns/px  cv 0.04%
@@BENCH-CELL@@ {"t":"cell","i":59,"id":"font.saira@36","g":"font","ax":{"fmt":"888","font":"saira_regular","size":36.0,"ratio":2.0000,"path":"blit/alpha","orient":"rotcw","mem":"psram","rend":"async2","alpha":255,"halign":0,"corpus":0},"w":{"rows":6,"glyphs":56,"chars":61,"src_px":4710,"dest_px":18840},"m":{"reps":18,"n":15,"min":95640,"med":95708,"max":95775,"mean":95712.3,"sd":40.9},"d":{"ns_iter":5317111,"ns_px":282.22},"q":{"cv":0.04,"spread":0.14,"mhz":360.0,"outliers":0,"flags":[]},"h":"972d0991"} @@86abd68c@@
@@BENCH-RAW@@ {"i":59,"s":[95775,95641,95751,95723,95700,95702,95726,95682,95688,95770,95773,95696,95709,95708,95640]} @@0a6b42f2@@
I (106694) bench: [60/71] font.saira@36                     5317111 ns/iter  282.22 ns/px  cv 0.04%
@@BENCH-CELL@@ {"t":"cell","i":60,"id":"font.marker@22","g":"font","ax":{"fmt":"888","font":"marker","size":22.0,"ratio":1.0000,"path":"blit/alpha","orient":"rotcw","mem":"psram","rend":"async2","alpha":255,"halign":0,"corpus":0},"w":{"rows":10,"glyphs":125,"chars":136,"src_px":22847,"dest_px":22847},"m":{"reps":14,"n":15,"min":103205,"med":103358,"max":103589,"mean":103358.9,"sd":101.7},"d":{"ns_iter":7382714,"ns_px":323.14},"q":{"cv":0.10,"spread":0.37,"mhz":360.0,"outliers":0,"flags":[]},"h":"59dd778c"} @@0705eacc@@
@@BENCH-RAW@@ {"i":60,"s":[103490,103334,103419,103589,103326,103416,103205,103371,103272,103229,103358,103306,103370,103237,103461]} @@9872354e@@
I (108304) bench: [61/71] font.marker@22                    7382714 ns/iter  323.14 ns/px  cv 0.10%
@@BENCH-CELL@@ {"t":"cell","i":61,"id":"font.marker@33","g":"font","ax":{"fmt":"888","font":"marker","size":33.0,"ratio":1.5000,"path":"shader/aa","orient":"rotcw","mem":"psram","rend":"async2","alpha":255,"halign":0,"corpus":0},"w":{"rows":7,"glyphs":71,"chars":76,"src_px":13008,"dest_px":29868},"m":{"reps":2,"n":7,"min":215881,"med":215953,"max":216055,"mean":215950.1,"sd":53.4},"d":{"ns_iter":107976500,"ns_px":3615.12},"q":{"cv":0.02,"spread":0.08,"mhz":360.0,"outliers":0,"flags":[]},"h":"aed9f152"} @@3b19426b@@
@@BENCH-RAW@@ {"i":61,"s":[215953,216055,215911,215881,215984,215912,215955]} @@df55936e@@
I (110284) bench: [62/71] font.marker@33                   107976500 ns/iter  3615.12 ns/px  cv 0.02%
@@BENCH-CELL@@ {"t":"cell","i":62,"id":"font.condensed@45","g":"font","ax":{"fmt":"888","font":"saira_condensed","size":45.0,"ratio":1.0000,"path":"blit/alpha","orient":"rotcw","mem":"psram","rend":"async2","alpha":255,"halign":0,"corpus":0},"w":{"rows":5,"glyphs":47,"chars":51,"src_px":19237,"dest_px":19237},"m":{"reps":18,"n":15,"min":91917,"med":91962,"max":92040,"mean":91966.3,"sd":26.9},"d":{"ns_iter":5109000,"ns_px":265.58},"q":{"cv":0.03,"spread":0.13,"mhz":360.0,"outliers":0,"flags":[]},"h":"7bcb728d"} @@c586664b@@
@@BENCH-RAW@@ {"i":62,"s":[91962,91953,91917,91960,91946,91974,91970,91963,91982,91987,91954,92040,91936,91989,91962]} @@54022f48@@
I (111714) bench: [63/71] font.condensed@45                 5109000 ns/iter  265.58 ns/px  cv 0.03%
@@BENCH-CELL@@ {"t":"cell","i":63,"id":"font.saira@27.noaa","g":"font","ax":{"fmt":"888","font":"saira_regular_noaa","size":27.0,"ratio":1.5000,"path":"shader/plain","orient":"rotcw","mem":"psram","rend":"async2","alpha":255,"halign":0,"corpus":0},"w":{"rows":8,"glyphs":92,"chars":100,"src_px":7701,"dest_px":18002},"m":{"reps":2,"n":13,"min":123044,"med":123130,"max":123393,"mean":123153.2,"sd":98.4},"d":{"ns_iter":61565000,"ns_px":3419.90},"q":{"cv":0.08,"spread":0.28,"mhz":360.0,"outliers":0,"flags":[]},"h":"9c31759b"} @@df01c7fc@@
@@BENCH-RAW@@ {"i":63,"s":[123215,123139,123082,123130,123250,123393,123256,123186,123082,123075,123087,123052,123044]} @@0a274951@@
I (113594) bench: [64/71] font.saira@27.noaa               61565000 ns/iter  3419.90 ns/px  cv 0.08%
@@BENCH-CELL@@ {"t":"cell","i":64,"id":"rend.async1","g":"rend","ax":{"fmt":"888","font":"saira_regular","size":18.0,"ratio":1.0000,"path":"blit/alpha","orient":"rotcw","mem":"psram","rend":"async1","alpha":255,"halign":0,"corpus":0},"w":{"rows":12,"glyphs":161,"chars":175,"src_px":13512,"dest_px":13512},"m":{"reps":14,"n":14,"min":107745,"med":107840,"max":107977,"mean":107842.4,"sd":66.6},"d":{"ns_iter":7702857,"ns_px":570.08},"q":{"cv":0.06,"spread":0.22,"mhz":360.0,"outliers":0,"flags":[]},"h":"de65743c"} @@68bb01b2@@
@@BENCH-RAW@@ {"i":64,"s":[107875,107783,107977,107842,107952,107840,107761,107745,107821,107831,107880,107835,107891,107760]} @@34bd207d@@
I (115164) bench: [65/71] rend.async1                       7702857 ns/iter  570.08 ns/px  cv 0.06%
@@BENCH-CELL@@ {"t":"cell","i":65,"id":"alpha.fast1.a128","g":"alpha","ax":{"fmt":"888","font":"sky","size":9.0,"ratio":1.0000,"path":"blit/alpha","orient":"rotcw","mem":"psram","rend":"async2","alpha":128,"halign":0,"corpus":0},"w":{"rows":23,"glyphs":373,"chars":397,"src_px":10135,"dest_px":10135},"m":{"reps":17,"n":15,"min":102734,"med":102883,"max":103060,"mean":102891.8,"sd":95.4},"d":{"ns_iter":6051941,"ns_px":597.13},"q":{"cv":0.09,"spread":0.32,"mhz":360.0,"outliers":0,"flags":[]},"h":"cc2eccc5"} @@b8150d14@@
@@BENCH-RAW@@ {"i":65,"s":[102832,102883,102933,102813,102873,102952,103000,102970,102918,102734,102744,102814,103060,102828,103023]} @@171f92b1@@
I (116764) bench: [66/71] alpha.fast1.a128                  6051941 ns/iter  597.13 ns/px  cv 0.09%
@@BENCH-CELL@@ {"t":"cell","i":66,"id":"alpha.fast2.a128","g":"alpha","ax":{"fmt":"888","font":"saira_regular","size":18.0,"ratio":1.0000,"path":"blit/alpha","orient":"rotcw","mem":"psram","rend":"async2","alpha":128,"halign":0,"corpus":0},"w":{"rows":12,"glyphs":161,"chars":175,"src_px":13512,"dest_px":13512},"m":{"reps":19,"n":15,"min":96850,"med":96964,"max":97115,"mean":96970.1,"sd":69.8},"d":{"ns_iter":5103368,"ns_px":377.69},"q":{"cv":0.07,"spread":0.27,"mhz":360.0,"outliers":0,"flags":[]},"h":"012c199d"} @@3167137e@@
@@BENCH-RAW@@ {"i":66,"s":[96943,97115,96887,96946,97038,97020,97019,96998,96964,96933,96886,96903,97012,97037,96850]} @@40f13adb@@
I (118264) bench: [67/71] alpha.fast2.a128                  5103368 ns/iter  377.69 ns/px  cv 0.07%
@@BENCH-CELL@@ {"t":"cell","i":67,"id":"len.short","g":"len","ax":{"fmt":"888","font":"saira_regular","size":18.0,"ratio":1.0000,"path":"blit/alpha","orient":"rotcw","mem":"psram","rend":"async2","alpha":255,"halign":0,"corpus":1},"w":{"rows":12,"glyphs":82,"chars":83,"src_px":7336,"dest_px":7336},"m":{"reps":29,"n":15,"min":90521,"med":90604,"max":90728,"mean":90616.3,"sd":50.1},"d":{"ns_iter":3124275,"ns_px":425.88},"q":{"cv":0.06,"spread":0.23,"mhz":360.0,"outliers":0,"flags":[]},"h":"450061c8"} @@ff704650@@
@@BENCH-RAW@@ {"i":67,"s":[90627,90587,90660,90576,90585,90598,90521,90728,90604,90628,90683,90558,90597,90651,90641]} @@1db33150@@
I (119664) bench: [68/71] len.short                         3124275 ns/iter  425.88 ns/px  cv 0.06%
@@BENCH-CELL@@ {"t":"cell","i":68,"id":"len.long","g":"len","ax":{"fmt":"888","font":"saira_regular","size":18.0,"ratio":1.0000,"path":"blit/alpha","orient":"rotcw","mem":"psram","rend":"async2","alpha":255,"halign":0,"corpus":2},"w":{"rows":12,"glyphs":273,"chars":315,"src_px":22206,"dest_px":22206},"m":{"reps":13,"n":15,"min":105419,"med":105798,"max":105984,"mean":105772.5,"sd":128.5},"d":{"ns_iter":8138307,"ns_px":366.49},"q":{"cv":0.12,"spread":0.53,"mhz":360.0,"outliers":0,"flags":[]},"h":"504a97ad"} @@049b0a9f@@
@@BENCH-RAW@@ {"i":68,"s":[105893,105651,105754,105798,105419,105814,105766,105648,105851,105851,105727,105984,105724,105840,105868]} @@7afc0ff8@@
I (121314) bench: [69/71] len.long                          8138307 ns/iter  366.49 ns/px  cv 0.12%
@@BENCH-CELL@@ {"t":"cell","i":69,"id":"align.center","g":"align","ax":{"fmt":"888","font":"saira_regular","size":18.0,"ratio":1.0000,"path":"blit/alpha","orient":"rotcw","mem":"psram","rend":"async2","alpha":255,"halign":1,"corpus":0},"w":{"rows":12,"glyphs":161,"chars":175,"src_px":13512,"dest_px":13512},"m":{"reps":19,"n":15,"min":97378,"med":97492,"max":97827,"mean":97527.1,"sd":110.2},"d":{"ns_iter":5131157,"ns_px":379.75},"q":{"cv":0.11,"spread":0.46,"mhz":360.0,"outliers":0,"flags":[]},"h":"4f91d280"} @@e461f7b0@@
@@BENCH-RAW@@ {"i":69,"s":[97473,97618,97566,97559,97447,97451,97492,97524,97393,97827,97628,97456,97481,97378,97614]} @@5e88cdb2@@
I (122834) bench: [70/71] align.center                      5131157 ns/iter  379.75 ns/px  cv 0.11%
@@BENCH-CELL@@ {"t":"cell","i":70,"id":"drift.last","g":"drift","ax":{"fmt":"888","font":"saira_regular","size":18.0,"ratio":1.0000,"path":"blit/alpha","orient":"rotcw","mem":"psram","rend":"async2","alpha":255,"halign":0,"corpus":0},"w":{"rows":12,"glyphs":161,"chars":175,"src_px":13512,"dest_px":13512},"m":{"reps":19,"n":15,"min":96805,"med":96936,"max":97205,"mean":96942.8,"sd":87.3},"d":{"ns_iter":5101894,"ns_px":377.58},"q":{"cv":0.09,"spread":0.41,"mhz":360.0,"outliers":0,"flags":[]},"h":"de65743c"} @@cdca288c@@
@@BENCH-RAW@@ {"i":70,"s":[96805,96893,96874,96936,97205,96904,96926,96878,96981,96880,96967,96953,96938,97015,96987]} @@6dabece8@@
I (124334) bench: [71/71] drift.last                        5101894 ns/iter  377.58 ns/px  cv 0.09%
@@BENCH-END@@ {"t":"end","cells":71,"total_us":118296278,"status":"ok"} @@433d2053@@
