@@BENCH-BEGIN@@ {"t":"begin","schema":1,"cells":71,"boot_us":6577702,"reset":3,"build":{"app_git":"058fa78daccb","app_dirty":false,"app_branch":"main","pax_git":"964533a6d894","pax_dirty":false,"pax_branch":"main","idf":"v6.0.2","opt":"Os","app_ver":"058fa78","app_date":"Aug 20 2026 11:25:12"},"hw":{"chip":"esp32p4","rev":103,"cores":2,"cpu_mhz_nom":360,"cpu_mhz_meas":360.00,"l2_kb":128,"l2_line":64,"psram":true},"cfg":{"pm_enable":true,"pm_lock":true,"tick_hz":100,"wdt":false,"pax":{"bounds_check":false,"orientation":true,"async":"multithread","range_setter":true,"range_merger":true,"fixed_point":true,"long_fixed_point":true,"queue_size":32,"sso_len":32}},"mem":{"tile_dim":256,"int_addr":"0x4ff40700","psram_addr":"0x4811a900","int_free":339635,"int_largest":192512,"psram_free":30524228},"bench":{"n_samples":15,"warmup":2,"target_sample_us":110000,"cell_budget_us":2000000,"corpus_ver":1,"join_placement":"per_sample","driver_core":0,"driver_prio":5,"scrub_bytes":524288}} @@72cbb601@@
@@BENCH-CELL@@ {"t":"cell","i":0,"id":"drift.first","g":"drift","ax":{"fmt":"888","font":"saira_regular","size":18.0,"ratio":1.0000,"path":"blit/alpha","orient":"rotcw","mem":"psram","rend":"async2","alpha":255,"halign":0,"corpus":0},"w":{"rows":12,"glyphs":161,"chars":175,"src_px":13512,"dest_px":13512},"m":{"reps":20,"n":15,"min":94286,"med":94487,"max":94654,"mean":94504.7,"sd":100.8},"d":{"ns_iter":4724350,"ns_px":349.64},"q":{"cv":0.11,"spread":0.39,"mhz":360.0,"outliers":0,"flags":[]},"h":"de65743c"} @@38265da4@@
@@BENCH-RAW@@ {"i":0,"s":[94654,94626,94286,94446,94534,94539,94509,94467,94487,94454,94635,94409,94649,94406,94470]} @@dc310007@@
I (9276) bench: [1/71] drift.first                       4724350 ns/iter  349.64 ns/px  cv 0.11%
@@BENCH-CELL@@ {"t":"cell","i":1,"id":"c565.fast1.upright.psram.sync","g":"cube","ax":{"fmt":"565","font":"sky","size":9.0,"ratio":1.0000,"path":"blit/direct","orient":"upright","mem":"psram","rend":"sync","alpha":255,"halign":0,"corpus":0},"w":{"rows":23,"glyphs":373,"chars":397,"src_px":10135,"dest_px":10135},"m":{"reps":45,"n":15,"min":87033,"med":87168,"max":87243,"mean":87167.3,"sd":56.7},"d":{"ns_iter":1937066,"ns_px":191.13},"q":{"cv":0.07,"spread":0.24,"mhz":360.0,"outliers":0,"flags":[]},"h":"16b7abd1"} @@da678eea@@
@@BENCH-RAW@@ {"i":1,"s":[87033,87179,87237,87205,87166,87179,87144,87239,87243,87168,87217,87133,87095,87161,87110]} @@81c131de@@
I (10616) bench: [2/71] c565.fast1.upright.psram.sync     1937066 ns/iter  191.13 ns/px  cv 0.07%
@@BENCH-CELL@@ {"t":"cell","i":2,"id":"c565.fast1.upright.psram.async2","g":"cube","ax":{"fmt":"565","font":"sky","size":9.0,"ratio":1.0000,"path":"blit/direct","orient":"upright","mem":"psram","rend":"async2","alpha":255,"halign":0,"corpus":0},"w":{"rows":23,"glyphs":373,"chars":397,"src_px":10135,"dest_px":10135},"m":{"reps":28,"n":15,"min":101930,"med":102168,"max":102356,"mean":102153.8,"sd":141.8},"d":{"ns_iter":3648857,"ns_px":360.03},"q":{"cv":0.14,"spread":0.42,"mhz":360.0,"outliers":0,"flags":[]},"h":"16b7abd1"} @@9882437d@@
@@BENCH-RAW@@ {"i":2,"s":[101970,101953,101930,101996,102214,102040,102168,102356,102277,102215,102205,102345,102155,102138,102345]} @@41004106@@
I (12186) bench: [3/71] c565.fast1.upright.psram.async2   3648857 ns/iter  360.03 ns/px  cv 0.14%
@@BENCH-CELL@@ {"t":"cell","i":3,"id":"c565.fast1.upright.sram.sync","g":"cube","ax":{"fmt":"565","font":"sky","size":9.0,"ratio":1.0000,"path":"blit/direct","orient":"upright","mem":"sram","rend":"sync","alpha":255,"halign":0,"corpus":0},"w":{"rows":23,"glyphs":373,"chars":397,"src_px":10135,"dest_px":10135},"m":{"reps":52,"n":15,"min":100579,"med":100659,"max":100765,"mean":100665.9,"sd":56.5},"d":{"ns_iter":1935750,"ns_px":191.00},"q":{"cv":0.06,"spread":0.18,"mhz":360.0,"outliers":0,"flags":[]},"h":"16b7abd1"} @@dac8ce32@@
@@BENCH-RAW@@ {"i":3,"s":[100659,100605,100648,100605,100593,100765,100737,100694,100765,100698,100648,100647,100673,100579,100673]} @@778170bf@@
I (13726) bench: [4/71] c565.fast1.upright.sram.sync      1935750 ns/iter  191.00 ns/px  cv 0.06%
@@BENCH-CELL@@ {"t":"cell","i":4,"id":"c565.fast1.upright.sram.async2","g":"cube","ax":{"fmt":"565","font":"sky","size":9.0,"ratio":1.0000,"path":"blit/direct","orient":"upright","mem":"sram","rend":"async2","alpha":255,"halign":0,"corpus":0},"w":{"rows":23,"glyphs":373,"chars":397,"src_px":10135,"dest_px":10135},"m":{"reps":30,"n":15,"min":109133,"med":109290,"max":109505,"mean":109328.8,"sd":109.2},"d":{"ns_iter":3643000,"ns_px":359.45},"q":{"cv":0.10,"spread":0.34,"mhz":360.0,"outliers":0,"flags":[]},"h":"16b7abd1"} @@6ad56b7f@@
@@BENCH-RAW@@ {"i":4,"s":[109133,109448,109486,109470,109505,109405,109219,109253,109268,109371,109339,109259,109231,109255,109290]} @@e1d5d96f@@
I (15396) bench: [5/71] c565.fast1.upright.sram.async2    3643000 ns/iter  359.45 ns/px  cv 0.10%
@@BENCH-CELL@@ {"t":"cell","i":5,"id":"c565.fast1.rotcw.psram.sync","g":"cube","ax":{"fmt":"565","font":"sky","size":9.0,"ratio":1.0000,"path":"blit/direct","orient":"rotcw","mem":"psram","rend":"sync","alpha":255,"halign":0,"corpus":0},"w":{"rows":23,"glyphs":373,"chars":397,"src_px":10135,"dest_px":10135},"m":{"reps":39,"n":15,"min":76539,"med":76723,"max":76796,"mean":76692.1,"sd":86.0},"d":{"ns_iter":1967256,"ns_px":194.11},"q":{"cv":0.11,"spread":0.33,"mhz":360.0,"outliers":0,"flags":[]},"h":"70d20c11"} @@d2527b09@@
@@BENCH-RAW@@ {"i":5,"s":[76743,76745,76740,76790,76743,76796,76721,76723,76790,76580,76677,76560,76661,76539,76573]} @@cd2d4e5b@@
I (16586) bench: [6/71] c565.fast1.rotcw.psram.sync       1967256 ns/iter  194.11 ns/px  cv 0.11%
@@BENCH-CELL@@ {"t":"cell","i":6,"id":"c565.fast1.rotcw.psram.async2","g":"cube","ax":{"fmt":"565","font":"sky","size":9.0,"ratio":1.0000,"path":"blit/direct","orient":"rotcw","mem":"psram","rend":"async2","alpha":255,"halign":0,"corpus":0},"w":{"rows":23,"glyphs":373,"chars":397,"src_px":10135,"dest_px":10135},"m":{"reps":26,"n":15,"min":97484,"med":97672,"max":97816,"mean":97683.5,"sd":90.0},"d":{"ns_iter":3756615,"ns_px":370.66},"q":{"cv":0.09,"spread":0.34,"mhz":360.0,"outliers":0,"flags":[]},"h":"70d20c11"} @@ce1fe630@@
@@BENCH-RAW@@ {"i":6,"s":[97682,97800,97814,97762,97630,97816,97761,97680,97646,97651,97575,97626,97654,97484,97672]} @@393d6886@@
I (18086) bench: [7/71] c565.fast1.rotcw.psram.async2     3756615 ns/iter  370.66 ns/px  cv 0.09%
@@BENCH-CELL@@ {"t":"cell","i":7,"id":"c565.fast1.rotcw.sram.sync","g":"cube","ax":{"fmt":"565","font":"sky","size":9.0,"ratio":1.0000,"path":"blit/direct","orient":"rotcw","mem":"sram","rend":"sync","alpha":255,"halign":0,"corpus":0},"w":{"rows":23,"glyphs":373,"chars":397,"src_px":10135,"dest_px":10135},"m":{"reps":51,"n":15,"min":99619,"med":99847,"max":100152,"mean":99846.3,"sd":162.6},"d":{"ns_iter":1957784,"ns_px":193.17},"q":{"cv":0.16,"spread":0.53,"mhz":360.0,"outliers":0,"flags":[]},"h":"70d20c11"} @@564f2c2a@@
@@BENCH-RAW@@ {"i":7,"s":[99915,99851,99974,99640,99847,99744,100013,100147,100152,99619,99851,99668,99807,99735,99731]} @@209b1abf@@
I (19606) bench: [8/71] c565.fast1.rotcw.sram.sync        1957784 ns/iter  193.17 ns/px  cv 0.16%
@@BENCH-CELL@@ {"t":"cell","i":8,"id":"c565.fast1.rotcw.sram.async2","g":"cube","ax":{"fmt":"565","font":"sky","size":9.0,"ratio":1.0000,"path":"blit/direct","orient":"rotcw","mem":"sram","rend":"async2","alpha":255,"halign":0,"corpus":0},"w":{"rows":23,"glyphs":373,"chars":397,"src_px":10135,"dest_px":10135},"m":{"reps":30,"n":15,"min":111925,"med":112195,"max":112439,"mean":112214.3,"sd":133.5},"d":{"ns_iter":3739833,"ns_px":369.00},"q":{"cv":0.12,"spread":0.46,"mhz":360.0,"outliers":0,"flags":[]},"h":"70d20c11"} @@2023f6f9@@
@@BENCH-RAW@@ {"i":8,"s":[112313,112439,112428,112347,112180,111925,112019,112184,112210,112141,112137,112297,112195,112220,112179]} @@95f2823d@@
I (21326) bench: [9/71] c565.fast1.rotcw.sram.async2      3739833 ns/iter  369.00 ns/px  cv 0.12%
@@BENCH-CELL@@ {"t":"cell","i":9,"id":"c565.fast2.upright.psram.sync","g":"cube","ax":{"fmt":"565","font":"saira_regular","size":18.0,"ratio":1.0000,"path":"blit/alpha","orient":"upright","mem":"psram","rend":"sync","alpha":255,"halign":0,"corpus":0},"w":{"rows":12,"glyphs":161,"chars":175,"src_px":13512,"dest_px":13512},"m":{"reps":16,"n":15,"min":102121,"med":102135,"max":102205,"mean":102140.1,"sd":19.9},"d":{"ns_iter":6383437,"ns_px":472.43},"q":{"cv":0.02,"spread":0.08,"mhz":360.0,"outliers":0,"flags":[]},"h":"ecacce31"} @@764e0a18@@
@@BENCH-RAW@@ {"i":9,"s":[102153,102121,102129,102135,102128,102141,102150,102149,102205,102145,102123,102129,102130,102137,102126]} @@684fe8f4@@
I (22906) bench: [10/71] c565.fast2.upright.psram.sync     6383437 ns/iter  472.43 ns/px  cv 0.02%
@@BENCH-CELL@@ {"t":"cell","i":10,"id":"c565.fast2.upright.psram.async2","g":"cube","ax":{"fmt":"565","font":"saira_regular","size":18.0,"ratio":1.0000,"path":"blit/alpha","orient":"upright","mem":"psram","rend":"async2","alpha":255,"halign":0,"corpus":0},"w":{"rows":12,"glyphs":161,"chars":175,"src_px":13512,"dest_px":13512},"m":{"reps":22,"n":15,"min":94902,"med":94968,"max":95060,"mean":94979.1,"sd":39.6},"d":{"ns_iter":4316727,"ns_px":319.47},"q":{"cv":0.04,"spread":0.17,"mhz":360.0,"outliers":0,"flags":[]},"h":"ecacce31"} @@4da234b6@@
@@BENCH-RAW@@ {"i":10,"s":[94934,94902,95021,94999,94968,94958,94943,94968,95010,94965,95023,94961,94962,95013,95060]} @@8b7d60cc@@
I (24376) bench: [11/71] c565.fast2.upright.psram.async2   4316727 ns/iter  319.47 ns/px  cv 0.04%
@@BENCH-CELL@@ {"t":"cell","i":11,"id":"c565.fast2.upright.sram.sync","g":"cube","ax":{"fmt":"565","font":"saira_regular","size":18.0,"ratio":1.0000,"path":"blit/alpha","orient":"upright","mem":"sram","rend":"sync","alpha":255,"halign":0,"corpus":0},"w":{"rows":12,"glyphs":161,"chars":175,"src_px":13512,"dest_px":13512},"m":{"reps":17,"n":15,"min":108533,"med":108546,"max":108586,"mean":108549.0,"sd":12.1},"d":{"ns_iter":6385058,"ns_px":472.55},"q":{"cv":0.01,"spread":0.05,"mhz":360.0,"outliers":0,"flags":[]},"h":"ecacce31"} @@8c0471ed@@
@@BENCH-RAW@@ {"i":11,"s":[108558,108554,108543,108539,108550,108561,108545,108586,108546,108541,108545,108533,108547,108541,108546]} @@9ac40aa9@@
I (26046) bench: [12/71] c565.fast2.upright.sram.sync      6385058 ns/iter  472.55 ns/px  cv 0.01%
@@BENCH-CELL@@ {"t":"cell","i":12,"id":"c565.fast2.upright.sram.async2","g":"cube","ax":{"fmt":"565","font":"saira_regular","size":18.0,"ratio":1.0000,"path":"blit/alpha","orient":"upright","mem":"sram","rend":"async2","alpha":255,"halign":0,"corpus":0},"w":{"rows":12,"glyphs":161,"chars":175,"src_px":13512,"dest_px":13512},"m":{"reps":24,"n":15,"min":103567,"med":103629,"max":103718,"mean":103639.7,"sd":41.0},"d":{"ns_iter":4317875,"ns_px":319.56},"q":{"cv":0.04,"spread":0.15,"mhz":360.0,"outliers":0,"flags":[]},"h":"ecacce31"} @@a047b8e3@@
@@BENCH-RAW@@ {"i":12,"s":[103593,103654,103671,103623,103699,103718,103567,103629,103589,103678,103622,103624,103678,103622,103629]} @@48c0f501@@
I (27646) bench: [13/71] c565.fast2.upright.sram.async2    4317875 ns/iter  319.56 ns/px  cv 0.04%
@@BENCH-CELL@@ {"t":"cell","i":13,"id":"c565.fast2.rotcw.psram.sync","g":"cube","ax":{"fmt":"565","font":"saira_regular","size":18.0,"ratio":1.0000,"path":"blit/alpha","orient":"rotcw","mem":"psram","rend":"sync","alpha":255,"halign":0,"corpus":0},"w":{"rows":12,"glyphs":161,"chars":175,"src_px":13512,"dest_px":13512},"m":{"reps":15,"n":15,"min":96728,"med":96769,"max":96864,"mean":96770.2,"sd":31.1},"d":{"ns_iter":6451266,"ns_px":477.45},"q":{"cv":0.03,"spread":0.14,"mhz":360.0,"outliers":0,"flags":[]},"h":"70889db9"} @@f8256b7a@@
@@BENCH-RAW@@ {"i":13,"s":[96781,96782,96775,96783,96792,96766,96777,96864,96728,96759,96769,96738,96744,96752,96743]} @@8ea7e603@@
I (29146) bench: [14/71] c565.fast2.rotcw.psram.sync       6451266 ns/iter  477.45 ns/px  cv 0.03%
@@BENCH-CELL@@ {"t":"cell","i":14,"id":"c565.fast2.rotcw.psram.async2","g":"cube","ax":{"fmt":"565","font":"saira_regular","size":18.0,"ratio":1.0000,"path":"blit/alpha","orient":"rotcw","mem":"psram","rend":"async2","alpha":255,"halign":0,"corpus":0},"w":{"rows":12,"glyphs":161,"chars":175,"src_px":13512,"dest_px":13512},"m":{"reps":20,"n":15,"min":93619,"med":93766,"max":93969,"mean":93781.1,"sd":82.4},"d":{"ns_iter":4688300,"ns_px":346.97},"q":{"cv":0.09,"spread":0.37,"mhz":360.0,"outliers":0,"flags":[]},"h":"70889db9"} @@edac5275@@
@@BENCH-RAW@@ {"i":14,"s":[93766,93701,93969,93762,93803,93714,93779,93889,93788,93765,93619,93720,93755,93889,93798]} @@5753c376@@
I (30596) bench: [15/71] c565.fast2.rotcw.psram.async2     4688300 ns/iter  346.97 ns/px  cv 0.09%
@@BENCH-CELL@@ {"t":"cell","i":15,"id":"c565.fast2.rotcw.sram.sync","g":"cube","ax":{"fmt":"565","font":"saira_regular","size":18.0,"ratio":1.0000,"path":"blit/alpha","orient":"rotcw","mem":"sram","rend":"sync","alpha":255,"halign":0,"corpus":0},"w":{"rows":12,"glyphs":161,"chars":175,"src_px":13512,"dest_px":13512},"m":{"reps":17,"n":15,"min":109043,"med":109054,"max":109089,"mean":109057.0,"sd":12.6},"d":{"ns_iter":6414941,"ns_px":474.76},"q":{"cv":0.01,"spread":0.04,"mhz":360.0,"outliers":0,"flags":[]},"h":"70889db9"} @@f2c8fc5b@@
@@BENCH-RAW@@ {"i":15,"s":[109048,109055,109048,109055,109043,109046,109051,109089,109054,109061,109078,109070,109062,109048,109047]} @@9ead1a56@@
I (32276) bench: [16/71] c565.fast2.rotcw.sram.sync        6414941 ns/iter  474.76 ns/px  cv 0.01%
@@BENCH-CELL@@ {"t":"cell","i":16,"id":"c565.fast2.rotcw.sram.async2","g":"cube","ax":{"fmt":"565","font":"saira_regular","size":18.0,"ratio":1.0000,"path":"blit/alpha","orient":"rotcw","mem":"sram","rend":"async2","alpha":255,"halign":0,"corpus":0},"w":{"rows":12,"glyphs":161,"chars":175,"src_px":13512,"dest_px":13512},"m":{"reps":23,"n":15,"min":104798,"med":104973,"max":105090,"mean":104944.7,"sd":85.2},"d":{"ns_iter":4564043,"ns_px":337.78},"q":{"cv":0.08,"spread":0.28,"mhz":360.0,"outliers":0,"flags":[]},"h":"70889db9"} @@55fa4876@@
@@BENCH-RAW@@ {"i":16,"s":[104882,104950,104798,104825,104804,104868,104985,104989,104967,105021,105012,105090,104991,104973,105015]} @@933974f0@@
I (33886) bench: [17/71] c565.fast2.rotcw.sram.async2      4564043 ns/iter  337.78 ns/px  cv 0.08%
@@BENCH-CELL@@ {"t":"cell","i":17,"id":"c565.shader.upright.psram.sync","g":"cube","ax":{"fmt":"565","font":"saira_regular","size":27.0,"ratio":1.5000,"path":"shader/aa","orient":"upright","mem":"psram","rend":"sync","alpha":255,"halign":0,"corpus":0},"w":{"rows":8,"glyphs":92,"chars":100,"src_px":7701,"dest_px":18002},"m":{"reps":1,"n":12,"min":136076,"med":136238,"max":136363,"mean":136227.3,"sd":90.1},"d":{"ns_iter":136238000,"ns_px":7567.94},"q":{"cv":0.07,"spread":0.21,"mhz":360.0,"outliers":0,"flags":[]},"h":"f8db19ed"} @@6342155c@@
@@BENCH-RAW@@ {"i":17,"s":[136179,136359,136256,136230,136183,136334,136164,136095,136238,136251,136076,136363]} @@c1be64eb@@
I (36086) bench: [18/71] c565.shader.upright.psram.sync   136238000 ns/iter  7567.94 ns/px  cv 0.07%
@@BENCH-CELL@@ {"t":"cell","i":18,"id":"c565.shader.upright.psram.async2","g":"cube","ax":{"fmt":"565","font":"saira_regular","size":27.0,"ratio":1.5000,"path":"shader/aa","orient":"upright","mem":"psram","rend":"async2","alpha":255,"halign":0,"corpus":0},"w":{"rows":8,"glyphs":92,"chars":100,"src_px":7701,"dest_px":18002},"m":{"reps":2,"n":12,"min":137690,"med":137730,"max":137799,"mean":137733.8,"sd":29.6},"d":{"ns_iter":68865000,"ns_px":3825.41},"q":{"cv":0.02,"spread":0.08,"mhz":360.0,"outliers":0,"flags":[]},"h":"f8db19ed"} @@c7291c25@@
@@BENCH-RAW@@ {"i":18,"s":[137744,137711,137778,137799,137738,137724,137715,137690,137748,137730,137702,137727]} @@f7899985@@
I (38046) bench: [19/71] c565.shader.upright.psram.async2 68865000 ns/iter  3825.41 ns/px  cv 0.02%
@@BENCH-CELL@@ {"t":"cell","i":19,"id":"c565.shader.upright.sram.sync","g":"cube","ax":{"fmt":"565","font":"saira_regular","size":27.0,"ratio":1.5000,"path":"shader/aa","orient":"upright","mem":"sram","rend":"sync","alpha":255,"halign":0,"corpus":0},"w":{"rows":8,"glyphs":92,"chars":100,"src_px":7701,"dest_px":18002},"m":{"reps":1,"n":12,"min":136154,"med":136259,"max":136381,"mean":136247.5,"sd":67.1},"d":{"ns_iter":136259000,"ns_px":7569.10},"q":{"cv":0.05,"spread":0.17,"mhz":360.0,"outliers":0,"flags":[]},"h":"f8db19ed"} @@68ae558a@@
@@BENCH-RAW@@ {"i":19,"s":[136172,136304,136165,136259,136381,136154,136180,136225,136276,136291,136253,136310]} @@f28a4ddb@@
I (40246) bench: [20/71] c565.shader.upright.sram.sync    136259000 ns/iter  7569.10 ns/px  cv 0.05%
@@BENCH-CELL@@ {"t":"cell","i":20,"id":"c565.shader.upright.sram.async2","g":"cube","ax":{"fmt":"565","font":"saira_regular","size":27.0,"ratio":1.5000,"path":"shader/aa","orient":"upright","mem":"sram","rend":"async2","alpha":255,"halign":0,"corpus":0},"w":{"rows":8,"glyphs":92,"chars":100,"src_px":7701,"dest_px":18002},"m":{"reps":2,"n":12,"min":137603,"med":137685,"max":137740,"mean":137673.1,"sd":39.7},"d":{"ns_iter":68842500,"ns_px":3824.16},"q":{"cv":0.03,"spread":0.10,"mhz":360.0,"outliers":0,"flags":[]},"h":"f8db19ed"} @@9005737e@@
@@BENCH-RAW@@ {"i":20,"s":[137699,137685,137699,137673,137681,137740,137715,137692,137638,137636,137603,137616]} @@2c5af1d9@@
I (42196) bench: [21/71] c565.shader.upright.sram.async2  68842500 ns/iter  3824.16 ns/px  cv 0.03%
@@BENCH-CELL@@ {"t":"cell","i":21,"id":"c565.shader.rotcw.psram.sync","g":"cube","ax":{"fmt":"565","font":"saira_regular","size":27.0,"ratio":1.5000,"path":"shader/aa","orient":"rotcw","mem":"psram","rend":"sync","alpha":255,"halign":0,"corpus":0},"w":{"rows":8,"glyphs":92,"chars":100,"src_px":7701,"dest_px":18002},"m":{"reps":1,"n":13,"min":129431,"med":129511,"max":129570,"mean":129498.4,"sd":50.1},"d":{"ns_iter":129511000,"ns_px":7194.26},"q":{"cv":0.04,"spread":0.11,"mhz":360.0,"outliers":0,"flags":[]},"h":"796ae951"} @@9772f86c@@
@@BENCH-RAW@@ {"i":21,"s":[129495,129431,129436,129432,129435,129470,129535,129570,129569,129538,129511,129531,129526]} @@75e8daf3@@
I (44416) bench: [22/71] c565.shader.rotcw.psram.sync     129511000 ns/iter  7194.26 ns/px  cv 0.04%
@@BENCH-CELL@@ {"t":"cell","i":22,"id":"c565.shader.rotcw.psram.async2","g":"cube","ax":{"fmt":"565","font":"saira_regular","size":27.0,"ratio":1.5000,"path":"shader/aa","orient":"rotcw","mem":"psram","rend":"async2","alpha":255,"halign":0,"corpus":0},"w":{"rows":8,"glyphs":92,"chars":100,"src_px":7701,"dest_px":18002},"m":{"reps":2,"n":12,"min":136692,"med":136760,"max":136832,"mean":136752.1,"sd":40.9},"d":{"ns_iter":68380000,"ns_px":3798.47},"q":{"cv":0.03,"spread":0.10,"mhz":360.0,"outliers":0,"flags":[]},"h":"796ae951"} @@17895b3c@@
@@BENCH-RAW@@ {"i":22,"s":[136832,136809,136729,136749,136692,136761,136715,136722,136775,136701,136760,136780]} @@e20a2cb1@@
I (46356) bench: [23/71] c565.shader.rotcw.psram.async2   68380000 ns/iter  3798.47 ns/px  cv 0.03%
@@BENCH-CELL@@ {"t":"cell","i":23,"id":"c565.shader.rotcw.sram.sync","g":"cube","ax":{"fmt":"565","font":"saira_regular","size":27.0,"ratio":1.5000,"path":"shader/aa","orient":"rotcw","mem":"sram","rend":"sync","alpha":255,"halign":0,"corpus":0},"w":{"rows":8,"glyphs":92,"chars":100,"src_px":7701,"dest_px":18002},"m":{"reps":1,"n":13,"min":129223,"med":129241,"max":129264,"mean":129244.8,"sd":11.7},"d":{"ns_iter":129241000,"ns_px":7179.26},"q":{"cv":0.01,"spread":0.03,"mhz":360.0,"outliers":0,"flags":[]},"h":"796ae951"} @@df77f6fd@@
@@BENCH-RAW@@ {"i":23,"s":[129237,129241,129234,129237,129259,129254,129249,129237,129260,129264,129238,129223,129250]} @@baf7c0c5@@
I (48576) bench: [24/71] c565.shader.rotcw.sram.sync      129241000 ns/iter  7179.26 ns/px  cv 0.01%
@@BENCH-CELL@@ {"t":"cell","i":24,"id":"c565.shader.rotcw.sram.async2","g":"cube","ax":{"fmt":"565","font":"saira_regular","size":27.0,"ratio":1.5000,"path":"shader/aa","orient":"rotcw","mem":"sram","rend":"async2","alpha":255,"halign":0,"corpus":0},"w":{"rows":8,"glyphs":92,"chars":100,"src_px":7701,"dest_px":18002},"m":{"reps":2,"n":12,"min":136015,"med":136067,"max":136200,"mean":136073.2,"sd":47.9},"d":{"ns_iter":68033500,"ns_px":3779.22},"q":{"cv":0.04,"spread":0.14,"mhz":360.0,"outliers":0,"flags":[]},"h":"796ae951"} @@27e26f44@@
@@BENCH-RAW@@ {"i":24,"s":[136015,136098,136067,136080,136200,136038,136106,136028,136029,136099,136055,136064]} @@ce073c36@@
I (50506) bench: [25/71] c565.shader.rotcw.sram.async2    68033500 ns/iter  3779.22 ns/px  cv 0.04%
@@BENCH-CELL@@ {"t":"cell","i":25,"id":"c888.fast1.upright.psram.sync","g":"cube","ax":{"fmt":"888","font":"sky","size":9.0,"ratio":1.0000,"path":"blit/direct","orient":"upright","mem":"psram","rend":"sync","alpha":255,"halign":0,"corpus":0},"w":{"rows":23,"glyphs":373,"chars":397,"src_px":10135,"dest_px":10135},"m":{"reps":41,"n":15,"min":84261,"med":84592,"max":84719,"mean":84503.0,"sd":199.7},"d":{"ns_iter":2063219,"ns_px":203.57},"q":{"cv":0.24,"spread":0.54,"mhz":360.0,"outliers":0,"flags":[]},"h":"601bd481"} @@fbbaa662@@
@@BENCH-RAW@@ {"i":25,"s":[84592,84667,84477,84265,84264,84261,84275,84266,84284,84648,84707,84719,84710,84691,84719]} @@81b5c08e@@
I (51806) bench: [26/71] c888.fast1.upright.psram.sync     2063219 ns/iter  203.57 ns/px  cv 0.24%
@@BENCH-CELL@@ {"t":"cell","i":26,"id":"c888.fast1.upright.psram.async2","g":"cube","ax":{"fmt":"888","font":"sky","size":9.0,"ratio":1.0000,"path":"blit/direct","orient":"upright","mem":"psram","rend":"async2","alpha":255,"halign":0,"corpus":0},"w":{"rows":23,"glyphs":373,"chars":397,"src_px":10135,"dest_px":10135},"m":{"reps":27,"n":15,"min":99859,"med":99966,"max":100191,"mean":99982.1,"sd":75.2},"d":{"ns_iter":3702444,"ns_px":365.31},"q":{"cv":0.08,"spread":0.33,"mhz":360.0,"outliers":0,"flags":[]},"h":"601bd481"} @@27116625@@
@@BENCH-RAW@@ {"i":26,"s":[99859,99900,99966,100030,100045,99992,100191,99964,99891,100025,99995,99958,99952,99999,99964]} @@e3c5865d@@
I (53346) bench: [27/71] c888.fast1.upright.psram.async2   3702444 ns/iter  365.31 ns/px  cv 0.08%
@@BENCH-CELL@@ {"t":"cell","i":27,"id":"c888.fast1.upright.sram.sync","g":"cube","ax":{"fmt":"888","font":"sky","size":9.0,"ratio":1.0000,"path":"blit/direct","orient":"upright","mem":"sram","rend":"sync","alpha":255,"halign":0,"corpus":0},"w":{"rows":23,"glyphs":373,"chars":397,"src_px":10135,"dest_px":10135},"m":{"reps":49,"n":15,"min":100889,"med":101033,"max":101242,"mean":101045.1,"sd":84.7},"d":{"ns_iter":2061897,"ns_px":203.44},"q":{"cv":0.08,"spread":0.35,"mhz":360.0,"outliers":0,"flags":[]},"h":"601bd481"} @@e98e4ed0@@
@@BENCH-RAW@@ {"i":27,"s":[101111,101101,101060,101033,101013,101032,101043,100982,100966,101106,101242,101031,101136,100931,100889]} @@0cfe02df@@
I (54896) bench: [28/71] c888.fast1.upright.sram.sync      2061897 ns/iter  203.44 ns/px  cv 0.08%
@@BENCH-CELL@@ {"t":"cell","i":28,"id":"c888.fast1.upright.sram.async2","g":"cube","ax":{"fmt":"888","font":"sky","size":9.0,"ratio":1.0000,"path":"blit/direct","orient":"upright","mem":"sram","rend":"async2","alpha":255,"halign":0,"corpus":0},"w":{"rows":23,"glyphs":373,"chars":397,"src_px":10135,"dest_px":10135},"m":{"reps":30,"n":15,"min":110967,"med":111181,"max":111356,"mean":111156.6,"sd":92.7},"d":{"ns_iter":3706033,"ns_px":365.67},"q":{"cv":0.08,"spread":0.35,"mhz":360.0,"outliers":0,"flags":[]},"h":"601bd481"} @@55e74ed6@@
@@BENCH-RAW@@ {"i":28,"s":[110967,111008,111106,111093,111235,111183,111181,111217,111356,111203,111219,111203,111101,111111,111166]} @@9b566f98@@
I (56596) bench: [29/71] c888.fast1.upright.sram.async2    3706033 ns/iter  365.67 ns/px  cv 0.08%
@@BENCH-CELL@@ {"t":"cell","i":29,"id":"c888.fast1.rotcw.psram.sync","g":"cube","ax":{"fmt":"888","font":"sky","size":9.0,"ratio":1.0000,"path":"blit/direct","orient":"rotcw","mem":"psram","rend":"sync","alpha":255,"halign":0,"corpus":0},"w":{"rows":23,"glyphs":373,"chars":397,"src_px":10135,"dest_px":10135},"m":{"reps":35,"n":15,"min":81835,"med":81942,"max":82280,"mean":81978.5,"sd":101.6},"d":{"ns_iter":2341200,"ns_px":231.00},"q":{"cv":0.12,"spread":0.54,"mhz":360.0,"outliers":0,"flags":[]},"h":"333c04c9"} @@74c0e499@@
@@BENCH-RAW@@ {"i":29,"s":[82004,81942,82134,82280,81927,81964,81966,81898,82013,81936,81835,81942,81942,81941,81953]} @@cff90383@@
I (57866) bench: [30/71] c888.fast1.rotcw.psram.sync       2341200 ns/iter  231.00 ns/px  cv 0.12%
@@BENCH-CELL@@ {"t":"cell","i":30,"id":"c888.fast1.rotcw.psram.async2","g":"cube","ax":{"fmt":"888","font":"sky","size":9.0,"ratio":1.0000,"path":"blit/direct","orient":"rotcw","mem":"psram","rend":"async2","alpha":255,"halign":0,"corpus":0},"w":{"rows":23,"glyphs":373,"chars":397,"src_px":10135,"dest_px":10135},"m":{"reps":25,"n":15,"min":100708,"med":100986,"max":101143,"mean":100956.7,"sd":118.3},"d":{"ns_iter":4039440,"ns_px":398.56},"q":{"cv":0.12,"spread":0.43,"mhz":360.0,"outliers":0,"flags":[]},"h":"333c04c9"} @@97434f14@@
@@BENCH-RAW@@ {"i":30,"s":[101001,101048,100976,100986,101036,101025,101060,101143,101024,100969,100742,100808,100708,100871,100953]} @@b98228d1@@
I (59426) bench: [31/71] c888.fast1.rotcw.psram.async2     4039440 ns/iter  398.56 ns/px  cv 0.12%
@@BENCH-CELL@@ {"t":"cell","i":31,"id":"c888.fast1.rotcw.sram.sync","g":"cube","ax":{"fmt":"888","font":"sky","size":9.0,"ratio":1.0000,"path":"blit/direct","orient":"rotcw","mem":"sram","rend":"sync","alpha":255,"halign":0,"corpus":0},"w":{"rows":23,"glyphs":373,"chars":397,"src_px":10135,"dest_px":10135},"m":{"reps":48,"n":15,"min":100074,"med":100187,"max":100403,"mean":100216.7,"sd":99.8},"d":{"ns_iter":2087229,"ns_px":205.94},"q":{"cv":0.10,"spread":0.33,"mhz":360.0,"outliers":0,"flags":[]},"h":"333c04c9"} @@91db2ae1@@
@@BENCH-RAW@@ {"i":31,"s":[100136,100088,100074,100162,100150,100144,100210,100249,100367,100169,100249,100403,100283,100187,100379]} @@f140f98a@@
I (60956) bench: [32/71] c888.fast1.rotcw.sram.sync        2087229 ns/iter  205.94 ns/px  cv 0.10%
@@BENCH-CELL@@ {"t":"cell","i":32,"id":"c888.fast1.rotcw.sram.async2","g":"cube","ax":{"fmt":"888","font":"sky","size":9.0,"ratio":1.0000,"path":"blit/direct","orient":"rotcw","mem":"sram","rend":"async2","alpha":255,"halign":0,"corpus":0},"w":{"rows":23,"glyphs":373,"chars":397,"src_px":10135,"dest_px":10135},"m":{"reps":29,"n":15,"min":109754,"med":109890,"max":110089,"mean":109897.1,"sd":91.2},"d":{"ns_iter":3789310,"ns_px":373.88},"q":{"cv":0.08,"spread":0.30,"mhz":360.0,"outliers":0,"flags":[]},"h":"333c04c9"} @@1d9f5467@@
@@BENCH-RAW@@ {"i":32,"s":[110007,109949,110089,109894,109890,109847,109920,110029,109921,109754,109780,109874,109774,109857,109872]} @@a515bb19@@
I (62646) bench: [33/71] c888.fast1.rotcw.sram.async2      3789310 ns/iter  373.88 ns/px  cv 0.08%
@@BENCH-CELL@@ {"t":"cell","i":33,"id":"c888.fast2.upright.psram.sync","g":"cube","ax":{"fmt":"888","font":"saira_regular","size":18.0,"ratio":1.0000,"path":"blit/alpha","orient":"upright","mem":"psram","rend":"sync","alpha":255,"halign":0,"corpus":0},"w":{"rows":12,"glyphs":161,"chars":175,"src_px":13512,"dest_px":13512},"m":{"reps":16,"n":15,"min":96860,"med":96871,"max":96906,"mean":96875.9,"sd":16.0},"d":{"ns_iter":6054437,"ns_px":448.08},"q":{"cv":0.02,"spread":0.05,"mhz":360.0,"outliers":0,"flags":[]},"h":"34ac5a26"} @@7ddced5c@@
@@BENCH-RAW@@ {"i":33,"s":[96872,96866,96906,96902,96883,96860,96861,96862,96873,96862,96871,96868,96863,96906,96883]} @@cfe0e6bd@@
I (64146) bench: [34/71] c888.fast2.upright.psram.sync     6054437 ns/iter  448.08 ns/px  cv 0.02%
@@BENCH-CELL@@ {"t":"cell","i":34,"id":"c888.fast2.upright.psram.async2","g":"cube","ax":{"fmt":"888","font":"saira_regular","size":18.0,"ratio":1.0000,"path":"blit/alpha","orient":"upright","mem":"psram","rend":"async2","alpha":255,"halign":0,"corpus":0},"w":{"rows":12,"glyphs":161,"chars":175,"src_px":13512,"dest_px":13512},"m":{"reps":22,"n":15,"min":91690,"med":91772,"max":91883,"mean":91776.7,"sd":46.0},"d":{"ns_iter":4171454,"ns_px":308.72},"q":{"cv":0.05,"spread":0.21,"mhz":360.0,"outliers":0,"flags":[]},"h":"34ac5a26"} @@0b9d19f0@@
@@BENCH-RAW@@ {"i":34,"s":[91803,91747,91690,91755,91840,91777,91821,91747,91727,91883,91791,91772,91790,91747,91760]} @@96c5a247@@
I (65576) bench: [35/71] c888.fast2.upright.psram.async2   4171454 ns/iter  308.72 ns/px  cv 0.05%
@@BENCH-CELL@@ {"t":"cell","i":35,"id":"c888.fast2.upright.sram.sync","g":"cube","ax":{"fmt":"888","font":"saira_regular","size":18.0,"ratio":1.0000,"path":"blit/alpha","orient":"upright","mem":"sram","rend":"sync","alpha":255,"halign":0,"corpus":0},"w":{"rows":12,"glyphs":161,"chars":175,"src_px":13512,"dest_px":13512},"m":{"reps":18,"n":15,"min":108980,"med":109004,"max":109059,"mean":109004.4,"sd":19.2},"d":{"ns_iter":6055777,"ns_px":448.18},"q":{"cv":0.02,"spread":0.07,"mhz":360.0,"outliers":0,"flags":[]},"h":"34ac5a26"} @@1919fcd6@@
@@BENCH-RAW@@ {"i":35,"s":[109012,109015,109017,109009,109059,109018,109000,108995,108987,109010,108986,108992,108982,109004,108980]} @@6fe5fd6c@@
I (67256) bench: [36/71] c888.fast2.upright.sram.sync      6055777 ns/iter  448.18 ns/px  cv 0.02%
@@BENCH-CELL@@ {"t":"cell","i":36,"id":"c888.fast2.upright.sram.async2","g":"cube","ax":{"fmt":"888","font":"saira_regular","size":18.0,"ratio":1.0000,"path":"blit/alpha","orient":"upright","mem":"sram","rend":"async2","alpha":255,"halign":0,"corpus":0},"w":{"rows":12,"glyphs":161,"chars":175,"src_px":13512,"dest_px":13512},"m":{"reps":25,"n":15,"min":104134,"med":104214,"max":104352,"mean":104214.0,"sd":44.5},"d":{"ns_iter":4168560,"ns_px":308.51},"q":{"cv":0.04,"spread":0.21,"mhz":360.0,"outliers":0,"flags":[]},"h":"34ac5a26"} @@f9903012@@
@@BENCH-RAW@@ {"i":36,"s":[104240,104134,104214,104208,104220,104190,104194,104178,104230,104197,104352,104192,104219,104226,104216]} @@892d2594@@
I (68856) bench: [37/71] c888.fast2.upright.sram.async2    4168560 ns/iter  308.51 ns/px  cv 0.04%
@@BENCH-CELL@@ {"t":"cell","i":37,"id":"c888.fast2.rotcw.psram.sync","g":"cube","ax":{"fmt":"888","font":"saira_regular","size":18.0,"ratio":1.0000,"path":"blit/alpha","orient":"rotcw","mem":"psram","rend":"sync","alpha":255,"halign":0,"corpus":0},"w":{"rows":12,"glyphs":161,"chars":175,"src_px":13512,"dest_px":13512},"m":{"reps":16,"n":15,"min":101724,"med":101810,"max":101908,"mean":101825.4,"sd":57.9},"d":{"ns_iter":6363125,"ns_px":470.92},"q":{"cv":0.06,"spread":0.18,"mhz":360.0,"outliers":0,"flags":[]},"h":"de65743c"} @@3a8e27a3@@
@@BENCH-RAW@@ {"i":37,"s":[101735,101724,101908,101881,101804,101761,101884,101893,101809,101794,101851,101816,101907,101804,101810]} @@779c926e@@
I (70436) bench: [38/71] c888.fast2.rotcw.psram.sync       6363125 ns/iter  470.92 ns/px  cv 0.06%
@@BENCH-CELL@@ {"t":"cell","i":38,"id":"c888.fast2.rotcw.psram.async2","g":"cube","ax":{"fmt":"888","font":"saira_regular","size":18.0,"ratio":1.0000,"path":"blit/alpha","orient":"rotcw","mem":"psram","rend":"async2","alpha":255,"halign":0,"corpus":0},"w":{"rows":12,"glyphs":161,"chars":175,"src_px":13512,"dest_px":13512},"m":{"reps":20,"n":15,"min":94332,"med":94550,"max":94885,"mean":94570.5,"sd":120.7},"d":{"ns_iter":4727500,"ns_px":349.87},"q":{"cv":0.13,"spread":0.58,"mhz":360.0,"outliers":0,"flags":[]},"h":"de65743c"} @@9955bda7@@
@@BENCH-RAW@@ {"i":38,"s":[94476,94577,94332,94537,94550,94568,94511,94546,94885,94692,94714,94472,94559,94608,94531]} @@bc5a4df4@@
I (71906) bench: [39/71] c888.fast2.rotcw.psram.async2     4727500 ns/iter  349.87 ns/px  cv 0.13%
@@BENCH-CELL@@ {"t":"cell","i":39,"id":"c888.fast2.rotcw.sram.sync","g":"cube","ax":{"fmt":"888","font":"saira_regular","size":18.0,"ratio":1.0000,"path":"blit/alpha","orient":"rotcw","mem":"sram","rend":"sync","alpha":255,"halign":0,"corpus":0},"w":{"rows":12,"glyphs":161,"chars":175,"src_px":13512,"dest_px":13512},"m":{"reps":18,"n":15,"min":109502,"med":109511,"max":109568,"mean":109515.9,"sd":15.5},"d":{"ns_iter":6083944,"ns_px":450.26},"q":{"cv":0.01,"spread":0.06,"mhz":360.0,"outliers":0,"flags":[]},"h":"de65743c"} @@07d4616c@@
@@BENCH-RAW@@ {"i":39,"s":[109511,109503,109509,109568,109515,109502,109511,109512,109507,109510,109507,109518,109529,109523,109514]} @@92fab6f7@@
I (73596) bench: [40/71] c888.fast2.rotcw.sram.sync        6083944 ns/iter  450.26 ns/px  cv 0.01%
@@BENCH-CELL@@ {"t":"cell","i":40,"id":"c888.fast2.rotcw.sram.async2","g":"cube","ax":{"fmt":"888","font":"saira_regular","size":18.0,"ratio":1.0000,"path":"blit/alpha","orient":"rotcw","mem":"sram","rend":"async2","alpha":255,"halign":0,"corpus":0},"w":{"rows":12,"glyphs":161,"chars":175,"src_px":13512,"dest_px":13512},"m":{"reps":24,"n":15,"min":105780,"med":105845,"max":105950,"mean":105844.4,"sd":45.5},"d":{"ns_iter":4410208,"ns_px":326.39},"q":{"cv":0.04,"spread":0.16,"mhz":360.0,"outliers":0,"flags":[]},"h":"de65743c"} @@bf855eba@@
@@BENCH-RAW@@ {"i":40,"s":[105850,105950,105780,105808,105845,105835,105932,105845,105808,105858,105827,105863,105856,105780,105829]} @@f0fd27ba@@
I (75226) bench: [41/71] c888.fast2.rotcw.sram.async2      4410208 ns/iter  326.39 ns/px  cv 0.04%
@@BENCH-CELL@@ {"t":"cell","i":41,"id":"c888.shader.upright.psram.sync","g":"cube","ax":{"fmt":"888","font":"saira_regular","size":27.0,"ratio":1.5000,"path":"shader/aa","orient":"upright","mem":"psram","rend":"sync","alpha":255,"halign":0,"corpus":0},"w":{"rows":8,"glyphs":92,"chars":100,"src_px":7701,"dest_px":18002},"m":{"reps":1,"n":12,"min":133281,"med":133388,"max":133495,"mean":133388.7,"sd":67.6},"d":{"ns_iter":133388000,"ns_px":7409.62},"q":{"cv":0.05,"spread":0.16,"mhz":360.0,"outliers":0,"flags":[]},"h":"839de335"} @@3b47f450@@
@@BENCH-RAW@@ {"i":41,"s":[133458,133480,133361,133364,133388,133495,133361,133452,133404,133305,133315,133281]} @@c5aff768@@
I (77386) bench: [42/71] c888.shader.upright.psram.sync   133388000 ns/iter  7409.62 ns/px  cv 0.05%
@@BENCH-CELL@@ {"t":"cell","i":42,"id":"c888.shader.upright.psram.async2","g":"cube","ax":{"fmt":"888","font":"saira_regular","size":27.0,"ratio":1.5000,"path":"shader/aa","orient":"upright","mem":"psram","rend":"async2","alpha":255,"halign":0,"corpus":0},"w":{"rows":8,"glyphs":92,"chars":100,"src_px":7701,"dest_px":18002},"m":{"reps":2,"n":12,"min":137042,"med":137120,"max":137186,"mean":137121.5,"sd":43.1},"d":{"ns_iter":68560000,"ns_px":3808.47},"q":{"cv":0.03,"spread":0.11,"mhz":360.0,"outliers":0,"flags":[]},"h":"839de335"} @@300b93c2@@
@@BENCH-RAW@@ {"i":42,"s":[137128,137120,137042,137068,137117,137093,137095,137158,137184,137164,137103,137186]} @@09f0b41f@@
I (79336) bench: [43/71] c888.shader.upright.psram.async2 68560000 ns/iter  3808.47 ns/px  cv 0.03%
@@BENCH-CELL@@ {"t":"cell","i":43,"id":"c888.shader.upright.sram.sync","g":"cube","ax":{"fmt":"888","font":"saira_regular","size":27.0,"ratio":1.5000,"path":"shader/aa","orient":"upright","mem":"sram","rend":"sync","alpha":255,"halign":0,"corpus":0},"w":{"rows":8,"glyphs":92,"chars":100,"src_px":7701,"dest_px":18002},"m":{"reps":1,"n":12,"min":133253,"med":133321,"max":133385,"mean":133319.2,"sd":40.9},"d":{"ns_iter":133321000,"ns_px":7405.90},"q":{"cv":0.03,"spread":0.10,"mhz":360.0,"outliers":0,"flags":[]},"h":"839de335"} @@af6e8bd6@@
@@BENCH-RAW@@ {"i":43,"s":[133385,133361,133270,133336,133306,133329,133321,133384,133253,133300,133274,133311]} @@3908ce65@@
I (81496) bench: [44/71] c888.shader.upright.sram.sync    133321000 ns/iter  7405.90 ns/px  cv 0.03%
@@BENCH-CELL@@ {"t":"cell","i":44,"id":"c888.shader.upright.sram.async2","g":"cube","ax":{"fmt":"888","font":"saira_regular","size":27.0,"ratio":1.5000,"path":"shader/aa","orient":"upright","mem":"sram","rend":"async2","alpha":255,"halign":0,"corpus":0},"w":{"rows":8,"glyphs":92,"chars":100,"src_px":7701,"dest_px":18002},"m":{"reps":2,"n":12,"min":136967,"med":137064,"max":137110,"mean":137048.8,"sd":38.0},"d":{"ns_iter":68532000,"ns_px":3806.91},"q":{"cv":0.03,"spread":0.10,"mhz":360.0,"outliers":0,"flags":[]},"h":"839de335"} @@c86bb205@@
@@BENCH-RAW@@ {"i":44,"s":[137020,137110,137088,137012,136967,137013,137069,137040,137067,137064,137061,137075]} @@50eb4a63@@
I (83436) bench: [45/71] c888.shader.upright.sram.async2  68532000 ns/iter  3806.91 ns/px  cv 0.03%
@@BENCH-CELL@@ {"t":"cell","i":45,"id":"c888.shader.rotcw.psram.sync","g":"cube","ax":{"fmt":"888","font":"saira_regular","size":27.0,"ratio":1.5000,"path":"shader/aa","orient":"rotcw","mem":"psram","rend":"sync","alpha":255,"halign":0,"corpus":0},"w":{"rows":8,"glyphs":92,"chars":100,"src_px":7701,"dest_px":18002},"m":{"reps":1,"n":13,"min":128909,"med":128960,"max":129041,"mean":128955.5,"sd":34.1},"d":{"ns_iter":128960000,"ns_px":7163.65},"q":{"cv":0.03,"spread":0.10,"mhz":360.0,"outliers":0,"flags":[]},"h":"dd1828a1"} @@2a18e8ae@@
@@BENCH-RAW@@ {"i":45,"s":[128945,128981,128960,128964,129041,128988,128920,128962,128945,128920,128909,128924,128963]} @@d54f403f@@
I (85656) bench: [46/71] c888.shader.rotcw.psram.sync     128960000 ns/iter  7163.65 ns/px  cv 0.03%
@@BENCH-CELL@@ {"t":"cell","i":46,"id":"c888.shader.rotcw.psram.async2","g":"cube","ax":{"fmt":"888","font":"saira_regular","size":27.0,"ratio":1.5000,"path":"shader/aa","orient":"rotcw","mem":"psram","rend":"async2","alpha":255,"halign":0,"corpus":0},"w":{"rows":8,"glyphs":92,"chars":100,"src_px":7701,"dest_px":18002},"m":{"reps":2,"n":12,"min":136334,"med":136434,"max":136615,"mean":136442.8,"sd":85.2},"d":{"ns_iter":68217000,"ns_px":3789.41},"q":{"cv":0.06,"spread":0.21,"mhz":360.0,"outliers":0,"flags":[]},"h":"dd1828a1"} @@0771c6d6@@
@@BENCH-RAW@@ {"i":46,"s":[136341,136334,136434,136540,136417,136528,136615,136481,136481,136426,136366,136350]} @@fffc7d4c@@
I (87596) bench: [47/71] c888.shader.rotcw.psram.async2   68217000 ns/iter  3789.41 ns/px  cv 0.06%
@@BENCH-CELL@@ {"t":"cell","i":47,"id":"c888.shader.rotcw.sram.sync","g":"cube","ax":{"fmt":"888","font":"saira_regular","size":27.0,"ratio":1.5000,"path":"shader/aa","orient":"rotcw","mem":"sram","rend":"sync","alpha":255,"halign":0,"corpus":0},"w":{"rows":8,"glyphs":92,"chars":100,"src_px":7701,"dest_px":18002},"m":{"reps":1,"n":13,"min":128479,"med":128541,"max":128613,"mean":128539.9,"sd":39.4},"d":{"ns_iter":128541000,"ns_px":7140.37},"q":{"cv":0.03,"spread":0.10,"mhz":360.0,"outliers":0,"flags":[]},"h":"dd1828a1"} @@6db71184@@
@@BENCH-RAW@@ {"i":47,"s":[128549,128533,128496,128567,128532,128582,128541,128479,128564,128613,128578,128492,128493]} @@800c4bbd@@
I (89806) bench: [48/71] c888.shader.rotcw.sram.sync      128541000 ns/iter  7140.37 ns/px  cv 0.03%
@@BENCH-CELL@@ {"t":"cell","i":48,"id":"c888.shader.rotcw.sram.async2","g":"cube","ax":{"fmt":"888","font":"saira_regular","size":27.0,"ratio":1.5000,"path":"shader/aa","orient":"rotcw","mem":"sram","rend":"async2","alpha":255,"halign":0,"corpus":0},"w":{"rows":8,"glyphs":92,"chars":100,"src_px":7701,"dest_px":18002},"m":{"reps":2,"n":12,"min":135162,"med":135210,"max":135459,"mean":135244.9,"sd":88.6},"d":{"ns_iter":67605000,"ns_px":3755.42},"q":{"cv":0.07,"spread":0.22,"mhz":360.0,"outliers":0,"flags":[]},"h":"dd1828a1"} @@1f498c79@@
@@BENCH-RAW@@ {"i":48,"s":[135344,135459,135162,135210,135205,135238,135189,135217,135174,135177,135203,135361]} @@570ceef9@@
I (91716) bench: [49/71] c888.shader.rotcw.sram.async2    67605000 ns/iter  3755.42 ns/px  cv 0.07%
@@BENCH-CELL@@ {"t":"cell","i":49,"id":"orient.rotccw","g":"orient","ax":{"fmt":"888","font":"saira_regular","size":18.0,"ratio":1.0000,"path":"blit/alpha","orient":"rotccw","mem":"psram","rend":"async2","alpha":255,"halign":0,"corpus":0},"w":{"rows":12,"glyphs":161,"chars":175,"src_px":13512,"dest_px":13512},"m":{"reps":21,"n":15,"min":97912,"med":98111,"max":98223,"mean":98082.5,"sd":95.6},"d":{"ns_iter":4671952,"ns_px":345.76},"q":{"cv":0.10,"spread":0.32,"mhz":360.0,"outliers":0,"flags":[]},"h":"e16cec42"} @@2ecdd741@@
@@BENCH-RAW@@ {"i":49,"s":[98181,97952,98128,98012,97992,98111,98195,98119,98137,98161,98223,97912,97934,98079,98102]} @@c665e334@@
I (93236) bench: [50/71] orient.rotccw                     4671952 ns/iter  345.76 ns/px  cv 0.10%
@@BENCH-CELL@@ {"t":"cell","i":50,"id":"orient.rothalf","g":"orient","ax":{"fmt":"888","font":"saira_regular","size":18.0,"ratio":1.0000,"path":"blit/alpha","orient":"rothalf","mem":"psram","rend":"async2","alpha":255,"halign":0,"corpus":0},"w":{"rows":12,"glyphs":161,"chars":175,"src_px":13512,"dest_px":13512},"m":{"reps":21,"n":15,"min":94802,"med":94840,"max":94946,"mean":94856.1,"sd":41.7},"d":{"ns_iter":4516190,"ns_px":334.24},"q":{"cv":0.04,"spread":0.15,"mhz":360.0,"outliers":0,"flags":[]},"h":"a6066584"} @@6d5edc47@@
@@BENCH-RAW@@ {"i":50,"s":[94825,94802,94835,94892,94946,94914,94833,94892,94879,94817,94804,94892,94829,94840,94842]} @@ef822446@@
I (94706) bench: [51/71] orient.rothalf                    4516190 ns/iter  334.24 ns/px  cv 0.04%
@@BENCH-CELL@@ {"t":"cell","i":51,"id":"orient.fliph","g":"orient","ax":{"fmt":"888","font":"saira_regular","size":18.0,"ratio":1.0000,"path":"blit/alpha","orient":"fliph","mem":"psram","rend":"async2","alpha":255,"halign":0,"corpus":0},"w":{"rows":12,"glyphs":161,"chars":175,"src_px":13512,"dest_px":13512},"m":{"reps":22,"n":15,"min":91824,"med":91910,"max":92036,"mean":91918.8,"sd":49.0},"d":{"ns_iter":4177727,"ns_px":309.19},"q":{"cv":0.05,"spread":0.23,"mhz":360.0,"outliers":0,"flags":[]},"h":"abc61a88"} @@acbde895@@
@@BENCH-RAW@@ {"i":51,"s":[92036,91973,91902,91824,91944,91897,91910,91949,91896,91884,91870,91872,91938,91946,91941]} @@886f3d16@@
I (96136) bench: [52/71] orient.fliph                      4177727 ns/iter  309.19 ns/px  cv 0.05%
@@BENCH-CELL@@ {"t":"cell","i":52,"id":"orient.rotccwfliph","g":"orient","ax":{"fmt":"888","font":"saira_regular","size":18.0,"ratio":1.0000,"path":"blit/alpha","orient":"rotccwfliph","mem":"psram","rend":"async2","alpha":255,"halign":0,"corpus":0},"w":{"rows":12,"glyphs":161,"chars":175,"src_px":13512,"dest_px":13512},"m":{"reps":20,"n":15,"min":93761,"med":93897,"max":94159,"mean":93931.5,"sd":98.8},"d":{"ns_iter":4694850,"ns_px":347.46},"q":{"cv":0.11,"spread":0.42,"mhz":360.0,"outliers":0,"flags":[]},"h":"5262d8d8"} @@1673c78e@@
@@BENCH-RAW@@ {"i":52,"s":[93867,93896,93934,93964,93871,94074,94159,93972,93836,93882,93852,93761,93897,94048,93959]} @@735d66d1@@
I (97586) bench: [53/71] orient.rotccwfliph                4694850 ns/iter  347.46 ns/px  cv 0.11%
@@BENCH-CELL@@ {"t":"cell","i":53,"id":"orient.rothalffliph","g":"orient","ax":{"fmt":"888","font":"saira_regular","size":18.0,"ratio":1.0000,"path":"blit/alpha","orient":"rothalffliph","mem":"psram","rend":"async2","alpha":255,"halign":0,"corpus":0},"w":{"rows":12,"glyphs":161,"chars":175,"src_px":13512,"dest_px":13512},"m":{"reps":21,"n":15,"min":95116,"med":95185,"max":95249,"mean":95188.6,"sd":39.3},"d":{"ns_iter":4532619,"ns_px":335.45},"q":{"cv":0.04,"spread":0.14,"mhz":360.0,"outliers":0,"flags":[]},"h":"418c2762"} @@0177c896@@
@@BENCH-RAW@@ {"i":53,"s":[95228,95249,95165,95172,95205,95229,95116,95133,95161,95152,95185,95167,95224,95201,95242]} @@2e246fe4@@
I (99066) bench: [54/71] orient.rothalffliph               4532619 ns/iter  335.45 ns/px  cv 0.04%
@@BENCH-CELL@@ {"t":"cell","i":54,"id":"orient.rotcwfliph","g":"orient","ax":{"fmt":"888","font":"saira_regular","size":18.0,"ratio":1.0000,"path":"blit/alpha","orient":"rotcwfliph","mem":"psram","rend":"async2","alpha":255,"halign":0,"corpus":0},"w":{"rows":12,"glyphs":161,"chars":175,"src_px":13512,"dest_px":13512},"m":{"reps":20,"n":15,"min":94113,"med":94297,"max":94593,"mean":94286.3,"sd":122.5},"d":{"ns_iter":4714850,"ns_px":348.94},"q":{"cv":0.13,"spread":0.51,"mhz":360.0,"outliers":0,"flags":[]},"h":"0e714186"} @@a0c4cde2@@
@@BENCH-RAW@@ {"i":54,"s":[94424,94297,94193,94113,94179,94248,94333,94593,94119,94359,94330,94377,94180,94315,94235]} @@e1828cd7@@
I (100526) bench: [55/71] orient.rotcwfliph                 4714850 ns/iter  348.94 ns/px  cv 0.13%
@@BENCH-CELL@@ {"t":"cell","i":55,"id":"font.sky@18","g":"font","ax":{"fmt":"888","font":"sky","size":18.0,"ratio":2.0000,"path":"blit/direct","orient":"rotcw","mem":"psram","rend":"async2","alpha":255,"halign":0,"corpus":0},"w":{"rows":12,"glyphs":148,"chars":162,"src_px":4014,"dest_px":16056},"m":{"reps":32,"n":15,"min":84653,"med":84786,"max":85121,"mean":84815.5,"sd":129.1},"d":{"ns_iter":2649562,"ns_px":165.02},"q":{"cv":0.15,"spread":0.55,"mhz":360.0,"outliers":0,"flags":[]},"h":"a32b1e1d"} @@68d9f886@@
@@BENCH-RAW@@ {"i":55,"s":[84731,84865,85121,84833,84653,84722,84786,84733,84882,84677,84761,84870,84681,84871,85046]} @@5098b65c@@
I (101836) bench: [56/71] font.sky@18                       2649562 ns/iter  165.02 ns/px  cv 0.15%
@@BENCH-CELL@@ {"t":"cell","i":56,"id":"font.sky@27","g":"font","ax":{"fmt":"888","font":"sky","size":27.0,"ratio":3.0000,"path":"blit/direct","orient":"rotcw","mem":"psram","rend":"async2","alpha":255,"halign":0,"corpus":0},"w":{"rows":8,"glyphs":80,"chars":85,"src_px":2161,"dest_px":19449},"m":{"reps":35,"n":15,"min":80352,"med":80562,"max":80778,"mean":80584.6,"sd":109.7},"d":{"ns_iter":2301771,"ns_px":118.35},"q":{"cv":0.14,"spread":0.53,"mhz":360.0,"outliers":0,"flags":[]},"h":"4bc0b3f9"} @@a2799d1d@@
@@BENCH-RAW@@ {"i":56,"s":[80474,80547,80600,80678,80555,80562,80352,80580,80757,80592,80465,80778,80722,80546,80561]} @@7e81841d@@
I (103086) bench: [57/71] font.sky@27                       2301771 ns/iter  118.35 ns/px  cv 0.14%
@@BENCH-CELL@@ {"t":"cell","i":57,"id":"font.skymono@9","g":"font","ax":{"fmt":"888","font":"sky_mono","size":9.0,"ratio":1.0000,"path":"blit/direct","orient":"rotcw","mem":"psram","rend":"async2","alpha":255,"halign":0,"corpus":0},"w":{"rows":23,"glyphs":373,"chars":397,"src_px":23499,"dest_px":23499},"m":{"reps":22,"n":15,"min":98847,"med":99066,"max":99226,"mean":99056.4,"sd":101.2},"d":{"ns_iter":4503000,"ns_px":191.63},"q":{"cv":0.10,"spread":0.38,"mhz":360.0,"outliers":0,"flags":[]},"h":"6335b160"} @@e6e5d90d@@
@@BENCH-RAW@@ {"i":57,"s":[99136,99057,99066,99029,99099,98942,99226,98942,98947,98847,99001,99094,99150,99180,99130]} @@581b3a39@@
I (104616) bench: [58/71] font.skymono@9                    4503000 ns/iter  191.63 ns/px  cv 0.10%
@@BENCH-CELL@@ {"t":"cell","i":58,"id":"font.sky@13","g":"font","ax":{"fmt":"888","font":"sky","size":13.0,"ratio":1.4444,"path":"shader/pal","orient":"rotcw","mem":"psram","rend":"async2","alpha":255,"halign":0,"corpus":0},"w":{"rows":17,"glyphs":239,"chars":255,"src_px":6321,"dest_px":12530},"m":{"reps":2,"n":15,"min":112014,"med":112097,"max":112268,"mean":112108.1,"sd":65.2},"d":{"ns_iter":56048500,"ns_px":4473.14},"q":{"cv":0.06,"spread":0.23,"mhz":360.0,"outliers":0,"flags":[]},"h":"254ec85e"} @@05a2efb2@@
@@BENCH-RAW@@ {"i":58,"s":[112268,112159,112105,112111,112020,112097,112082,112073,112049,112014,112202,112128,112156,112087,112070]} @@7de03003@@
I (106556) bench: [59/71] font.sky@13                      56048500 ns/iter  4473.14 ns/px  cv 0.06%
@@BENCH-CELL@@ {"t":"cell","i":59,"id":"font.saira@36","g":"font","ax":{"fmt":"888","font":"saira_regular","size":36.0,"ratio":2.0000,"path":"blit/alpha","orient":"rotcw","mem":"psram","rend":"async2","alpha":255,"halign":0,"corpus":0},"w":{"rows":6,"glyphs":56,"chars":61,"src_px":4710,"dest_px":18840},"m":{"reps":19,"n":15,"min":93238,"med":93399,"max":93520,"mean":93400.1,"sd":69.4},"d":{"ns_iter":4915736,"ns_px":260.92},"q":{"cv":0.07,"spread":0.30,"mhz":360.0,"outliers":0,"flags":[]},"h":"972d0991"} @@13d54730@@
@@BENCH-RAW@@ {"i":59,"s":[93399,93302,93365,93520,93371,93238,93442,93446,93429,93417,93394,93382,93498,93449,93349]} @@2bfc1631@@
I (108006) bench: [60/71] font.saira@36                     4915736 ns/iter  260.92 ns/px  cv 0.07%
@@BENCH-CELL@@ {"t":"cell","i":60,"id":"font.marker@22","g":"font","ax":{"fmt":"888","font":"marker","size":22.0,"ratio":1.0000,"path":"blit/alpha","orient":"rotcw","mem":"psram","rend":"async2","alpha":255,"halign":0,"corpus":0},"w":{"rows":10,"glyphs":125,"chars":136,"src_px":22847,"dest_px":22847},"m":{"reps":15,"n":15,"min":104403,"med":104602,"max":104844,"mean":104618.8,"sd":127.8},"d":{"ns_iter":6973466,"ns_px":305.22},"q":{"cv":0.12,"spread":0.42,"mhz":360.0,"outliers":0,"flags":[]},"h":"59dd778c"} @@b392ec85@@
@@BENCH-RAW@@ {"i":60,"s":[104832,104564,104611,104702,104776,104844,104733,104403,104602,104551,104529,104506,104497,104631,104501]} @@262bdf8f@@
I (109626) bench: [61/71] font.marker@22                    6973466 ns/iter  305.22 ns/px  cv 0.12%
@@BENCH-CELL@@ {"t":"cell","i":61,"id":"font.marker@33","g":"font","ax":{"fmt":"888","font":"marker","size":33.0,"ratio":1.5000,"path":"shader/aa","orient":"rotcw","mem":"psram","rend":"async2","alpha":255,"halign":0,"corpus":0},"w":{"rows":7,"glyphs":71,"chars":76,"src_px":13008,"dest_px":29868},"m":{"reps":1,"n":15,"min":109997,"med":110076,"max":110182,"mean":110079.1,"sd":40.7},"d":{"ns_iter":110076000,"ns_px":3685.42},"q":{"cv":0.04,"spread":0.17,"mhz":360.0,"outliers":0,"flags":[]},"h":"aed9f152"} @@600091a5@@
@@BENCH-RAW@@ {"i":61,"s":[110083,110062,110057,110042,109997,110074,110106,110182,110076,110061,110122,110086,110087,110110,110042]} @@c6ad35ca@@
I (111746) bench: [62/71] font.marker@33                   110076000 ns/iter  3685.42 ns/px  cv 0.04%
@@BENCH-CELL@@ {"t":"cell","i":62,"id":"font.condensed@45","g":"font","ax":{"fmt":"888","font":"saira_condensed","size":45.0,"ratio":1.0000,"path":"blit/alpha","orient":"rotcw","mem":"psram","rend":"async2","alpha":255,"halign":0,"corpus":0},"w":{"rows":5,"glyphs":47,"chars":51,"src_px":19237,"dest_px":19237},"m":{"reps":19,"n":15,"min":90609,"med":90683,"max":90801,"mean":90686.5,"sd":48.9},"d":{"ns_iter":4772789,"ns_px":248.10},"q":{"cv":0.05,"spread":0.21,"mhz":360.0,"outliers":0,"flags":[]},"h":"7bcb728d"} @@61b8c0ee@@
@@BENCH-RAW@@ {"i":62,"s":[90801,90628,90708,90683,90648,90637,90694,90708,90684,90657,90682,90674,90720,90765,90609]} @@040cf0ec@@
I (113156) bench: [63/71] font.condensed@45                 4772789 ns/iter  248.10 ns/px  cv 0.05%
@@BENCH-CELL@@ {"t":"cell","i":63,"id":"font.saira@27.noaa","g":"font","ax":{"fmt":"888","font":"saira_regular_noaa","size":27.0,"ratio":1.5000,"path":"shader/plain","orient":"rotcw","mem":"psram","rend":"async2","alpha":255,"halign":0,"corpus":0},"w":{"rows":8,"glyphs":92,"chars":100,"src_px":7701,"dest_px":18002},"m":{"reps":2,"n":13,"min":124527,"med":124618,"max":124732,"mean":124626.7,"sd":54.0},"d":{"ns_iter":62309000,"ns_px":3461.23},"q":{"cv":0.04,"spread":0.16,"mhz":360.0,"outliers":0,"flags":[]},"h":"9c31759b"} @@cea68808@@
@@BENCH-RAW@@ {"i":63,"s":[124690,124671,124732,124600,124593,124646,124589,124618,124628,124601,124683,124527,124569]} @@6eb05feb@@
I (115056) bench: [64/71] font.saira@27.noaa               62309000 ns/iter  3461.23 ns/px  cv 0.04%
@@BENCH-CELL@@ {"t":"cell","i":64,"id":"rend.async1","g":"rend","ax":{"fmt":"888","font":"saira_regular","size":18.0,"ratio":1.0000,"path":"blit/alpha","orient":"rotcw","mem":"psram","rend":"async1","alpha":255,"halign":0,"corpus":0},"w":{"rows":12,"glyphs":161,"chars":175,"src_px":13512,"dest_px":13512},"m":{"reps":14,"n":15,"min":101592,"med":101769,"max":102119,"mean":101778.8,"sd":111.1},"d":{"ns_iter":7269214,"ns_px":537.98},"q":{"cv":0.11,"spread":0.52,"mhz":360.0,"outliers":0,"flags":[]},"h":"de65743c"} @@95e8dea4@@
@@BENCH-RAW@@ {"i":64,"s":[101684,101753,101757,101706,101775,101705,101592,101737,101769,102119,101779,101871,101809,101804,101822]} @@805971e3@@
I (116646) bench: [65/71] rend.async1                       7269214 ns/iter  537.98 ns/px  cv 0.11%
@@BENCH-CELL@@ {"t":"cell","i":65,"id":"alpha.fast1.a128","g":"alpha","ax":{"fmt":"888","font":"sky","size":9.0,"ratio":1.0000,"path":"blit/alpha","orient":"rotcw","mem":"psram","rend":"async2","alpha":128,"halign":0,"corpus":0},"w":{"rows":23,"glyphs":373,"chars":397,"src_px":10135,"dest_px":10135},"m":{"reps":18,"n":15,"min":100168,"med":100413,"max":100538,"mean":100371.5,"sd":115.4},"d":{"ns_iter":5578500,"ns_px":550.42},"q":{"cv":0.11,"spread":0.37,"mhz":360.0,"outliers":0,"flags":[]},"h":"cc2eccc5"} @@805ec908@@
@@BENCH-RAW@@ {"i":65,"s":[100440,100177,100168,100258,100363,100483,100413,100450,100448,100263,100538,100501,100440,100247,100383]} @@9a890c43@@
I (118196) bench: [66/71] alpha.fast1.a128                  5578500 ns/iter  550.42 ns/px  cv 0.11%
@@BENCH-CELL@@ {"t":"cell","i":66,"id":"alpha.fast2.a128","g":"alpha","ax":{"fmt":"888","font":"saira_regular","size":18.0,"ratio":1.0000,"path":"blit/alpha","orient":"rotcw","mem":"psram","rend":"async2","alpha":128,"halign":0,"corpus":0},"w":{"rows":12,"glyphs":161,"chars":175,"src_px":13512,"dest_px":13512},"m":{"reps":20,"n":15,"min":94293,"med":94520,"max":94673,"mean":94509.7,"sd":92.8},"d":{"ns_iter":4726000,"ns_px":349.76},"q":{"cv":0.10,"spread":0.40,"mhz":360.0,"outliers":0,"flags":[]},"h":"012c199d"} @@ae230104@@
@@BENCH-RAW@@ {"i":66,"s":[94543,94520,94486,94531,94503,94586,94550,94544,94626,94673,94505,94389,94293,94515,94381]} @@b925f7e1@@
I (119666) bench: [67/71] alpha.fast2.a128                  4726000 ns/iter  349.76 ns/px  cv 0.10%
@@BENCH-CELL@@ {"t":"cell","i":67,"id":"len.short","g":"len","ax":{"fmt":"888","font":"saira_regular","size":18.0,"ratio":1.0000,"path":"blit/alpha","orient":"rotcw","mem":"psram","rend":"async2","alpha":255,"halign":0,"corpus":1},"w":{"rows":12,"glyphs":82,"chars":83,"src_px":7336,"dest_px":7336},"m":{"reps":31,"n":15,"min":89960,"med":90023,"max":90159,"mean":90031.0,"sd":50.5},"d":{"ns_iter":2903967,"ns_px":395.85},"q":{"cv":0.06,"spread":0.22,"mhz":360.0,"outliers":0,"flags":[]},"h":"450061c8"} @@025b2344@@
@@BENCH-RAW@@ {"i":67,"s":[90090,90010,90023,89963,90159,90035,90023,90006,90057,90003,89960,90025,89984,90092,90035]} @@612e698c@@
I (121056) bench: [68/71] len.short                         2903967 ns/iter  395.85 ns/px  cv 0.06%
@@BENCH-CELL@@ {"t":"cell","i":68,"id":"len.long","g":"len","ax":{"fmt":"888","font":"saira_regular","size":18.0,"ratio":1.0000,"path":"blit/alpha","orient":"rotcw","mem":"psram","rend":"async2","alpha":255,"halign":0,"corpus":2},"w":{"rows":12,"glyphs":273,"chars":315,"src_px":22206,"dest_px":22206},"m":{"reps":14,"n":15,"min":106752,"med":106952,"max":107354,"mean":106979.8,"sd":160.3},"d":{"ns_iter":7639428,"ns_px":344.03},"q":{"cv":0.15,"spread":0.56,"mhz":360.0,"outliers":0,"flags":[]},"h":"504a97ad"} @@f23f1580@@
@@BENCH-RAW@@ {"i":68,"s":[107354,107057,107127,106818,107033,106781,106858,106952,107025,106901,106885,107006,107226,106922,106752]} @@244dc1f9@@
I (122716) bench: [69/71] len.long                          7639428 ns/iter  344.03 ns/px  cv 0.15%
@@BENCH-CELL@@ {"t":"cell","i":69,"id":"align.center","g":"align","ax":{"fmt":"888","font":"saira_regular","size":18.0,"ratio":1.0000,"path":"blit/alpha","orient":"rotcw","mem":"psram","rend":"async2","alpha":255,"halign":1,"corpus":0},"w":{"rows":12,"glyphs":161,"chars":175,"src_px":13512,"dest_px":13512},"m":{"reps":20,"n":15,"min":95013,"med":95161,"max":95416,"mean":95195.1,"sd":107.3},"d":{"ns_iter":4758050,"ns_px":352.14},"q":{"cv":0.11,"spread":0.42,"mhz":360.0,"outliers":0,"flags":[]},"h":"4f91d280"} @@f49942ee@@
@@BENCH-RAW@@ {"i":69,"s":[95161,95149,95328,95284,95100,95312,95416,95124,95149,95253,95251,95066,95013,95103,95217]} @@edfcbbe9@@
I (124196) bench: [70/71] align.center                      4758050 ns/iter  352.14 ns/px  cv 0.11%
@@BENCH-CELL@@ {"t":"cell","i":70,"id":"drift.last","g":"drift","ax":{"fmt":"888","font":"saira_regular","size":18.0,"ratio":1.0000,"path":"blit/alpha","orient":"rotcw","mem":"psram","rend":"async2","alpha":255,"halign":0,"corpus":0},"w":{"rows":12,"glyphs":161,"chars":175,"src_px":13512,"dest_px":13512},"m":{"reps":20,"n":15,"min":94375,"med":94522,"max":94696,"mean":94528.3,"sd":84.1},"d":{"ns_iter":4726100,"ns_px":349.77},"q":{"cv":0.09,"spread":0.34,"mhz":360.0,"outliers":0,"flags":[]},"h":"de65743c"} @@2432efe0@@
@@BENCH-RAW@@ {"i":70,"s":[94505,94696,94572,94436,94512,94415,94480,94507,94568,94568,94522,94541,94683,94545,94375]} @@6944fe6d@@
I (125666) bench: [71/71] drift.last                        4726100 ns/iter  349.77 ns/px  cv 0.09%
@@BENCH-END@@ {"t":"end","cells":71,"total_us":117900827,"status":"ok"} @@ccea1b58@@
