@@BENCH-BEGIN@@ {"t":"begin","schema":1,"cells":71,"boot_us":3377699,"build":{"app_git":"058fa78daccb","app_dirty":false,"app_branch":"main","pax_git":"964533a6d894","pax_dirty":false,"pax_branch":"main","idf":"v6.0.2","opt":"Os","app_ver":"058fa78","app_date":"Aug 20 2026 11:25:12"},"hw":{"chip":"esp32p4","rev":103,"cores":2,"cpu_mhz_nom":360,"cpu_mhz_meas":359.99,"l2_kb":128,"l2_line":64,"psram":true},"cfg":{"pm_enable":true,"pm_lock":true,"tick_hz":100,"wdt":false,"pax":{"bounds_check":false,"orientation":true,"async":"multithread","range_setter":true,"range_merger":true,"fixed_point":true,"long_fixed_point":true,"queue_size":32,"sso_len":32}},"mem":{"tile_dim":256,"int_addr":"0x4ff40700","psram_addr":"0x4811a900","int_free":339731,"int_largest":192512,"psram_free":30524228},"bench":{"n_samples":15,"warmup":2,"target_sample_us":110000,"cell_budget_us":2000000,"corpus_ver":1,"join_placement":"per_sample","driver_core":0,"driver_prio":5,"scrub_bytes":524288}} @@e0407dc1@@
@@BENCH-CELL@@ {"t":"cell","i":0,"id":"drift.first","g":"drift","ax":{"fmt":"888","font":"saira_regular","size":18.0,"ratio":1.0000,"path":"blit/alpha","orient":"rotcw","mem":"psram","rend":"async2","alpha":255,"halign":0,"corpus":0},"w":{"rows":12,"glyphs":161,"chars":175,"src_px":13512,"dest_px":13512},"m":{"reps":20,"n":15,"min":94825,"med":94929,"max":95181,"mean":94955.6,"sd":86.7},"d":{"ns_iter":4746450,"ns_px":351.28},"q":{"cv":0.09,"spread":0.38,"mhz":360.0,"outliers":0,"flags":[]},"h":"de65743c"} @@cb3dd7fe@@
@@BENCH-RAW@@ {"i":0,"s":[94838,95028,95181,94929,94927,94982,94923,94880,95065,94949,94995,94825,94917,94975,94920]} @@c4081036@@
I (6085) bench: [1/71] drift.first                       4746450 ns/iter  351.28 ns/px  cv 0.09%
@@BENCH-CELL@@ {"t":"cell","i":1,"id":"c565.fast1.upright.psram.sync","g":"cube","ax":{"fmt":"565","font":"sky","size":9.0,"ratio":1.0000,"path":"blit/direct","orient":"upright","mem":"psram","rend":"sync","alpha":255,"halign":0,"corpus":0},"w":{"rows":23,"glyphs":373,"chars":397,"src_px":10135,"dest_px":10135},"m":{"reps":43,"n":15,"min":85005,"med":85211,"max":85385,"mean":85225.2,"sd":104.6},"d":{"ns_iter":1981651,"ns_px":195.53},"q":{"cv":0.12,"spread":0.45,"mhz":360.0,"outliers":0,"flags":[]},"h":"16b7abd1"} @@65be802e@@
@@BENCH-RAW@@ {"i":1,"s":[85259,85210,85211,85209,85168,85119,85144,85088,85005,85385,85339,85294,85278,85290,85379]} @@8aa3a5d5@@
I (7395) bench: [2/71] c565.fast1.upright.psram.sync     1981651 ns/iter  195.53 ns/px  cv 0.12%
@@BENCH-CELL@@ {"t":"cell","i":2,"id":"c565.fast1.upright.psram.async2","g":"cube","ax":{"fmt":"565","font":"sky","size":9.0,"ratio":1.0000,"path":"blit/direct","orient":"upright","mem":"psram","rend":"async2","alpha":255,"halign":0,"corpus":0},"w":{"rows":23,"glyphs":373,"chars":397,"src_px":10135,"dest_px":10135},"m":{"reps":28,"n":15,"min":104086,"med":104215,"max":104418,"mean":104240.9,"sd":107.9},"d":{"ns_iter":3721964,"ns_px":367.24},"q":{"cv":0.10,"spread":0.32,"mhz":360.0,"outliers":0,"flags":[]},"h":"16b7abd1"} @@4ff3f2fb@@
@@BENCH-RAW@@ {"i":2,"s":[104239,104348,104418,104390,104163,104379,104086,104206,104269,104173,104106,104130,104215,104139,104352]} @@075f6e20@@
I (8995) bench: [3/71] c565.fast1.upright.psram.async2   3721964 ns/iter  367.24 ns/px  cv 0.10%
@@BENCH-CELL@@ {"t":"cell","i":3,"id":"c565.fast1.upright.sram.sync","g":"cube","ax":{"fmt":"565","font":"sky","size":9.0,"ratio":1.0000,"path":"blit/direct","orient":"upright","mem":"sram","rend":"sync","alpha":255,"halign":0,"corpus":0},"w":{"rows":23,"glyphs":373,"chars":397,"src_px":10135,"dest_px":10135},"m":{"reps":51,"n":15,"min":101087,"med":101297,"max":101600,"mean":101311.5,"sd":132.1},"d":{"ns_iter":1986215,"ns_px":195.98},"q":{"cv":0.13,"spread":0.51,"mhz":360.0,"outliers":0,"flags":[]},"h":"16b7abd1"} @@82433fc7@@
@@BENCH-RAW@@ {"i":3,"s":[101193,101087,101200,101235,101307,101297,101245,101332,101600,101523,101186,101257,101377,101436,101397]} @@4dd86f98@@
I (10545) bench: [4/71] c565.fast1.upright.sram.sync      1986215 ns/iter  195.98 ns/px  cv 0.13%
@@BENCH-CELL@@ {"t":"cell","i":4,"id":"c565.fast1.upright.sram.async2","g":"cube","ax":{"fmt":"565","font":"sky","size":9.0,"ratio":1.0000,"path":"blit/direct","orient":"upright","mem":"sram","rend":"async2","alpha":255,"halign":0,"corpus":0},"w":{"rows":23,"glyphs":373,"chars":397,"src_px":10135,"dest_px":10135},"m":{"reps":30,"n":15,"min":111070,"med":111217,"max":111510,"mean":111218.7,"sd":112.3},"d":{"ns_iter":3707233,"ns_px":365.79},"q":{"cv":0.10,"spread":0.40,"mhz":360.0,"outliers":0,"flags":[]},"h":"16b7abd1"} @@5884cccb@@
@@BENCH-RAW@@ {"i":4,"s":[111101,111138,111142,111251,111136,111370,111296,111510,111142,111070,111249,111129,111217,111270,111260]} @@c62a2c2b@@
I (12245) bench: [5/71] c565.fast1.upright.sram.async2    3707233 ns/iter  365.79 ns/px  cv 0.10%
@@BENCH-CELL@@ {"t":"cell","i":5,"id":"c565.fast1.rotcw.psram.sync","g":"cube","ax":{"fmt":"565","font":"sky","size":9.0,"ratio":1.0000,"path":"blit/direct","orient":"rotcw","mem":"psram","rend":"sync","alpha":255,"halign":0,"corpus":0},"w":{"rows":23,"glyphs":373,"chars":397,"src_px":10135,"dest_px":10135},"m":{"reps":38,"n":15,"min":76706,"med":76737,"max":76824,"mean":76751.7,"sd":39.1},"d":{"ns_iter":2019394,"ns_px":199.25},"q":{"cv":0.05,"spread":0.15,"mhz":360.0,"outliers":0,"flags":[]},"h":"70d20c11"} @@51884bab@@
@@BENCH-RAW@@ {"i":5,"s":[76749,76776,76820,76781,76749,76807,76730,76718,76734,76824,76737,76727,76709,76706,76709]} @@5d830a0b@@
I (13425) bench: [6/71] c565.fast1.rotcw.psram.sync       2019394 ns/iter  199.25 ns/px  cv 0.05%
@@BENCH-CELL@@ {"t":"cell","i":6,"id":"c565.fast1.rotcw.psram.async2","g":"cube","ax":{"fmt":"565","font":"sky","size":9.0,"ratio":1.0000,"path":"blit/direct","orient":"rotcw","mem":"psram","rend":"async2","alpha":255,"halign":0,"corpus":0},"w":{"rows":23,"glyphs":373,"chars":397,"src_px":10135,"dest_px":10135},"m":{"reps":25,"n":15,"min":95233,"med":95400,"max":95503,"mean":95362.9,"sd":79.7},"d":{"ns_iter":3816000,"ns_px":376.52},"q":{"cv":0.08,"spread":0.28,"mhz":360.0,"outliers":0,"flags":[]},"h":"70d20c11"} @@58450e4f@@
@@BENCH-RAW@@ {"i":6,"s":[95286,95432,95400,95363,95259,95503,95411,95278,95312,95272,95447,95233,95415,95415,95418]} @@5b30d9f8@@
I (14895) bench: [7/71] c565.fast1.rotcw.psram.async2     3816000 ns/iter  376.52 ns/px  cv 0.08%
@@BENCH-CELL@@ {"t":"cell","i":7,"id":"c565.fast1.rotcw.sram.sync","g":"cube","ax":{"fmt":"565","font":"sky","size":9.0,"ratio":1.0000,"path":"blit/direct","orient":"rotcw","mem":"sram","rend":"sync","alpha":255,"halign":0,"corpus":0},"w":{"rows":23,"glyphs":373,"chars":397,"src_px":10135,"dest_px":10135},"m":{"reps":49,"n":15,"min":98596,"med":98689,"max":98835,"mean":98693.0,"sd":73.6},"d":{"ns_iter":2014061,"ns_px":198.72},"q":{"cv":0.07,"spread":0.24,"mhz":360.0,"outliers":0,"flags":[]},"h":"70d20c11"} @@a8df65b8@@
@@BENCH-RAW@@ {"i":7,"s":[98835,98816,98689,98759,98615,98615,98629,98597,98596,98666,98713,98750,98724,98722,98669]} @@6d5f7014@@
I (16405) bench: [8/71] c565.fast1.rotcw.sram.sync        2014061 ns/iter  198.72 ns/px  cv 0.07%
@@BENCH-CELL@@ {"t":"cell","i":8,"id":"c565.fast1.rotcw.sram.async2","g":"cube","ax":{"fmt":"565","font":"sky","size":9.0,"ratio":1.0000,"path":"blit/direct","orient":"rotcw","mem":"sram","rend":"async2","alpha":255,"halign":0,"corpus":0},"w":{"rows":23,"glyphs":373,"chars":397,"src_px":10135,"dest_px":10135},"m":{"reps":29,"n":15,"min":109652,"med":109913,"max":110227,"mean":109929.4,"sd":136.9},"d":{"ns_iter":3790103,"ns_px":373.96},"q":{"cv":0.12,"spread":0.52,"mhz":360.0,"outliers":0,"flags":[]},"h":"70d20c11"} @@276e79c1@@
@@BENCH-RAW@@ {"i":8,"s":[110121,109814,109652,109802,109921,110227,110078,109945,109879,109913,109916,110049,109855,109879,109890]} @@d3b82589@@
I (18085) bench: [9/71] c565.fast1.rotcw.sram.async2      3790103 ns/iter  373.96 ns/px  cv 0.12%
@@BENCH-CELL@@ {"t":"cell","i":9,"id":"c565.fast2.upright.psram.sync","g":"cube","ax":{"fmt":"565","font":"saira_regular","size":18.0,"ratio":1.0000,"path":"blit/alpha","orient":"upright","mem":"psram","rend":"sync","alpha":255,"halign":0,"corpus":0},"w":{"rows":12,"glyphs":161,"chars":175,"src_px":13512,"dest_px":13512},"m":{"reps":16,"n":15,"min":99998,"med":100016,"max":100083,"mean":100022.2,"sd":19.3},"d":{"ns_iter":6251000,"ns_px":462.63},"q":{"cv":0.02,"spread":0.08,"mhz":360.0,"outliers":0,"flags":[]},"h":"ecacce31"} @@8e6c9d5b@@
@@BENCH-RAW@@ {"i":9,"s":[100026,100013,100005,100007,100014,99998,100030,100012,100010,100083,100024,100034,100031,100030,100016]} @@d26c4185@@
I (19635) bench: [10/71] c565.fast2.upright.psram.sync     6251000 ns/iter  462.63 ns/px  cv 0.02%
@@BENCH-CELL@@ {"t":"cell","i":10,"id":"c565.fast2.upright.psram.async2","g":"cube","ax":{"fmt":"565","font":"saira_regular","size":18.0,"ratio":1.0000,"path":"blit/alpha","orient":"upright","mem":"psram","rend":"async2","alpha":255,"halign":0,"corpus":0},"w":{"rows":12,"glyphs":161,"chars":175,"src_px":13512,"dest_px":13512},"m":{"reps":23,"n":15,"min":98390,"med":98443,"max":98617,"mean":98453.8,"sd":48.7},"d":{"ns_iter":4280130,"ns_px":316.77},"q":{"cv":0.05,"spread":0.23,"mhz":360.0,"outliers":0,"flags":[]},"h":"ecacce31"} @@4dedb91c@@
@@BENCH-RAW@@ {"i":10,"s":[98443,98474,98460,98477,98617,98437,98426,98421,98424,98463,98455,98390,98436,98439,98445]} @@7f853019@@
I (21145) bench: [11/71] c565.fast2.upright.psram.async2   4280130 ns/iter  316.77 ns/px  cv 0.05%
@@BENCH-CELL@@ {"t":"cell","i":11,"id":"c565.fast2.upright.sram.sync","g":"cube","ax":{"fmt":"565","font":"saira_regular","size":18.0,"ratio":1.0000,"path":"blit/alpha","orient":"upright","mem":"sram","rend":"sync","alpha":255,"halign":0,"corpus":0},"w":{"rows":12,"glyphs":161,"chars":175,"src_px":13512,"dest_px":13512},"m":{"reps":17,"n":15,"min":106274,"med":106298,"max":106322,"mean":106298.1,"sd":13.5},"d":{"ns_iter":6252823,"ns_px":462.76},"q":{"cv":0.01,"spread":0.05,"mhz":360.0,"outliers":0,"flags":[]},"h":"ecacce31"} @@8a4d1293@@
@@BENCH-RAW@@ {"i":11,"s":[106304,106316,106322,106292,106298,106286,106290,106295,106318,106302,106302,106279,106306,106287,106274]} @@133e89d9@@
I (22785) bench: [12/71] c565.fast2.upright.sram.sync      6252823 ns/iter  462.76 ns/px  cv 0.01%
@@BENCH-CELL@@ {"t":"cell","i":12,"id":"c565.fast2.upright.sram.async2","g":"cube","ax":{"fmt":"565","font":"saira_regular","size":18.0,"ratio":1.0000,"path":"blit/alpha","orient":"upright","mem":"sram","rend":"async2","alpha":255,"halign":0,"corpus":0},"w":{"rows":12,"glyphs":161,"chars":175,"src_px":13512,"dest_px":13512},"m":{"reps":25,"n":15,"min":106877,"med":106939,"max":107017,"mean":106944.2,"sd":41.0},"d":{"ns_iter":4277560,"ns_px":316.57},"q":{"cv":0.04,"spread":0.13,"mhz":360.0,"outliers":0,"flags":[]},"h":"ecacce31"} @@c380a779@@
@@BENCH-RAW@@ {"i":12,"s":[106904,106877,106882,107017,106929,106942,106960,106940,106935,106929,106980,106998,106921,107010,106939]} @@69d368f8@@
I (24425) bench: [13/71] c565.fast2.upright.sram.async2    4277560 ns/iter  316.57 ns/px  cv 0.04%
@@BENCH-CELL@@ {"t":"cell","i":13,"id":"c565.fast2.rotcw.psram.sync","g":"cube","ax":{"fmt":"565","font":"saira_regular","size":18.0,"ratio":1.0000,"path":"blit/alpha","orient":"rotcw","mem":"psram","rend":"sync","alpha":255,"halign":0,"corpus":0},"w":{"rows":12,"glyphs":161,"chars":175,"src_px":13512,"dest_px":13512},"m":{"reps":16,"n":15,"min":100853,"med":100905,"max":101046,"mean":100905.5,"sd":43.6},"d":{"ns_iter":6306562,"ns_px":466.74},"q":{"cv":0.04,"spread":0.19,"mhz":360.0,"outliers":0,"flags":[]},"h":"70889db9"} @@2417fec4@@
@@BENCH-RAW@@ {"i":13,"s":[100893,100860,100886,100862,100912,100927,100891,100908,101046,100853,100894,100910,100905,100930,100905]} @@be69ab43@@
I (25995) bench: [14/71] c565.fast2.rotcw.psram.sync       6306562 ns/iter  466.74 ns/px  cv 0.04%
@@BENCH-CELL@@ {"t":"cell","i":14,"id":"c565.fast2.rotcw.psram.async2","g":"cube","ax":{"fmt":"565","font":"saira_regular","size":18.0,"ratio":1.0000,"path":"blit/alpha","orient":"rotcw","mem":"psram","rend":"async2","alpha":255,"halign":0,"corpus":0},"w":{"rows":12,"glyphs":161,"chars":175,"src_px":13512,"dest_px":13512},"m":{"reps":20,"n":15,"min":92403,"med":92483,"max":92803,"mean":92493.4,"sd":89.8},"d":{"ns_iter":4624150,"ns_px":342.23},"q":{"cv":0.10,"spread":0.43,"mhz":360.0,"outliers":0,"flags":[]},"h":"70889db9"} @@664416e8@@
@@BENCH-RAW@@ {"i":14,"s":[92403,92467,92532,92803,92511,92438,92514,92442,92484,92433,92506,92487,92459,92483,92439]} @@409138e0@@
I (27425) bench: [15/71] c565.fast2.rotcw.psram.async2     4624150 ns/iter  342.23 ns/px  cv 0.10%
@@BENCH-CELL@@ {"t":"cell","i":15,"id":"c565.fast2.rotcw.sram.sync","g":"cube","ax":{"fmt":"565","font":"saira_regular","size":18.0,"ratio":1.0000,"path":"blit/alpha","orient":"rotcw","mem":"sram","rend":"sync","alpha":255,"halign":0,"corpus":0},"w":{"rows":12,"glyphs":161,"chars":175,"src_px":13512,"dest_px":13512},"m":{"reps":17,"n":15,"min":106777,"med":106782,"max":106817,"mean":106787.3,"sd":12.2},"d":{"ns_iter":6281294,"ns_px":464.87},"q":{"cv":0.01,"spread":0.04,"mhz":360.0,"outliers":0,"flags":[]},"h":"70889db9"} @@ee78c284@@
@@BENCH-RAW@@ {"i":15,"s":[106783,106781,106778,106782,106780,106782,106808,106778,106817,106802,106778,106786,106777,106779,106798]} @@50536065@@
I (29065) bench: [16/71] c565.fast2.rotcw.sram.sync        6281294 ns/iter  464.87 ns/px  cv 0.01%
@@BENCH-CELL@@ {"t":"cell","i":16,"id":"c565.fast2.rotcw.sram.async2","g":"cube","ax":{"fmt":"565","font":"saira_regular","size":18.0,"ratio":1.0000,"path":"blit/alpha","orient":"rotcw","mem":"sram","rend":"async2","alpha":255,"halign":0,"corpus":0},"w":{"rows":12,"glyphs":161,"chars":175,"src_px":13512,"dest_px":13512},"m":{"reps":23,"n":15,"min":103712,"med":103805,"max":103892,"mean":103807.5,"sd":48.4},"d":{"ns_iter":4513260,"ns_px":334.02},"q":{"cv":0.05,"spread":0.17,"mhz":360.0,"outliers":0,"flags":[]},"h":"70889db9"} @@89a926a8@@
@@BENCH-RAW@@ {"i":16,"s":[103712,103791,103892,103767,103774,103826,103821,103888,103872,103747,103792,103805,103811,103827,103787]} @@86866e81@@
I (30665) bench: [17/71] c565.fast2.rotcw.sram.async2      4513260 ns/iter  334.02 ns/px  cv 0.05%
@@BENCH-CELL@@ {"t":"cell","i":17,"id":"c565.shader.upright.psram.sync","g":"cube","ax":{"fmt":"565","font":"saira_regular","size":27.0,"ratio":1.5000,"path":"shader/aa","orient":"upright","mem":"psram","rend":"sync","alpha":255,"halign":0,"corpus":0},"w":{"rows":8,"glyphs":92,"chars":100,"src_px":7701,"dest_px":18002},"m":{"reps":1,"n":12,"min":136803,"med":137184,"max":137354,"mean":137163.3,"sd":151.9},"d":{"ns_iter":137184000,"ns_px":7620.49},"q":{"cv":0.11,"spread":0.40,"mhz":360.0,"outliers":0,"flags":[]},"h":"f8db19ed"} @@b4685285@@
@@BENCH-RAW@@ {"i":17,"s":[137125,137067,137328,136803,137046,137289,137199,137051,137333,137354,137181,137184]} @@90cea3b7@@
I (32885) bench: [18/71] c565.shader.upright.psram.sync   137184000 ns/iter  7620.49 ns/px  cv 0.11%
@@BENCH-CELL@@ {"t":"cell","i":18,"id":"c565.shader.upright.psram.async2","g":"cube","ax":{"fmt":"565","font":"saira_regular","size":27.0,"ratio":1.5000,"path":"shader/aa","orient":"upright","mem":"psram","rend":"async2","alpha":255,"halign":0,"corpus":0},"w":{"rows":8,"glyphs":92,"chars":100,"src_px":7701,"dest_px":18002},"m":{"reps":2,"n":12,"min":138028,"med":138236,"max":138394,"mean":138206.2,"sd":120.2},"d":{"ns_iter":69118000,"ns_px":3839.46},"q":{"cv":0.09,"spread":0.26,"mhz":360.0,"outliers":0,"flags":[]},"h":"f8db19ed"} @@4346b69a@@
@@BENCH-RAW@@ {"i":18,"s":[138325,138339,138333,138394,138188,138236,138254,138117,138028,138061,138060,138139]} @@3a3fa809@@
I (34835) bench: [19/71] c565.shader.upright.psram.async2 69118000 ns/iter  3839.46 ns/px  cv 0.09%
@@BENCH-CELL@@ {"t":"cell","i":19,"id":"c565.shader.upright.sram.sync","g":"cube","ax":{"fmt":"565","font":"saira_regular","size":27.0,"ratio":1.5000,"path":"shader/aa","orient":"upright","mem":"sram","rend":"sync","alpha":255,"halign":0,"corpus":0},"w":{"rows":8,"glyphs":92,"chars":100,"src_px":7701,"dest_px":18002},"m":{"reps":1,"n":12,"min":136939,"med":137007,"max":137263,"mean":137025.9,"sd":86.1},"d":{"ns_iter":137007000,"ns_px":7610.65},"q":{"cv":0.06,"spread":0.24,"mhz":360.0,"outliers":0,"flags":[]},"h":"f8db19ed"} @@1c726343@@
@@BENCH-RAW@@ {"i":19,"s":[137007,136977,137014,137051,136952,136998,137118,137263,136981,136939,136960,137051]} @@f552d0bb@@
I (37055) bench: [20/71] c565.shader.upright.sram.sync    137007000 ns/iter  7610.65 ns/px  cv 0.06%
@@BENCH-CELL@@ {"t":"cell","i":20,"id":"c565.shader.upright.sram.async2","g":"cube","ax":{"fmt":"565","font":"saira_regular","size":27.0,"ratio":1.5000,"path":"shader/aa","orient":"upright","mem":"sram","rend":"async2","alpha":255,"halign":0,"corpus":0},"w":{"rows":8,"glyphs":92,"chars":100,"src_px":7701,"dest_px":18002},"m":{"reps":2,"n":12,"min":137936,"med":138005,"max":138303,"mean":138026.1,"sd":91.8},"d":{"ns_iter":69002500,"ns_px":3833.05},"q":{"cv":0.07,"spread":0.27,"mhz":360.0,"outliers":0,"flags":[]},"h":"f8db19ed"} @@6c3788e6@@
@@BENCH-RAW@@ {"i":20,"s":[137948,137973,137936,137998,138007,137999,138082,138005,138017,137993,138052,138303]} @@bb4ac90b@@
I (39005) bench: [21/71] c565.shader.upright.sram.async2  69002500 ns/iter  3833.05 ns/px  cv 0.07%
@@BENCH-CELL@@ {"t":"cell","i":21,"id":"c565.shader.rotcw.psram.sync","g":"cube","ax":{"fmt":"565","font":"saira_regular","size":27.0,"ratio":1.5000,"path":"shader/aa","orient":"rotcw","mem":"psram","rend":"sync","alpha":255,"halign":0,"corpus":0},"w":{"rows":8,"glyphs":92,"chars":100,"src_px":7701,"dest_px":18002},"m":{"reps":1,"n":13,"min":130088,"med":130138,"max":130218,"mean":130143.4,"sd":35.1},"d":{"ns_iter":130138000,"ns_px":7229.09},"q":{"cv":0.03,"spread":0.10,"mhz":360.0,"outliers":0,"flags":[]},"h":"796ae951"} @@2c0e2078@@
@@BENCH-RAW@@ {"i":21,"s":[130218,130172,130123,130127,130169,130149,130103,130088,130190,130150,130124,130113,130138]} @@c33edf41@@
I (41245) bench: [22/71] c565.shader.rotcw.psram.sync     130138000 ns/iter  7229.09 ns/px  cv 0.03%
@@BENCH-CELL@@ {"t":"cell","i":22,"id":"c565.shader.rotcw.psram.async2","g":"cube","ax":{"fmt":"565","font":"saira_regular","size":27.0,"ratio":1.5000,"path":"shader/aa","orient":"rotcw","mem":"psram","rend":"async2","alpha":255,"halign":0,"corpus":0},"w":{"rows":8,"glyphs":92,"chars":100,"src_px":7701,"dest_px":18002},"m":{"reps":2,"n":12,"min":136390,"med":136472,"max":136622,"mean":136486.7,"sd":80.1},"d":{"ns_iter":68236000,"ns_px":3790.47},"q":{"cv":0.06,"spread":0.17,"mhz":360.0,"outliers":0,"flags":[]},"h":"796ae951"} @@c4823ecb@@
@@BENCH-RAW@@ {"i":22,"s":[136560,136619,136474,136472,136415,136398,136390,136446,136427,136450,136567,136622]} @@ac650435@@
I (43175) bench: [23/71] c565.shader.rotcw.psram.async2   68236000 ns/iter  3790.47 ns/px  cv 0.06%
@@BENCH-CELL@@ {"t":"cell","i":23,"id":"c565.shader.rotcw.sram.sync","g":"cube","ax":{"fmt":"565","font":"saira_regular","size":27.0,"ratio":1.5000,"path":"shader/aa","orient":"rotcw","mem":"sram","rend":"sync","alpha":255,"halign":0,"corpus":0},"w":{"rows":8,"glyphs":92,"chars":100,"src_px":7701,"dest_px":18002},"m":{"reps":1,"n":13,"min":129833,"med":129864,"max":129911,"mean":129862.8,"sd":19.5},"d":{"ns_iter":129864000,"ns_px":7213.87},"q":{"cv":0.01,"spread":0.06,"mhz":360.0,"outliers":0,"flags":[]},"h":"796ae951"} @@771c512e@@
@@BENCH-RAW@@ {"i":23,"s":[129865,129863,129870,129854,129911,129833,129868,129855,129873,129835,129845,129880,129864]} @@cd4e3ae0@@
I (45405) bench: [24/71] c565.shader.rotcw.sram.sync      129864000 ns/iter  7213.87 ns/px  cv 0.01%
@@BENCH-CELL@@ {"t":"cell","i":24,"id":"c565.shader.rotcw.sram.async2","g":"cube","ax":{"fmt":"565","font":"saira_regular","size":27.0,"ratio":1.5000,"path":"shader/aa","orient":"rotcw","mem":"sram","rend":"async2","alpha":255,"halign":0,"corpus":0},"w":{"rows":8,"glyphs":92,"chars":100,"src_px":7701,"dest_px":18002},"m":{"reps":2,"n":12,"min":135926,"med":135954,"max":135980,"mean":135953.4,"sd":18.2},"d":{"ns_iter":67977000,"ns_px":3776.08},"q":{"cv":0.01,"spread":0.04,"mhz":360.0,"outliers":0,"flags":[]},"h":"796ae951"} @@e82df289@@
@@BENCH-RAW@@ {"i":24,"s":[135946,135980,135957,135926,135954,135972,135979,135972,135947,135943,135938,135927]} @@8601a365@@
I (47325) bench: [25/71] c565.shader.rotcw.sram.async2    67977000 ns/iter  3776.08 ns/px  cv 0.01%
@@BENCH-CELL@@ {"t":"cell","i":25,"id":"c888.fast1.upright.psram.sync","g":"cube","ax":{"fmt":"888","font":"sky","size":9.0,"ratio":1.0000,"path":"blit/direct","orient":"upright","mem":"psram","rend":"sync","alpha":255,"halign":0,"corpus":0},"w":{"rows":23,"glyphs":373,"chars":397,"src_px":10135,"dest_px":10135},"m":{"reps":40,"n":15,"min":84107,"med":84227,"max":84368,"mean":84235.7,"sd":79.3},"d":{"ns_iter":2105675,"ns_px":207.76},"q":{"cv":0.09,"spread":0.31,"mhz":360.0,"outliers":0,"flags":[]},"h":"601bd481"} @@1ef6f7e3@@
@@BENCH-RAW@@ {"i":25,"s":[84351,84368,84292,84325,84322,84238,84201,84227,84189,84134,84164,84107,84141,84253,84224]} @@1a2252a0@@
I (48625) bench: [26/71] c888.fast1.upright.psram.sync     2105675 ns/iter  207.76 ns/px  cv 0.09%
@@BENCH-CELL@@ {"t":"cell","i":26,"id":"c888.fast1.upright.psram.async2","g":"cube","ax":{"fmt":"888","font":"sky","size":9.0,"ratio":1.0000,"path":"blit/direct","orient":"upright","mem":"psram","rend":"async2","alpha":255,"halign":0,"corpus":0},"w":{"rows":23,"glyphs":373,"chars":397,"src_px":10135,"dest_px":10135},"m":{"reps":27,"n":15,"min":101415,"med":101517,"max":101709,"mean":101525.9,"sd":86.4},"d":{"ns_iter":3759888,"ns_px":370.98},"q":{"cv":0.09,"spread":0.29,"mhz":360.0,"outliers":0,"flags":[]},"h":"601bd481"} @@888f1366@@
@@BENCH-RAW@@ {"i":26,"s":[101610,101640,101612,101709,101436,101517,101542,101464,101561,101577,101415,101448,101455,101442,101460]} @@4c71b12d@@
I (50195) bench: [27/71] c888.fast1.upright.psram.async2   3759888 ns/iter  370.98 ns/px  cv 0.09%
@@BENCH-CELL@@ {"t":"cell","i":27,"id":"c888.fast1.upright.sram.sync","g":"cube","ax":{"fmt":"888","font":"sky","size":9.0,"ratio":1.0000,"path":"blit/direct","orient":"upright","mem":"sram","rend":"sync","alpha":255,"halign":0,"corpus":0},"w":{"rows":23,"glyphs":373,"chars":397,"src_px":10135,"dest_px":10135},"m":{"reps":48,"n":15,"min":101012,"med":101119,"max":101220,"mean":101113.1,"sd":59.6},"d":{"ns_iter":2106645,"ns_px":207.86},"q":{"cv":0.06,"spread":0.21,"mhz":360.0,"outliers":0,"flags":[]},"h":"601bd481"} @@3f4e6157@@
@@BENCH-RAW@@ {"i":27,"s":[101109,101074,101065,101120,101220,101206,101099,101136,101044,101012,101026,101164,101166,101137,101119]} @@2eade5d1@@
I (51735) bench: [28/71] c888.fast1.upright.sram.sync      2106645 ns/iter  207.86 ns/px  cv 0.06%
@@BENCH-CELL@@ {"t":"cell","i":28,"id":"c888.fast1.upright.sram.async2","g":"cube","ax":{"fmt":"888","font":"sky","size":9.0,"ratio":1.0000,"path":"blit/direct","orient":"upright","mem":"sram","rend":"async2","alpha":255,"halign":0,"corpus":0},"w":{"rows":23,"glyphs":373,"chars":397,"src_px":10135,"dest_px":10135},"m":{"reps":30,"n":15,"min":112924,"med":112997,"max":113295,"mean":113035.2,"sd":108.4},"d":{"ns_iter":3766566,"ns_px":371.64},"q":{"cv":0.10,"spread":0.33,"mhz":360.0,"outliers":0,"flags":[]},"h":"601bd481"} @@80feb6b2@@
@@BENCH-RAW@@ {"i":28,"s":[112925,112997,113209,113003,113133,113141,113295,112975,112924,112962,112998,112973,112928,112983,113082]} @@bde68d49@@
I (53475) bench: [29/71] c888.fast1.upright.sram.async2    3766566 ns/iter  371.64 ns/px  cv 0.10%
@@BENCH-CELL@@ {"t":"cell","i":29,"id":"c888.fast1.rotcw.psram.sync","g":"cube","ax":{"fmt":"888","font":"sky","size":9.0,"ratio":1.0000,"path":"blit/direct","orient":"rotcw","mem":"psram","rend":"sync","alpha":255,"halign":0,"corpus":0},"w":{"rows":23,"glyphs":373,"chars":397,"src_px":10135,"dest_px":10135},"m":{"reps":35,"n":15,"min":83777,"med":84046,"max":84476,"mean":84045.2,"sd":173.2},"d":{"ns_iter":2401314,"ns_px":236.93},"q":{"cv":0.21,"spread":0.83,"mhz":360.0,"outliers":0,"flags":[]},"h":"333c04c9"} @@26f41c48@@
@@BENCH-RAW@@ {"i":29,"s":[84066,84040,84003,84476,84086,84214,84240,84046,84098,84057,83777,84034,83862,83817,83862]} @@92ce7d5f@@
