@@BENCH-BEGIN@@ {"t":"begin","schema":1,"cells":71,"boot_us":4877701,"reset":3,"build":{"app_git":"058fa78daccb","app_dirty":false,"app_branch":"main","pax_git":"964533a6d894","pax_dirty":false,"pax_branch":"main","idf":"v6.0.2","opt":"Os","app_ver":"058fa78","app_date":"Aug 20 2026 11:25:12"},"hw":{"chip":"esp32p4","rev":103,"cores":2,"cpu_mhz_nom":360,"cpu_mhz_meas":359.99,"l2_kb":128,"l2_line":64,"psram":true},"cfg":{"pm_enable":true,"pm_lock":true,"tick_hz":100,"wdt":false,"pax":{"bounds_check":false,"orientation":true,"async":"multithread","range_setter":true,"range_merger":true,"fixed_point":true,"long_fixed_point":true,"queue_size":32,"sso_len":32}},"mem":{"tile_dim":256,"int_addr":"0x4ff40700","psram_addr":"0x4811a900","int_free":339635,"int_largest":192512,"psram_free":30524228},"bench":{"n_samples":15,"warmup":2,"target_sample_us":110000,"cell_budget_us":2000000,"corpus_ver":1,"join_placement":"per_sample","driver_core":0,"driver_prio":5,"scrub_bytes":524288}} @@5f94b3a2@@
@@BENCH-CELL@@ {"t":"cell","i":0,"id":"drift.first","g":"drift","ax":{"fmt":"888","font":"saira_regular","size":18.0,"ratio":1.0000,"path":"blit/alpha","orient":"rotcw","mem":"psram","rend":"async2","alpha":255,"halign":0,"corpus":0},"w":{"rows":12,"glyphs":161,"chars":175,"src_px":13512,"dest_px":13512},"m":{"reps":20,"n":15,"min":94227,"med":94436,"max":94614,"mean":94429.6,"sd":88.4},"d":{"ns_iter":4721800,"ns_px":349.45},"q":{"cv":0.09,"spread":0.41,"mhz":360.0,"outliers":0,"flags":[]},"h":"de65743c"} @@1adfe922@@
@@BENCH-RAW@@ {"i":0,"s":[94325,94488,94463,94227,94428,94459,94406,94471,94614,94526,94436,94488,94377,94381,94355]} @@76afe557@@
I (7577) bench: [1/71] drift.first                       4721800 ns/iter  349.45 ns/px  cv 0.09%
@@BENCH-CELL@@ {"t":"cell","i":1,"id":"c565.fast1.upright.psram.sync","g":"cube","ax":{"fmt":"565","font":"sky","size":9.0,"ratio":1.0000,"path":"blit/direct","orient":"upright","mem":"psram","rend":"sync","alpha":255,"halign":0,"corpus":0},"w":{"rows":23,"glyphs":373,"chars":397,"src_px":10135,"dest_px":10135},"m":{"reps":45,"n":15,"min":87095,"med":87116,"max":87227,"mean":87139.7,"sd":38.8},"d":{"ns_iter":1935911,"ns_px":191.01},"q":{"cv":0.04,"spread":0.15,"mhz":360.0,"outliers":0,"flags":[]},"h":"16b7abd1"} @@ed1df9e4@@
@@BENCH-RAW@@ {"i":1,"s":[87184,87116,87105,87095,87184,87130,87178,87106,87112,87227,87107,87173,87152,87113,87113]} @@aae62d79@@
I (8917) bench: [2/71] c565.fast1.upright.psram.sync     1935911 ns/iter  191.01 ns/px  cv 0.04%
@@BENCH-CELL@@ {"t":"cell","i":2,"id":"c565.fast1.upright.psram.async2","g":"cube","ax":{"fmt":"565","font":"sky","size":9.0,"ratio":1.0000,"path":"blit/direct","orient":"upright","mem":"psram","rend":"async2","alpha":255,"halign":0,"corpus":0},"w":{"rows":23,"glyphs":373,"chars":397,"src_px":10135,"dest_px":10135},"m":{"reps":28,"n":15,"min":102032,"med":102246,"max":102387,"mean":102222.2,"sd":104.5},"d":{"ns_iter":3651642,"ns_px":360.30},"q":{"cv":0.10,"spread":0.35,"mhz":360.0,"outliers":0,"flags":[]},"h":"16b7abd1"} @@462b4acb@@
@@BENCH-RAW@@ {"i":2,"s":[102263,102125,102328,102387,102288,102369,102246,102129,102161,102105,102032,102110,102317,102194,102279]} @@94b92979@@
I (10487) bench: [3/71] c565.fast1.upright.psram.async2   3651642 ns/iter  360.30 ns/px  cv 0.10%
@@BENCH-CELL@@ {"t":"cell","i":3,"id":"c565.fast1.upright.sram.sync","g":"cube","ax":{"fmt":"565","font":"sky","size":9.0,"ratio":1.0000,"path":"blit/direct","orient":"upright","mem":"sram","rend":"sync","alpha":255,"halign":0,"corpus":0},"w":{"rows":23,"glyphs":373,"chars":397,"src_px":10135,"dest_px":10135},"m":{"reps":52,"n":15,"min":100559,"med":100672,"max":100877,"mean":100707.3,"sd":112.5},"d":{"ns_iter":1936000,"ns_px":191.02},"q":{"cv":0.11,"spread":0.32,"mhz":360.0,"outliers":0,"flags":[]},"h":"16b7abd1"} @@b73da22f@@
@@BENCH-RAW@@ {"i":3,"s":[100625,100672,100667,100676,100632,100590,100560,100559,100634,100717,100863,100851,100877,100849,100837]} @@02c6f805@@
I (12027) bench: [4/71] c565.fast1.upright.sram.sync      1936000 ns/iter  191.02 ns/px  cv 0.11%
@@BENCH-CELL@@ {"t":"cell","i":4,"id":"c565.fast1.upright.sram.async2","g":"cube","ax":{"fmt":"565","font":"sky","size":9.0,"ratio":1.0000,"path":"blit/direct","orient":"upright","mem":"sram","rend":"async2","alpha":255,"halign":0,"corpus":0},"w":{"rows":23,"glyphs":373,"chars":397,"src_px":10135,"dest_px":10135},"m":{"reps":30,"n":15,"min":109211,"med":109452,"max":109711,"mean":109435.7,"sd":151.1},"d":{"ns_iter":3648400,"ns_px":359.98},"q":{"cv":0.14,"spread":0.46,"mhz":360.0,"outliers":0,"flags":[]},"h":"16b7abd1"} @@87c04976@@
@@BENCH-RAW@@ {"i":4,"s":[109216,109273,109492,109526,109559,109589,109517,109711,109614,109447,109357,109310,109261,109211,109452]} @@8c2e968e@@
I (13707) bench: [5/71] c565.fast1.upright.sram.async2    3648400 ns/iter  359.98 ns/px  cv 0.14%
@@BENCH-CELL@@ {"t":"cell","i":5,"id":"c565.fast1.rotcw.psram.sync","g":"cube","ax":{"fmt":"565","font":"sky","size":9.0,"ratio":1.0000,"path":"blit/direct","orient":"rotcw","mem":"psram","rend":"sync","alpha":255,"halign":0,"corpus":0},"w":{"rows":23,"glyphs":373,"chars":397,"src_px":10135,"dest_px":10135},"m":{"reps":39,"n":15,"min":76568,"med":76641,"max":76746,"mean":76645.9,"sd":45.2},"d":{"ns_iter":1965153,"ns_px":193.90},"q":{"cv":0.06,"spread":0.23,"mhz":360.0,"outliers":0,"flags":[]},"h":"70d20c11"} @@d1f635b7@@
@@BENCH-RAW@@ {"i":5,"s":[76604,76639,76696,76746,76656,76660,76581,76603,76656,76658,76641,76637,76705,76638,76568]} @@c925cb30@@
I (14887) bench: [6/71] c565.fast1.rotcw.psram.sync       1965153 ns/iter  193.90 ns/px  cv 0.06%
@@BENCH-CELL@@ {"t":"cell","i":6,"id":"c565.fast1.rotcw.psram.async2","g":"cube","ax":{"fmt":"565","font":"sky","size":9.0,"ratio":1.0000,"path":"blit/direct","orient":"rotcw","mem":"psram","rend":"async2","alpha":255,"halign":0,"corpus":0},"w":{"rows":23,"glyphs":373,"chars":397,"src_px":10135,"dest_px":10135},"m":{"reps":26,"n":15,"min":97690,"med":97731,"max":97867,"mean":97745.9,"sd":42.7},"d":{"ns_iter":3758884,"ns_px":370.88},"q":{"cv":0.04,"spread":0.18,"mhz":360.0,"outliers":0,"flags":[]},"h":"70d20c11"} @@935f74a5@@
@@BENCH-RAW@@ {"i":6,"s":[97724,97734,97728,97785,97754,97730,97715,97714,97786,97745,97781,97867,97690,97705,97731]} @@2e087584@@
I (16387) bench: [7/71] c565.fast1.rotcw.psram.async2     3758884 ns/iter  370.88 ns/px  cv 0.04%
@@BENCH-CELL@@ {"t":"cell","i":7,"id":"c565.fast1.rotcw.sram.sync","g":"cube","ax":{"fmt":"565","font":"sky","size":9.0,"ratio":1.0000,"path":"blit/direct","orient":"rotcw","mem":"sram","rend":"sync","alpha":255,"halign":0,"corpus":0},"w":{"rows":23,"glyphs":373,"chars":397,"src_px":10135,"dest_px":10135},"m":{"reps":51,"n":15,"min":99699,"med":99904,"max":100035,"mean":99892.2,"sd":95.6},"d":{"ns_iter":1958901,"ns_px":193.28},"q":{"cv":0.10,"spread":0.34,"mhz":360.0,"outliers":0,"flags":[]},"h":"70d20c11"} @@8a7457f2@@
@@BENCH-RAW@@ {"i":7,"s":[99794,99699,99971,99746,99919,99850,99998,99904,99882,99960,99817,100007,99853,99948,100035]} @@5bf69e5a@@
I (17917) bench: [8/71] c565.fast1.rotcw.sram.sync        1958901 ns/iter  193.28 ns/px  cv 0.10%
@@BENCH-CELL@@ {"t":"cell","i":8,"id":"c565.fast1.rotcw.sram.async2","g":"cube","ax":{"fmt":"565","font":"sky","size":9.0,"ratio":1.0000,"path":"blit/direct","orient":"rotcw","mem":"sram","rend":"async2","alpha":255,"halign":0,"corpus":0},"w":{"rows":23,"glyphs":373,"chars":397,"src_px":10135,"dest_px":10135},"m":{"reps":30,"n":15,"min":111913,"med":112018,"max":112151,"mean":112035.9,"sd":70.2},"d":{"ns_iter":3733933,"ns_px":368.42},"q":{"cv":0.06,"spread":0.21,"mhz":360.0,"outliers":0,"flags":[]},"h":"70d20c11"} @@e780906c@@
@@BENCH-RAW@@ {"i":8,"s":[111998,112010,111945,112018,112090,112151,112062,112122,112136,112079,112077,111913,111979,111995,111963]} @@73a1bf02@@
I (19627) bench: [9/71] c565.fast1.rotcw.sram.async2      3733933 ns/iter  368.42 ns/px  cv 0.06%
@@BENCH-CELL@@ {"t":"cell","i":9,"id":"c565.fast2.upright.psram.sync","g":"cube","ax":{"fmt":"565","font":"saira_regular","size":18.0,"ratio":1.0000,"path":"blit/alpha","orient":"upright","mem":"psram","rend":"sync","alpha":255,"halign":0,"corpus":0},"w":{"rows":12,"glyphs":161,"chars":175,"src_px":13512,"dest_px":13512},"m":{"reps":16,"n":15,"min":102129,"med":102149,"max":102217,"mean":102154.5,"sd":22.8},"d":{"ns_iter":6384312,"ns_px":472.49},"q":{"cv":0.02,"spread":0.09,"mhz":360.0,"outliers":0,"flags":[]},"h":"ecacce31"} @@cc87d375@@
@@BENCH-RAW@@ {"i":9,"s":[102130,102149,102165,102178,102217,102162,102151,102170,102171,102135,102134,102135,102142,102129,102149]} @@107a767d@@
I (21207) bench: [10/71] c565.fast2.upright.psram.sync     6384312 ns/iter  472.49 ns/px  cv 0.02%
@@BENCH-CELL@@ {"t":"cell","i":10,"id":"c565.fast2.upright.psram.async2","g":"cube","ax":{"fmt":"565","font":"saira_regular","size":18.0,"ratio":1.0000,"path":"blit/alpha","orient":"upright","mem":"psram","rend":"async2","alpha":255,"halign":0,"corpus":0},"w":{"rows":12,"glyphs":161,"chars":175,"src_px":13512,"dest_px":13512},"m":{"reps":22,"n":15,"min":94881,"med":94954,"max":95050,"mean":94953.5,"sd":40.6},"d":{"ns_iter":4316090,"ns_px":319.43},"q":{"cv":0.04,"spread":0.18,"mhz":360.0,"outliers":0,"flags":[]},"h":"ecacce31"} @@a357bb56@@
@@BENCH-RAW@@ {"i":10,"s":[94969,94942,94957,94985,94956,95050,94953,94975,94881,94942,94921,94954,94905,94907,95005]} @@3f4a7d7d@@
I (22677) bench: [11/71] c565.fast2.upright.psram.async2   4316090 ns/iter  319.43 ns/px  cv 0.04%
@@BENCH-CELL@@ {"t":"cell","i":11,"id":"c565.fast2.upright.sram.sync","g":"cube","ax":{"fmt":"565","font":"saira_regular","size":18.0,"ratio":1.0000,"path":"blit/alpha","orient":"upright","mem":"sram","rend":"sync","alpha":255,"halign":0,"corpus":0},"w":{"rows":12,"glyphs":161,"chars":175,"src_px":13512,"dest_px":13512},"m":{"reps":17,"n":15,"min":108541,"med":108552,"max":108586,"mean":108556.0,"sd":13.7},"d":{"ns_iter":6385411,"ns_px":472.57},"q":{"cv":0.01,"spread":0.04,"mhz":360.0,"outliers":0,"flags":[]},"h":"ecacce31"} @@14b8bf15@@
@@BENCH-RAW@@ {"i":11,"s":[108547,108541,108548,108541,108586,108541,108548,108542,108552,108563,108560,108556,108570,108574,108571]} @@b2cba3a5@@
I (24347) bench: [12/71] c565.fast2.upright.sram.sync      6385411 ns/iter  472.57 ns/px  cv 0.01%
@@BENCH-CELL@@ {"t":"cell","i":12,"id":"c565.fast2.upright.sram.async2","g":"cube","ax":{"fmt":"565","font":"saira_regular","size":18.0,"ratio":1.0000,"path":"blit/alpha","orient":"upright","mem":"sram","rend":"async2","alpha":255,"halign":0,"corpus":0},"w":{"rows":12,"glyphs":161,"chars":175,"src_px":13512,"dest_px":13512},"m":{"reps":24,"n":15,"min":103546,"med":103631,"max":103779,"mean":103634.9,"sd":65.8},"d":{"ns_iter":4317958,"ns_px":319.56},"q":{"cv":0.06,"spread":0.22,"mhz":360.0,"outliers":0,"flags":[]},"h":"ecacce31"} @@0864e05f@@
@@BENCH-RAW@@ {"i":12,"s":[103563,103585,103546,103573,103687,103661,103616,103612,103753,103779,103660,103631,103639,103657,103562]} @@95d9ef0b@@
I (25947) bench: [13/71] c565.fast2.upright.sram.async2    4317958 ns/iter  319.56 ns/px  cv 0.06%
@@BENCH-CELL@@ {"t":"cell","i":13,"id":"c565.fast2.rotcw.psram.sync","g":"cube","ax":{"fmt":"565","font":"saira_regular","size":18.0,"ratio":1.0000,"path":"blit/alpha","orient":"rotcw","mem":"psram","rend":"sync","alpha":255,"halign":0,"corpus":0},"w":{"rows":12,"glyphs":161,"chars":175,"src_px":13512,"dest_px":13512},"m":{"reps":15,"n":15,"min":96734,"med":96767,"max":96857,"mean":96776.7,"sd":30.4},"d":{"ns_iter":6451133,"ns_px":477.44},"q":{"cv":0.03,"spread":0.13,"mhz":360.0,"outliers":0,"flags":[]},"h":"70889db9"} @@0ce167f1@@
@@BENCH-RAW@@ {"i":13,"s":[96797,96785,96818,96857,96762,96754,96734,96768,96754,96758,96752,96767,96759,96802,96784]} @@81c5cd4f@@
I (27447) bench: [14/71] c565.fast2.rotcw.psram.sync       6451133 ns/iter  477.44 ns/px  cv 0.03%
@@BENCH-CELL@@ {"t":"cell","i":14,"id":"c565.fast2.rotcw.psram.async2","g":"cube","ax":{"fmt":"565","font":"saira_regular","size":18.0,"ratio":1.0000,"path":"blit/alpha","orient":"rotcw","mem":"psram","rend":"async2","alpha":255,"halign":0,"corpus":0},"w":{"rows":12,"glyphs":161,"chars":175,"src_px":13512,"dest_px":13512},"m":{"reps":20,"n":15,"min":93660,"med":93768,"max":94074,"mean":93789.1,"sd":96.3},"d":{"ns_iter":4688400,"ns_px":346.98},"q":{"cv":0.10,"spread":0.44,"mhz":360.0,"outliers":0,"flags":[]},"h":"70889db9"} @@fd1a559f@@
@@BENCH-RAW@@ {"i":14,"s":[93730,93726,93660,93744,93853,93716,93708,93758,93768,94074,93779,93820,93808,93903,93789]} @@291cfa51@@
I (28887) bench: [15/71] c565.fast2.rotcw.psram.async2     4688400 ns/iter  346.98 ns/px  cv 0.10%
@@BENCH-CELL@@ {"t":"cell","i":15,"id":"c565.fast2.rotcw.sram.sync","g":"cube","ax":{"fmt":"565","font":"saira_regular","size":18.0,"ratio":1.0000,"path":"blit/alpha","orient":"rotcw","mem":"sram","rend":"sync","alpha":255,"halign":0,"corpus":0},"w":{"rows":12,"glyphs":161,"chars":175,"src_px":13512,"dest_px":13512},"m":{"reps":17,"n":15,"min":109038,"med":109059,"max":109111,"mean":109061.9,"sd":17.4},"d":{"ns_iter":6415235,"ns_px":474.78},"q":{"cv":0.02,"spread":0.07,"mhz":360.0,"outliers":0,"flags":[]},"h":"70889db9"} @@e7281899@@
@@BENCH-RAW@@ {"i":15,"s":[109038,109045,109067,109072,109111,109069,109074,109068,109074,109055,109053,109046,109053,109059,109044]} @@75014db8@@
I (30577) bench: [16/71] c565.fast2.rotcw.sram.sync        6415235 ns/iter  474.78 ns/px  cv 0.02%
@@BENCH-CELL@@ {"t":"cell","i":16,"id":"c565.fast2.rotcw.sram.async2","g":"cube","ax":{"fmt":"565","font":"saira_regular","size":18.0,"ratio":1.0000,"path":"blit/alpha","orient":"rotcw","mem":"sram","rend":"async2","alpha":255,"halign":0,"corpus":0},"w":{"rows":12,"glyphs":161,"chars":175,"src_px":13512,"dest_px":13512},"m":{"reps":23,"n":15,"min":104837,"med":104913,"max":105046,"mean":104921.9,"sd":54.5},"d":{"ns_iter":4561434,"ns_px":337.58},"q":{"cv":0.05,"spread":0.20,"mhz":360.0,"outliers":0,"flags":[]},"h":"70889db9"} @@83754c3b@@
@@BENCH-RAW@@ {"i":16,"s":[104869,104837,104932,104968,104880,104911,104971,105046,104902,104846,104957,104878,104944,104913,104974]} @@f169ed12@@
I (32187) bench: [17/71] c565.fast2.rotcw.sram.async2      4561434 ns/iter  337.58 ns/px  cv 0.05%
@@BENCH-CELL@@ {"t":"cell","i":17,"id":"c565.shader.upright.psram.sync","g":"cube","ax":{"fmt":"565","font":"saira_regular","size":27.0,"ratio":1.5000,"path":"shader/aa","orient":"upright","mem":"psram","rend":"sync","alpha":255,"halign":0,"corpus":0},"w":{"rows":8,"glyphs":92,"chars":100,"src_px":7701,"dest_px":18002},"m":{"reps":1,"n":12,"min":136147,"med":136340,"max":136475,"mean":136319.5,"sd":87.9},"d":{"ns_iter":136340000,"ns_px":7573.60},"q":{"cv":0.06,"spread":0.24,"mhz":360.0,"outliers":0,"flags":[]},"h":"f8db19ed"} @@f0efa21a@@
@@BENCH-RAW@@ {"i":17,"s":[136340,136333,136215,136272,136382,136475,136349,136362,136407,136147,136217,136335]} @@7470a9f4@@
I (34397) bench: [18/71] c565.shader.upright.psram.sync   136340000 ns/iter  7573.60 ns/px  cv 0.06%
@@BENCH-CELL@@ {"t":"cell","i":18,"id":"c565.shader.upright.psram.async2","g":"cube","ax":{"fmt":"565","font":"saira_regular","size":27.0,"ratio":1.5000,"path":"shader/aa","orient":"upright","mem":"psram","rend":"async2","alpha":255,"halign":0,"corpus":0},"w":{"rows":8,"glyphs":92,"chars":100,"src_px":7701,"dest_px":18002},"m":{"reps":2,"n":12,"min":137610,"med":137759,"max":137843,"mean":137733.0,"sd":82.4},"d":{"ns_iter":68879500,"ns_px":3826.21},"q":{"cv":0.06,"spread":0.17,"mhz":360.0,"outliers":0,"flags":[]},"h":"f8db19ed"} @@e5032d73@@
@@BENCH-RAW@@ {"i":18,"s":[137825,137824,137785,137804,137709,137843,137723,137759,137664,137638,137610,137612]} @@0238c10d@@
I (36347) bench: [19/71] c565.shader.upright.psram.async2 68879500 ns/iter  3826.21 ns/px  cv 0.06%
@@BENCH-CELL@@ {"t":"cell","i":19,"id":"c565.shader.upright.sram.sync","g":"cube","ax":{"fmt":"565","font":"saira_regular","size":27.0,"ratio":1.5000,"path":"shader/aa","orient":"upright","mem":"sram","rend":"sync","alpha":255,"halign":0,"corpus":0},"w":{"rows":8,"glyphs":92,"chars":100,"src_px":7701,"dest_px":18002},"m":{"reps":1,"n":12,"min":136133,"med":136308,"max":136496,"mean":136293.3,"sd":94.6},"d":{"ns_iter":136308000,"ns_px":7571.83},"q":{"cv":0.07,"spread":0.27,"mhz":360.0,"outliers":0,"flags":[]},"h":"f8db19ed"} @@483c74e1@@
@@BENCH-RAW@@ {"i":19,"s":[136157,136294,136364,136496,136133,136261,136360,136330,136308,136320,136300,136197]} @@3ef03bc4@@
I (38547) bench: [20/71] c565.shader.upright.sram.sync    136308000 ns/iter  7571.83 ns/px  cv 0.07%
@@BENCH-CELL@@ {"t":"cell","i":20,"id":"c565.shader.upright.sram.async2","g":"cube","ax":{"fmt":"565","font":"saira_regular","size":27.0,"ratio":1.5000,"path":"shader/aa","orient":"upright","mem":"sram","rend":"async2","alpha":255,"halign":0,"corpus":0},"w":{"rows":8,"glyphs":92,"chars":100,"src_px":7701,"dest_px":18002},"m":{"reps":2,"n":12,"min":137629,"med":137754,"max":137875,"mean":137752.5,"sd":55.5},"d":{"ns_iter":68877000,"ns_px":3826.07},"q":{"cv":0.04,"spread":0.18,"mhz":360.0,"outliers":0,"flags":[]},"h":"f8db19ed"} @@465ff34e@@
@@BENCH-RAW@@ {"i":20,"s":[137737,137803,137755,137717,137782,137875,137629,137754,137777,137741,137725,137735]} @@cfc2865e@@
I (40497) bench: [21/71] c565.shader.upright.sram.async2  68877000 ns/iter  3826.07 ns/px  cv 0.04%
@@BENCH-CELL@@ {"t":"cell","i":21,"id":"c565.shader.rotcw.psram.sync","g":"cube","ax":{"fmt":"565","font":"saira_regular","size":27.0,"ratio":1.5000,"path":"shader/aa","orient":"rotcw","mem":"psram","rend":"sync","alpha":255,"halign":0,"corpus":0},"w":{"rows":8,"glyphs":92,"chars":100,"src_px":7701,"dest_px":18002},"m":{"reps":1,"n":13,"min":129410,"med":129435,"max":129510,"mean":129440.8,"sd":26.0},"d":{"ns_iter":129435000,"ns_px":7190.03},"q":{"cv":0.02,"spread":0.08,"mhz":360.0,"outliers":0,"flags":[]},"h":"796ae951"} @@90adfbc3@@
@@BENCH-RAW@@ {"i":21,"s":[129469,129423,129429,129444,129435,129428,129413,129510,129450,129452,129410,129449,129418]} @@39e7d9e6@@
I (42717) bench: [22/71] c565.shader.rotcw.psram.sync     129435000 ns/iter  7190.03 ns/px  cv 0.02%
@@BENCH-CELL@@ {"t":"cell","i":22,"id":"c565.shader.rotcw.psram.async2","g":"cube","ax":{"fmt":"565","font":"saira_regular","size":27.0,"ratio":1.5000,"path":"shader/aa","orient":"rotcw","mem":"psram","rend":"async2","alpha":255,"halign":0,"corpus":0},"w":{"rows":8,"glyphs":92,"chars":100,"src_px":7701,"dest_px":18002},"m":{"reps":2,"n":12,"min":136676,"med":136752,"max":136813,"mean":136744.3,"sd":45.2},"d":{"ns_iter":68376000,"ns_px":3798.24},"q":{"cv":0.03,"spread":0.10,"mhz":360.0,"outliers":0,"flags":[]},"h":"796ae951"} @@1b5face1@@
@@BENCH-RAW@@ {"i":22,"s":[136795,136790,136791,136710,136719,136706,136676,136765,136752,136677,136813,136738]} @@5f81a01c@@
I (44657) bench: [23/71] c565.shader.rotcw.psram.async2   68376000 ns/iter  3798.24 ns/px  cv 0.03%
@@BENCH-CELL@@ {"t":"cell","i":23,"id":"c565.shader.rotcw.sram.sync","g":"cube","ax":{"fmt":"565","font":"saira_regular","size":27.0,"ratio":1.5000,"path":"shader/aa","orient":"rotcw","mem":"sram","rend":"sync","alpha":255,"halign":0,"corpus":0},"w":{"rows":8,"glyphs":92,"chars":100,"src_px":7701,"dest_px":18002},"m":{"reps":1,"n":13,"min":129230,"med":129301,"max":129333,"mean":129298.2,"sd":26.0},"d":{"ns_iter":129301000,"ns_px":7182.59},"q":{"cv":0.02,"spread":0.08,"mhz":360.0,"outliers":0,"flags":[]},"h":"796ae951"} @@518b1a23@@
@@BENCH-RAW@@ {"i":23,"s":[129230,129301,129301,129278,129323,129269,129312,129292,129303,129323,129312,129299,129333]} @@cce8040d@@
I (46877) bench: [24/71] c565.shader.rotcw.sram.sync      129301000 ns/iter  7182.59 ns/px  cv 0.02%
@@BENCH-CELL@@ {"t":"cell","i":24,"id":"c565.shader.rotcw.sram.async2","g":"cube","ax":{"fmt":"565","font":"saira_regular","size":27.0,"ratio":1.5000,"path":"shader/aa","orient":"rotcw","mem":"sram","rend":"async2","alpha":255,"halign":0,"corpus":0},"w":{"rows":8,"glyphs":92,"chars":100,"src_px":7701,"dest_px":18002},"m":{"reps":2,"n":12,"min":135901,"med":135993,"max":136141,"mean":135998.9,"sd":80.4},"d":{"ns_iter":67996500,"ns_px":3777.16},"q":{"cv":0.06,"spread":0.18,"mhz":360.0,"outliers":0,"flags":[]},"h":"796ae951"} @@15217752@@
@@BENCH-RAW@@ {"i":24,"s":[135927,135901,135944,136019,136141,135993,135965,135910,135922,136084,136082,136099]} @@098cbbcb@@
I (48807) bench: [25/71] c565.shader.rotcw.sram.async2    67996500 ns/iter  3777.16 ns/px  cv 0.06%
@@BENCH-CELL@@ {"t":"cell","i":25,"id":"c888.fast1.upright.psram.sync","g":"cube","ax":{"fmt":"888","font":"sky","size":9.0,"ratio":1.0000,"path":"blit/direct","orient":"upright","mem":"psram","rend":"sync","alpha":255,"halign":0,"corpus":0},"w":{"rows":23,"glyphs":373,"chars":397,"src_px":10135,"dest_px":10135},"m":{"reps":40,"n":15,"min":82178,"med":82592,"max":82669,"mean":82528.9,"sd":166.1},"d":{"ns_iter":2064800,"ns_px":203.73},"q":{"cv":0.20,"spread":0.59,"mhz":360.0,"outliers":0,"flags":[]},"h":"601bd481"} @@d5bf1970@@
@@BENCH-RAW@@ {"i":25,"s":[82215,82178,82252,82442,82608,82580,82592,82577,82669,82659,82638,82644,82635,82588,82656]} @@e1e31f50@@
I (50077) bench: [26/71] c888.fast1.upright.psram.sync     2064800 ns/iter  203.73 ns/px  cv 0.20%
@@BENCH-CELL@@ {"t":"cell","i":26,"id":"c888.fast1.upright.psram.async2","g":"cube","ax":{"fmt":"888","font":"sky","size":9.0,"ratio":1.0000,"path":"blit/direct","orient":"upright","mem":"psram","rend":"async2","alpha":255,"halign":0,"corpus":0},"w":{"rows":23,"glyphs":373,"chars":397,"src_px":10135,"dest_px":10135},"m":{"reps":27,"n":15,"min":99905,"med":100025,"max":100165,"mean":100039.3,"sd":74.4},"d":{"ns_iter":3704629,"ns_px":365.53},"q":{"cv":0.07,"spread":0.26,"mhz":360.0,"outliers":0,"flags":[]},"h":"601bd481"} @@c2c0f7df@@
@@BENCH-RAW@@ {"i":26,"s":[99960,99905,100080,100027,99981,100020,100025,100014,100039,100165,99948,100137,100019,100142,100127]} @@16676fa4@@
I (51617) bench: [27/71] c888.fast1.upright.psram.async2   3704629 ns/iter  365.53 ns/px  cv 0.07%
@@BENCH-CELL@@ {"t":"cell","i":27,"id":"c888.fast1.upright.sram.sync","g":"cube","ax":{"fmt":"888","font":"sky","size":9.0,"ratio":1.0000,"path":"blit/direct","orient":"upright","mem":"sram","rend":"sync","alpha":255,"halign":0,"corpus":0},"w":{"rows":23,"glyphs":373,"chars":397,"src_px":10135,"dest_px":10135},"m":{"reps":49,"n":15,"min":100482,"med":101006,"max":101234,"mean":100962.3,"sd":183.9},"d":{"ns_iter":2061346,"ns_px":203.39},"q":{"cv":0.18,"spread":0.74,"mhz":360.0,"outliers":0,"flags":[]},"h":"601bd481"} @@72efad11@@
@@BENCH-RAW@@ {"i":27,"s":[100482,100569,100947,101003,101069,101084,101028,101032,100966,101006,100967,101006,101234,101018,101024]} @@55df4f10@@
I (53167) bench: [28/71] c888.fast1.upright.sram.sync      2061346 ns/iter  203.39 ns/px  cv 0.18%
@@BENCH-CELL@@ {"t":"cell","i":28,"id":"c888.fast1.upright.sram.async2","g":"cube","ax":{"fmt":"888","font":"sky","size":9.0,"ratio":1.0000,"path":"blit/direct","orient":"upright","mem":"sram","rend":"async2","alpha":255,"halign":0,"corpus":0},"w":{"rows":23,"glyphs":373,"chars":397,"src_px":10135,"dest_px":10135},"m":{"reps":30,"n":15,"min":110994,"med":111172,"max":111345,"mean":111181.9,"sd":96.7},"d":{"ns_iter":3705733,"ns_px":365.64},"q":{"cv":0.09,"spread":0.32,"mhz":360.0,"outliers":0,"flags":[]},"h":"601bd481"} @@a801c1db@@
@@BENCH-RAW@@ {"i":28,"s":[111293,111274,111280,111252,111252,111105,111025,110994,111345,111151,111141,111137,111179,111172,111129]} @@bd7546ae@@
I (54867) bench: [29/71] c888.fast1.upright.sram.async2    3705733 ns/iter  365.64 ns/px  cv 0.09%
@@BENCH-CELL@@ {"t":"cell","i":29,"id":"c888.fast1.rotcw.psram.sync","g":"cube","ax":{"fmt":"888","font":"sky","size":9.0,"ratio":1.0000,"path":"blit/direct","orient":"rotcw","mem":"psram","rend":"sync","alpha":255,"halign":0,"corpus":0},"w":{"rows":23,"glyphs":373,"chars":397,"src_px":10135,"dest_px":10135},"m":{"reps":36,"n":15,"min":84189,"med":84321,"max":84476,"mean":84331.0,"sd":72.2},"d":{"ns_iter":2342250,"ns_px":231.11},"q":{"cv":0.09,"spread":0.34,"mhz":360.0,"outliers":0,"flags":[]},"h":"333c04c9"} @@6b1e4210@@
@@BENCH-RAW@@ {"i":29,"s":[84420,84330,84313,84476,84334,84273,84260,84189,84295,84282,84321,84448,84308,84380,84336]} @@81fa5638@@
I (56177) bench: [30/71] c888.fast1.rotcw.psram.sync       2342250 ns/iter  231.11 ns/px  cv 0.09%
@@BENCH-CELL@@ {"t":"cell","i":30,"id":"c888.fast1.rotcw.psram.async2","g":"cube","ax":{"fmt":"888","font":"sky","size":9.0,"ratio":1.0000,"path":"blit/direct","orient":"rotcw","mem":"psram","rend":"async2","alpha":255,"halign":0,"corpus":0},"w":{"rows":23,"glyphs":373,"chars":397,"src_px":10135,"dest_px":10135},"m":{"reps":24,"n":15,"min":96673,"med":96886,"max":97033,"mean":96861.3,"sd":116.7},"d":{"ns_iter":4036916,"ns_px":398.31},"q":{"cv":0.12,"spread":0.37,"mhz":360.0,"outliers":0,"flags":[]},"h":"333c04c9"} @@45f15ea9@@
@@BENCH-RAW@@ {"i":30,"s":[96697,96886,96900,96902,97021,96964,96874,96984,96959,96773,97033,96714,96797,96742,96673]} @@34893a74@@
I (57667) bench: [31/71] c888.fast1.rotcw.psram.async2     4036916 ns/iter  398.31 ns/px  cv 0.12%
@@BENCH-CELL@@ {"t":"cell","i":31,"id":"c888.fast1.rotcw.sram.sync","g":"cube","ax":{"fmt":"888","font":"sky","size":9.0,"ratio":1.0000,"path":"blit/direct","orient":"rotcw","mem":"sram","rend":"sync","alpha":255,"halign":0,"corpus":0},"w":{"rows":23,"glyphs":373,"chars":397,"src_px":10135,"dest_px":10135},"m":{"reps":48,"n":15,"min":99706,"med":100031,"max":100201,"mean":99969.9,"sd":169.1},"d":{"ns_iter":2083979,"ns_px":205.62},"q":{"cv":0.17,"spread":0.49,"mhz":360.0,"outliers":0,"flags":[]},"h":"333c04c9"} @@5eec3395@@
@@BENCH-RAW@@ {"i":31,"s":[100087,100024,100031,100108,100058,100099,100077,100201,100192,99902,99706,99851,99749,99714,99750]} @@dedc6b95@@
I (59197) bench: [32/71] c888.fast1.rotcw.sram.sync        2083979 ns/iter  205.62 ns/px  cv 0.17%
@@BENCH-CELL@@ {"t":"cell","i":32,"id":"c888.fast1.rotcw.sram.async2","g":"cube","ax":{"fmt":"888","font":"sky","size":9.0,"ratio":1.0000,"path":"blit/direct","orient":"rotcw","mem":"sram","rend":"async2","alpha":255,"halign":0,"corpus":0},"w":{"rows":23,"glyphs":373,"chars":397,"src_px":10135,"dest_px":10135},"m":{"reps":29,"n":15,"min":109923,"med":109986,"max":110134,"mean":109996.9,"sd":62.4},"d":{"ns_iter":3792620,"ns_px":374.21},"q":{"cv":0.06,"spread":0.19,"mhz":360.0,"outliers":0,"flags":[]},"h":"333c04c9"} @@c06196b6@@
@@BENCH-RAW@@ {"i":32,"s":[110045,109950,110090,110134,110033,110014,110056,109935,109930,109923,109977,109939,109986,109936,110005]} @@f86e5ba8@@
I (60887) bench: [33/71] c888.fast1.rotcw.sram.async2      3792620 ns/iter  374.21 ns/px  cv 0.06%
@@BENCH-CELL@@ {"t":"cell","i":33,"id":"c888.fast2.upright.psram.sync","g":"cube","ax":{"fmt":"888","font":"saira_regular","size":18.0,"ratio":1.0000,"path":"blit/alpha","orient":"upright","mem":"psram","rend":"sync","alpha":255,"halign":0,"corpus":0},"w":{"rows":12,"glyphs":161,"chars":175,"src_px":13512,"dest_px":13512},"m":{"reps":17,"n":15,"min":102904,"med":102912,"max":102954,"mean":102913.9,"sd":12.1},"d":{"ns_iter":6053647,"ns_px":448.02},"q":{"cv":0.01,"spread":0.05,"mhz":360.0,"outliers":0,"flags":[]},"h":"34ac5a26"} @@3a41b966@@
@@BENCH-RAW@@ {"i":33,"s":[102913,102907,102915,102954,102904,102906,102914,102907,102907,102913,102906,102912,102907,102927,102917]} @@5e1f2d9c@@
I (62487) bench: [34/71] c888.fast2.upright.psram.sync     6053647 ns/iter  448.02 ns/px  cv 0.01%
@@BENCH-CELL@@ {"t":"cell","i":34,"id":"c888.fast2.upright.psram.async2","g":"cube","ax":{"fmt":"888","font":"saira_regular","size":18.0,"ratio":1.0000,"path":"blit/alpha","orient":"upright","mem":"psram","rend":"async2","alpha":255,"halign":0,"corpus":0},"w":{"rows":12,"glyphs":161,"chars":175,"src_px":13512,"dest_px":13512},"m":{"reps":22,"n":15,"min":91688,"med":91722,"max":91806,"mean":91729.1,"sd":27.9},"d":{"ns_iter":4169181,"ns_px":308.55},"q":{"cv":0.03,"spread":0.13,"mhz":360.0,"outliers":0,"flags":[]},"h":"34ac5a26"} @@fc0b2078@@
@@BENCH-RAW@@ {"i":34,"s":[91735,91719,91716,91717,91688,91733,91700,91769,91806,91702,91721,91738,91727,91722,91743]} @@9aca2778@@
I (63907) bench: [35/71] c888.fast2.upright.psram.async2   4169181 ns/iter  308.55 ns/px  cv 0.03%
@@BENCH-CELL@@ {"t":"cell","i":35,"id":"c888.fast2.upright.sram.sync","g":"cube","ax":{"fmt":"888","font":"saira_regular","size":18.0,"ratio":1.0000,"path":"blit/alpha","orient":"upright","mem":"sram","rend":"sync","alpha":255,"halign":0,"corpus":0},"w":{"rows":12,"glyphs":161,"chars":175,"src_px":13512,"dest_px":13512},"m":{"reps":18,"n":15,"min":108959,"med":108974,"max":109024,"mean":108975.1,"sd":14.9},"d":{"ns_iter":6054111,"ns_px":448.05},"q":{"cv":0.01,"spread":0.06,"mhz":360.0,"outliers":0,"flags":[]},"h":"34ac5a26"} @@00da6df3@@
@@BENCH-RAW@@ {"i":35,"s":[108983,108974,108981,109024,108976,108979,108976,108972,108972,108965,108959,108965,108963,108976,108961]} @@afa128cb@@
I (65587) bench: [36/71] c888.fast2.upright.sram.sync      6054111 ns/iter  448.05 ns/px  cv 0.01%
@@BENCH-CELL@@ {"t":"cell","i":36,"id":"c888.fast2.upright.sram.async2","g":"cube","ax":{"fmt":"888","font":"saira_regular","size":18.0,"ratio":1.0000,"path":"blit/alpha","orient":"upright","mem":"sram","rend":"async2","alpha":255,"halign":0,"corpus":0},"w":{"rows":12,"glyphs":161,"chars":175,"src_px":13512,"dest_px":13512},"m":{"reps":25,"n":15,"min":104127,"med":104211,"max":104323,"mean":104208.9,"sd":42.3},"d":{"ns_iter":4168440,"ns_px":308.50},"q":{"cv":0.04,"spread":0.19,"mhz":360.0,"outliers":0,"flags":[]},"h":"34ac5a26"} @@de6d108b@@
@@BENCH-RAW@@ {"i":36,"s":[104127,104211,104162,104211,104171,104223,104241,104323,104209,104227,104171,104207,104215,104229,104207]} @@4f37945c@@
I (67187) bench: [37/71] c888.fast2.upright.sram.async2    4168440 ns/iter  308.50 ns/px  cv 0.04%
@@BENCH-CELL@@ {"t":"cell","i":37,"id":"c888.fast2.rotcw.psram.sync","g":"cube","ax":{"fmt":"888","font":"saira_regular","size":18.0,"ratio":1.0000,"path":"blit/alpha","orient":"rotcw","mem":"psram","rend":"sync","alpha":255,"halign":0,"corpus":0},"w":{"rows":12,"glyphs":161,"chars":175,"src_px":13512,"dest_px":13512},"m":{"reps":16,"n":15,"min":101719,"med":101855,"max":102076,"mean":101864.3,"sd":97.7},"d":{"ns_iter":6365937,"ns_px":471.13},"q":{"cv":0.10,"spread":0.35,"mhz":360.0,"outliers":0,"flags":[]},"h":"de65743c"} @@1ddd6118@@
@@BENCH-RAW@@ {"i":37,"s":[101924,102076,101992,101944,101939,101829,101809,101855,101897,101798,101720,101893,101719,101759,101810]} @@2b196c61@@
I (68777) bench: [38/71] c888.fast2.rotcw.psram.sync       6365937 ns/iter  471.13 ns/px  cv 0.10%
@@BENCH-CELL@@ {"t":"cell","i":38,"id":"c888.fast2.rotcw.psram.async2","g":"cube","ax":{"fmt":"888","font":"saira_regular","size":18.0,"ratio":1.0000,"path":"blit/alpha","orient":"rotcw","mem":"psram","rend":"async2","alpha":255,"halign":0,"corpus":0},"w":{"rows":12,"glyphs":161,"chars":175,"src_px":13512,"dest_px":13512},"m":{"reps":20,"n":15,"min":94386,"med":94555,"max":94789,"mean":94578.6,"sd":104.6},"d":{"ns_iter":4727750,"ns_px":349.89},"q":{"cv":0.11,"spread":0.43,"mhz":360.0,"outliers":0,"flags":[]},"h":"de65743c"} @@a9ec2021@@
@@BENCH-RAW@@ {"i":38,"s":[94642,94432,94386,94538,94576,94547,94555,94789,94745,94563,94671,94485,94543,94660,94547]} @@b2150210@@
I (70237) bench: [39/71] c888.fast2.rotcw.psram.async2     4727750 ns/iter  349.89 ns/px  cv 0.11%
@@BENCH-CELL@@ {"t":"cell","i":39,"id":"c888.fast2.rotcw.sram.sync","g":"cube","ax":{"fmt":"888","font":"saira_regular","size":18.0,"ratio":1.0000,"path":"blit/alpha","orient":"rotcw","mem":"sram","rend":"sync","alpha":255,"halign":0,"corpus":0},"w":{"rows":12,"glyphs":161,"chars":175,"src_px":13512,"dest_px":13512},"m":{"reps":18,"n":15,"min":109511,"med":109525,"max":109590,"mean":109531.2,"sd":18.8},"d":{"ns_iter":6084722,"ns_px":450.32},"q":{"cv":0.02,"spread":0.07,"mhz":360.0,"outliers":0,"flags":[]},"h":"de65743c"} @@c7776cb9@@
@@BENCH-RAW@@ {"i":39,"s":[109525,109538,109590,109537,109544,109520,109522,109547,109527,109522,109514,109531,109511,109517,109523]} @@fccdf3c8@@
I (71927) bench: [40/71] c888.fast2.rotcw.sram.sync        6084722 ns/iter  450.32 ns/px  cv 0.02%
@@BENCH-CELL@@ {"t":"cell","i":40,"id":"c888.fast2.rotcw.sram.async2","g":"cube","ax":{"fmt":"888","font":"saira_regular","size":18.0,"ratio":1.0000,"path":"blit/alpha","orient":"rotcw","mem":"sram","rend":"async2","alpha":255,"halign":0,"corpus":0},"w":{"rows":12,"glyphs":161,"chars":175,"src_px":13512,"dest_px":13512},"m":{"reps":24,"n":15,"min":105758,"med":105850,"max":106019,"mean":105856.0,"sd":60.5},"d":{"ns_iter":4410416,"ns_px":326.41},"q":{"cv":0.06,"spread":0.25,"mhz":360.0,"outliers":0,"flags":[]},"h":"de65743c"} @@a09ddc09@@
@@BENCH-RAW@@ {"i":40,"s":[105845,105792,105850,105886,105851,106019,105814,105881,105825,105927,105819,105758,105892,105809,105872]} @@0da203cd@@
I (73557) bench: [41/71] c888.fast2.rotcw.sram.async2      4410416 ns/iter  326.41 ns/px  cv 0.06%
@@BENCH-CELL@@ {"t":"cell","i":41,"id":"c888.shader.upright.psram.sync","g":"cube","ax":{"fmt":"888","font":"saira_regular","size":27.0,"ratio":1.5000,"path":"shader/aa","orient":"upright","mem":"psram","rend":"sync","alpha":255,"halign":0,"corpus":0},"w":{"rows":8,"glyphs":92,"chars":100,"src_px":7701,"dest_px":18002},"m":{"reps":1,"n":12,"min":133241,"med":133352,"max":133580,"mean":133372.2,"sd":108.8},"d":{"ns_iter":133352000,"ns_px":7407.62},"q":{"cv":0.08,"spread":0.25,"mhz":360.0,"outliers":0,"flags":[]},"h":"839de335"} @@2fc4a62b@@
@@BENCH-RAW@@ {"i":41,"s":[133415,133255,133364,133241,133352,133330,133473,133253,133348,133300,133580,133556]} @@440254b4@@
I (75717) bench: [42/71] c888.shader.upright.psram.sync   133352000 ns/iter  7407.62 ns/px  cv 0.08%
@@BENCH-CELL@@ {"t":"cell","i":42,"id":"c888.shader.upright.psram.async2","g":"cube","ax":{"fmt":"888","font":"saira_regular","size":27.0,"ratio":1.5000,"path":"shader/aa","orient":"upright","mem":"psram","rend":"async2","alpha":255,"halign":0,"corpus":0},"w":{"rows":8,"glyphs":92,"chars":100,"src_px":7701,"dest_px":18002},"m":{"reps":2,"n":12,"min":137028,"med":137110,"max":137197,"mean":137106.7,"sd":53.5},"d":{"ns_iter":68555000,"ns_px":3808.19},"q":{"cv":0.04,"spread":0.12,"mhz":360.0,"outliers":0,"flags":[]},"h":"839de335"} @@e89f00df@@
@@BENCH-RAW@@ {"i":42,"s":[137148,137197,137110,137189,137028,137119,137152,137098,137076,137056,137046,137061]} @@6d4c43b9@@
I (77667) bench: [43/71] c888.shader.upright.psram.async2 68555000 ns/iter  3808.19 ns/px  cv 0.04%
@@BENCH-CELL@@ {"t":"cell","i":43,"id":"c888.shader.upright.sram.sync","g":"cube","ax":{"fmt":"888","font":"saira_regular","size":27.0,"ratio":1.5000,"path":"shader/aa","orient":"upright","mem":"sram","rend":"sync","alpha":255,"halign":0,"corpus":0},"w":{"rows":8,"glyphs":92,"chars":100,"src_px":7701,"dest_px":18002},"m":{"reps":1,"n":12,"min":133247,"med":133338,"max":133406,"mean":133333.4,"sd":47.5},"d":{"ns_iter":133338000,"ns_px":7406.84},"q":{"cv":0.04,"spread":0.12,"mhz":360.0,"outliers":0,"flags":[]},"h":"839de335"} @@23c96103@@
@@BENCH-RAW@@ {"i":43,"s":[133395,133247,133302,133379,133406,133251,133338,133351,133335,133341,133318,133338]} @@2d860ac9@@
I (79827) bench: [44/71] c888.shader.upright.sram.sync    133338000 ns/iter  7406.84 ns/px  cv 0.04%
@@BENCH-CELL@@ {"t":"cell","i":44,"id":"c888.shader.upright.sram.async2","g":"cube","ax":{"fmt":"888","font":"saira_regular","size":27.0,"ratio":1.5000,"path":"shader/aa","orient":"upright","mem":"sram","rend":"async2","alpha":255,"halign":0,"corpus":0},"w":{"rows":8,"glyphs":92,"chars":100,"src_px":7701,"dest_px":18002},"m":{"reps":2,"n":12,"min":136885,"med":137016,"max":137202,"mean":137002.9,"sd":76.1},"d":{"ns_iter":68508000,"ns_px":3805.58},"q":{"cv":0.06,"spread":0.23,"mhz":360.0,"outliers":0,"flags":[]},"h":"839de335"} @@428349af@@
@@BENCH-RAW@@ {"i":44,"s":[137033,137040,137202,136953,136885,136976,136939,137025,136958,137016,137047,136961]} @@04bfa25b@@
I (81767) bench: [45/71] c888.shader.upright.sram.async2  68508000 ns/iter  3805.58 ns/px  cv 0.06%
@@BENCH-CELL@@ {"t":"cell","i":45,"id":"c888.shader.rotcw.psram.sync","g":"cube","ax":{"fmt":"888","font":"saira_regular","size":27.0,"ratio":1.5000,"path":"shader/aa","orient":"rotcw","mem":"psram","rend":"sync","alpha":255,"halign":0,"corpus":0},"w":{"rows":8,"glyphs":92,"chars":100,"src_px":7701,"dest_px":18002},"m":{"reps":1,"n":13,"min":128909,"med":128975,"max":129214,"mean":129005.5,"sd":95.3},"d":{"ns_iter":128975000,"ns_px":7164.48},"q":{"cv":0.07,"spread":0.24,"mhz":360.0,"outliers":0,"flags":[]},"h":"dd1828a1"} @@f7fa9860@@
@@BENCH-RAW@@ {"i":45,"s":[129176,128968,128975,128981,129111,129214,128975,128912,128957,128909,128909,128978,129007]} @@360ac3aa@@
I (83987) bench: [46/71] c888.shader.rotcw.psram.sync     128975000 ns/iter  7164.48 ns/px  cv 0.07%
@@BENCH-CELL@@ {"t":"cell","i":46,"id":"c888.shader.rotcw.psram.async2","g":"cube","ax":{"fmt":"888","font":"saira_regular","size":27.0,"ratio":1.5000,"path":"shader/aa","orient":"rotcw","mem":"psram","rend":"async2","alpha":255,"halign":0,"corpus":0},"w":{"rows":8,"glyphs":92,"chars":100,"src_px":7701,"dest_px":18002},"m":{"reps":2,"n":12,"min":136208,"med":136290,"max":136403,"mean":136291.2,"sd":61.2},"d":{"ns_iter":68145000,"ns_px":3785.41},"q":{"cv":0.04,"spread":0.14,"mhz":360.0,"outliers":0,"flags":[]},"h":"dd1828a1"} @@ef76d27f@@
@@BENCH-RAW@@ {"i":46,"s":[136384,136274,136251,136208,136248,136223,136302,136403,136330,136232,136349,136290]} @@57eaa95b@@
I (85927) bench: [47/71] c888.shader.rotcw.psram.async2   68145000 ns/iter  3785.41 ns/px  cv 0.04%
@@BENCH-CELL@@ {"t":"cell","i":47,"id":"c888.shader.rotcw.sram.sync","g":"cube","ax":{"fmt":"888","font":"saira_regular","size":27.0,"ratio":1.5000,"path":"shader/aa","orient":"rotcw","mem":"sram","rend":"sync","alpha":255,"halign":0,"corpus":0},"w":{"rows":8,"glyphs":92,"chars":100,"src_px":7701,"dest_px":18002},"m":{"reps":1,"n":13,"min":128502,"med":128593,"max":128655,"mean":128593.7,"sd":35.7},"d":{"ns_iter":128593000,"ns_px":7143.26},"q":{"cv":0.03,"spread":0.12,"mhz":360.0,"outliers":0,"flags":[]},"h":"dd1828a1"} @@63aef1f5@@
@@BENCH-RAW@@ {"i":47,"s":[128655,128583,128597,128570,128587,128593,128605,128590,128617,128623,128630,128566,128502]} @@236275d4@@
I (88137) bench: [48/71] c888.shader.rotcw.sram.sync      128593000 ns/iter  7143.26 ns/px  cv 0.03%
@@BENCH-CELL@@ {"t":"cell","i":48,"id":"c888.shader.rotcw.sram.async2","g":"cube","ax":{"fmt":"888","font":"saira_regular","size":27.0,"ratio":1.5000,"path":"shader/aa","orient":"rotcw","mem":"sram","rend":"async2","alpha":255,"halign":0,"corpus":0},"w":{"rows":8,"glyphs":92,"chars":100,"src_px":7701,"dest_px":18002},"m":{"reps":2,"n":12,"min":135287,"med":135325,"max":135376,"mean":135328.2,"sd":28.8},"d":{"ns_iter":67662500,"ns_px":3758.61},"q":{"cv":0.02,"spread":0.07,"mhz":360.0,"outliers":0,"flags":[]},"h":"dd1828a1"} @@88799097@@
@@BENCH-RAW@@ {"i":48,"s":[135287,135292,135364,135319,135309,135376,135325,135327,135319,135362,135358,135300]} @@ef2e01e6@@
I (90057) bench: [49/71] c888.shader.rotcw.sram.async2    67662500 ns/iter  3758.61 ns/px  cv 0.02%
@@BENCH-CELL@@ {"t":"cell","i":49,"id":"orient.rotccw","g":"orient","ax":{"fmt":"888","font":"saira_regular","size":18.0,"ratio":1.0000,"path":"blit/alpha","orient":"rotccw","mem":"psram","rend":"async2","alpha":255,"halign":0,"corpus":0},"w":{"rows":12,"glyphs":161,"chars":175,"src_px":13512,"dest_px":13512},"m":{"reps":20,"n":15,"min":93311,"med":93411,"max":93559,"mean":93400.5,"sd":76.5},"d":{"ns_iter":4670550,"ns_px":345.66},"q":{"cv":0.08,"spread":0.27,"mhz":360.0,"outliers":0,"flags":[]},"h":"e16cec42"} @@85712612@@
@@BENCH-RAW@@ {"i":49,"s":[93471,93501,93356,93318,93422,93312,93496,93423,93366,93311,93559,93331,93319,93412,93411]} @@36e6afb7@@
I (91497) bench: [50/71] orient.rotccw                     4670550 ns/iter  345.66 ns/px  cv 0.08%
@@BENCH-CELL@@ {"t":"cell","i":50,"id":"orient.rothalf","g":"orient","ax":{"fmt":"888","font":"saira_regular","size":18.0,"ratio":1.0000,"path":"blit/alpha","orient":"rothalf","mem":"psram","rend":"async2","alpha":255,"halign":0,"corpus":0},"w":{"rows":12,"glyphs":161,"chars":175,"src_px":13512,"dest_px":13512},"m":{"reps":21,"n":15,"min":94807,"med":94896,"max":94985,"mean":94883.9,"sd":45.2},"d":{"ns_iter":4518857,"ns_px":334.43},"q":{"cv":0.05,"spread":0.19,"mhz":360.0,"outliers":0,"flags":[]},"h":"a6066584"} @@0cd343db@@
@@BENCH-RAW@@ {"i":50,"s":[94911,94823,94839,94847,94807,94985,94897,94831,94934,94896,94893,94897,94893,94905,94901]} @@fd34addc@@
I (92967) bench: [51/71] orient.rothalf                    4518857 ns/iter  334.43 ns/px  cv 0.05%
@@BENCH-CELL@@ {"t":"cell","i":51,"id":"orient.fliph","g":"orient","ax":{"fmt":"888","font":"saira_regular","size":18.0,"ratio":1.0000,"path":"blit/alpha","orient":"fliph","mem":"psram","rend":"async2","alpha":255,"halign":0,"corpus":0},"w":{"rows":12,"glyphs":161,"chars":175,"src_px":13512,"dest_px":13512},"m":{"reps":22,"n":15,"min":91915,"med":91973,"max":92128,"mean":91981.9,"sd":48.8},"d":{"ns_iter":4180590,"ns_px":309.40},"q":{"cv":0.05,"spread":0.23,"mhz":360.0,"outliers":0,"flags":[]},"h":"abc61a88"} @@e84b1c07@@
@@BENCH-RAW@@ {"i":51,"s":[92128,91948,91993,91961,92024,91978,92019,92003,91934,91973,91962,91915,91978,91972,91940]} @@bd8cd5bb@@
I (94397) bench: [52/71] orient.fliph                      4180590 ns/iter  309.40 ns/px  cv 0.05%
@@BENCH-CELL@@ {"t":"cell","i":52,"id":"orient.rotccwfliph","g":"orient","ax":{"fmt":"888","font":"saira_regular","size":18.0,"ratio":1.0000,"path":"blit/alpha","orient":"rotccwfliph","mem":"psram","rend":"async2","alpha":255,"halign":0,"corpus":0},"w":{"rows":12,"glyphs":161,"chars":175,"src_px":13512,"dest_px":13512},"m":{"reps":20,"n":15,"min":93798,"med":94004,"max":94210,"mean":93997.3,"sd":98.4},"d":{"ns_iter":4700200,"ns_px":347.85},"q":{"cv":0.10,"spread":0.44,"mhz":360.0,"outliers":0,"flags":[]},"h":"5262d8d8"} @@27140d5c@@
@@BENCH-RAW@@ {"i":52,"s":[94046,93962,93915,94088,93798,94004,94210,93969,93877,94061,94041,93904,93952,94060,94073]} @@9adde1b5@@
I (95857) bench: [53/71] orient.rotccwfliph                4700200 ns/iter  347.85 ns/px  cv 0.10%
@@BENCH-CELL@@ {"t":"cell","i":53,"id":"orient.rothalffliph","g":"orient","ax":{"fmt":"888","font":"saira_regular","size":18.0,"ratio":1.0000,"path":"blit/alpha","orient":"rothalffliph","mem":"psram","rend":"async2","alpha":255,"halign":0,"corpus":0},"w":{"rows":12,"glyphs":161,"chars":175,"src_px":13512,"dest_px":13512},"m":{"reps":21,"n":15,"min":95186,"med":95212,"max":95359,"mean":95229.4,"sd":44.6},"d":{"ns_iter":4533904,"ns_px":335.55},"q":{"cv":0.05,"spread":0.18,"mhz":360.0,"outliers":0,"flags":[]},"h":"418c2762"} @@4fd076c9@@
@@BENCH-RAW@@ {"i":53,"s":[95218,95230,95359,95290,95227,95207,95206,95199,95199,95198,95236,95198,95276,95212,95186]} @@0f8f5340@@
I (97327) bench: [54/71] orient.rothalffliph               4533904 ns/iter  335.55 ns/px  cv 0.05%
@@BENCH-CELL@@ {"t":"cell","i":54,"id":"orient.rotcwfliph","g":"orient","ax":{"fmt":"888","font":"saira_regular","size":18.0,"ratio":1.0000,"path":"blit/alpha","orient":"rotcwfliph","mem":"psram","rend":"async2","alpha":255,"halign":0,"corpus":0},"w":{"rows":12,"glyphs":161,"chars":175,"src_px":13512,"dest_px":13512},"m":{"reps":20,"n":15,"min":94179,"med":94346,"max":94556,"mean":94335.6,"sd":88.2},"d":{"ns_iter":4717300,"ns_px":349.12},"q":{"cv":0.09,"spread":0.40,"mhz":360.0,"outliers":0,"flags":[]},"h":"0e714186"} @@c13de4cf@@
@@BENCH-RAW@@ {"i":54,"s":[94179,94258,94336,94269,94367,94415,94216,94556,94361,94275,94383,94310,94374,94346,94389]} @@00a185da@@
I (98797) bench: [55/71] orient.rotcwfliph                 4717300 ns/iter  349.12 ns/px  cv 0.09%
@@BENCH-CELL@@ {"t":"cell","i":55,"id":"font.sky@18","g":"font","ax":{"fmt":"888","font":"sky","size":18.0,"ratio":2.0000,"path":"blit/direct","orient":"rotcw","mem":"psram","rend":"async2","alpha":255,"halign":0,"corpus":0},"w":{"rows":12,"glyphs":148,"chars":162,"src_px":4014,"dest_px":16056},"m":{"reps":32,"n":15,"min":84541,"med":84782,"max":85175,"mean":84788.9,"sd":139.5},"d":{"ns_iter":2649437,"ns_px":165.01},"q":{"cv":0.16,"spread":0.75,"mhz":360.0,"outliers":0,"flags":[]},"h":"a32b1e1d"} @@8e6b76c5@@
@@BENCH-RAW@@ {"i":55,"s":[84813,84886,84830,85175,84674,84729,84782,84541,84699,84847,84926,84734,84763,84651,84784]} @@e6c26a11@@
I (100107) bench: [56/71] font.sky@18                       2649437 ns/iter  165.01 ns/px  cv 0.16%
@@BENCH-CELL@@ {"t":"cell","i":56,"id":"font.sky@27","g":"font","ax":{"fmt":"888","font":"sky","size":27.0,"ratio":3.0000,"path":"blit/direct","orient":"rotcw","mem":"psram","rend":"async2","alpha":255,"halign":0,"corpus":0},"w":{"rows":8,"glyphs":80,"chars":85,"src_px":2161,"dest_px":19449},"m":{"reps":35,"n":15,"min":80277,"med":80425,"max":80723,"mean":80451.3,"sd":117.6},"d":{"ns_iter":2297857,"ns_px":118.15},"q":{"cv":0.15,"spread":0.55,"mhz":360.0,"outliers":0,"flags":[]},"h":"4bc0b3f9"} @@3d423371@@
@@BENCH-RAW@@ {"i":56,"s":[80466,80277,80381,80548,80520,80388,80723,80428,80413,80326,80396,80425,80678,80432,80369]} @@94d2503e@@
I (101347) bench: [57/71] font.sky@27                       2297857 ns/iter  118.15 ns/px  cv 0.15%
@@BENCH-CELL@@ {"t":"cell","i":57,"id":"font.skymono@9","g":"font","ax":{"fmt":"888","font":"sky_mono","size":9.0,"ratio":1.0000,"path":"blit/direct","orient":"rotcw","mem":"psram","rend":"async2","alpha":255,"halign":0,"corpus":0},"w":{"rows":23,"glyphs":373,"chars":397,"src_px":23499,"dest_px":23499},"m":{"reps":22,"n":15,"min":98873,"med":98978,"max":99239,"mean":98995.5,"sd":86.7},"d":{"ns_iter":4499000,"ns_px":191.45},"q":{"cv":0.09,"spread":0.37,"mhz":360.0,"outliers":0,"flags":[]},"h":"6335b160"} @@6e57c8eb@@
@@BENCH-RAW@@ {"i":57,"s":[99029,98892,98873,98965,98928,99059,98978,99239,98934,98936,99039,99030,99065,98957,99008]} @@fac9e719@@
I (102877) bench: [58/71] font.skymono@9                    4499000 ns/iter  191.45 ns/px  cv 0.09%
@@BENCH-CELL@@ {"t":"cell","i":58,"id":"font.sky@13","g":"font","ax":{"fmt":"888","font":"sky","size":13.0,"ratio":1.4444,"path":"shader/pal","orient":"rotcw","mem":"psram","rend":"async2","alpha":255,"halign":0,"corpus":0},"w":{"rows":17,"glyphs":239,"chars":255,"src_px":6321,"dest_px":12530},"m":{"reps":2,"n":15,"min":112058,"med":112118,"max":112311,"mean":112131.5,"sd":59.6},"d":{"ns_iter":56059000,"ns_px":4473.98},"q":{"cv":0.05,"spread":0.23,"mhz":360.0,"outliers":0,"flags":[]},"h":"254ec85e"} @@ac73f61c@@
@@BENCH-RAW@@ {"i":58,"s":[112311,112202,112130,112152,112118,112136,112147,112107,112076,112107,112118,112088,112058,112147,112075]} @@bc487caa@@
I (104817) bench: [59/71] font.sky@13                      56059000 ns/iter  4473.98 ns/px  cv 0.05%
@@BENCH-CELL@@ {"t":"cell","i":59,"id":"font.saira@36","g":"font","ax":{"fmt":"888","font":"saira_regular","size":36.0,"ratio":2.0000,"path":"blit/alpha","orient":"rotcw","mem":"psram","rend":"async2","alpha":255,"halign":0,"corpus":0},"w":{"rows":6,"glyphs":56,"chars":61,"src_px":4710,"dest_px":18840},"m":{"reps":19,"n":15,"min":93295,"med":93428,"max":93518,"mean":93414.5,"sd":64.2},"d":{"ns_iter":4917263,"ns_px":261.00},"q":{"cv":0.07,"spread":0.24,"mhz":360.0,"outliers":0,"flags":[]},"h":"972d0991"} @@881d9fdc@@
@@BENCH-RAW@@ {"i":59,"s":[93516,93398,93328,93471,93308,93428,93397,93447,93518,93389,93430,93444,93444,93405,93295]} @@b3c0cc68@@
I (106267) bench: [60/71] font.saira@36                     4917263 ns/iter  261.00 ns/px  cv 0.07%
@@BENCH-CELL@@ {"t":"cell","i":60,"id":"font.marker@22","g":"font","ax":{"fmt":"888","font":"marker","size":22.0,"ratio":1.0000,"path":"blit/alpha","orient":"rotcw","mem":"psram","rend":"async2","alpha":255,"halign":0,"corpus":0},"w":{"rows":10,"glyphs":125,"chars":136,"src_px":22847,"dest_px":22847},"m":{"reps":15,"n":15,"min":104470,"med":104586,"max":104775,"mean":104591.3,"sd":98.3},"d":{"ns_iter":6972400,"ns_px":305.18},"q":{"cv":0.09,"spread":0.29,"mhz":360.0,"outliers":0,"flags":[]},"h":"59dd778c"} @@79ffda36@@
@@BENCH-RAW@@ {"i":60,"s":[104677,104608,104470,104701,104773,104542,104549,104510,104617,104586,104479,104501,104484,104598,104775]} @@dea838c8@@
I (107897) bench: [61/71] font.marker@22                    6972400 ns/iter  305.18 ns/px  cv 0.09%
@@BENCH-CELL@@ {"t":"cell","i":61,"id":"font.marker@33","g":"font","ax":{"fmt":"888","font":"marker","size":33.0,"ratio":1.5000,"path":"shader/aa","orient":"rotcw","mem":"psram","rend":"async2","alpha":255,"halign":0,"corpus":0},"w":{"rows":7,"glyphs":71,"chars":76,"src_px":13008,"dest_px":29868},"m":{"reps":1,"n":15,"min":109934,"med":110057,"max":110137,"mean":110055.3,"sd":43.4},"d":{"ns_iter":110057000,"ns_px":3684.78},"q":{"cv":0.04,"spread":0.18,"mhz":360.0,"outliers":0,"flags":[]},"h":"aed9f152"} @@943ed166@@
@@BENCH-RAW@@ {"i":61,"s":[110042,109934,110066,110056,110108,110044,110069,110084,110137,110070,110035,110074,110057,110032,110021]} @@0cfd00b4@@
I (110017) bench: [62/71] font.marker@33                   110057000 ns/iter  3684.78 ns/px  cv 0.04%
@@BENCH-CELL@@ {"t":"cell","i":62,"id":"font.condensed@45","g":"font","ax":{"fmt":"888","font":"saira_condensed","size":45.0,"ratio":1.0000,"path":"blit/alpha","orient":"rotcw","mem":"psram","rend":"async2","alpha":255,"halign":0,"corpus":0},"w":{"rows":5,"glyphs":47,"chars":51,"src_px":19237,"dest_px":19237},"m":{"reps":19,"n":15,"min":90600,"med":90677,"max":90807,"mean":90691.0,"sd":60.1},"d":{"ns_iter":4772473,"ns_px":248.09},"q":{"cv":0.07,"spread":0.23,"mhz":360.0,"outliers":0,"flags":[]},"h":"7bcb728d"} @@42756493@@
@@BENCH-RAW@@ {"i":62,"s":[90807,90655,90657,90700,90767,90729,90728,90628,90762,90736,90661,90656,90677,90600,90602]} @@e76beb7a@@
I (111427) bench: [63/71] font.condensed@45                 4772473 ns/iter  248.09 ns/px  cv 0.07%
@@BENCH-CELL@@ {"t":"cell","i":63,"id":"font.saira@27.noaa","g":"font","ax":{"fmt":"888","font":"saira_regular_noaa","size":27.0,"ratio":1.5000,"path":"shader/plain","orient":"rotcw","mem":"psram","rend":"async2","alpha":255,"halign":0,"corpus":0},"w":{"rows":8,"glyphs":92,"chars":100,"src_px":7701,"dest_px":18002},"m":{"reps":2,"n":13,"min":124626,"med":124672,"max":124792,"mean":124676.2,"sd":44.8},"d":{"ns_iter":62336000,"ns_px":3462.73},"q":{"cv":0.04,"spread":0.13,"mhz":360.0,"outliers":0,"flags":[]},"h":"9c31759b"} @@377faffd@@
@@BENCH-RAW@@ {"i":63,"s":[124792,124703,124720,124712,124633,124673,124650,124657,124626,124634,124672,124680,124638]} @@1bd5d84e@@
I (113327) bench: [64/71] font.saira@27.noaa               62336000 ns/iter  3462.73 ns/px  cv 0.04%
@@BENCH-CELL@@ {"t":"cell","i":64,"id":"rend.async1","g":"rend","ax":{"fmt":"888","font":"saira_regular","size":18.0,"ratio":1.0000,"path":"blit/alpha","orient":"rotcw","mem":"psram","rend":"async1","alpha":255,"halign":0,"corpus":0},"w":{"rows":12,"glyphs":161,"chars":175,"src_px":13512,"dest_px":13512},"m":{"reps":14,"n":15,"min":101528,"med":101689,"max":101795,"mean":101669.7,"sd":68.1},"d":{"ns_iter":7263500,"ns_px":537.56},"q":{"cv":0.07,"spread":0.26,"mhz":360.0,"outliers":0,"flags":[]},"h":"de65743c"} @@e980b56f@@
@@BENCH-RAW@@ {"i":64,"s":[101689,101709,101698,101697,101772,101689,101707,101652,101795,101590,101654,101571,101660,101528,101634]} @@1948d689@@
I (114907) bench: [65/71] rend.async1                       7263500 ns/iter  537.56 ns/px  cv 0.07%
@@BENCH-CELL@@ {"t":"cell","i":65,"id":"alpha.fast1.a128","g":"alpha","ax":{"fmt":"888","font":"sky","size":9.0,"ratio":1.0000,"path":"blit/alpha","orient":"rotcw","mem":"psram","rend":"async2","alpha":128,"halign":0,"corpus":0},"w":{"rows":23,"glyphs":373,"chars":397,"src_px":10135,"dest_px":10135},"m":{"reps":18,"n":15,"min":100130,"med":100344,"max":100546,"mean":100340.1,"sd":93.0},"d":{"ns_iter":5574666,"ns_px":550.04},"q":{"cv":0.09,"spread":0.41,"mhz":360.0,"outliers":0,"flags":[]},"h":"cc2eccc5"} @@a25cd667@@
@@BENCH-RAW@@ {"i":65,"s":[100130,100199,100339,100388,100301,100287,100325,100347,100434,100546,100358,100424,100346,100333,100344]} @@60293529@@
I (116457) bench: [66/71] alpha.fast1.a128                  5574666 ns/iter  550.04 ns/px  cv 0.09%
@@BENCH-CELL@@ {"t":"cell","i":66,"id":"alpha.fast2.a128","g":"alpha","ax":{"fmt":"888","font":"saira_regular","size":18.0,"ratio":1.0000,"path":"blit/alpha","orient":"rotcw","mem":"psram","rend":"async2","alpha":128,"halign":0,"corpus":0},"w":{"rows":12,"glyphs":161,"chars":175,"src_px":13512,"dest_px":13512},"m":{"reps":20,"n":15,"min":94382,"med":94489,"max":94842,"mean":94522.0,"sd":111.5},"d":{"ns_iter":4724450,"ns_px":349.65},"q":{"cv":0.12,"spread":0.49,"mhz":360.0,"outliers":0,"flags":[]},"h":"012c199d"} @@70e3234f@@
@@BENCH-RAW@@ {"i":66,"s":[94428,94439,94574,94554,94636,94447,94412,94489,94842,94458,94543,94477,94600,94549,94382]} @@143dc68f@@
I (117927) bench: [67/71] alpha.fast2.a128                  4724450 ns/iter  349.65 ns/px  cv 0.12%
@@BENCH-CELL@@ {"t":"cell","i":67,"id":"len.short","g":"len","ax":{"fmt":"888","font":"saira_regular","size":18.0,"ratio":1.0000,"path":"blit/alpha","orient":"rotcw","mem":"psram","rend":"async2","alpha":255,"halign":0,"corpus":1},"w":{"rows":12,"glyphs":82,"chars":83,"src_px":7336,"dest_px":7336},"m":{"reps":31,"n":15,"min":89994,"med":90056,"max":90251,"mean":90068.5,"sd":64.9},"d":{"ns_iter":2905032,"ns_px":396.00},"q":{"cv":0.07,"spread":0.29,"mhz":360.0,"outliers":0,"flags":[]},"h":"450061c8"} @@c2f9262c@@
@@BENCH-RAW@@ {"i":67,"s":[90131,90056,90029,90251,90011,90049,90079,90013,90130,90012,90015,90113,89994,90071,90073]} @@090a7b21@@
I (119317) bench: [68/71] len.short                         2905032 ns/iter  396.00 ns/px  cv 0.07%
@@BENCH-CELL@@ {"t":"cell","i":68,"id":"len.long","g":"len","ax":{"fmt":"888","font":"saira_regular","size":18.0,"ratio":1.0000,"path":"blit/alpha","orient":"rotcw","mem":"psram","rend":"async2","alpha":255,"halign":0,"corpus":2},"w":{"rows":12,"glyphs":273,"chars":315,"src_px":22206,"dest_px":22206},"m":{"reps":14,"n":15,"min":106679,"med":106988,"max":107445,"mean":107014.3,"sd":176.5},"d":{"ns_iter":7642000,"ns_px":344.14},"q":{"cv":0.16,"spread":0.72,"mhz":360.0,"outliers":0,"flags":[]},"h":"504a97ad"} @@d755c11e@@
@@BENCH-RAW@@ {"i":68,"s":[107445,107176,107000,107020,106920,106946,106930,106934,107053,107109,107260,106679,106988,106934,106820]} @@99a96d73@@
I (120987) bench: [69/71] len.long                          7642000 ns/iter  344.14 ns/px  cv 0.16%
@@BENCH-CELL@@ {"t":"cell","i":69,"id":"align.center","g":"align","ax":{"fmt":"888","font":"saira_regular","size":18.0,"ratio":1.0000,"path":"blit/alpha","orient":"rotcw","mem":"psram","rend":"async2","alpha":255,"halign":1,"corpus":0},"w":{"rows":12,"glyphs":161,"chars":175,"src_px":13512,"dest_px":13512},"m":{"reps":20,"n":15,"min":95038,"med":95163,"max":95246,"mean":95154.3,"sd":60.2},"d":{"ns_iter":4758150,"ns_px":352.14},"q":{"cv":0.06,"spread":0.22,"mhz":360.0,"outliers":0,"flags":[]},"h":"4f91d280"} @@7335e818@@
@@BENCH-RAW@@ {"i":69,"s":[95106,95096,95038,95189,95246,95226,95202,95240,95095,95142,95187,95085,95163,95172,95127]} @@a291932c@@
I (122457) bench: [70/71] align.center                      4758150 ns/iter  352.14 ns/px  cv 0.06%
@@BENCH-CELL@@ {"t":"cell","i":70,"id":"drift.last","g":"drift","ax":{"fmt":"888","font":"saira_regular","size":18.0,"ratio":1.0000,"path":"blit/alpha","orient":"rotcw","mem":"psram","rend":"async2","alpha":255,"halign":0,"corpus":0},"w":{"rows":12,"glyphs":161,"chars":175,"src_px":13512,"dest_px":13512},"m":{"reps":20,"n":15,"min":94315,"med":94518,"max":94667,"mean":94509.7,"sd":95.5},"d":{"ns_iter":4725900,"ns_px":349.76},"q":{"cv":0.10,"spread":0.37,"mhz":360.0,"outliers":0,"flags":[]},"h":"de65743c"} @@1bec623e@@
@@BENCH-RAW@@ {"i":70,"s":[94518,94532,94521,94616,94365,94453,94587,94455,94492,94575,94667,94438,94469,94643,94315]} @@7ee4b052@@
I (123927) bench: [71/71] drift.last                        4725900 ns/iter  349.76 ns/px  cv 0.10%
@@BENCH-END@@ {"t":"end","cells":71,"total_us":117862617,"status":"ok"} @@e9104aef@@
