@@BENCH-BEGIN@@ {"t":"begin","schema":1,"cells":71,"boot_us":4877684,"reset":3,"build":{"app_git":"f637c01ec378","app_dirty":true,"app_branch":"main","pax_git":"6447745bbf0c","pax_dirty":false,"pax_branch":"opt/text-rendering","idf":"v6.0.2","opt":"Os","app_ver":"f637c01-dirty","app_date":"Aug 20 2026 14:29:15"},"hw":{"chip":"esp32p4","rev":103,"cores":2,"cpu_mhz_nom":360,"cpu_mhz_meas":359.99,"l2_kb":128,"l2_line":64,"psram":true},"cfg":{"pm_enable":true,"pm_lock":true,"tick_hz":100,"wdt":false,"pax":{"bounds_check":false,"orientation":true,"async":"multithread","range_setter":true,"range_merger":true,"fixed_point":true,"long_fixed_point":true,"queue_size":32,"sso_len":32}},"mem":{"tile_dim":256,"int_addr":"0x4ff40700","psram_addr":"0x4811a900","int_free":338643,"int_largest":192512,"psram_free":30524228},"bench":{"n_samples":15,"warmup":2,"target_sample_us":110000,"cell_budget_us":2000000,"corpus_ver":1,"join_placement":"per_sample","driver_core":0,"driver_prio":5,"scrub_bytes":524288}} @@19c15950@@
@@BENCH-CELL@@ {"t":"cell","i":0,"id":"drift.first","g":"drift","ax":{"fmt":"888","font":"saira_regular","size":18.0,"ratio":1.0000,"path":"blit/alpha","orient":"rotcw","mem":"psram","rend":"async2","alpha":255,"halign":0,"corpus":0},"w":{"rows":12,"glyphs":161,"chars":175,"src_px":13512,"dest_px":13512},"m":{"reps":27,"n":15,"min":90820,"med":91000,"max":91238,"mean":90985.4,"sd":106.0},"d":{"ns_iter":3370370,"ns_px":249.44},"q":{"cv":0.12,"spread":0.46,"mhz":360.0,"outliers":0,"flags":[]},"h":"de65743c"} @@f0c1d565@@
@@BENCH-RAW@@ {"i":0,"s":[90820,90984,91009,91038,90928,91002,91000,91099,91012,91238,90941,91100,90876,90895,90839]} @@0eb9ada0@@
I (7516) bench: [1/71] drift.first                       3370370 ns/iter  249.44 ns/px  cv 0.12%
@@BENCH-CELL@@ {"t":"cell","i":1,"id":"c565.fast1.upright.psram.sync","g":"cube","ax":{"fmt":"565","font":"sky","size":9.0,"ratio":1.0000,"path":"blit/direct","orient":"upright","mem":"psram","rend":"sync","alpha":255,"halign":0,"corpus":0},"w":{"rows":23,"glyphs":373,"chars":397,"src_px":10135,"dest_px":10135},"m":{"reps":44,"n":15,"min":87129,"med":87290,"max":87454,"mean":87279.9,"sd":85.6},"d":{"ns_iter":1983863,"ns_px":195.74},"q":{"cv":0.10,"spread":0.37,"mhz":360.0,"outliers":0,"flags":[]},"h":"16b7abd1"} @@909f5b39@@
@@BENCH-RAW@@ {"i":1,"s":[87454,87339,87295,87252,87382,87319,87372,87290,87291,87196,87142,87129,87270,87209,87259]} @@2f11448f@@
I (8866) bench: [2/71] c565.fast1.upright.psram.sync     1983863 ns/iter  195.74 ns/px  cv 0.10%
@@BENCH-CELL@@ {"t":"cell","i":2,"id":"c565.fast1.upright.psram.async2","g":"cube","ax":{"fmt":"565","font":"sky","size":9.0,"ratio":1.0000,"path":"blit/direct","orient":"upright","mem":"psram","rend":"async2","alpha":255,"halign":0,"corpus":0},"w":{"rows":23,"glyphs":373,"chars":397,"src_px":10135,"dest_px":10135},"m":{"reps":28,"n":15,"min":102754,"med":102955,"max":103468,"mean":102973.2,"sd":157.2},"d":{"ns_iter":3676964,"ns_px":362.80},"q":{"cv":0.15,"spread":0.69,"mhz":360.0,"outliers":0,"flags":[]},"h":"16b7abd1"} @@9044a2de@@
@@BENCH-RAW@@ {"i":2,"s":[102941,103468,103076,102985,103010,102845,103043,102920,102876,102754,103019,102984,102819,102955,102903]} @@41c25946@@
I (10446) bench: [3/71] c565.fast1.upright.psram.async2   3676964 ns/iter  362.80 ns/px  cv 0.15%
@@BENCH-CELL@@ {"t":"cell","i":3,"id":"c565.fast1.upright.sram.sync","g":"cube","ax":{"fmt":"565","font":"sky","size":9.0,"ratio":1.0000,"path":"blit/direct","orient":"upright","mem":"sram","rend":"sync","alpha":255,"halign":0,"corpus":0},"w":{"rows":23,"glyphs":373,"chars":397,"src_px":10135,"dest_px":10135},"m":{"reps":51,"n":15,"min":101102,"med":101451,"max":101696,"mean":101407.4,"sd":173.5},"d":{"ns_iter":1989235,"ns_px":196.27},"q":{"cv":0.17,"spread":0.59,"mhz":360.0,"outliers":0,"flags":[]},"h":"16b7abd1"} @@5ce8c053@@
@@BENCH-RAW@@ {"i":3,"s":[101512,101451,101480,101511,101528,101279,101289,101242,101320,101534,101696,101692,101312,101163,101102]} @@47b8543f@@
I (11996) bench: [4/71] c565.fast1.upright.sram.sync      1989235 ns/iter  196.27 ns/px  cv 0.17%
@@BENCH-CELL@@ {"t":"cell","i":4,"id":"c565.fast1.upright.sram.async2","g":"cube","ax":{"fmt":"565","font":"sky","size":9.0,"ratio":1.0000,"path":"blit/direct","orient":"upright","mem":"sram","rend":"async2","alpha":255,"halign":0,"corpus":0},"w":{"rows":23,"glyphs":373,"chars":397,"src_px":10135,"dest_px":10135},"m":{"reps":31,"n":15,"min":113795,"med":113967,"max":114087,"mean":113950.8,"sd":96.5},"d":{"ns_iter":3676354,"ns_px":362.74},"q":{"cv":0.08,"spread":0.26,"mhz":360.0,"outliers":0,"flags":[]},"h":"16b7abd1"} @@5065034f@@
@@BENCH-RAW@@ {"i":4,"s":[114087,113936,113816,114017,114081,113926,113797,113977,114083,114016,113991,113873,113967,113795,113900]} @@69de29a5@@
I (13736) bench: [5/71] c565.fast1.upright.sram.async2    3676354 ns/iter  362.74 ns/px  cv 0.08%
@@BENCH-CELL@@ {"t":"cell","i":5,"id":"c565.fast1.rotcw.psram.sync","g":"cube","ax":{"fmt":"565","font":"sky","size":9.0,"ratio":1.0000,"path":"blit/direct","orient":"rotcw","mem":"psram","rend":"sync","alpha":255,"halign":0,"corpus":0},"w":{"rows":23,"glyphs":373,"chars":397,"src_px":10135,"dest_px":10135},"m":{"reps":38,"n":15,"min":76536,"med":76752,"max":76879,"mean":76726.3,"sd":95.8},"d":{"ns_iter":2019789,"ns_px":199.29},"q":{"cv":0.12,"spread":0.45,"mhz":360.0,"outliers":0,"flags":[]},"h":"70d20c11"} @@fe093b56@@
@@BENCH-RAW@@ {"i":5,"s":[76815,76752,76579,76815,76626,76536,76727,76747,76761,76754,76673,76621,76779,76830,76879]} @@288e77e5@@
I (14916) bench: [6/71] c565.fast1.rotcw.psram.sync       2019789 ns/iter  199.29 ns/px  cv 0.12%
@@BENCH-CELL@@ {"t":"cell","i":6,"id":"c565.fast1.rotcw.psram.async2","g":"cube","ax":{"fmt":"565","font":"sky","size":9.0,"ratio":1.0000,"path":"blit/direct","orient":"rotcw","mem":"psram","rend":"async2","alpha":255,"halign":0,"corpus":0},"w":{"rows":23,"glyphs":373,"chars":397,"src_px":10135,"dest_px":10135},"m":{"reps":26,"n":15,"min":97991,"med":98123,"max":98284,"mean":98110.1,"sd":73.5},"d":{"ns_iter":3773961,"ns_px":372.37},"q":{"cv":0.07,"spread":0.30,"mhz":360.0,"outliers":0,"flags":[]},"h":"70d20c11"} @@54465a46@@
@@BENCH-RAW@@ {"i":6,"s":[98114,98284,98123,98187,98075,98134,98163,98153,98080,98008,97991,98136,98130,98015,98059]} @@0c6c3358@@
I (16426) bench: [7/71] c565.fast1.rotcw.psram.async2     3773961 ns/iter  372.37 ns/px  cv 0.07%
@@BENCH-CELL@@ {"t":"cell","i":7,"id":"c565.fast1.rotcw.sram.sync","g":"cube","ax":{"fmt":"565","font":"sky","size":9.0,"ratio":1.0000,"path":"blit/direct","orient":"rotcw","mem":"sram","rend":"sync","alpha":255,"halign":0,"corpus":0},"w":{"rows":23,"glyphs":373,"chars":397,"src_px":10135,"dest_px":10135},"m":{"reps":50,"n":15,"min":100846,"med":101101,"max":101273,"mean":101091.0,"sd":126.5},"d":{"ns_iter":2022020,"ns_px":199.51},"q":{"cv":0.13,"spread":0.42,"mhz":360.0,"outliers":0,"flags":[]},"h":"70d20c11"} @@0640793b@@
@@BENCH-RAW@@ {"i":7,"s":[101064,101101,101273,101184,101192,101173,101195,101165,100846,100918,100913,100935,101094,101086,101226]} @@2229999b@@
I (17976) bench: [8/71] c565.fast1.rotcw.sram.sync        2022020 ns/iter  199.51 ns/px  cv 0.13%
@@BENCH-CELL@@ {"t":"cell","i":8,"id":"c565.fast1.rotcw.sram.async2","g":"cube","ax":{"fmt":"565","font":"sky","size":9.0,"ratio":1.0000,"path":"blit/direct","orient":"rotcw","mem":"sram","rend":"async2","alpha":255,"halign":0,"corpus":0},"w":{"rows":23,"glyphs":373,"chars":397,"src_px":10135,"dest_px":10135},"m":{"reps":30,"n":15,"min":112666,"med":112792,"max":113035,"mean":112809.7,"sd":90.2},"d":{"ns_iter":3759733,"ns_px":370.97},"q":{"cv":0.08,"spread":0.33,"mhz":360.0,"outliers":0,"flags":[]},"h":"70d20c11"} @@5fde7b7a@@
@@BENCH-RAW@@ {"i":8,"s":[113035,112863,112928,112791,112753,112792,112833,112801,112699,112837,112774,112750,112736,112666,112887]} @@eccc6070@@
I (19696) bench: [9/71] c565.fast1.rotcw.sram.async2      3759733 ns/iter  370.97 ns/px  cv 0.08%
@@BENCH-CELL@@ {"t":"cell","i":9,"id":"c565.fast2.upright.psram.sync","g":"cube","ax":{"fmt":"565","font":"saira_regular","size":18.0,"ratio":1.0000,"path":"blit/alpha","orient":"upright","mem":"psram","rend":"sync","alpha":255,"halign":0,"corpus":0},"w":{"rows":12,"glyphs":161,"chars":175,"src_px":13512,"dest_px":13512},"m":{"reps":29,"n":15,"min":93536,"med":93606,"max":93701,"mean":93609.0,"sd":50.1},"d":{"ns_iter":3227793,"ns_px":238.88},"q":{"cv":0.05,"spread":0.18,"mhz":360.0,"outliers":0,"flags":[]},"h":"ecacce31"} @@b1817d7e@@
@@BENCH-RAW@@ {"i":9,"s":[93592,93589,93606,93624,93701,93655,93682,93671,93624,93579,93619,93574,93544,93539,93536]} @@621a4b80@@
I (21146) bench: [10/71] c565.fast2.upright.psram.sync     3227793 ns/iter  238.88 ns/px  cv 0.05%
@@BENCH-CELL@@ {"t":"cell","i":10,"id":"c565.fast2.upright.psram.async2","g":"cube","ax":{"fmt":"565","font":"saira_regular","size":18.0,"ratio":1.0000,"path":"blit/alpha","orient":"upright","mem":"psram","rend":"async2","alpha":255,"halign":0,"corpus":0},"w":{"rows":12,"glyphs":161,"chars":175,"src_px":13512,"dest_px":13512},"m":{"reps":31,"n":15,"min":95958,"med":96101,"max":96206,"mean":96080.9,"sd":70.5},"d":{"ns_iter":3100032,"ns_px":229.43},"q":{"cv":0.07,"spread":0.26,"mhz":360.0,"outliers":0,"flags":[]},"h":"ecacce31"} @@cb439ff3@@
@@BENCH-RAW@@ {"i":10,"s":[96009,96167,96101,96127,96104,96123,96059,96115,95971,95958,96206,96067,95986,96140,96080]} @@ac385b3a@@
I (22616) bench: [11/71] c565.fast2.upright.psram.async2   3100032 ns/iter  229.43 ns/px  cv 0.07%
@@BENCH-CELL@@ {"t":"cell","i":11,"id":"c565.fast2.upright.sram.sync","g":"cube","ax":{"fmt":"565","font":"saira_regular","size":18.0,"ratio":1.0000,"path":"blit/alpha","orient":"upright","mem":"sram","rend":"sync","alpha":255,"halign":0,"corpus":0},"w":{"rows":12,"glyphs":161,"chars":175,"src_px":13512,"dest_px":13512},"m":{"reps":32,"n":15,"min":103175,"med":103297,"max":103362,"mean":103274.8,"sd":56.8},"d":{"ns_iter":3228031,"ns_px":238.90},"q":{"cv":0.06,"spread":0.18,"mhz":360.0,"outliers":0,"flags":[]},"h":"ecacce31"} @@1e934f6d@@
@@BENCH-RAW@@ {"i":11,"s":[103219,103181,103175,103196,103277,103238,103320,103313,103318,103307,103335,103362,103280,103304,103297]} @@6cdedcd6@@
I (24206) bench: [12/71] c565.fast2.upright.sram.sync      3228031 ns/iter  238.90 ns/px  cv 0.06%
@@BENCH-CELL@@ {"t":"cell","i":12,"id":"c565.fast2.upright.sram.async2","g":"cube","ax":{"fmt":"565","font":"saira_regular","size":18.0,"ratio":1.0000,"path":"blit/alpha","orient":"upright","mem":"sram","rend":"async2","alpha":255,"halign":0,"corpus":0},"w":{"rows":12,"glyphs":161,"chars":175,"src_px":13512,"dest_px":13512},"m":{"reps":34,"n":15,"min":105194,"med":105311,"max":105443,"mean":105300.6,"sd":63.5},"d":{"ns_iter":3097382,"ns_px":229.23},"q":{"cv":0.06,"spread":0.24,"mhz":360.0,"outliers":0,"flags":[]},"h":"ecacce31"} @@36af8a85@@
@@BENCH-RAW@@ {"i":12,"s":[105273,105325,105311,105212,105266,105216,105194,105334,105317,105443,105350,105372,105333,105297,105266]} @@7062ed8b@@
I (25816) bench: [13/71] c565.fast2.upright.sram.async2    3097382 ns/iter  229.23 ns/px  cv 0.06%
@@BENCH-CELL@@ {"t":"cell","i":13,"id":"c565.fast2.rotcw.psram.sync","g":"cube","ax":{"fmt":"565","font":"saira_regular","size":18.0,"ratio":1.0000,"path":"blit/alpha","orient":"rotcw","mem":"psram","rend":"sync","alpha":255,"halign":0,"corpus":0},"w":{"rows":12,"glyphs":161,"chars":175,"src_px":13512,"dest_px":13512},"m":{"reps":26,"n":15,"min":85598,"med":85669,"max":85837,"mean":85686.7,"sd":56.5},"d":{"ns_iter":3294961,"ns_px":243.85},"q":{"cv":0.07,"spread":0.28,"mhz":360.0,"outliers":0,"flags":[]},"h":"70889db9"} @@46881db3@@
@@BENCH-RAW@@ {"i":13,"s":[85720,85709,85725,85733,85837,85664,85611,85659,85652,85655,85649,85598,85669,85721,85699]} @@9631d857@@
I (27136) bench: [14/71] c565.fast2.rotcw.psram.sync       3294961 ns/iter  243.85 ns/px  cv 0.07%
@@BENCH-CELL@@ {"t":"cell","i":14,"id":"c565.fast2.rotcw.psram.async2","g":"cube","ax":{"fmt":"565","font":"saira_regular","size":18.0,"ratio":1.0000,"path":"blit/alpha","orient":"rotcw","mem":"psram","rend":"async2","alpha":255,"halign":0,"corpus":0},"w":{"rows":12,"glyphs":161,"chars":175,"src_px":13512,"dest_px":13512},"m":{"reps":27,"n":15,"min":87434,"med":87533,"max":87633,"mean":87556.9,"sd":59.6},"d":{"ns_iter":3241962,"ns_px":239.93},"q":{"cv":0.07,"spread":0.23,"mhz":360.0,"outliers":0,"flags":[]},"h":"70889db9"} @@81eff3e7@@
@@BENCH-RAW@@ {"i":14,"s":[87615,87626,87606,87624,87633,87523,87484,87434,87533,87531,87512,87509,87621,87574,87528]} @@5670544b@@
I (28486) bench: [15/71] c565.fast2.rotcw.psram.async2     3241962 ns/iter  239.93 ns/px  cv 0.07%
@@BENCH-CELL@@ {"t":"cell","i":15,"id":"c565.fast2.rotcw.sram.sync","g":"cube","ax":{"fmt":"565","font":"saira_regular","size":18.0,"ratio":1.0000,"path":"blit/alpha","orient":"rotcw","mem":"sram","rend":"sync","alpha":255,"halign":0,"corpus":0},"w":{"rows":12,"glyphs":161,"chars":175,"src_px":13512,"dest_px":13512},"m":{"reps":31,"n":15,"min":101617,"med":101667,"max":101779,"mean":101670.5,"sd":36.9},"d":{"ns_iter":3279580,"ns_px":242.72},"q":{"cv":0.04,"spread":0.16,"mhz":360.0,"outliers":0,"flags":[]},"h":"70889db9"} @@dd8eb70c@@
@@BENCH-RAW@@ {"i":15,"s":[101666,101667,101646,101652,101690,101683,101703,101779,101674,101680,101683,101638,101636,101643,101617]} @@d2e700f2@@
I (30046) bench: [16/71] c565.fast2.rotcw.sram.sync        3279580 ns/iter  242.72 ns/px  cv 0.04%
@@BENCH-CELL@@ {"t":"cell","i":16,"id":"c565.fast2.rotcw.sram.async2","g":"cube","ax":{"fmt":"565","font":"saira_regular","size":18.0,"ratio":1.0000,"path":"blit/alpha","orient":"rotcw","mem":"sram","rend":"async2","alpha":255,"halign":0,"corpus":0},"w":{"rows":12,"glyphs":161,"chars":175,"src_px":13512,"dest_px":13512},"m":{"reps":33,"n":15,"min":105678,"med":105773,"max":105860,"mean":105778.5,"sd":47.8},"d":{"ns_iter":3205242,"ns_px":237.21},"q":{"cv":0.05,"spread":0.17,"mhz":360.0,"outliers":0,"flags":[]},"h":"70889db9"} @@c77ae9a8@@
@@BENCH-RAW@@ {"i":16,"s":[105702,105778,105763,105775,105766,105854,105762,105860,105757,105678,105764,105773,105825,105794,105826]} @@2542f899@@
I (31666) bench: [17/71] c565.fast2.rotcw.sram.async2      3205242 ns/iter  237.21 ns/px  cv 0.05%
@@BENCH-CELL@@ {"t":"cell","i":17,"id":"c565.shader.upright.psram.sync","g":"cube","ax":{"fmt":"565","font":"saira_regular","size":27.0,"ratio":1.5000,"path":"shader/aa","orient":"upright","mem":"psram","rend":"sync","alpha":255,"halign":0,"corpus":0},"w":{"rows":8,"glyphs":92,"chars":100,"src_px":7701,"dest_px":18002},"m":{"reps":4,"n":12,"min":138529,"med":138650,"max":139043,"mean":138743.2,"sd":191.9},"d":{"ns_iter":34662500,"ns_px":1925.48},"q":{"cv":0.14,"spread":0.37,"mhz":360.0,"outliers":0,"flags":[]},"h":"f8db19ed"} @@062fa091@@
@@BENCH-RAW@@ {"i":17,"s":[138705,139029,138923,139043,139023,138608,138650,138627,138568,138529,138563,138650]} @@23cec34c@@
I (33496) bench: [18/71] c565.shader.upright.psram.sync   34662500 ns/iter  1925.48 ns/px  cv 0.14%
@@BENCH-CELL@@ {"t":"cell","i":18,"id":"c565.shader.upright.psram.async2","g":"cube","ax":{"fmt":"565","font":"saira_regular","size":27.0,"ratio":1.5000,"path":"shader/aa","orient":"upright","mem":"psram","rend":"async2","alpha":255,"halign":0,"corpus":0},"w":{"rows":8,"glyphs":92,"chars":100,"src_px":7701,"dest_px":18002},"m":{"reps":6,"n":14,"min":113350,"med":113788,"max":113892,"mean":113708.7,"sd":168.9},"d":{"ns_iter":18964666,"ns_px":1053.48},"q":{"cv":0.15,"spread":0.48,"mhz":360.0,"outliers":0,"flags":[]},"h":"f8db19ed"} @@2f918c80@@
@@BENCH-RAW@@ {"i":18,"s":[113884,113836,113779,113821,113788,113754,113485,113817,113350,113423,113612,113810,113892,113671]} @@06a7f95a@@
I (35186) bench: [19/71] c565.shader.upright.psram.async2 18964666 ns/iter  1053.48 ns/px  cv 0.15%
@@BENCH-CELL@@ {"t":"cell","i":19,"id":"c565.shader.upright.sram.sync","g":"cube","ax":{"fmt":"565","font":"saira_regular","size":27.0,"ratio":1.5000,"path":"shader/aa","orient":"upright","mem":"sram","rend":"sync","alpha":255,"halign":0,"corpus":0},"w":{"rows":8,"glyphs":92,"chars":100,"src_px":7701,"dest_px":18002},"m":{"reps":4,"n":12,"min":138545,"med":138637,"max":138916,"mean":138663.8,"sd":117.2},"d":{"ns_iter":34659250,"ns_px":1925.30},"q":{"cv":0.08,"spread":0.27,"mhz":360.0,"outliers":0,"flags":[]},"h":"f8db19ed"} @@ceee5d5c@@
@@BENCH-RAW@@ {"i":19,"s":[138644,138601,138637,138545,138571,138582,138596,138697,138916,138693,138587,138897]} @@bf6f30b0@@
I (37006) bench: [20/71] c565.shader.upright.sram.sync    34659250 ns/iter  1925.30 ns/px  cv 0.08%
@@BENCH-CELL@@ {"t":"cell","i":20,"id":"c565.shader.upright.sram.async2","g":"cube","ax":{"fmt":"565","font":"saira_regular","size":27.0,"ratio":1.5000,"path":"shader/aa","orient":"upright","mem":"sram","rend":"async2","alpha":255,"halign":0,"corpus":0},"w":{"rows":8,"glyphs":92,"chars":100,"src_px":7701,"dest_px":18002},"m":{"reps":6,"n":15,"min":113136,"med":113638,"max":113781,"mean":113574.5,"sd":171.8},"d":{"ns_iter":18939666,"ns_px":1052.09},"q":{"cv":0.15,"spread":0.57,"mhz":360.0,"outliers":0,"flags":[]},"h":"f8db19ed"} @@1718b321@@
@@BENCH-RAW@@ {"i":20,"s":[113715,113547,113642,113458,113136,113649,113374,113584,113736,113781,113638,113407,113474,113762,113715]} @@67c19435@@
I (38806) bench: [21/71] c565.shader.upright.sram.async2  18939666 ns/iter  1052.09 ns/px  cv 0.15%
@@BENCH-CELL@@ {"t":"cell","i":21,"id":"c565.shader.rotcw.psram.sync","g":"cube","ax":{"fmt":"565","font":"saira_regular","size":27.0,"ratio":1.5000,"path":"shader/aa","orient":"rotcw","mem":"psram","rend":"sync","alpha":255,"halign":0,"corpus":0},"w":{"rows":8,"glyphs":92,"chars":100,"src_px":7701,"dest_px":18002},"m":{"reps":3,"n":15,"min":109237,"med":109346,"max":109470,"mean":109345.6,"sd":62.7},"d":{"ns_iter":36448666,"ns_px":2024.70},"q":{"cv":0.06,"spread":0.21,"mhz":360.0,"outliers":0,"flags":[]},"h":"796ae951"} @@e2aa1b9c@@
@@BENCH-RAW@@ {"i":21,"s":[109470,109385,109358,109346,109394,109343,109350,109280,109258,109320,109418,109416,109331,109278,109237]} @@08472178@@
I (40616) bench: [22/71] c565.shader.rotcw.psram.sync     36448666 ns/iter  2024.70 ns/px  cv 0.06%
@@BENCH-CELL@@ {"t":"cell","i":22,"id":"c565.shader.rotcw.psram.async2","g":"cube","ax":{"fmt":"565","font":"saira_regular","size":27.0,"ratio":1.5000,"path":"shader/aa","orient":"rotcw","mem":"psram","rend":"async2","alpha":255,"halign":0,"corpus":0},"w":{"rows":8,"glyphs":92,"chars":100,"src_px":7701,"dest_px":18002},"m":{"reps":6,"n":13,"min":122645,"med":122770,"max":122986,"mean":122776.4,"sd":103.9},"d":{"ns_iter":20461666,"ns_px":1136.63},"q":{"cv":0.08,"spread":0.28,"mhz":360.0,"outliers":0,"flags":[]},"h":"796ae951"} @@5d7fd876@@
@@BENCH-RAW@@ {"i":22,"s":[122953,122840,122986,122868,122645,122770,122770,122772,122696,122721,122737,122650,122685]} @@bcd50fb3@@
I (42316) bench: [23/71] c565.shader.rotcw.psram.async2   20461666 ns/iter  1136.63 ns/px  cv 0.08%
@@BENCH-CELL@@ {"t":"cell","i":23,"id":"c565.shader.rotcw.sram.sync","g":"cube","ax":{"fmt":"565","font":"saira_regular","size":27.0,"ratio":1.5000,"path":"shader/aa","orient":"rotcw","mem":"sram","rend":"sync","alpha":255,"halign":0,"corpus":0},"w":{"rows":8,"glyphs":92,"chars":100,"src_px":7701,"dest_px":18002},"m":{"reps":3,"n":15,"min":108672,"med":108764,"max":108954,"mean":108780.2,"sd":63.4},"d":{"ns_iter":36254666,"ns_px":2013.92},"q":{"cv":0.06,"spread":0.26,"mhz":360.0,"outliers":0,"flags":[]},"h":"796ae951"} @@2493ad2b@@
@@BENCH-RAW@@ {"i":23,"s":[108817,108954,108855,108752,108756,108777,108764,108760,108795,108782,108806,108763,108757,108693,108672]} @@6114443e@@
I (44116) bench: [24/71] c565.shader.rotcw.sram.sync      36254666 ns/iter  2013.92 ns/px  cv 0.06%
@@BENCH-CELL@@ {"t":"cell","i":24,"id":"c565.shader.rotcw.sram.async2","g":"cube","ax":{"fmt":"565","font":"saira_regular","size":27.0,"ratio":1.5000,"path":"shader/aa","orient":"rotcw","mem":"sram","rend":"async2","alpha":255,"halign":0,"corpus":0},"w":{"rows":8,"glyphs":92,"chars":100,"src_px":7701,"dest_px":18002},"m":{"reps":6,"n":14,"min":121053,"med":121203,"max":121325,"mean":121203.4,"sd":81.9},"d":{"ns_iter":20200500,"ns_px":1122.13},"q":{"cv":0.07,"spread":0.22,"mhz":360.0,"outliers":0,"flags":[]},"h":"796ae951"} @@22c3caa4@@
@@BENCH-RAW@@ {"i":24,"s":[121151,121274,121151,121311,121303,121217,121203,121325,121264,121200,121075,121176,121145,121053]} @@0542a869@@
I (45916) bench: [25/71] c565.shader.rotcw.sram.async2    20200500 ns/iter  1122.13 ns/px  cv 0.07%
@@BENCH-CELL@@ {"t":"cell","i":25,"id":"c888.fast1.upright.psram.sync","g":"cube","ax":{"fmt":"888","font":"sky","size":9.0,"ratio":1.0000,"path":"blit/direct","orient":"upright","mem":"psram","rend":"sync","alpha":255,"halign":0,"corpus":0},"w":{"rows":23,"glyphs":373,"chars":397,"src_px":10135,"dest_px":10135},"m":{"reps":40,"n":15,"min":84420,"med":84537,"max":85105,"mean":84577.5,"sd":179.8},"d":{"ns_iter":2113425,"ns_px":208.53},"q":{"cv":0.21,"spread":0.81,"mhz":360.0,"outliers":0,"flags":[]},"h":"601bd481"} @@7ce100c0@@
@@BENCH-RAW@@ {"i":25,"s":[85105,84869,84657,84538,84537,84426,84462,84420,84598,84551,84512,84617,84464,84449,84457]} @@5a54d2f4@@
I (47226) bench: [26/71] c888.fast1.upright.psram.sync     2113425 ns/iter  208.53 ns/px  cv 0.21%
@@BENCH-CELL@@ {"t":"cell","i":26,"id":"c888.fast1.upright.psram.async2","g":"cube","ax":{"fmt":"888","font":"sky","size":9.0,"ratio":1.0000,"path":"blit/direct","orient":"upright","mem":"psram","rend":"async2","alpha":255,"halign":0,"corpus":0},"w":{"rows":23,"glyphs":373,"chars":397,"src_px":10135,"dest_px":10135},"m":{"reps":27,"n":15,"min":100581,"med":100701,"max":100901,"mean":100725.2,"sd":86.1},"d":{"ns_iter":3729666,"ns_px":368.00},"q":{"cv":0.09,"spread":0.32,"mhz":360.0,"outliers":0,"flags":[]},"h":"601bd481"} @@f4427c1c@@
@@BENCH-RAW@@ {"i":26,"s":[100744,100735,100793,100691,100836,100746,100852,100901,100661,100581,100689,100674,100627,100647,100701]} @@26cea2f4@@
I (48776) bench: [27/71] c888.fast1.upright.psram.async2   3729666 ns/iter  368.00 ns/px  cv 0.09%
@@BENCH-CELL@@ {"t":"cell","i":27,"id":"c888.fast1.upright.sram.sync","g":"cube","ax":{"fmt":"888","font":"sky","size":9.0,"ratio":1.0000,"path":"blit/direct","orient":"upright","mem":"sram","rend":"sync","alpha":255,"halign":0,"corpus":0},"w":{"rows":23,"glyphs":373,"chars":397,"src_px":10135,"dest_px":10135},"m":{"reps":48,"n":15,"min":101274,"med":101593,"max":101835,"mean":101608.1,"sd":132.2},"d":{"ns_iter":2116520,"ns_px":208.83},"q":{"cv":0.13,"spread":0.55,"mhz":360.0,"outliers":0,"flags":[]},"h":"601bd481"} @@546a5076@@
@@BENCH-RAW@@ {"i":27,"s":[101274,101587,101759,101835,101593,101501,101496,101600,101725,101714,101682,101699,101587,101564,101506]} @@984f663b@@
I (50326) bench: [28/71] c888.fast1.upright.sram.sync      2116520 ns/iter  208.83 ns/px  cv 0.13%
@@BENCH-CELL@@ {"t":"cell","i":28,"id":"c888.fast1.upright.sram.async2","g":"cube","ax":{"fmt":"888","font":"sky","size":9.0,"ratio":1.0000,"path":"blit/direct","orient":"upright","mem":"sram","rend":"async2","alpha":255,"halign":0,"corpus":0},"w":{"rows":23,"glyphs":373,"chars":397,"src_px":10135,"dest_px":10135},"m":{"reps":30,"n":15,"min":111803,"med":112048,"max":112299,"mean":112053.0,"sd":123.4},"d":{"ns_iter":3734933,"ns_px":368.52},"q":{"cv":0.11,"spread":0.44,"mhz":360.0,"outliers":0,"flags":[]},"h":"601bd481"} @@876f6fc6@@
@@BENCH-RAW@@ {"i":28,"s":[111803,111982,112140,112245,112078,112299,112100,112002,111942,112004,111904,112048,112088,112154,112006]} @@260b0890@@
I (52046) bench: [29/71] c888.fast1.upright.sram.async2    3734933 ns/iter  368.52 ns/px  cv 0.11%
@@BENCH-CELL@@ {"t":"cell","i":29,"id":"c888.fast1.rotcw.psram.sync","g":"cube","ax":{"fmt":"888","font":"sky","size":9.0,"ratio":1.0000,"path":"blit/direct","orient":"rotcw","mem":"psram","rend":"sync","alpha":255,"halign":0,"corpus":0},"w":{"rows":23,"glyphs":373,"chars":397,"src_px":10135,"dest_px":10135},"m":{"reps":35,"n":15,"min":84166,"med":84265,"max":84617,"mean":84317.1,"sd":117.3},"d":{"ns_iter":2407571,"ns_px":237.55},"q":{"cv":0.14,"spread":0.54,"mhz":360.0,"outliers":0,"flags":[]},"h":"333c04c9"} @@f05a0a97@@
@@BENCH-RAW@@ {"i":29,"s":[84166,84209,84265,84225,84407,84449,84252,84238,84225,84464,84617,84357,84323,84295,84265]} @@b8c56a6d@@
I (53356) bench: [30/71] c888.fast1.rotcw.psram.sync       2407571 ns/iter  237.55 ns/px  cv 0.14%
@@BENCH-CELL@@ {"t":"cell","i":30,"id":"c888.fast1.rotcw.psram.async2","g":"cube","ax":{"fmt":"888","font":"sky","size":9.0,"ratio":1.0000,"path":"blit/direct","orient":"rotcw","mem":"psram","rend":"async2","alpha":255,"halign":0,"corpus":0},"w":{"rows":23,"glyphs":373,"chars":397,"src_px":10135,"dest_px":10135},"m":{"reps":25,"n":15,"min":101382,"med":101659,"max":101893,"mean":101643.4,"sd":121.0},"d":{"ns_iter":4066360,"ns_px":401.22},"q":{"cv":0.12,"spread":0.50,"mhz":360.0,"outliers":0,"flags":[]},"h":"333c04c9"} @@e1bf48b2@@
@@BENCH-RAW@@ {"i":30,"s":[101703,101781,101743,101572,101555,101737,101893,101684,101559,101659,101601,101382,101514,101574,101694]} @@61b5823b@@
I (54916) bench: [31/71] c888.fast1.rotcw.psram.async2     4066360 ns/iter  401.22 ns/px  cv 0.12%
@@BENCH-CELL@@ {"t":"cell","i":31,"id":"c888.fast1.rotcw.sram.sync","g":"cube","ax":{"fmt":"888","font":"sky","size":9.0,"ratio":1.0000,"path":"blit/direct","orient":"rotcw","mem":"sram","rend":"sync","alpha":255,"halign":0,"corpus":0},"w":{"rows":23,"glyphs":373,"chars":397,"src_px":10135,"dest_px":10135},"m":{"reps":47,"n":15,"min":100649,"med":100810,"max":101085,"mean":100829.1,"sd":116.0},"d":{"ns_iter":2144893,"ns_px":211.63},"q":{"cv":0.12,"spread":0.43,"mhz":360.0,"outliers":0,"flags":[]},"h":"333c04c9"} @@34d6be24@@
@@BENCH-RAW@@ {"i":31,"s":[101085,100862,100834,100810,100776,100773,100955,101021,100825,100751,100787,100884,100765,100659,100649]} @@3ee1192a@@
I (56466) bench: [32/71] c888.fast1.rotcw.sram.sync        2144893 ns/iter  211.63 ns/px  cv 0.12%
@@BENCH-CELL@@ {"t":"cell","i":32,"id":"c888.fast1.rotcw.sram.async2","g":"cube","ax":{"fmt":"888","font":"sky","size":9.0,"ratio":1.0000,"path":"blit/direct","orient":"rotcw","mem":"sram","rend":"async2","alpha":255,"halign":0,"corpus":0},"w":{"rows":23,"glyphs":373,"chars":397,"src_px":10135,"dest_px":10135},"m":{"reps":29,"n":15,"min":110422,"med":110585,"max":110817,"mean":110587.7,"sd":113.4},"d":{"ns_iter":3813275,"ns_px":376.25},"q":{"cv":0.10,"spread":0.36,"mhz":360.0,"outliers":0,"flags":[]},"h":"333c04c9"} @@a7d89708@@
@@BENCH-RAW@@ {"i":32,"s":[110748,110743,110689,110516,110611,110817,110595,110467,110479,110585,110612,110531,110473,110527,110422]} @@831a2385@@
I (58156) bench: [33/71] c888.fast1.rotcw.sram.async2      3813275 ns/iter  376.25 ns/px  cv 0.10%
@@BENCH-CELL@@ {"t":"cell","i":33,"id":"c888.fast2.upright.psram.sync","g":"cube","ax":{"fmt":"888","font":"saira_regular","size":18.0,"ratio":1.0000,"path":"blit/alpha","orient":"upright","mem":"psram","rend":"sync","alpha":255,"halign":0,"corpus":0},"w":{"rows":12,"glyphs":161,"chars":175,"src_px":13512,"dest_px":13512},"m":{"reps":28,"n":15,"min":89512,"med":89561,"max":89643,"mean":89560.8,"sd":35.0},"d":{"ns_iter":3198607,"ns_px":236.72},"q":{"cv":0.04,"spread":0.15,"mhz":360.0,"outliers":0,"flags":[]},"h":"34ac5a26"} @@22d5f909@@
@@BENCH-RAW@@ {"i":33,"s":[89618,89580,89572,89556,89563,89574,89547,89554,89561,89643,89571,89517,89521,89523,89512]} @@2a2ae8bb@@
I (59546) bench: [34/71] c888.fast2.upright.psram.sync     3198607 ns/iter  236.72 ns/px  cv 0.04%
@@BENCH-CELL@@ {"t":"cell","i":34,"id":"c888.fast2.upright.psram.async2","g":"cube","ax":{"fmt":"888","font":"saira_regular","size":18.0,"ratio":1.0000,"path":"blit/alpha","orient":"upright","mem":"psram","rend":"async2","alpha":255,"halign":0,"corpus":0},"w":{"rows":12,"glyphs":161,"chars":175,"src_px":13512,"dest_px":13512},"m":{"reps":29,"n":15,"min":89195,"med":89347,"max":89454,"mean":89341.9,"sd":63.7},"d":{"ns_iter":3080931,"ns_px":228.01},"q":{"cv":0.07,"spread":0.29,"mhz":360.0,"outliers":0,"flags":[]},"h":"34ac5a26"} @@9462f9f8@@
@@BENCH-RAW@@ {"i":34,"s":[89336,89372,89406,89363,89347,89454,89285,89305,89346,89389,89306,89195,89248,89395,89381]} @@a3265575@@
I (60926) bench: [35/71] c888.fast2.upright.psram.async2   3080931 ns/iter  228.01 ns/px  cv 0.07%
@@BENCH-CELL@@ {"t":"cell","i":35,"id":"c888.fast2.upright.sram.sync","g":"cube","ax":{"fmt":"888","font":"saira_regular","size":18.0,"ratio":1.0000,"path":"blit/alpha","orient":"upright","mem":"sram","rend":"sync","alpha":255,"halign":0,"corpus":0},"w":{"rows":12,"glyphs":161,"chars":175,"src_px":13512,"dest_px":13512},"m":{"reps":32,"n":15,"min":102294,"med":102345,"max":102449,"mean":102342.5,"sd":38.7},"d":{"ns_iter":3198281,"ns_px":236.70},"q":{"cv":0.04,"spread":0.15,"mhz":360.0,"outliers":0,"flags":[]},"h":"34ac5a26"} @@85b00d73@@
@@BENCH-RAW@@ {"i":35,"s":[102313,102449,102404,102345,102355,102345,102349,102355,102330,102345,102319,102294,102321,102310,102303]} @@cb1f99dc@@
I (62496) bench: [36/71] c888.fast2.upright.sram.sync      3198281 ns/iter  236.70 ns/px  cv 0.04%
@@BENCH-CELL@@ {"t":"cell","i":36,"id":"c888.fast2.upright.sram.async2","g":"cube","ax":{"fmt":"888","font":"saira_regular","size":18.0,"ratio":1.0000,"path":"blit/alpha","orient":"upright","mem":"sram","rend":"async2","alpha":255,"halign":0,"corpus":0},"w":{"rows":12,"glyphs":161,"chars":175,"src_px":13512,"dest_px":13512},"m":{"reps":34,"n":15,"min":104636,"med":104788,"max":104963,"mean":104792.2,"sd":88.4},"d":{"ns_iter":3082000,"ns_px":228.09},"q":{"cv":0.08,"spread":0.31,"mhz":360.0,"outliers":0,"flags":[]},"h":"34ac5a26"} @@121f6830@@
@@BENCH-RAW@@ {"i":36,"s":[104684,104804,104788,104636,104714,104786,104761,104739,104807,104820,104818,104717,104935,104963,104911]} @@a4662612@@
I (64106) bench: [37/71] c888.fast2.upright.sram.async2    3082000 ns/iter  228.09 ns/px  cv 0.08%
@@BENCH-CELL@@ {"t":"cell","i":37,"id":"c888.fast2.rotcw.psram.sync","g":"cube","ax":{"fmt":"888","font":"saira_regular","size":18.0,"ratio":1.0000,"path":"blit/alpha","orient":"rotcw","mem":"psram","rend":"sync","alpha":255,"halign":0,"corpus":0},"w":{"rows":12,"glyphs":161,"chars":175,"src_px":13512,"dest_px":13512},"m":{"reps":26,"n":15,"min":88812,"med":88927,"max":89178,"mean":88925.4,"sd":78.3},"d":{"ns_iter":3420269,"ns_px":253.13},"q":{"cv":0.09,"spread":0.41,"mhz":360.0,"outliers":0,"flags":[]},"h":"de65743c"} @@51c4dfd5@@
@@BENCH-RAW@@ {"i":37,"s":[89178,88929,88957,88930,88927,88891,88873,88906,88853,88953,88945,88913,88944,88812,88870]} @@b9d125c8@@
I (65476) bench: [38/71] c888.fast2.rotcw.psram.sync       3420269 ns/iter  253.13 ns/px  cv 0.09%
@@BENCH-CELL@@ {"t":"cell","i":38,"id":"c888.fast2.rotcw.psram.async2","g":"cube","ax":{"fmt":"888","font":"saira_regular","size":18.0,"ratio":1.0000,"path":"blit/alpha","orient":"rotcw","mem":"psram","rend":"async2","alpha":255,"halign":0,"corpus":0},"w":{"rows":12,"glyphs":161,"chars":175,"src_px":13512,"dest_px":13512},"m":{"reps":26,"n":15,"min":87964,"med":88167,"max":88274,"mean":88141.5,"sd":92.7},"d":{"ns_iter":3391038,"ns_px":250.96},"q":{"cv":0.11,"spread":0.35,"mhz":360.0,"outliers":0,"flags":[]},"h":"de65743c"} @@ea357f42@@
@@BENCH-RAW@@ {"i":38,"s":[88264,88237,87964,88008,88170,88208,88184,88167,88274,88121,87988,88155,88167,88147,88069]} @@199af13a@@
I (66846) bench: [39/71] c888.fast2.rotcw.psram.async2     3391038 ns/iter  250.96 ns/px  cv 0.11%
@@BENCH-CELL@@ {"t":"cell","i":39,"id":"c888.fast2.rotcw.sram.sync","g":"cube","ax":{"fmt":"888","font":"saira_regular","size":18.0,"ratio":1.0000,"path":"blit/alpha","orient":"rotcw","mem":"sram","rend":"sync","alpha":255,"halign":0,"corpus":0},"w":{"rows":12,"glyphs":161,"chars":175,"src_px":13512,"dest_px":13512},"m":{"reps":32,"n":15,"min":103751,"med":103827,"max":103976,"mean":103841.5,"sd":71.0},"d":{"ns_iter":3244593,"ns_px":240.13},"q":{"cv":0.07,"spread":0.22,"mhz":360.0,"outliers":0,"flags":[]},"h":"de65743c"} @@ee6f7128@@
@@BENCH-RAW@@ {"i":39,"s":[103976,103971,103847,103930,103824,103828,103827,103908,103848,103771,103789,103754,103751,103782,103816]} @@8463f6d2@@
I (68436) bench: [40/71] c888.fast2.rotcw.sram.sync        3244593 ns/iter  240.13 ns/px  cv 0.07%
@@BENCH-CELL@@ {"t":"cell","i":40,"id":"c888.fast2.rotcw.sram.async2","g":"cube","ax":{"fmt":"888","font":"saira_regular","size":18.0,"ratio":1.0000,"path":"blit/alpha","orient":"rotcw","mem":"sram","rend":"async2","alpha":255,"halign":0,"corpus":0},"w":{"rows":12,"glyphs":161,"chars":175,"src_px":13512,"dest_px":13512},"m":{"reps":33,"n":15,"min":105364,"med":105413,"max":105557,"mean":105421.7,"sd":47.0},"d":{"ns_iter":3194333,"ns_px":236.41},"q":{"cv":0.04,"spread":0.18,"mhz":360.0,"outliers":0,"flags":[]},"h":"de65743c"} @@2405fae0@@
@@BENCH-RAW@@ {"i":40,"s":[105406,105473,105382,105393,105437,105364,105416,105557,105374,105413,105453,105382,105419,105451,105406]} @@0c2f0d99@@
I (70056) bench: [41/71] c888.fast2.rotcw.sram.async2      3194333 ns/iter  236.41 ns/px  cv 0.04%
@@BENCH-CELL@@ {"t":"cell","i":41,"id":"c888.shader.upright.psram.sync","g":"cube","ax":{"fmt":"888","font":"saira_regular","size":27.0,"ratio":1.5000,"path":"shader/aa","orient":"upright","mem":"psram","rend":"sync","alpha":255,"halign":0,"corpus":0},"w":{"rows":8,"glyphs":92,"chars":100,"src_px":7701,"dest_px":18002},"m":{"reps":4,"n":12,"min":135558,"med":135899,"max":136159,"mean":135879.9,"sd":178.8},"d":{"ns_iter":33974750,"ns_px":1887.28},"q":{"cv":0.13,"spread":0.44,"mhz":360.0,"outliers":0,"flags":[]},"h":"839de335"} @@afcfca73@@
@@BENCH-RAW@@ {"i":41,"s":[135748,135796,135558,135876,135802,135919,136048,135635,135899,136159,136152,135967]} @@5a5d0335@@
I (71846) bench: [42/71] c888.shader.upright.psram.sync   33974750 ns/iter  1887.28 ns/px  cv 0.13%
@@BENCH-CELL@@ {"t":"cell","i":42,"id":"c888.shader.upright.psram.async2","g":"cube","ax":{"fmt":"888","font":"saira_regular","size":27.0,"ratio":1.5000,"path":"shader/aa","orient":"upright","mem":"psram","rend":"async2","alpha":255,"halign":0,"corpus":0},"w":{"rows":8,"glyphs":92,"chars":100,"src_px":7701,"dest_px":18002},"m":{"reps":6,"n":15,"min":111518,"med":111712,"max":111992,"mean":111712.9,"sd":159.6},"d":{"ns_iter":18618666,"ns_px":1034.26},"q":{"cv":0.14,"spread":0.42,"mhz":360.0,"outliers":0,"flags":[]},"h":"839de335"} @@7c323c52@@
@@BENCH-RAW@@ {"i":42,"s":[111991,111717,111712,111898,111992,111801,111570,111613,111592,111546,111541,111569,111518,111787,111847]} @@5308ec48@@
I (73626) bench: [43/71] c888.shader.upright.psram.async2 18618666 ns/iter  1034.26 ns/px  cv 0.14%
@@BENCH-CELL@@ {"t":"cell","i":43,"id":"c888.shader.upright.sram.sync","g":"cube","ax":{"fmt":"888","font":"saira_regular","size":27.0,"ratio":1.5000,"path":"shader/aa","orient":"upright","mem":"sram","rend":"sync","alpha":255,"halign":0,"corpus":0},"w":{"rows":8,"glyphs":92,"chars":100,"src_px":7701,"dest_px":18002},"m":{"reps":4,"n":12,"min":135680,"med":135990,"max":136098,"mean":135902.5,"sd":151.4},"d":{"ns_iter":33997500,"ns_px":1888.54},"q":{"cv":0.11,"spread":0.31,"mhz":360.0,"outliers":0,"flags":[]},"h":"839de335"} @@f5ae7037@@
@@BENCH-RAW@@ {"i":43,"s":[136029,136098,136081,135990,136037,136006,135721,135707,135728,135868,135680,135885]} @@08979a63@@
I (75416) bench: [44/71] c888.shader.upright.sram.sync    33997500 ns/iter  1888.54 ns/px  cv 0.11%
@@BENCH-CELL@@ {"t":"cell","i":44,"id":"c888.shader.upright.sram.async2","g":"cube","ax":{"fmt":"888","font":"saira_regular","size":27.0,"ratio":1.5000,"path":"shader/aa","orient":"upright","mem":"sram","rend":"async2","alpha":255,"halign":0,"corpus":0},"w":{"rows":8,"glyphs":92,"chars":100,"src_px":7701,"dest_px":18002},"m":{"reps":6,"n":15,"min":111046,"med":111585,"max":111826,"mean":111572.1,"sd":166.0},"d":{"ns_iter":18597500,"ns_px":1033.08},"q":{"cv":0.15,"spread":0.70,"mhz":360.0,"outliers":0,"flags":[]},"h":"839de335"} @@8550b906@@
@@BENCH-RAW@@ {"i":44,"s":[111629,111663,111691,111663,111549,111520,111826,111577,111675,111046,111517,111437,111623,111581,111585]} @@45b4ed7e@@
I (77186) bench: [45/71] c888.shader.upright.sram.async2  18597500 ns/iter  1033.08 ns/px  cv 0.15%
@@BENCH-CELL@@ {"t":"cell","i":45,"id":"c888.shader.rotcw.psram.sync","g":"cube","ax":{"fmt":"888","font":"saira_regular","size":27.0,"ratio":1.5000,"path":"shader/aa","orient":"rotcw","mem":"psram","rend":"sync","alpha":255,"halign":0,"corpus":0},"w":{"rows":8,"glyphs":92,"chars":100,"src_px":7701,"dest_px":18002},"m":{"reps":3,"n":15,"min":107799,"med":107955,"max":108131,"mean":107946.2,"sd":96.0},"d":{"ns_iter":35985000,"ns_px":1998.94},"q":{"cv":0.09,"spread":0.31,"mhz":360.0,"outliers":0,"flags":[]},"h":"dd1828a1"} @@6d5fe232@@
@@BENCH-RAW@@ {"i":45,"s":[107886,107955,107961,107951,108023,108036,108131,108097,107826,107853,107845,107799,107956,107873,108001]} @@824f7af0@@
I (78976) bench: [46/71] c888.shader.rotcw.psram.sync     35985000 ns/iter  1998.94 ns/px  cv 0.09%
@@BENCH-CELL@@ {"t":"cell","i":46,"id":"c888.shader.rotcw.psram.async2","g":"cube","ax":{"fmt":"888","font":"saira_regular","size":27.0,"ratio":1.5000,"path":"shader/aa","orient":"rotcw","mem":"psram","rend":"async2","alpha":255,"halign":0,"corpus":0},"w":{"rows":8,"glyphs":92,"chars":100,"src_px":7701,"dest_px":18002},"m":{"reps":6,"n":13,"min":121372,"med":121475,"max":121695,"mean":121492.7,"sd":78.4},"d":{"ns_iter":20245833,"ns_px":1124.64},"q":{"cv":0.06,"spread":0.27,"mhz":360.0,"outliers":0,"flags":[]},"h":"dd1828a1"} @@8358e20d@@
@@BENCH-RAW@@ {"i":46,"s":[121560,121695,121448,121516,121434,121481,121428,121516,121441,121472,121567,121372,121475]} @@e0b6b8f8@@
I (80666) bench: [47/71] c888.shader.rotcw.psram.async2   20245833 ns/iter  1124.64 ns/px  cv 0.06%
@@BENCH-CELL@@ {"t":"cell","i":47,"id":"c888.shader.rotcw.sram.sync","g":"cube","ax":{"fmt":"888","font":"saira_regular","size":27.0,"ratio":1.5000,"path":"shader/aa","orient":"rotcw","mem":"sram","rend":"sync","alpha":255,"halign":0,"corpus":0},"w":{"rows":8,"glyphs":92,"chars":100,"src_px":7701,"dest_px":18002},"m":{"reps":4,"n":11,"min":142111,"med":142173,"max":142468,"mean":142233.7,"sd":129.7},"d":{"ns_iter":35543250,"ns_px":1974.41},"q":{"cv":0.09,"spread":0.25,"mhz":360.0,"outliers":0,"flags":[]},"h":"dd1828a1"} @@5b5dfc6a@@
@@BENCH-RAW@@ {"i":47,"s":[142143,142173,142120,142141,142179,142111,142169,142215,142436,142416,142468]} @@880f3b51@@
I (82396) bench: [48/71] c888.shader.rotcw.sram.sync      35543250 ns/iter  1974.41 ns/px  cv 0.09%
@@BENCH-CELL@@ {"t":"cell","i":48,"id":"c888.shader.rotcw.sram.async2","g":"cube","ax":{"fmt":"888","font":"saira_regular","size":27.0,"ratio":1.5000,"path":"shader/aa","orient":"rotcw","mem":"sram","rend":"async2","alpha":255,"halign":0,"corpus":0},"w":{"rows":8,"glyphs":92,"chars":100,"src_px":7701,"dest_px":18002},"m":{"reps":6,"n":14,"min":118969,"med":119069,"max":119196,"mean":119078.8,"sd":68.7},"d":{"ns_iter":19844833,"ns_px":1102.37},"q":{"cv":0.06,"spread":0.19,"mhz":360.0,"outliers":0,"flags":[]},"h":"dd1828a1"} @@9b66f5b9@@
@@BENCH-RAW@@ {"i":48,"s":[118993,119134,119107,118993,119035,119154,119134,119042,119170,119196,118969,119056,119051,119069]} @@9106500b@@
I (84166) bench: [49/71] c888.shader.rotcw.sram.async2    19844833 ns/iter  1102.37 ns/px  cv 0.06%
@@BENCH-CELL@@ {"t":"cell","i":49,"id":"orient.rotccw","g":"orient","ax":{"fmt":"888","font":"saira_regular","size":18.0,"ratio":1.0000,"path":"blit/alpha","orient":"rotccw","mem":"psram","rend":"async2","alpha":255,"halign":0,"corpus":0},"w":{"rows":12,"glyphs":161,"chars":175,"src_px":13512,"dest_px":13512},"m":{"reps":28,"n":15,"min":94165,"med":94294,"max":94435,"mean":94299.5,"sd":75.4},"d":{"ns_iter":3367642,"ns_px":249.23},"q":{"cv":0.08,"spread":0.29,"mhz":360.0,"outliers":0,"flags":[]},"h":"e16cec42"} @@000c5c44@@
@@BENCH-RAW@@ {"i":49,"s":[94249,94284,94210,94339,94326,94220,94294,94165,94237,94347,94435,94263,94327,94371,94426]} @@bbb6b5f7@@
I (85626) bench: [50/71] orient.rotccw                     3367642 ns/iter  249.23 ns/px  cv 0.08%
@@BENCH-CELL@@ {"t":"cell","i":50,"id":"orient.rothalf","g":"orient","ax":{"fmt":"888","font":"saira_regular","size":18.0,"ratio":1.0000,"path":"blit/alpha","orient":"rothalf","mem":"psram","rend":"async2","alpha":255,"halign":0,"corpus":0},"w":{"rows":12,"glyphs":161,"chars":175,"src_px":13512,"dest_px":13512},"m":{"reps":29,"n":15,"min":92053,"med":92148,"max":92273,"mean":92147.4,"sd":54.7},"d":{"ns_iter":3177517,"ns_px":235.16},"q":{"cv":0.06,"spread":0.24,"mhz":360.0,"outliers":0,"flags":[]},"h":"a6066584"} @@c4b1e9e9@@
@@BENCH-RAW@@ {"i":50,"s":[92139,92147,92113,92201,92167,92273,92153,92168,92053,92211,92061,92148,92158,92128,92091]} @@39d8c692@@
I (87046) bench: [51/71] orient.rothalf                    3177517 ns/iter  235.16 ns/px  cv 0.06%
@@BENCH-CELL@@ {"t":"cell","i":51,"id":"orient.fliph","g":"orient","ax":{"fmt":"888","font":"saira_regular","size":18.0,"ratio":1.0000,"path":"blit/alpha","orient":"fliph","mem":"psram","rend":"async2","alpha":255,"halign":0,"corpus":0},"w":{"rows":12,"glyphs":161,"chars":175,"src_px":13512,"dest_px":13512},"m":{"reps":29,"n":15,"min":89201,"med":89245,"max":89442,"mean":89269.5,"sd":61.7},"d":{"ns_iter":3077413,"ns_px":227.75},"q":{"cv":0.07,"spread":0.27,"mhz":360.0,"outliers":0,"flags":[]},"h":"abc61a88"} @@d36f96ba@@
@@BENCH-RAW@@ {"i":51,"s":[89290,89442,89358,89245,89312,89223,89201,89232,89272,89236,89232,89224,89219,89303,89254]} @@2afaabb7@@
I (88426) bench: [52/71] orient.fliph                      3077413 ns/iter  227.75 ns/px  cv 0.07%
@@BENCH-CELL@@ {"t":"cell","i":52,"id":"orient.rotccwfliph","g":"orient","ax":{"fmt":"888","font":"saira_regular","size":18.0,"ratio":1.0000,"path":"blit/alpha","orient":"rotccwfliph","mem":"psram","rend":"async2","alpha":255,"halign":0,"corpus":0},"w":{"rows":12,"glyphs":161,"chars":175,"src_px":13512,"dest_px":13512},"m":{"reps":27,"n":15,"min":89842,"med":90088,"max":90261,"mean":90087.9,"sd":107.6},"d":{"ns_iter":3336592,"ns_px":246.94},"q":{"cv":0.12,"spread":0.47,"mhz":360.0,"outliers":0,"flags":[]},"h":"5262d8d8"} @@106462b1@@
@@BENCH-RAW@@ {"i":52,"s":[90003,90229,90141,90088,90017,90100,90162,90080,90261,90037,89842,89996,89988,90158,90217]} @@f0eab21f@@
I (89826) bench: [53/71] orient.rotccwfliph                3336592 ns/iter  246.94 ns/px  cv 0.12%
@@BENCH-CELL@@ {"t":"cell","i":53,"id":"orient.rothalffliph","g":"orient","ax":{"fmt":"888","font":"saira_regular","size":18.0,"ratio":1.0000,"path":"blit/alpha","orient":"rothalffliph","mem":"psram","rend":"async2","alpha":255,"halign":0,"corpus":0},"w":{"rows":12,"glyphs":161,"chars":175,"src_px":13512,"dest_px":13512},"m":{"reps":29,"n":15,"min":92254,"med":92291,"max":92498,"mean":92329.8,"sd":84.9},"d":{"ns_iter":3182448,"ns_px":235.53},"q":{"cv":0.09,"spread":0.26,"mhz":360.0,"outliers":0,"flags":[]},"h":"418c2762"} @@2d5571e6@@
@@BENCH-RAW@@ {"i":53,"s":[92291,92265,92447,92498,92279,92266,92291,92254,92268,92257,92312,92290,92312,92426,92491]} @@27aff765@@
I (91246) bench: [54/71] orient.rothalffliph               3182448 ns/iter  235.53 ns/px  cv 0.09%
@@BENCH-CELL@@ {"t":"cell","i":54,"id":"orient.rotcwfliph","g":"orient","ax":{"fmt":"888","font":"saira_regular","size":18.0,"ratio":1.0000,"path":"blit/alpha","orient":"rotcwfliph","mem":"psram","rend":"async2","alpha":255,"halign":0,"corpus":0},"w":{"rows":12,"glyphs":161,"chars":175,"src_px":13512,"dest_px":13512},"m":{"reps":27,"n":15,"min":90798,"med":90894,"max":91144,"mean":90914.0,"sd":92.0},"d":{"ns_iter":3366444,"ns_px":249.14},"q":{"cv":0.10,"spread":0.38,"mhz":360.0,"outliers":0,"flags":[]},"h":"0e714186"} @@72bcb6fc@@
@@BENCH-RAW@@ {"i":54,"s":[90809,90971,90818,90854,90913,90962,90798,90868,90888,90896,91060,90861,91144,90974,90894]} @@52cbdb4b@@
I (92656) bench: [55/71] orient.rotcwfliph                 3366444 ns/iter  249.14 ns/px  cv 0.10%
@@BENCH-CELL@@ {"t":"cell","i":55,"id":"font.sky@18","g":"font","ax":{"fmt":"888","font":"sky","size":18.0,"ratio":2.0000,"path":"blit/direct","orient":"rotcw","mem":"psram","rend":"async2","alpha":255,"halign":0,"corpus":0},"w":{"rows":12,"glyphs":148,"chars":162,"src_px":4014,"dest_px":16056},"m":{"reps":33,"n":15,"min":88169,"med":88235,"max":88591,"mean":88276.7,"sd":111.1},"d":{"ns_iter":2673787,"ns_px":166.53},"q":{"cv":0.13,"spread":0.48,"mhz":360.0,"outliers":0,"flags":[]},"h":"a32b1e1d"} @@a34074ba@@
@@BENCH-RAW@@ {"i":55,"s":[88174,88235,88591,88222,88246,88366,88375,88393,88313,88169,88189,88203,88171,88235,88268]} @@0a05214e@@
I (94016) bench: [56/71] font.sky@18                       2673787 ns/iter  166.53 ns/px  cv 0.13%
@@BENCH-CELL@@ {"t":"cell","i":56,"id":"font.sky@27","g":"font","ax":{"fmt":"888","font":"sky","size":27.0,"ratio":3.0000,"path":"blit/direct","orient":"rotcw","mem":"psram","rend":"async2","alpha":255,"halign":0,"corpus":0},"w":{"rows":8,"glyphs":80,"chars":85,"src_px":2161,"dest_px":19449},"m":{"reps":36,"n":15,"min":80714,"med":80849,"max":81072,"mean":80867.2,"sd":102.7},"d":{"ns_iter":2245805,"ns_px":115.47},"q":{"cv":0.13,"spread":0.44,"mhz":360.0,"outliers":0,"flags":[]},"h":"4bc0b3f9"} @@b0c76459@@
@@BENCH-RAW@@ {"i":56,"s":[80915,80849,81013,80714,80872,80780,80758,80769,80780,80833,80867,81026,80828,80932,81072]} @@e465bddc@@
I (95276) bench: [57/71] font.sky@27                       2245805 ns/iter  115.47 ns/px  cv 0.13%
@@BENCH-CELL@@ {"t":"cell","i":57,"id":"font.skymono@9","g":"font","ax":{"fmt":"888","font":"sky_mono","size":9.0,"ratio":1.0000,"path":"blit/direct","orient":"rotcw","mem":"psram","rend":"async2","alpha":255,"halign":0,"corpus":0},"w":{"rows":23,"glyphs":373,"chars":397,"src_px":23499,"dest_px":23499},"m":{"reps":22,"n":15,"min":98968,"med":99104,"max":99246,"mean":99111.8,"sd":81.2},"d":{"ns_iter":4504727,"ns_px":191.70},"q":{"cv":0.08,"spread":0.28,"mhz":360.0,"outliers":0,"flags":[]},"h":"6335b160"} @@d7fa2829@@
@@BENCH-RAW@@ {"i":57,"s":[99149,99246,99201,99108,99209,99071,99104,99062,99102,99181,99083,99191,98968,98982,99020]} @@f69aa767@@
I (96806) bench: [58/71] font.skymono@9                    4504727 ns/iter  191.70 ns/px  cv 0.08%
@@BENCH-CELL@@ {"t":"cell","i":58,"id":"font.sky@13","g":"font","ax":{"fmt":"888","font":"sky","size":13.0,"ratio":1.4444,"path":"shader/pal","orient":"rotcw","mem":"psram","rend":"async2","alpha":255,"halign":0,"corpus":0},"w":{"rows":17,"glyphs":239,"chars":255,"src_px":6321,"dest_px":12530},"m":{"reps":7,"n":14,"min":113251,"med":113479,"max":113613,"mean":113448.6,"sd":100.8},"d":{"ns_iter":16211285,"ns_px":1293.80},"q":{"cv":0.09,"spread":0.32,"mhz":360.0,"outliers":0,"flags":[]},"h":"254ec85e"} @@7cb902d4@@
@@BENCH-RAW@@ {"i":58,"s":[113613,113480,113566,113479,113389,113583,113524,113386,113377,113429,113372,113251,113327,113505]} @@9cc3f309@@
I (98486) bench: [59/71] font.sky@13                      16211285 ns/iter  1293.80 ns/px  cv 0.09%
@@BENCH-CELL@@ {"t":"cell","i":59,"id":"font.saira@36","g":"font","ax":{"fmt":"888","font":"saira_regular","size":36.0,"ratio":2.0000,"path":"blit/alpha","orient":"rotcw","mem":"psram","rend":"async2","alpha":255,"halign":0,"corpus":0},"w":{"rows":6,"glyphs":56,"chars":61,"src_px":4710,"dest_px":18840},"m":{"reps":28,"n":15,"min":83936,"med":84010,"max":84093,"mean":84014.4,"sd":51.8},"d":{"ns_iter":3000357,"ns_px":159.25},"q":{"cv":0.06,"spread":0.19,"mhz":360.0,"outliers":0,"flags":[]},"h":"972d0991"} @@71073592@@
@@BENCH-RAW@@ {"i":59,"s":[83961,83960,84025,83976,84075,84065,83936,83984,83951,84010,84042,84093,83988,84060,84090]} @@f0ea0685@@
I (99786) bench: [60/71] font.saira@36                     3000357 ns/iter  159.25 ns/px  cv 0.06%
@@BENCH-CELL@@ {"t":"cell","i":60,"id":"font.marker@22","g":"font","ax":{"fmt":"888","font":"marker","size":22.0,"ratio":1.0000,"path":"blit/alpha","orient":"rotcw","mem":"psram","rend":"async2","alpha":255,"halign":0,"corpus":0},"w":{"rows":10,"glyphs":125,"chars":136,"src_px":22847,"dest_px":22847},"m":{"reps":23,"n":15,"min":96547,"med":96728,"max":96960,"mean":96741.1,"sd":112.8},"d":{"ns_iter":4205565,"ns_px":184.08},"q":{"cv":0.12,"spread":0.43,"mhz":360.0,"outliers":0,"flags":[]},"h":"59dd778c"} @@489e2abd@@
@@BENCH-RAW@@ {"i":60,"s":[96620,96601,96716,96853,96639,96728,96754,96803,96960,96758,96695,96688,96547,96901,96853]} @@c9cd5bc2@@
I (101286) bench: [61/71] font.marker@22                    4205565 ns/iter  184.08 ns/px  cv 0.12%
@@BENCH-CELL@@ {"t":"cell","i":61,"id":"font.marker@33","g":"font","ax":{"fmt":"888","font":"marker","size":33.0,"ratio":1.5000,"path":"shader/aa","orient":"rotcw","mem":"psram","rend":"async2","alpha":255,"halign":0,"corpus":0},"w":{"rows":7,"glyphs":71,"chars":76,"src_px":13008,"dest_px":29868},"m":{"reps":4,"n":13,"min":125389,"med":125489,"max":125725,"mean":125513.7,"sd":87.2},"d":{"ns_iter":31372250,"ns_px":1050.36},"q":{"cv":0.07,"spread":0.27,"mhz":360.0,"outliers":0,"flags":[]},"h":"aed9f152"} @@902ffd0a@@
@@BENCH-RAW@@ {"i":61,"s":[125474,125725,125471,125667,125462,125502,125527,125518,125543,125489,125389,125439,125472]} @@52495d36@@
I (103076) bench: [62/71] font.marker@33                   31372250 ns/iter  1050.36 ns/px  cv 0.07%
@@BENCH-CELL@@ {"t":"cell","i":62,"id":"font.condensed@45","g":"font","ax":{"fmt":"888","font":"saira_condensed","size":45.0,"ratio":1.0000,"path":"blit/alpha","orient":"rotcw","mem":"psram","rend":"async2","alpha":255,"halign":0,"corpus":0},"w":{"rows":5,"glyphs":47,"chars":51,"src_px":19237,"dest_px":19237},"m":{"reps":33,"n":15,"min":80466,"med":80544,"max":80651,"mean":80540.7,"sd":52.5},"d":{"ns_iter":2440727,"ns_px":126.88},"q":{"cv":0.07,"spread":0.23,"mhz":360.0,"outliers":0,"flags":[]},"h":"7bcb728d"} @@ca162e24@@
@@BENCH-RAW@@ {"i":62,"s":[80578,80561,80490,80551,80527,80651,80544,80571,80487,80534,80475,80481,80576,80618,80466]} @@d76156ec@@
I (104316) bench: [63/71] font.condensed@45                 2440727 ns/iter  126.88 ns/px  cv 0.07%
@@BENCH-CELL@@ {"t":"cell","i":63,"id":"font.saira@27.noaa","g":"font","ax":{"fmt":"888","font":"saira_regular_noaa","size":27.0,"ratio":1.5000,"path":"shader/plain","orient":"rotcw","mem":"psram","rend":"async2","alpha":255,"halign":0,"corpus":0},"w":{"rows":8,"glyphs":92,"chars":100,"src_px":7701,"dest_px":18002},"m":{"reps":8,"n":14,"min":111131,"med":111219,"max":111539,"mean":111228.6,"sd":100.1},"d":{"ns_iter":13902375,"ns_px":772.27},"q":{"cv":0.09,"spread":0.37,"mhz":360.0,"outliers":0,"flags":[]},"h":"9c31759b"} @@42546a96@@
@@BENCH-RAW@@ {"i":63,"s":[111539,111229,111219,111157,111164,111149,111271,111284,111262,111155,111165,111277,111131,111198]} @@1d888a7f@@
I (105966) bench: [64/71] font.saira@27.noaa               13902375 ns/iter  772.27 ns/px  cv 0.09%
@@BENCH-CELL@@ {"t":"cell","i":64,"id":"rend.async1","g":"rend","ax":{"fmt":"888","font":"saira_regular","size":18.0,"ratio":1.0000,"path":"blit/alpha","orient":"rotcw","mem":"psram","rend":"async1","alpha":255,"halign":0,"corpus":0},"w":{"rows":12,"glyphs":161,"chars":175,"src_px":13512,"dest_px":13512},"m":{"reps":22,"n":15,"min":94737,"med":94889,"max":95166,"mean":94904.5,"sd":101.0},"d":{"ns_iter":4313136,"ns_px":319.21},"q":{"cv":0.11,"spread":0.45,"mhz":360.0,"outliers":0,"flags":[]},"h":"de65743c"} @@72058846@@
@@BENCH-RAW@@ {"i":64,"s":[94976,94989,94859,94737,95166,95000,94802,94889,94879,94856,94822,94933,94805,94946,94909]} @@6d39af6f@@
I (107436) bench: [65/71] rend.async1                       4313136 ns/iter  319.21 ns/px  cv 0.11%
@@BENCH-CELL@@ {"t":"cell","i":65,"id":"alpha.fast1.a128","g":"alpha","ax":{"fmt":"888","font":"sky","size":9.0,"ratio":1.0000,"path":"blit/alpha","orient":"rotcw","mem":"psram","rend":"async2","alpha":128,"halign":0,"corpus":0},"w":{"rows":23,"glyphs":373,"chars":397,"src_px":10135,"dest_px":10135},"m":{"reps":21,"n":15,"min":100506,"med":100676,"max":100912,"mean":100671.2,"sd":115.9},"d":{"ns_iter":4794095,"ns_px":473.02},"q":{"cv":0.12,"spread":0.40,"mhz":360.0,"outliers":0,"flags":[]},"h":"cc2eccc5"} @@452b81c6@@
@@BENCH-RAW@@ {"i":65,"s":[100664,100506,100559,100539,100758,100507,100724,100740,100805,100912,100707,100780,100676,100624,100567]} @@bbba4997@@
I (108986) bench: [66/71] alpha.fast1.a128                  4794095 ns/iter  473.02 ns/px  cv 0.12%
@@BENCH-CELL@@ {"t":"cell","i":66,"id":"alpha.fast2.a128","g":"alpha","ax":{"fmt":"888","font":"saira_regular","size":18.0,"ratio":1.0000,"path":"blit/alpha","orient":"rotcw","mem":"psram","rend":"async2","alpha":128,"halign":0,"corpus":0},"w":{"rows":12,"glyphs":161,"chars":175,"src_px":13512,"dest_px":13512},"m":{"reps":24,"n":15,"min":88526,"med":88717,"max":88958,"mean":88716.7,"sd":115.1},"d":{"ns_iter":3696541,"ns_px":273.57},"q":{"cv":0.13,"spread":0.49,"mhz":360.0,"outliers":0,"flags":[]},"h":"012c199d"} @@5ffa4e76@@
@@BENCH-RAW@@ {"i":66,"s":[88659,88545,88628,88841,88958,88775,88837,88681,88580,88793,88736,88776,88698,88526,88717]} @@b7faf363@@
I (110366) bench: [67/71] alpha.fast2.a128                  3696541 ns/iter  273.57 ns/px  cv 0.13%
@@BENCH-CELL@@ {"t":"cell","i":67,"id":"len.short","g":"len","ax":{"fmt":"888","font":"saira_regular","size":18.0,"ratio":1.0000,"path":"blit/alpha","orient":"rotcw","mem":"psram","rend":"async2","alpha":255,"halign":0,"corpus":1},"w":{"rows":12,"glyphs":82,"chars":83,"src_px":7336,"dest_px":7336},"m":{"reps":38,"n":15,"min":85238,"med":85352,"max":85478,"mean":85348.1,"sd":62.8},"d":{"ns_iter":2246105,"ns_px":306.18},"q":{"cv":0.07,"spread":0.28,"mhz":360.0,"outliers":0,"flags":[]},"h":"450061c8"} @@e0522687@@
@@BENCH-RAW@@ {"i":67,"s":[85478,85373,85423,85347,85402,85352,85379,85297,85347,85289,85264,85238,85367,85388,85278]} @@f72af406@@
I (111686) bench: [68/71] len.short                         2246105 ns/iter  306.18 ns/px  cv 0.07%
@@BENCH-CELL@@ {"t":"cell","i":68,"id":"len.long","g":"len","ax":{"fmt":"888","font":"saira_regular","size":18.0,"ratio":1.0000,"path":"blit/alpha","orient":"rotcw","mem":"psram","rend":"async2","alpha":255,"halign":0,"corpus":2},"w":{"rows":12,"glyphs":273,"chars":315,"src_px":22206,"dest_px":22206},"m":{"reps":19,"n":15,"min":103973,"med":104166,"max":104388,"mean":104167.9,"sd":106.3},"d":{"ns_iter":5482421,"ns_px":246.89},"q":{"cv":0.10,"spread":0.40,"mhz":360.0,"outliers":0,"flags":[]},"h":"504a97ad"} @@4f5019d1@@
@@BENCH-RAW@@ {"i":68,"s":[104121,104220,104079,104314,104140,104010,104388,104095,104259,104112,104204,104227,104166,103973,104210]} @@7f703a7a@@
I (113296) bench: [69/71] len.long                          5482421 ns/iter  246.89 ns/px  cv 0.10%
@@BENCH-CELL@@ {"t":"cell","i":69,"id":"align.center","g":"align","ax":{"fmt":"888","font":"saira_regular","size":18.0,"ratio":1.0000,"path":"blit/alpha","orient":"rotcw","mem":"psram","rend":"async2","alpha":255,"halign":1,"corpus":0},"w":{"rows":12,"glyphs":161,"chars":175,"src_px":13512,"dest_px":13512},"m":{"reps":26,"n":15,"min":88520,"med":88655,"max":88844,"mean":88655.0,"sd":96.0},"d":{"ns_iter":3409807,"ns_px":252.35},"q":{"cv":0.11,"spread":0.37,"mhz":360.0,"outliers":0,"flags":[]},"h":"4f91d280"} @@ac83af83@@
@@BENCH-RAW@@ {"i":69,"s":[88611,88844,88531,88522,88646,88762,88655,88708,88768,88676,88520,88751,88673,88562,88596]} @@db5ed3a8@@
I (114666) bench: [70/71] align.center                      3409807 ns/iter  252.35 ns/px  cv 0.11%
@@BENCH-CELL@@ {"t":"cell","i":70,"id":"drift.last","g":"drift","ax":{"fmt":"888","font":"saira_regular","size":18.0,"ratio":1.0000,"path":"blit/alpha","orient":"rotcw","mem":"psram","rend":"async2","alpha":255,"halign":0,"corpus":0},"w":{"rows":12,"glyphs":161,"chars":175,"src_px":13512,"dest_px":13512},"m":{"reps":27,"n":15,"min":90830,"med":91008,"max":91191,"mean":91004.7,"sd":91.6},"d":{"ns_iter":3370666,"ns_px":249.46},"q":{"cv":0.10,"spread":0.40,"mhz":360.0,"outliers":0,"flags":[]},"h":"de65743c"} @@d4651992@@
@@BENCH-RAW@@ {"i":70,"s":[91034,90998,91098,91008,90841,91056,90939,90976,91191,90969,90830,90957,91023,91039,91112]} @@1078aefd@@
I (116076) bench: [71/71] drift.last                        3370666 ns/iter  249.46 ns/px  cv 0.10%
@@BENCH-END@@ {"t":"end","cells":71,"total_us":110013385,"status":"ok"} @@9d719b4b@@
