@@BENCH-BEGIN@@ {"t":"begin","schema":1,"cells":71,"boot_us":5177678,"reset":3,"build":{"app_git":"2f4dc9e0daf8","app_dirty":false,"app_branch":"main","pax_git":"964533a6d894","pax_dirty":false,"pax_branch":"main","idf":"v6.0.2","opt":"Os","app_ver":"2f4dc9e","app_date":"Aug 20 2026 12:26:09"},"hw":{"chip":"esp32p4","rev":103,"cores":2,"cpu_mhz_nom":360,"cpu_mhz_meas":360.00,"l2_kb":128,"l2_line":64,"psram":true},"cfg":{"pm_enable":true,"pm_lock":true,"tick_hz":100,"wdt":false,"pax":{"bounds_check":false,"orientation":true,"async":"multithread","range_setter":true,"range_merger":true,"fixed_point":true,"long_fixed_point":true,"queue_size":32,"sso_len":32}},"mem":{"tile_dim":256,"int_addr":"0x4ff40700","psram_addr":"0x4811a900","int_free":338643,"int_largest":192512,"psram_free":30524228},"bench":{"n_samples":15,"warmup":2,"target_sample_us":110000,"cell_budget_us":2000000,"corpus_ver":1,"join_placement":"per_sample","driver_core":0,"driver_prio":5,"scrub_bytes":524288}} @@570d116f@@
@@BENCH-CELL@@ {"t":"cell","i":0,"id":"drift.first","g":"drift","ax":{"fmt":"888","font":"saira_regular","size":18.0,"ratio":1.0000,"path":"blit/alpha","orient":"rotcw","mem":"psram","rend":"async2","alpha":255,"halign":0,"corpus":0},"w":{"rows":12,"glyphs":161,"chars":175,"src_px":13512,"dest_px":13512},"m":{"reps":21,"n":15,"min":98902,"med":99051,"max":99376,"mean":99063.4,"sd":136.7},"d":{"ns_iter":4716714,"ns_px":349.08},"q":{"cv":0.14,"spread":0.48,"mhz":360.0,"outliers":0,"flags":[]},"h":"de65743c"} @@620daca4@@
@@BENCH-RAW@@ {"i":0,"s":[99012,99220,98974,99061,98902,99376,99212,98929,99051,98954,98907,98930,99216,99119,99088]} @@590b1a04@@
I (7946) bench: [1/71] drift.first                       4716714 ns/iter  349.08 ns/px  cv 0.14%
@@BENCH-CELL@@ {"t":"cell","i":1,"id":"c565.fast1.upright.psram.sync","g":"cube","ax":{"fmt":"565","font":"sky","size":9.0,"ratio":1.0000,"path":"blit/direct","orient":"upright","mem":"psram","rend":"sync","alpha":255,"halign":0,"corpus":0},"w":{"rows":23,"glyphs":373,"chars":397,"src_px":10135,"dest_px":10135},"m":{"reps":45,"n":15,"min":86966,"med":87027,"max":87161,"mean":87052.7,"sd":60.0},"d":{"ns_iter":1933933,"ns_px":190.82},"q":{"cv":0.07,"spread":0.22,"mhz":360.0,"outliers":0,"flags":[]},"h":"16b7abd1"} @@2952ab29@@
@@BENCH-RAW@@ {"i":1,"s":[87119,87021,87027,87107,87013,87101,86988,86966,87020,86984,86992,87129,87161,87061,87101]} @@8e30129b@@
I (9286) bench: [2/71] c565.fast1.upright.psram.sync     1933933 ns/iter  190.82 ns/px  cv 0.07%
@@BENCH-CELL@@ {"t":"cell","i":2,"id":"c565.fast1.upright.psram.async2","g":"cube","ax":{"fmt":"565","font":"sky","size":9.0,"ratio":1.0000,"path":"blit/direct","orient":"upright","mem":"psram","rend":"async2","alpha":255,"halign":0,"corpus":0},"w":{"rows":23,"glyphs":373,"chars":397,"src_px":10135,"dest_px":10135},"m":{"reps":28,"n":15,"min":102021,"med":102275,"max":102341,"mean":102239.1,"sd":81.3},"d":{"ns_iter":3652678,"ns_px":360.40},"q":{"cv":0.08,"spread":0.31,"mhz":360.0,"outliers":0,"flags":[]},"h":"16b7abd1"} @@99810c9c@@
@@BENCH-RAW@@ {"i":2,"s":[102125,102021,102231,102280,102303,102133,102253,102341,102231,102275,102281,102246,102283,102305,102278]} @@281a371f@@
I (10856) bench: [3/71] c565.fast1.upright.psram.async2   3652678 ns/iter  360.40 ns/px  cv 0.08%
@@BENCH-CELL@@ {"t":"cell","i":3,"id":"c565.fast1.upright.sram.sync","g":"cube","ax":{"fmt":"565","font":"sky","size":9.0,"ratio":1.0000,"path":"blit/direct","orient":"upright","mem":"sram","rend":"sync","alpha":255,"halign":0,"corpus":0},"w":{"rows":23,"glyphs":373,"chars":397,"src_px":10135,"dest_px":10135},"m":{"reps":52,"n":15,"min":100426,"med":100477,"max":100632,"mean":100477.8,"sd":49.2},"d":{"ns_iter":1932250,"ns_px":190.65},"q":{"cv":0.05,"spread":0.21,"mhz":360.0,"outliers":0,"flags":[]},"h":"16b7abd1"} @@66d8cfa3@@
@@BENCH-RAW@@ {"i":3,"s":[100443,100632,100488,100439,100444,100524,100443,100487,100485,100426,100433,100493,100467,100486,100477]} @@afb215bb@@
I (12386) bench: [4/71] c565.fast1.upright.sram.sync      1932250 ns/iter  190.65 ns/px  cv 0.05%
@@BENCH-CELL@@ {"t":"cell","i":4,"id":"c565.fast1.upright.sram.async2","g":"cube","ax":{"fmt":"565","font":"sky","size":9.0,"ratio":1.0000,"path":"blit/direct","orient":"upright","mem":"sram","rend":"async2","alpha":255,"halign":0,"corpus":0},"w":{"rows":23,"glyphs":373,"chars":397,"src_px":10135,"dest_px":10135},"m":{"reps":31,"n":15,"min":112840,"med":113122,"max":113357,"mean":113116.5,"sd":149.0},"d":{"ns_iter":3649096,"ns_px":360.05},"q":{"cv":0.13,"spread":0.46,"mhz":360.0,"outliers":0,"flags":[]},"h":"16b7abd1"} @@db03add0@@
@@BENCH-RAW@@ {"i":4,"s":[112840,112921,112879,113029,113099,113342,113357,113122,113202,113161,113071,113172,113158,113107,113287]} @@8ba6ad2f@@
I (14126) bench: [5/71] c565.fast1.upright.sram.async2    3649096 ns/iter  360.05 ns/px  cv 0.13%
@@BENCH-CELL@@ {"t":"cell","i":5,"id":"c565.fast1.rotcw.psram.sync","g":"cube","ax":{"fmt":"565","font":"sky","size":9.0,"ratio":1.0000,"path":"blit/direct","orient":"rotcw","mem":"psram","rend":"sync","alpha":255,"halign":0,"corpus":0},"w":{"rows":23,"glyphs":373,"chars":397,"src_px":10135,"dest_px":10135},"m":{"reps":39,"n":15,"min":76294,"med":76551,"max":76749,"mean":76544.2,"sd":141.3},"d":{"ns_iter":1962846,"ns_px":193.67},"q":{"cv":0.18,"spread":0.59,"mhz":360.0,"outliers":0,"flags":[]},"h":"70d20c11"} @@beec05da@@
@@BENCH-RAW@@ {"i":5,"s":[76294,76332,76647,76539,76704,76414,76401,76404,76551,76650,76522,76670,76749,76712,76574]} @@99625dbb@@
I (15306) bench: [6/71] c565.fast1.rotcw.psram.sync       1962846 ns/iter  193.67 ns/px  cv 0.18%
@@BENCH-CELL@@ {"t":"cell","i":6,"id":"c565.fast1.rotcw.psram.async2","g":"cube","ax":{"fmt":"565","font":"sky","size":9.0,"ratio":1.0000,"path":"blit/direct","orient":"rotcw","mem":"psram","rend":"async2","alpha":255,"halign":0,"corpus":0},"w":{"rows":23,"glyphs":373,"chars":397,"src_px":10135,"dest_px":10135},"m":{"reps":26,"n":15,"min":97533,"med":97691,"max":97930,"mean":97725.0,"sd":96.7},"d":{"ns_iter":3757346,"ns_px":370.73},"q":{"cv":0.10,"spread":0.41,"mhz":360.0,"outliers":0,"flags":[]},"h":"70d20c11"} @@54a98ec6@@
@@BENCH-RAW@@ {"i":6,"s":[97682,97676,97691,97784,97802,97930,97757,97709,97859,97807,97605,97681,97676,97683,97533]} @@2e1b063a@@
I (16806) bench: [7/71] c565.fast1.rotcw.psram.async2     3757346 ns/iter  370.73 ns/px  cv 0.10%
@@BENCH-CELL@@ {"t":"cell","i":7,"id":"c565.fast1.rotcw.sram.sync","g":"cube","ax":{"fmt":"565","font":"sky","size":9.0,"ratio":1.0000,"path":"blit/direct","orient":"rotcw","mem":"sram","rend":"sync","alpha":255,"halign":0,"corpus":0},"w":{"rows":23,"glyphs":373,"chars":397,"src_px":10135,"dest_px":10135},"m":{"reps":51,"n":15,"min":99583,"med":99812,"max":100122,"mean":99808.5,"sd":143.5},"d":{"ns_iter":1957098,"ns_px":193.10},"q":{"cv":0.14,"spread":0.54,"mhz":360.0,"outliers":0,"flags":[]},"h":"70d20c11"} @@2e543fd9@@
@@BENCH-RAW@@ {"i":7,"s":[99694,99657,99680,99713,99779,99849,100122,99908,99859,99812,99641,99583,99958,99937,99936]} @@1876e2bb@@
I (18326) bench: [8/71] c565.fast1.rotcw.sram.sync        1957098 ns/iter  193.10 ns/px  cv 0.14%
@@BENCH-CELL@@ {"t":"cell","i":8,"id":"c565.fast1.rotcw.sram.async2","g":"cube","ax":{"fmt":"565","font":"sky","size":9.0,"ratio":1.0000,"path":"blit/direct","orient":"rotcw","mem":"sram","rend":"async2","alpha":255,"halign":0,"corpus":0},"w":{"rows":23,"glyphs":373,"chars":397,"src_px":10135,"dest_px":10135},"m":{"reps":30,"n":15,"min":111933,"med":112104,"max":112199,"mean":112095.1,"sd":72.5},"d":{"ns_iter":3736800,"ns_px":368.70},"q":{"cv":0.06,"spread":0.24,"mhz":360.0,"outliers":0,"flags":[]},"h":"70d20c11"} @@87681145@@
@@BENCH-RAW@@ {"i":8,"s":[111933,112027,112179,112199,112086,112055,112054,112147,112055,112104,112151,112176,112126,112139,111996]} @@9510b7e1@@
I (20046) bench: [9/71] c565.fast1.rotcw.sram.async2      3736800 ns/iter  368.70 ns/px  cv 0.06%
@@BENCH-CELL@@ {"t":"cell","i":9,"id":"c565.fast2.upright.psram.sync","g":"cube","ax":{"fmt":"565","font":"saira_regular","size":18.0,"ratio":1.0000,"path":"blit/alpha","orient":"upright","mem":"psram","rend":"sync","alpha":255,"halign":0,"corpus":0},"w":{"rows":12,"glyphs":161,"chars":175,"src_px":13512,"dest_px":13512},"m":{"reps":16,"n":15,"min":102080,"med":102082,"max":102123,"mean":102088.7,"sd":11.9},"d":{"ns_iter":6380125,"ns_px":472.18},"q":{"cv":0.01,"spread":0.04,"mhz":360.0,"outliers":0,"flags":[]},"h":"ecacce31"} @@c9fe343c@@
@@BENCH-RAW@@ {"i":9,"s":[102110,102123,102082,102080,102089,102083,102082,102081,102082,102096,102082,102088,102081,102082,102089]} @@99cca1af@@
I (21626) bench: [10/71] c565.fast2.upright.psram.sync     6380125 ns/iter  472.18 ns/px  cv 0.01%
@@BENCH-CELL@@ {"t":"cell","i":10,"id":"c565.fast2.upright.psram.async2","g":"cube","ax":{"fmt":"565","font":"saira_regular","size":18.0,"ratio":1.0000,"path":"blit/alpha","orient":"upright","mem":"psram","rend":"async2","alpha":255,"halign":0,"corpus":0},"w":{"rows":12,"glyphs":161,"chars":175,"src_px":13512,"dest_px":13512},"m":{"reps":22,"n":15,"min":94926,"med":94994,"max":95043,"mean":94989.9,"sd":36.7},"d":{"ns_iter":4317909,"ns_px":319.56},"q":{"cv":0.04,"spread":0.12,"mhz":360.0,"outliers":0,"flags":[]},"h":"ecacce31"} @@ff724446@@
@@BENCH-RAW@@ {"i":10,"s":[95000,94942,95027,94994,94949,95031,95043,94953,94972,95029,94926,94966,94995,94983,95038]} @@374e78eb@@
I (23096) bench: [11/71] c565.fast2.upright.psram.async2   4317909 ns/iter  319.56 ns/px  cv 0.04%
@@BENCH-CELL@@ {"t":"cell","i":11,"id":"c565.fast2.upright.sram.sync","g":"cube","ax":{"fmt":"565","font":"saira_regular","size":18.0,"ratio":1.0000,"path":"blit/alpha","orient":"upright","mem":"sram","rend":"sync","alpha":255,"halign":0,"corpus":0},"w":{"rows":12,"glyphs":161,"chars":175,"src_px":13512,"dest_px":13512},"m":{"reps":17,"n":15,"min":108533,"med":108547,"max":108578,"mean":108551.5,"sd":12.6},"d":{"ns_iter":6385117,"ns_px":472.55},"q":{"cv":0.01,"spread":0.04,"mhz":360.0,"outliers":0,"flags":[]},"h":"ecacce31"} @@da35dd94@@
@@BENCH-RAW@@ {"i":11,"s":[108543,108578,108533,108540,108545,108539,108551,108547,108553,108557,108568,108569,108546,108540,108564]} @@b583d16a@@
I (24766) bench: [12/71] c565.fast2.upright.sram.sync      6385117 ns/iter  472.55 ns/px  cv 0.01%
@@BENCH-CELL@@ {"t":"cell","i":12,"id":"c565.fast2.upright.sram.async2","g":"cube","ax":{"fmt":"565","font":"saira_regular","size":18.0,"ratio":1.0000,"path":"blit/alpha","orient":"upright","mem":"sram","rend":"async2","alpha":255,"halign":0,"corpus":0},"w":{"rows":12,"glyphs":161,"chars":175,"src_px":13512,"dest_px":13512},"m":{"reps":24,"n":15,"min":103641,"med":103709,"max":103775,"mean":103709.6,"sd":43.2},"d":{"ns_iter":4321208,"ns_px":319.81},"q":{"cv":0.04,"spread":0.13,"mhz":360.0,"outliers":0,"flags":[]},"h":"ecacce31"} @@70ae160a@@
@@BENCH-RAW@@ {"i":12,"s":[103709,103710,103728,103775,103696,103770,103770,103659,103743,103646,103705,103742,103679,103641,103671]} @@e3edca60@@
I (26356) bench: [13/71] c565.fast2.upright.sram.async2    4321208 ns/iter  319.81 ns/px  cv 0.04%
@@BENCH-CELL@@ {"t":"cell","i":13,"id":"c565.fast2.rotcw.psram.sync","g":"cube","ax":{"fmt":"565","font":"saira_regular","size":18.0,"ratio":1.0000,"path":"blit/alpha","orient":"rotcw","mem":"psram","rend":"sync","alpha":255,"halign":0,"corpus":0},"w":{"rows":12,"glyphs":161,"chars":175,"src_px":13512,"dest_px":13512},"m":{"reps":15,"n":15,"min":96291,"med":96363,"max":96441,"mean":96353.9,"sd":38.8},"d":{"ns_iter":6424200,"ns_px":475.44},"q":{"cv":0.04,"spread":0.16,"mhz":360.0,"outliers":0,"flags":[]},"h":"70889db9"} @@0e608a6c@@
@@BENCH-RAW@@ {"i":13,"s":[96441,96370,96339,96291,96314,96378,96363,96373,96368,96381,96405,96327,96315,96328,96315]} @@be0355d0@@
I (27856) bench: [14/71] c565.fast2.rotcw.psram.sync       6424200 ns/iter  475.44 ns/px  cv 0.04%
@@BENCH-CELL@@ {"t":"cell","i":14,"id":"c565.fast2.rotcw.psram.async2","g":"cube","ax":{"fmt":"565","font":"saira_regular","size":18.0,"ratio":1.0000,"path":"blit/alpha","orient":"rotcw","mem":"psram","rend":"async2","alpha":255,"halign":0,"corpus":0},"w":{"rows":12,"glyphs":161,"chars":175,"src_px":13512,"dest_px":13512},"m":{"reps":20,"n":15,"min":92882,"med":92944,"max":93125,"mean":92949.7,"sd":57.0},"d":{"ns_iter":4647200,"ns_px":343.93},"q":{"cv":0.06,"spread":0.26,"mhz":360.0,"outliers":0,"flags":[]},"h":"70889db9"} @@bafa3019@@
@@BENCH-RAW@@ {"i":14,"s":[92944,92882,92927,92887,92946,92929,93125,92988,92978,92933,92898,92909,92968,92945,92986]} @@2fe236a8@@
I (29286) bench: [15/71] c565.fast2.rotcw.psram.async2     4647200 ns/iter  343.93 ns/px  cv 0.06%
@@BENCH-CELL@@ {"t":"cell","i":15,"id":"c565.fast2.rotcw.sram.sync","g":"cube","ax":{"fmt":"565","font":"saira_regular","size":18.0,"ratio":1.0000,"path":"blit/alpha","orient":"rotcw","mem":"sram","rend":"sync","alpha":255,"halign":0,"corpus":0},"w":{"rows":12,"glyphs":161,"chars":175,"src_px":13512,"dest_px":13512},"m":{"reps":17,"n":15,"min":108954,"med":109009,"max":109041,"mean":109010.7,"sd":23.8},"d":{"ns_iter":6412294,"ns_px":474.56},"q":{"cv":0.02,"spread":0.08,"mhz":360.0,"outliers":0,"flags":[]},"h":"70889db9"} @@3cc8fcfa@@
@@BENCH-RAW@@ {"i":15,"s":[109000,109040,109005,109001,109009,109004,109009,109005,109016,109031,109037,109041,109036,108954,108973]} @@1b127a96@@
I (30976) bench: [16/71] c565.fast2.rotcw.sram.sync        6412294 ns/iter  474.56 ns/px  cv 0.02%
@@BENCH-CELL@@ {"t":"cell","i":16,"id":"c565.fast2.rotcw.sram.async2","g":"cube","ax":{"fmt":"565","font":"saira_regular","size":18.0,"ratio":1.0000,"path":"blit/alpha","orient":"rotcw","mem":"sram","rend":"async2","alpha":255,"halign":0,"corpus":0},"w":{"rows":12,"glyphs":161,"chars":175,"src_px":13512,"dest_px":13512},"m":{"reps":23,"n":15,"min":105028,"med":105080,"max":105213,"mean":105088.8,"sd":44.7},"d":{"ns_iter":4568695,"ns_px":338.12},"q":{"cv":0.04,"spread":0.18,"mhz":360.0,"outliers":0,"flags":[]},"h":"70889db9"} @@9a225a0c@@
@@BENCH-RAW@@ {"i":16,"s":[105085,105059,105141,105072,105097,105213,105028,105061,105056,105059,105141,105094,105093,105053,105080]} @@90e039a9@@
I (32586) bench: [17/71] c565.fast2.rotcw.sram.async2      4568695 ns/iter  338.12 ns/px  cv 0.04%
@@BENCH-CELL@@ {"t":"cell","i":17,"id":"c565.shader.upright.psram.sync","g":"cube","ax":{"fmt":"565","font":"saira_regular","size":27.0,"ratio":1.5000,"path":"shader/aa","orient":"upright","mem":"psram","rend":"sync","alpha":255,"halign":0,"corpus":0},"w":{"rows":8,"glyphs":92,"chars":100,"src_px":7701,"dest_px":18002},"m":{"reps":1,"n":12,"min":134792,"med":134851,"max":134950,"mean":134849.8,"sd":36.1},"d":{"ns_iter":134851000,"ns_px":7490.89},"q":{"cv":0.03,"spread":0.12,"mhz":360.0,"outliers":0,"flags":[]},"h":"f8db19ed"} @@72df9a07@@
@@BENCH-RAW@@ {"i":17,"s":[134815,134792,134845,134851,134950,134834,134858,134831,134867,134851,134846,134858]} @@5646a878@@
I (34766) bench: [18/71] c565.shader.upright.psram.sync   134851000 ns/iter  7490.89 ns/px  cv 0.03%
@@BENCH-CELL@@ {"t":"cell","i":18,"id":"c565.shader.upright.psram.async2","g":"cube","ax":{"fmt":"565","font":"saira_regular","size":27.0,"ratio":1.5000,"path":"shader/aa","orient":"upright","mem":"psram","rend":"async2","alpha":255,"halign":0,"corpus":0},"w":{"rows":8,"glyphs":92,"chars":100,"src_px":7701,"dest_px":18002},"m":{"reps":2,"n":12,"min":137779,"med":137850,"max":138033,"mean":137875.9,"sd":93.2},"d":{"ns_iter":68925000,"ns_px":3828.74},"q":{"cv":0.07,"spread":0.18,"mhz":360.0,"outliers":0,"flags":[]},"h":"f8db19ed"} @@95d707f8@@
@@BENCH-RAW@@ {"i":18,"s":[137850,137869,137987,137996,137989,138033,137839,137810,137797,137782,137779,137780]} @@9d40ec01@@
I (36726) bench: [19/71] c565.shader.upright.psram.async2 68925000 ns/iter  3828.74 ns/px  cv 0.07%
@@BENCH-CELL@@ {"t":"cell","i":19,"id":"c565.shader.upright.sram.sync","g":"cube","ax":{"fmt":"565","font":"saira_regular","size":27.0,"ratio":1.5000,"path":"shader/aa","orient":"upright","mem":"sram","rend":"sync","alpha":255,"halign":0,"corpus":0},"w":{"rows":8,"glyphs":92,"chars":100,"src_px":7701,"dest_px":18002},"m":{"reps":1,"n":12,"min":134492,"med":134542,"max":134677,"mean":134566.9,"sd":62.4},"d":{"ns_iter":134542000,"ns_px":7473.73},"q":{"cv":0.05,"spread":0.14,"mhz":360.0,"outliers":0,"flags":[]},"h":"f8db19ed"} @@94dbb407@@
@@BENCH-RAW@@ {"i":19,"s":[134492,134504,134583,134523,134542,134532,134521,134513,134619,134652,134677,134645]} @@60e83b5c@@
I (38896) bench: [20/71] c565.shader.upright.sram.sync    134542000 ns/iter  7473.73 ns/px  cv 0.05%
@@BENCH-CELL@@ {"t":"cell","i":20,"id":"c565.shader.upright.sram.async2","g":"cube","ax":{"fmt":"565","font":"saira_regular","size":27.0,"ratio":1.5000,"path":"shader/aa","orient":"upright","mem":"sram","rend":"async2","alpha":255,"halign":0,"corpus":0},"w":{"rows":8,"glyphs":92,"chars":100,"src_px":7701,"dest_px":18002},"m":{"reps":2,"n":12,"min":137706,"med":137835,"max":137893,"mean":137831.0,"sd":53.7},"d":{"ns_iter":68917500,"ns_px":3828.32},"q":{"cv":0.04,"spread":0.14,"mhz":360.0,"outliers":0,"flags":[]},"h":"f8db19ed"} @@a6dc4e6c@@
@@BENCH-RAW@@ {"i":20,"s":[137762,137706,137840,137816,137885,137887,137893,137886,137835,137799,137832,137831]} @@26812216@@
I (40846) bench: [21/71] c565.shader.upright.sram.async2  68917500 ns/iter  3828.32 ns/px  cv 0.04%
@@BENCH-CELL@@ {"t":"cell","i":21,"id":"c565.shader.rotcw.psram.sync","g":"cube","ax":{"fmt":"565","font":"saira_regular","size":27.0,"ratio":1.5000,"path":"shader/aa","orient":"rotcw","mem":"psram","rend":"sync","alpha":255,"halign":0,"corpus":0},"w":{"rows":8,"glyphs":92,"chars":100,"src_px":7701,"dest_px":18002},"m":{"reps":1,"n":13,"min":129454,"med":129481,"max":129597,"mean":129492.8,"sd":35.5},"d":{"ns_iter":129481000,"ns_px":7192.59},"q":{"cv":0.03,"spread":0.11,"mhz":360.0,"outliers":0,"flags":[]},"h":"796ae951"} @@9e1bac1d@@
@@BENCH-RAW@@ {"i":21,"s":[129465,129491,129454,129474,129516,129516,129481,129508,129491,129466,129470,129478,129597]} @@4660d98b@@
I (43076) bench: [22/71] c565.shader.rotcw.psram.sync     129481000 ns/iter  7192.59 ns/px  cv 0.03%
@@BENCH-CELL@@ {"t":"cell","i":22,"id":"c565.shader.rotcw.psram.async2","g":"cube","ax":{"fmt":"565","font":"saira_regular","size":27.0,"ratio":1.5000,"path":"shader/aa","orient":"rotcw","mem":"psram","rend":"async2","alpha":255,"halign":0,"corpus":0},"w":{"rows":8,"glyphs":92,"chars":100,"src_px":7701,"dest_px":18002},"m":{"reps":2,"n":12,"min":136625,"med":136657,"max":136743,"mean":136659.7,"sd":30.6},"d":{"ns_iter":68328500,"ns_px":3795.61},"q":{"cv":0.02,"spread":0.09,"mhz":360.0,"outliers":0,"flags":[]},"h":"796ae951"} @@470e1a6e@@
@@BENCH-RAW@@ {"i":22,"s":[136625,136657,136650,136660,136663,136743,136692,136640,136631,136646,136639,136670]} @@38b1c51e@@
I (45016) bench: [23/71] c565.shader.rotcw.psram.async2   68328500 ns/iter  3795.61 ns/px  cv 0.02%
@@BENCH-CELL@@ {"t":"cell","i":23,"id":"c565.shader.rotcw.sram.sync","g":"cube","ax":{"fmt":"565","font":"saira_regular","size":27.0,"ratio":1.5000,"path":"shader/aa","orient":"rotcw","mem":"sram","rend":"sync","alpha":255,"halign":0,"corpus":0},"w":{"rows":8,"glyphs":92,"chars":100,"src_px":7701,"dest_px":18002},"m":{"reps":1,"n":13,"min":129222,"med":129236,"max":129261,"mean":129241.4,"sd":14.3},"d":{"ns_iter":129236000,"ns_px":7178.98},"q":{"cv":0.01,"spread":0.03,"mhz":360.0,"outliers":0,"flags":[]},"h":"796ae951"} @@3ec7da99@@
@@BENCH-RAW@@ {"i":23,"s":[129259,129259,129254,129226,129222,129225,129236,129234,129261,129242,129258,129227,129235]} @@65ec3c7c@@
I (47226) bench: [24/71] c565.shader.rotcw.sram.sync      129236000 ns/iter  7178.98 ns/px  cv 0.01%
@@BENCH-CELL@@ {"t":"cell","i":24,"id":"c565.shader.rotcw.sram.async2","g":"cube","ax":{"fmt":"565","font":"saira_regular","size":27.0,"ratio":1.5000,"path":"shader/aa","orient":"rotcw","mem":"sram","rend":"async2","alpha":255,"halign":0,"corpus":0},"w":{"rows":8,"glyphs":92,"chars":100,"src_px":7701,"dest_px":18002},"m":{"reps":2,"n":12,"min":135894,"med":136061,"max":136146,"mean":136045.1,"sd":80.5},"d":{"ns_iter":68030500,"ns_px":3779.05},"q":{"cv":0.06,"spread":0.19,"mhz":360.0,"outliers":0,"flags":[]},"h":"796ae951"} @@d0963fc5@@
@@BENCH-RAW@@ {"i":24,"s":[136121,135968,135906,135894,136037,136068,136113,136055,136037,136061,136135,136146]} @@59c3b373@@
I (49156) bench: [25/71] c565.shader.rotcw.sram.async2    68030500 ns/iter  3779.05 ns/px  cv 0.06%
@@BENCH-CELL@@ {"t":"cell","i":25,"id":"c888.fast1.upright.psram.sync","g":"cube","ax":{"fmt":"888","font":"sky","size":9.0,"ratio":1.0000,"path":"blit/direct","orient":"upright","mem":"psram","rend":"sync","alpha":255,"halign":0,"corpus":0},"w":{"rows":23,"glyphs":373,"chars":397,"src_px":10135,"dest_px":10135},"m":{"reps":41,"n":15,"min":84244,"med":84347,"max":84454,"mean":84345.3,"sd":65.0},"d":{"ns_iter":2057243,"ns_px":202.98},"q":{"cv":0.08,"spread":0.25,"mhz":360.0,"outliers":0,"flags":[]},"h":"601bd481"} @@bde8157a@@
@@BENCH-RAW@@ {"i":25,"s":[84412,84454,84381,84325,84359,84347,84296,84244,84250,84328,84258,84297,84392,84405,84432]} @@7f644de9@@
I (50456) bench: [26/71] c888.fast1.upright.psram.sync     2057243 ns/iter  202.98 ns/px  cv 0.08%
@@BENCH-CELL@@ {"t":"cell","i":26,"id":"c888.fast1.upright.psram.async2","g":"cube","ax":{"fmt":"888","font":"sky","size":9.0,"ratio":1.0000,"path":"blit/direct","orient":"upright","mem":"psram","rend":"async2","alpha":255,"halign":0,"corpus":0},"w":{"rows":23,"glyphs":373,"chars":397,"src_px":10135,"dest_px":10135},"m":{"reps":27,"n":15,"min":99951,"med":100130,"max":100297,"mean":100140.3,"sd":76.5},"d":{"ns_iter":3708518,"ns_px":365.91},"q":{"cv":0.08,"spread":0.35,"mhz":360.0,"outliers":0,"flags":[]},"h":"601bd481"} @@735479d1@@
@@BENCH-RAW@@ {"i":26,"s":[100093,100183,100116,100104,100078,100130,100125,99951,100194,100210,100297,100097,100174,100220,100133]} @@b0d9c3a7@@
I (52006) bench: [27/71] c888.fast1.upright.psram.async2   3708518 ns/iter  365.91 ns/px  cv 0.08%
@@BENCH-CELL@@ {"t":"cell","i":27,"id":"c888.fast1.upright.sram.sync","g":"cube","ax":{"fmt":"888","font":"sky","size":9.0,"ratio":1.0000,"path":"blit/direct","orient":"upright","mem":"sram","rend":"sync","alpha":255,"halign":0,"corpus":0},"w":{"rows":23,"glyphs":373,"chars":397,"src_px":10135,"dest_px":10135},"m":{"reps":49,"n":15,"min":100934,"med":101005,"max":101171,"mean":101015.2,"sd":68.8},"d":{"ns_iter":2061326,"ns_px":203.39},"q":{"cv":0.07,"spread":0.23,"mhz":360.0,"outliers":0,"flags":[]},"h":"601bd481"} @@14a7c8be@@
@@BENCH-RAW@@ {"i":27,"s":[101005,101171,101017,100979,100961,100960,100985,100934,101013,101025,101092,101021,100973,101151,100941]} @@17c7a04f@@
I (53546) bench: [28/71] c888.fast1.upright.sram.sync      2061326 ns/iter  203.39 ns/px  cv 0.07%
@@BENCH-CELL@@ {"t":"cell","i":28,"id":"c888.fast1.upright.sram.async2","g":"cube","ax":{"fmt":"888","font":"sky","size":9.0,"ratio":1.0000,"path":"blit/direct","orient":"upright","mem":"sram","rend":"async2","alpha":255,"halign":0,"corpus":0},"w":{"rows":23,"glyphs":373,"chars":397,"src_px":10135,"dest_px":10135},"m":{"reps":30,"n":15,"min":111087,"med":111255,"max":111338,"mean":111237.7,"sd":65.4},"d":{"ns_iter":3708500,"ns_px":365.91},"q":{"cv":0.06,"spread":0.23,"mhz":360.0,"outliers":0,"flags":[]},"h":"601bd481"} @@0d03c112@@
@@BENCH-RAW@@ {"i":28,"s":[111087,111131,111191,111246,111280,111296,111338,111291,111255,111300,111257,111194,111187,111253,111259]} @@dde94ad6@@
I (55256) bench: [29/71] c888.fast1.upright.sram.async2    3708500 ns/iter  365.91 ns/px  cv 0.06%
@@BENCH-CELL@@ {"t":"cell","i":29,"id":"c888.fast1.rotcw.psram.sync","g":"cube","ax":{"fmt":"888","font":"sky","size":9.0,"ratio":1.0000,"path":"blit/direct","orient":"rotcw","mem":"psram","rend":"sync","alpha":255,"halign":0,"corpus":0},"w":{"rows":23,"glyphs":373,"chars":397,"src_px":10135,"dest_px":10135},"m":{"reps":35,"n":15,"min":81503,"med":81744,"max":81896,"mean":81709.9,"sd":118.3},"d":{"ns_iter":2335542,"ns_px":230.44},"q":{"cv":0.14,"spread":0.48,"mhz":360.0,"outliers":0,"flags":[]},"h":"333c04c9"} @@66006983@@
@@BENCH-RAW@@ {"i":29,"s":[81503,81550,81552,81583,81830,81761,81653,81678,81770,81674,81845,81744,81896,81771,81839]} @@e432dc2d@@
I (56516) bench: [30/71] c888.fast1.rotcw.psram.sync       2335542 ns/iter  230.44 ns/px  cv 0.14%
@@BENCH-CELL@@ {"t":"cell","i":30,"id":"c888.fast1.rotcw.psram.async2","g":"cube","ax":{"fmt":"888","font":"sky","size":9.0,"ratio":1.0000,"path":"blit/direct","orient":"rotcw","mem":"psram","rend":"async2","alpha":255,"halign":0,"corpus":0},"w":{"rows":23,"glyphs":373,"chars":397,"src_px":10135,"dest_px":10135},"m":{"reps":25,"n":15,"min":100612,"med":100759,"max":101054,"mean":100788.7,"sd":114.9},"d":{"ns_iter":4030360,"ns_px":397.67},"q":{"cv":0.11,"spread":0.44,"mhz":360.0,"outliers":0,"flags":[]},"h":"333c04c9"} @@56658c75@@
@@BENCH-RAW@@ {"i":30,"s":[100684,100823,100646,100759,100853,100735,100671,100796,100835,100612,100934,101054,100918,100751,100759]} @@7f94e563@@
I (58076) bench: [31/71] c888.fast1.rotcw.psram.async2     4030360 ns/iter  397.67 ns/px  cv 0.11%
@@BENCH-CELL@@ {"t":"cell","i":31,"id":"c888.fast1.rotcw.sram.sync","g":"cube","ax":{"fmt":"888","font":"sky","size":9.0,"ratio":1.0000,"path":"blit/direct","orient":"rotcw","mem":"sram","rend":"sync","alpha":255,"halign":0,"corpus":0},"w":{"rows":23,"glyphs":373,"chars":397,"src_px":10135,"dest_px":10135},"m":{"reps":49,"n":15,"min":101852,"med":101956,"max":102245,"mean":101987.3,"sd":119.7},"d":{"ns_iter":2080734,"ns_px":205.30},"q":{"cv":0.12,"spread":0.39,"mhz":360.0,"outliers":0,"flags":[]},"h":"333c04c9"} @@543d43c5@@
@@BENCH-RAW@@ {"i":31,"s":[102245,102100,101883,102037,102120,101852,101986,102166,102018,101956,101879,101856,101863,101917,101931]} @@bb010b0d@@
I (59636) bench: [32/71] c888.fast1.rotcw.sram.sync        2080734 ns/iter  205.30 ns/px  cv 0.12%
@@BENCH-CELL@@ {"t":"cell","i":32,"id":"c888.fast1.rotcw.sram.async2","g":"cube","ax":{"fmt":"888","font":"sky","size":9.0,"ratio":1.0000,"path":"blit/direct","orient":"rotcw","mem":"sram","rend":"async2","alpha":255,"halign":0,"corpus":0},"w":{"rows":23,"glyphs":373,"chars":397,"src_px":10135,"dest_px":10135},"m":{"reps":30,"n":15,"min":113773,"med":113915,"max":114163,"mean":113926.5,"sd":100.8},"d":{"ns_iter":3797166,"ns_px":374.66},"q":{"cv":0.09,"spread":0.34,"mhz":360.0,"outliers":0,"flags":[]},"h":"333c04c9"} @@ca39f6bf@@
@@BENCH-RAW@@ {"i":32,"s":[113894,113827,113949,114009,113851,113915,114163,113819,113834,113773,114073,113963,113996,113937,113895]} @@d13b6c45@@
I (61376) bench: [33/71] c888.fast1.rotcw.sram.async2      3797166 ns/iter  374.66 ns/px  cv 0.09%
@@BENCH-CELL@@ {"t":"cell","i":33,"id":"c888.fast2.upright.psram.sync","g":"cube","ax":{"fmt":"888","font":"saira_regular","size":18.0,"ratio":1.0000,"path":"blit/alpha","orient":"upright","mem":"psram","rend":"sync","alpha":255,"halign":0,"corpus":0},"w":{"rows":12,"glyphs":161,"chars":175,"src_px":13512,"dest_px":13512},"m":{"reps":16,"n":15,"min":96807,"med":96831,"max":96887,"mean":96834.5,"sd":22.6},"d":{"ns_iter":6051937,"ns_px":447.89},"q":{"cv":0.02,"spread":0.08,"mhz":360.0,"outliers":0,"flags":[]},"h":"34ac5a26"} @@5cb3c21c@@
@@BENCH-RAW@@ {"i":33,"s":[96868,96873,96823,96836,96809,96820,96823,96833,96831,96887,96833,96826,96831,96807,96817]} @@affb7b21@@
I (62886) bench: [34/71] c888.fast2.upright.psram.sync     6051937 ns/iter  447.89 ns/px  cv 0.02%
@@BENCH-CELL@@ {"t":"cell","i":34,"id":"c888.fast2.upright.psram.async2","g":"cube","ax":{"fmt":"888","font":"saira_regular","size":18.0,"ratio":1.0000,"path":"blit/alpha","orient":"upright","mem":"psram","rend":"async2","alpha":255,"halign":0,"corpus":0},"w":{"rows":12,"glyphs":161,"chars":175,"src_px":13512,"dest_px":13512},"m":{"reps":22,"n":15,"min":91730,"med":91827,"max":91967,"mean":91829.7,"sd":55.3},"d":{"ns_iter":4173954,"ns_px":308.91},"q":{"cv":0.06,"spread":0.26,"mhz":360.0,"outliers":0,"flags":[]},"h":"34ac5a26"} @@7a5dba14@@
@@BENCH-RAW@@ {"i":34,"s":[91967,91827,91853,91867,91829,91887,91809,91791,91766,91730,91846,91809,91770,91824,91870]} @@aed3db1a@@
I (64306) bench: [35/71] c888.fast2.upright.psram.async2   4173954 ns/iter  308.91 ns/px  cv 0.06%
@@BENCH-CELL@@ {"t":"cell","i":35,"id":"c888.fast2.upright.sram.sync","g":"cube","ax":{"fmt":"888","font":"saira_regular","size":18.0,"ratio":1.0000,"path":"blit/alpha","orient":"upright","mem":"sram","rend":"sync","alpha":255,"halign":0,"corpus":0},"w":{"rows":12,"glyphs":161,"chars":175,"src_px":13512,"dest_px":13512},"m":{"reps":18,"n":15,"min":108933,"med":108942,"max":108963,"mean":108943.6,"sd":8.6},"d":{"ns_iter":6052333,"ns_px":447.92},"q":{"cv":0.01,"spread":0.03,"mhz":360.0,"outliers":0,"flags":[]},"h":"34ac5a26"} @@99cf1544@@
@@BENCH-RAW@@ {"i":35,"s":[108962,108944,108938,108942,108936,108943,108938,108947,108937,108933,108950,108942,108936,108943,108963]} @@71b14c5a@@
I (65986) bench: [36/71] c888.fast2.upright.sram.sync      6052333 ns/iter  447.92 ns/px  cv 0.01%
@@BENCH-CELL@@ {"t":"cell","i":36,"id":"c888.fast2.upright.sram.async2","g":"cube","ax":{"fmt":"888","font":"saira_regular","size":18.0,"ratio":1.0000,"path":"blit/alpha","orient":"upright","mem":"sram","rend":"async2","alpha":255,"halign":0,"corpus":0},"w":{"rows":12,"glyphs":161,"chars":175,"src_px":13512,"dest_px":13512},"m":{"reps":25,"n":15,"min":104227,"med":104313,"max":104448,"mean":104330.7,"sd":56.6},"d":{"ns_iter":4172520,"ns_px":308.80},"q":{"cv":0.05,"spread":0.21,"mhz":360.0,"outliers":0,"flags":[]},"h":"34ac5a26"} @@6a9f1d42@@
@@BENCH-RAW@@ {"i":36,"s":[104330,104302,104227,104313,104425,104306,104312,104295,104396,104335,104344,104267,104367,104293,104448]} @@26e42885@@
I (67596) bench: [37/71] c888.fast2.upright.sram.async2    4172520 ns/iter  308.80 ns/px  cv 0.05%
@@BENCH-CELL@@ {"t":"cell","i":37,"id":"c888.fast2.rotcw.psram.sync","g":"cube","ax":{"fmt":"888","font":"saira_regular","size":18.0,"ratio":1.0000,"path":"blit/alpha","orient":"rotcw","mem":"psram","rend":"sync","alpha":255,"halign":0,"corpus":0},"w":{"rows":12,"glyphs":161,"chars":175,"src_px":13512,"dest_px":13512},"m":{"reps":16,"n":15,"min":101388,"med":101468,"max":101636,"mean":101477.2,"sd":52.3},"d":{"ns_iter":6341750,"ns_px":469.34},"q":{"cv":0.05,"spread":0.24,"mhz":360.0,"outliers":0,"flags":[]},"h":"de65743c"} @@9ce6ef8d@@
@@BENCH-RAW@@ {"i":37,"s":[101464,101492,101451,101442,101476,101448,101388,101512,101506,101636,101468,101449,101472,101507,101447]} @@5aee34d7@@
I (69166) bench: [38/71] c888.fast2.rotcw.psram.sync       6341750 ns/iter  469.34 ns/px  cv 0.05%
@@BENCH-CELL@@ {"t":"cell","i":38,"id":"c888.fast2.rotcw.psram.async2","g":"cube","ax":{"fmt":"888","font":"saira_regular","size":18.0,"ratio":1.0000,"path":"blit/alpha","orient":"rotcw","mem":"psram","rend":"async2","alpha":255,"halign":0,"corpus":0},"w":{"rows":12,"glyphs":161,"chars":175,"src_px":13512,"dest_px":13512},"m":{"reps":20,"n":15,"min":95149,"med":95250,"max":95393,"mean":95266.8,"sd":69.0},"d":{"ns_iter":4762500,"ns_px":352.46},"q":{"cv":0.07,"spread":0.26,"mhz":360.0,"outliers":0,"flags":[]},"h":"de65743c"} @@5e736006@@
@@BENCH-RAW@@ {"i":38,"s":[95250,95280,95318,95371,95355,95303,95191,95249,95149,95393,95272,95195,95242,95188,95246]} @@eeeaf528@@
I (70646) bench: [39/71] c888.fast2.rotcw.psram.async2     4762500 ns/iter  352.46 ns/px  cv 0.07%
@@BENCH-CELL@@ {"t":"cell","i":39,"id":"c888.fast2.rotcw.sram.sync","g":"cube","ax":{"fmt":"888","font":"saira_regular","size":18.0,"ratio":1.0000,"path":"blit/alpha","orient":"rotcw","mem":"sram","rend":"sync","alpha":255,"halign":0,"corpus":0},"w":{"rows":12,"glyphs":161,"chars":175,"src_px":13512,"dest_px":13512},"m":{"reps":18,"n":15,"min":109459,"med":109469,"max":109507,"mean":109472.7,"sd":12.3},"d":{"ns_iter":6081611,"ns_px":450.09},"q":{"cv":0.01,"spread":0.04,"mhz":360.0,"outliers":0,"flags":[]},"h":"de65743c"} @@a7d40f9f@@
@@BENCH-RAW@@ {"i":39,"s":[109459,109466,109459,109466,109466,109477,109492,109469,109507,109469,109473,109467,109473,109481,109466]} @@cbc34cfe@@
I (72336) bench: [40/71] c888.fast2.rotcw.sram.sync        6081611 ns/iter  450.09 ns/px  cv 0.01%
@@BENCH-CELL@@ {"t":"cell","i":40,"id":"c888.fast2.rotcw.sram.async2","g":"cube","ax":{"fmt":"888","font":"saira_regular","size":18.0,"ratio":1.0000,"path":"blit/alpha","orient":"rotcw","mem":"sram","rend":"async2","alpha":255,"halign":0,"corpus":0},"w":{"rows":12,"glyphs":161,"chars":175,"src_px":13512,"dest_px":13512},"m":{"reps":24,"n":15,"min":105956,"med":106031,"max":106134,"mean":106034.4,"sd":45.4},"d":{"ns_iter":4417958,"ns_px":326.97},"q":{"cv":0.04,"spread":0.17,"mhz":360.0,"outliers":0,"flags":[]},"h":"de65743c"} @@72bf0518@@
@@BENCH-RAW@@ {"i":40,"s":[106072,106134,106071,105956,105999,106006,106037,106031,106069,105957,106016,106030,106064,106009,106065]} @@873920e7@@
I (73966) bench: [41/71] c888.fast2.rotcw.sram.async2      4417958 ns/iter  326.97 ns/px  cv 0.04%
@@BENCH-CELL@@ {"t":"cell","i":41,"id":"c888.shader.upright.psram.sync","g":"cube","ax":{"fmt":"888","font":"saira_regular","size":27.0,"ratio":1.5000,"path":"shader/aa","orient":"upright","mem":"psram","rend":"sync","alpha":255,"halign":0,"corpus":0},"w":{"rows":8,"glyphs":92,"chars":100,"src_px":7701,"dest_px":18002},"m":{"reps":1,"n":12,"min":133825,"med":133852,"max":133962,"mean":133870.7,"sd":45.4},"d":{"ns_iter":133852000,"ns_px":7435.40},"q":{"cv":0.03,"spread":0.10,"mhz":360.0,"outliers":0,"flags":[]},"h":"839de335"} @@c8227a66@@
@@BENCH-RAW@@ {"i":41,"s":[133825,133860,133962,133829,133834,133829,133845,133849,133907,133924,133932,133852]} @@e7309c36@@
I (76136) bench: [42/71] c888.shader.upright.psram.sync   133852000 ns/iter  7435.40 ns/px  cv 0.03%
@@BENCH-CELL@@ {"t":"cell","i":42,"id":"c888.shader.upright.psram.async2","g":"cube","ax":{"fmt":"888","font":"saira_regular","size":27.0,"ratio":1.5000,"path":"shader/aa","orient":"upright","mem":"psram","rend":"async2","alpha":255,"halign":0,"corpus":0},"w":{"rows":8,"glyphs":92,"chars":100,"src_px":7701,"dest_px":18002},"m":{"reps":2,"n":12,"min":137114,"med":137238,"max":137417,"mean":137236.6,"sd":78.9},"d":{"ns_iter":68619000,"ns_px":3811.74},"q":{"cv":0.06,"spread":0.22,"mhz":360.0,"outliers":0,"flags":[]},"h":"839de335"} @@5772b4e3@@
@@BENCH-RAW@@ {"i":42,"s":[137329,137114,137160,137163,137417,137199,137253,137302,137238,137219,137239,137206]} @@3eb4196f@@
I (78086) bench: [43/71] c888.shader.upright.psram.async2 68619000 ns/iter  3811.74 ns/px  cv 0.06%
@@BENCH-CELL@@ {"t":"cell","i":43,"id":"c888.shader.upright.sram.sync","g":"cube","ax":{"fmt":"888","font":"saira_regular","size":27.0,"ratio":1.5000,"path":"shader/aa","orient":"upright","mem":"sram","rend":"sync","alpha":255,"halign":0,"corpus":0},"w":{"rows":8,"glyphs":92,"chars":100,"src_px":7701,"dest_px":18002},"m":{"reps":1,"n":12,"min":133791,"med":133818,"max":134079,"mean":133834.4,"sd":75.0},"d":{"ns_iter":133818000,"ns_px":7433.51},"q":{"cv":0.06,"spread":0.22,"mhz":360.0,"outliers":0,"flags":[]},"h":"839de335"} @@dc5e6ea2@@
@@BENCH-RAW@@ {"i":43,"s":[134079,133791,133807,133820,133820,133804,133845,133807,133796,133818,133805,133821]} @@3f3e7e45@@
I (80256) bench: [44/71] c888.shader.upright.sram.sync    133818000 ns/iter  7433.51 ns/px  cv 0.06%
@@BENCH-CELL@@ {"t":"cell","i":44,"id":"c888.shader.upright.sram.async2","g":"cube","ax":{"fmt":"888","font":"saira_regular","size":27.0,"ratio":1.5000,"path":"shader/aa","orient":"upright","mem":"sram","rend":"async2","alpha":255,"halign":0,"corpus":0},"w":{"rows":8,"glyphs":92,"chars":100,"src_px":7701,"dest_px":18002},"m":{"reps":2,"n":12,"min":136989,"med":137071,"max":137147,"mean":137069.3,"sd":51.3},"d":{"ns_iter":68535500,"ns_px":3807.10},"q":{"cv":0.04,"spread":0.12,"mhz":360.0,"outliers":0,"flags":[]},"h":"839de335"} @@87d213c3@@
@@BENCH-RAW@@ {"i":44,"s":[137056,137147,137071,137007,136989,137029,137054,137017,137132,137102,137087,137141]} @@3f840bb6@@
I (82196) bench: [45/71] c888.shader.upright.sram.async2  68535500 ns/iter  3807.10 ns/px  cv 0.04%
@@BENCH-CELL@@ {"t":"cell","i":45,"id":"c888.shader.rotcw.psram.sync","g":"cube","ax":{"fmt":"888","font":"saira_regular","size":27.0,"ratio":1.5000,"path":"shader/aa","orient":"rotcw","mem":"psram","rend":"sync","alpha":255,"halign":0,"corpus":0},"w":{"rows":8,"glyphs":92,"chars":100,"src_px":7701,"dest_px":18002},"m":{"reps":1,"n":13,"min":128768,"med":128805,"max":129032,"mean":128835.6,"sd":69.9},"d":{"ns_iter":128805000,"ns_px":7155.04},"q":{"cv":0.05,"spread":0.20,"mhz":360.0,"outliers":0,"flags":[]},"h":"dd1828a1"} @@be6e24e0@@
@@BENCH-RAW@@ {"i":45,"s":[128790,128768,128779,128879,129032,128911,128864,128813,128797,128794,128840,128791,128805]} @@d4bccd02@@
I (84416) bench: [46/71] c888.shader.rotcw.psram.sync     128805000 ns/iter  7155.04 ns/px  cv 0.05%
@@BENCH-CELL@@ {"t":"cell","i":46,"id":"c888.shader.rotcw.psram.async2","g":"cube","ax":{"fmt":"888","font":"saira_regular","size":27.0,"ratio":1.5000,"path":"shader/aa","orient":"rotcw","mem":"psram","rend":"async2","alpha":255,"halign":0,"corpus":0},"w":{"rows":8,"glyphs":92,"chars":100,"src_px":7701,"dest_px":18002},"m":{"reps":2,"n":12,"min":136200,"med":136307,"max":136501,"mean":136312.2,"sd":69.5},"d":{"ns_iter":68153500,"ns_px":3785.89},"q":{"cv":0.05,"spread":0.22,"mhz":360.0,"outliers":0,"flags":[]},"h":"dd1828a1"} @@c7ae3510@@
@@BENCH-RAW@@ {"i":46,"s":[136200,136268,136304,136307,136339,136501,136356,136287,136248,136322,136300,136314]} @@ad254deb@@
I (86356) bench: [47/71] c888.shader.rotcw.psram.async2   68153500 ns/iter  3785.89 ns/px  cv 0.05%
@@BENCH-CELL@@ {"t":"cell","i":47,"id":"c888.shader.rotcw.sram.sync","g":"cube","ax":{"fmt":"888","font":"saira_regular","size":27.0,"ratio":1.5000,"path":"shader/aa","orient":"rotcw","mem":"sram","rend":"sync","alpha":255,"halign":0,"corpus":0},"w":{"rows":8,"glyphs":92,"chars":100,"src_px":7701,"dest_px":18002},"m":{"reps":1,"n":13,"min":128470,"med":128491,"max":128520,"mean":128492.5,"sd":13.9},"d":{"ns_iter":128491000,"ns_px":7137.60},"q":{"cv":0.01,"spread":0.04,"mhz":360.0,"outliers":0,"flags":[]},"h":"dd1828a1"} @@35c1a8f3@@
@@BENCH-RAW@@ {"i":47,"s":[128520,128490,128516,128491,128499,128478,128481,128470,128497,128480,128502,128487,128491]} @@ac523073@@
I (88556) bench: [48/71] c888.shader.rotcw.sram.sync      128491000 ns/iter  7137.60 ns/px  cv 0.01%
@@BENCH-CELL@@ {"t":"cell","i":48,"id":"c888.shader.rotcw.sram.async2","g":"cube","ax":{"fmt":"888","font":"saira_regular","size":27.0,"ratio":1.5000,"path":"shader/aa","orient":"rotcw","mem":"sram","rend":"async2","alpha":255,"halign":0,"corpus":0},"w":{"rows":8,"glyphs":92,"chars":100,"src_px":7701,"dest_px":18002},"m":{"reps":2,"n":12,"min":135249,"med":135382,"max":135617,"mean":135398.8,"sd":118.9},"d":{"ns_iter":67691000,"ns_px":3760.19},"q":{"cv":0.09,"spread":0.27,"mhz":360.0,"outliers":0,"flags":[]},"h":"dd1828a1"} @@5aa5ae14@@
@@BENCH-RAW@@ {"i":48,"s":[135549,135617,135537,135517,135382,135249,135340,135295,135274,135292,135382,135351]} @@9fe02616@@
I (90476) bench: [49/71] c888.shader.rotcw.sram.async2    67691000 ns/iter  3760.19 ns/px  cv 0.09%
@@BENCH-CELL@@ {"t":"cell","i":49,"id":"orient.rotccw","g":"orient","ax":{"fmt":"888","font":"saira_regular","size":18.0,"ratio":1.0000,"path":"blit/alpha","orient":"rotccw","mem":"psram","rend":"async2","alpha":255,"halign":0,"corpus":0},"w":{"rows":12,"glyphs":161,"chars":175,"src_px":13512,"dest_px":13512},"m":{"reps":20,"n":15,"min":94964,"med":95078,"max":95331,"mean":95093.6,"sd":87.5},"d":{"ns_iter":4753900,"ns_px":351.83},"q":{"cv":0.09,"spread":0.39,"mhz":360.0,"outliers":0,"flags":[]},"h":"e16cec42"} @@4aa4c6c6@@
@@BENCH-RAW@@ {"i":49,"s":[95064,95020,95142,95041,95004,95138,95109,94964,95169,95078,95331,95094,95036,95035,95179]} @@6075fd24@@
I (91956) bench: [50/71] orient.rotccw                     4753900 ns/iter  351.83 ns/px  cv 0.09%
@@BENCH-CELL@@ {"t":"cell","i":50,"id":"orient.rothalf","g":"orient","ax":{"fmt":"888","font":"saira_regular","size":18.0,"ratio":1.0000,"path":"blit/alpha","orient":"rothalf","mem":"psram","rend":"async2","alpha":255,"halign":0,"corpus":0},"w":{"rows":12,"glyphs":161,"chars":175,"src_px":13512,"dest_px":13512},"m":{"reps":21,"n":15,"min":94926,"med":94957,"max":95088,"mean":94979.9,"sd":50.9},"d":{"ns_iter":4521761,"ns_px":334.65},"q":{"cv":0.05,"spread":0.17,"mhz":360.0,"outliers":0,"flags":[]},"h":"a6066584"} @@1e6f7817@@
@@BENCH-RAW@@ {"i":50,"s":[95062,94997,94926,95029,94975,95088,94938,95006,94931,94947,94930,94957,94929,95031,94953]} @@33a6f80a@@
I (93426) bench: [51/71] orient.rothalf                    4521761 ns/iter  334.65 ns/px  cv 0.05%
@@BENCH-CELL@@ {"t":"cell","i":51,"id":"orient.fliph","g":"orient","ax":{"fmt":"888","font":"saira_regular","size":18.0,"ratio":1.0000,"path":"blit/alpha","orient":"fliph","mem":"psram","rend":"async2","alpha":255,"halign":0,"corpus":0},"w":{"rows":12,"glyphs":161,"chars":175,"src_px":13512,"dest_px":13512},"m":{"reps":22,"n":15,"min":92061,"med":92112,"max":92179,"mean":92122.5,"sd":32.9},"d":{"ns_iter":4186909,"ns_px":309.87},"q":{"cv":0.04,"spread":0.13,"mhz":360.0,"outliers":0,"flags":[]},"h":"abc61a88"} @@3d4181f3@@
@@BENCH-RAW@@ {"i":51,"s":[92179,92061,92097,92103,92085,92112,92144,92101,92155,92110,92155,92146,92115,92172,92102]} @@e0e553fb@@
I (94856) bench: [52/71] orient.fliph                      4186909 ns/iter  309.87 ns/px  cv 0.04%
@@BENCH-CELL@@ {"t":"cell","i":52,"id":"orient.rotccwfliph","g":"orient","ax":{"fmt":"888","font":"saira_regular","size":18.0,"ratio":1.0000,"path":"blit/alpha","orient":"rotccwfliph","mem":"psram","rend":"async2","alpha":255,"halign":0,"corpus":0},"w":{"rows":12,"glyphs":161,"chars":175,"src_px":13512,"dest_px":13512},"m":{"reps":20,"n":15,"min":94268,"med":94437,"max":94638,"mean":94443.7,"sd":87.2},"d":{"ns_iter":4721850,"ns_px":349.46},"q":{"cv":0.09,"spread":0.39,"mhz":360.0,"outliers":0,"flags":[]},"h":"5262d8d8"} @@fefe58c8@@
@@BENCH-RAW@@ {"i":52,"s":[94330,94437,94431,94532,94359,94466,94562,94421,94638,94407,94453,94466,94431,94268,94455]} @@00c53f72@@
I (96316) bench: [53/71] orient.rotccwfliph                4721850 ns/iter  349.46 ns/px  cv 0.09%
@@BENCH-CELL@@ {"t":"cell","i":53,"id":"orient.rothalffliph","g":"orient","ax":{"fmt":"888","font":"saira_regular","size":18.0,"ratio":1.0000,"path":"blit/alpha","orient":"rothalffliph","mem":"psram","rend":"async2","alpha":255,"halign":0,"corpus":0},"w":{"rows":12,"glyphs":161,"chars":175,"src_px":13512,"dest_px":13512},"m":{"reps":21,"n":15,"min":95267,"med":95341,"max":95543,"mean":95346.3,"sd":63.5},"d":{"ns_iter":4540047,"ns_px":336.00},"q":{"cv":0.07,"spread":0.29,"mhz":360.0,"outliers":0,"flags":[]},"h":"418c2762"} @@8f136e6d@@
@@BENCH-RAW@@ {"i":53,"s":[95365,95333,95543,95406,95346,95328,95298,95330,95341,95356,95359,95353,95267,95299,95270]} @@bb13d30a@@
I (97796) bench: [54/71] orient.rothalffliph               4540047 ns/iter  336.00 ns/px  cv 0.07%
@@BENCH-CELL@@ {"t":"cell","i":54,"id":"orient.rotcwfliph","g":"orient","ax":{"fmt":"888","font":"saira_regular","size":18.0,"ratio":1.0000,"path":"blit/alpha","orient":"rotcwfliph","mem":"psram","rend":"async2","alpha":255,"halign":0,"corpus":0},"w":{"rows":12,"glyphs":161,"chars":175,"src_px":13512,"dest_px":13512},"m":{"reps":21,"n":15,"min":98773,"med":99109,"max":99200,"mean":99065.7,"sd":116.9},"d":{"ns_iter":4719476,"ns_px":349.28},"q":{"cv":0.12,"spread":0.43,"mhz":360.0,"outliers":0,"flags":[]},"h":"0e714186"} @@58310c83@@
@@BENCH-RAW@@ {"i":54,"s":[99112,98975,99200,98875,99143,99086,99121,99065,99138,98972,99046,99109,99182,98773,99189]} @@da38d860@@
I (99326) bench: [55/71] orient.rotcwfliph                 4719476 ns/iter  349.28 ns/px  cv 0.12%
@@BENCH-CELL@@ {"t":"cell","i":55,"id":"font.sky@18","g":"font","ax":{"fmt":"888","font":"sky","size":18.0,"ratio":2.0000,"path":"blit/direct","orient":"rotcw","mem":"psram","rend":"async2","alpha":255,"halign":0,"corpus":0},"w":{"rows":12,"glyphs":148,"chars":162,"src_px":4014,"dest_px":16056},"m":{"reps":32,"n":15,"min":85751,"med":85885,"max":86143,"mean":85900.7,"sd":98.6},"d":{"ns_iter":2683906,"ns_px":167.16},"q":{"cv":0.11,"spread":0.46,"mhz":360.0,"outliers":0,"flags":[]},"h":"a32b1e1d"} @@8cfe2a3c@@
@@BENCH-RAW@@ {"i":55,"s":[85854,86043,85795,86143,85829,85825,85930,85751,85885,85848,85915,85890,86012,85853,85938]} @@91f20abc@@
I (100656) bench: [56/71] font.sky@18                       2683906 ns/iter  167.16 ns/px  cv 0.11%
@@BENCH-CELL@@ {"t":"cell","i":56,"id":"font.sky@27","g":"font","ax":{"fmt":"888","font":"sky","size":27.0,"ratio":3.0000,"path":"blit/direct","orient":"rotcw","mem":"psram","rend":"async2","alpha":255,"halign":0,"corpus":0},"w":{"rows":8,"glyphs":80,"chars":85,"src_px":2161,"dest_px":19449},"m":{"reps":34,"n":15,"min":76693,"med":76898,"max":77017,"mean":76877.4,"sd":92.1},"d":{"ns_iter":2261705,"ns_px":116.29},"q":{"cv":0.12,"spread":0.42,"mhz":360.0,"outliers":0,"flags":[]},"h":"4bc0b3f9"} @@3f43da27@@
@@BENCH-RAW@@ {"i":56,"s":[76832,76861,76909,76917,76898,76728,76932,76786,76893,76693,77017,76947,77013,76942,76793]} @@e1af3553@@
I (101846) bench: [57/71] font.sky@27                       2261705 ns/iter  116.29 ns/px  cv 0.12%
@@BENCH-CELL@@ {"t":"cell","i":57,"id":"font.skymono@9","g":"font","ax":{"fmt":"888","font":"sky_mono","size":9.0,"ratio":1.0000,"path":"blit/direct","orient":"rotcw","mem":"psram","rend":"async2","alpha":255,"halign":0,"corpus":0},"w":{"rows":23,"glyphs":373,"chars":397,"src_px":23499,"dest_px":23499},"m":{"reps":22,"n":15,"min":99464,"med":99693,"max":99813,"mean":99667.8,"sd":84.7},"d":{"ns_iter":4531500,"ns_px":192.84},"q":{"cv":0.08,"spread":0.35,"mhz":360.0,"outliers":0,"flags":[]},"h":"6335b160"} @@225cfabe@@
@@BENCH-RAW@@ {"i":57,"s":[99714,99711,99570,99464,99706,99697,99575,99685,99732,99813,99679,99599,99759,99693,99620]} @@7b331a2e@@
I (103386) bench: [58/71] font.skymono@9                    4531500 ns/iter  192.84 ns/px  cv 0.08%
@@BENCH-CELL@@ {"t":"cell","i":58,"id":"font.sky@13","g":"font","ax":{"fmt":"888","font":"sky","size":13.0,"ratio":1.4444,"path":"shader/pal","orient":"rotcw","mem":"psram","rend":"async2","alpha":255,"halign":0,"corpus":0},"w":{"rows":17,"glyphs":239,"chars":255,"src_px":6321,"dest_px":12530},"m":{"reps":2,"n":15,"min":111737,"med":111811,"max":111897,"mean":111810.9,"sd":35.6},"d":{"ns_iter":55905500,"ns_px":4461.73},"q":{"cv":0.03,"spread":0.14,"mhz":360.0,"outliers":0,"flags":[]},"h":"254ec85e"} @@113989e5@@
@@BENCH-RAW@@ {"i":58,"s":[111897,111850,111828,111806,111796,111814,111823,111779,111737,111806,111768,111823,111834,111811,111792]} @@a8e0de8d@@
I (105316) bench: [59/71] font.sky@13                      55905500 ns/iter  4461.73 ns/px  cv 0.03%
@@BENCH-CELL@@ {"t":"cell","i":59,"id":"font.saira@36","g":"font","ax":{"fmt":"888","font":"saira_regular","size":36.0,"ratio":2.0000,"path":"blit/alpha","orient":"rotcw","mem":"psram","rend":"async2","alpha":255,"halign":0,"corpus":0},"w":{"rows":6,"glyphs":56,"chars":61,"src_px":4710,"dest_px":18840},"m":{"reps":19,"n":15,"min":94674,"med":94763,"max":94955,"mean":94771.4,"sd":73.1},"d":{"ns_iter":4987526,"ns_px":264.73},"q":{"cv":0.08,"spread":0.30,"mhz":360.0,"outliers":0,"flags":[]},"h":"972d0991"} @@4b88c8ac@@
@@BENCH-RAW@@ {"i":59,"s":[94752,94867,94713,94674,94801,94955,94790,94705,94840,94696,94763,94806,94693,94745,94771]} @@e5a340d4@@
I (106786) bench: [60/71] font.saira@36                     4987526 ns/iter  264.73 ns/px  cv 0.08%
@@BENCH-CELL@@ {"t":"cell","i":60,"id":"font.marker@22","g":"font","ax":{"fmt":"888","font":"marker","size":22.0,"ratio":1.0000,"path":"blit/alpha","orient":"rotcw","mem":"psram","rend":"async2","alpha":255,"halign":0,"corpus":0},"w":{"rows":10,"glyphs":125,"chars":136,"src_px":22847,"dest_px":22847},"m":{"reps":15,"n":15,"min":103304,"med":103615,"max":103736,"mean":103594.3,"sd":108.8},"d":{"ns_iter":6907666,"ns_px":302.34},"q":{"cv":0.11,"spread":0.42,"mhz":360.0,"outliers":0,"flags":[]},"h":"59dd778c"} @@8216b808@@
@@BENCH-RAW@@ {"i":60,"s":[103736,103600,103304,103653,103614,103658,103649,103701,103615,103528,103573,103409,103627,103559,103689]} @@cb5107e9@@
I (108396) bench: [61/71] font.marker@22                    6907666 ns/iter  302.34 ns/px  cv 0.11%
@@BENCH-CELL@@ {"t":"cell","i":61,"id":"font.marker@33","g":"font","ax":{"fmt":"888","font":"marker","size":33.0,"ratio":1.5000,"path":"shader/aa","orient":"rotcw","mem":"psram","rend":"async2","alpha":255,"halign":0,"corpus":0},"w":{"rows":7,"glyphs":71,"chars":76,"src_px":13008,"dest_px":29868},"m":{"reps":1,"n":15,"min":110030,"med":110113,"max":110226,"mean":110125.1,"sd":60.3},"d":{"ns_iter":110113000,"ns_px":3686.65},"q":{"cv":0.05,"spread":0.18,"mhz":360.0,"outliers":0,"flags":[]},"h":"aed9f152"} @@9ec78be2@@
@@BENCH-RAW@@ {"i":61,"s":[110215,110221,110168,110162,110128,110099,110110,110125,110226,110113,110061,110105,110030,110056,110058]} @@915efa87@@
I (110526) bench: [62/71] font.marker@33                   110113000 ns/iter  3686.65 ns/px  cv 0.05%
@@BENCH-CELL@@ {"t":"cell","i":62,"id":"font.condensed@45","g":"font","ax":{"fmt":"888","font":"saira_condensed","size":45.0,"ratio":1.0000,"path":"blit/alpha","orient":"rotcw","mem":"psram","rend":"async2","alpha":255,"halign":0,"corpus":0},"w":{"rows":5,"glyphs":47,"chars":51,"src_px":19237,"dest_px":19237},"m":{"reps":19,"n":15,"min":90850,"med":90904,"max":90987,"mean":90912.4,"sd":36.6},"d":{"ns_iter":4784421,"ns_px":248.71},"q":{"cv":0.04,"spread":0.15,"mhz":360.0,"outliers":0,"flags":[]},"h":"7bcb728d"} @@bdb08f41@@
@@BENCH-RAW@@ {"i":62,"s":[90987,90915,90904,90953,90884,90938,90857,90931,90899,90850,90951,90902,90938,90873,90904]} @@e0f91265@@
I (111936) bench: [63/71] font.condensed@45                 4784421 ns/iter  248.71 ns/px  cv 0.04%
@@BENCH-CELL@@ {"t":"cell","i":63,"id":"font.saira@27.noaa","g":"font","ax":{"fmt":"888","font":"saira_regular_noaa","size":27.0,"ratio":1.5000,"path":"shader/plain","orient":"rotcw","mem":"psram","rend":"async2","alpha":255,"halign":0,"corpus":0},"w":{"rows":8,"glyphs":92,"chars":100,"src_px":7701,"dest_px":18002},"m":{"reps":2,"n":13,"min":124217,"med":124287,"max":124370,"mean":124283.3,"sd":38.5},"d":{"ns_iter":62143500,"ns_px":3452.03},"q":{"cv":0.03,"spread":0.12,"mhz":360.0,"outliers":0,"flags":[]},"h":"9c31759b"} @@25a0100c@@
@@BENCH-RAW@@ {"i":63,"s":[124296,124300,124287,124278,124227,124267,124217,124292,124297,124279,124370,124326,124247]} @@0617200a@@
I (113826) bench: [64/71] font.saira@27.noaa               62143500 ns/iter  3452.03 ns/px  cv 0.03%
@@BENCH-CELL@@ {"t":"cell","i":64,"id":"rend.async1","g":"rend","ax":{"fmt":"888","font":"saira_regular","size":18.0,"ratio":1.0000,"path":"blit/alpha","orient":"rotcw","mem":"psram","rend":"async1","alpha":255,"halign":0,"corpus":0},"w":{"rows":12,"glyphs":161,"chars":175,"src_px":13512,"dest_px":13512},"m":{"reps":14,"n":15,"min":101349,"med":101401,"max":101581,"mean":101429.5,"sd":63.7},"d":{"ns_iter":7242928,"ns_px":536.04},"q":{"cv":0.06,"spread":0.23,"mhz":360.0,"outliers":0,"flags":[]},"h":"de65743c"} @@b33b4ec8@@
@@BENCH-RAW@@ {"i":64,"s":[101470,101401,101381,101543,101387,101372,101427,101581,101389,101349,101383,101448,101384,101469,101458]} @@1cd4afe3@@
I (115406) bench: [65/71] rend.async1                       7242928 ns/iter  536.04 ns/px  cv 0.06%
@@BENCH-CELL@@ {"t":"cell","i":65,"id":"alpha.fast1.a128","g":"alpha","ax":{"fmt":"888","font":"sky","size":9.0,"ratio":1.0000,"path":"blit/alpha","orient":"rotcw","mem":"psram","rend":"async2","alpha":128,"halign":0,"corpus":0},"w":{"rows":23,"glyphs":373,"chars":397,"src_px":10135,"dest_px":10135},"m":{"reps":18,"n":15,"min":100335,"med":100556,"max":100856,"mean":100535.3,"sd":142.8},"d":{"ns_iter":5586444,"ns_px":551.20},"q":{"cv":0.14,"spread":0.52,"mhz":360.0,"outliers":0,"flags":[]},"h":"cc2eccc5"} @@5e221b2e@@
@@BENCH-RAW@@ {"i":65,"s":[100556,100470,100856,100660,100349,100412,100615,100388,100335,100581,100711,100614,100580,100383,100520]} @@ce186570@@
I (116966) bench: [66/71] alpha.fast1.a128                  5586444 ns/iter  551.20 ns/px  cv 0.14%
@@BENCH-CELL@@ {"t":"cell","i":66,"id":"alpha.fast2.a128","g":"alpha","ax":{"fmt":"888","font":"saira_regular","size":18.0,"ratio":1.0000,"path":"blit/alpha","orient":"rotcw","mem":"psram","rend":"async2","alpha":128,"halign":0,"corpus":0},"w":{"rows":12,"glyphs":161,"chars":175,"src_px":13512,"dest_px":13512},"m":{"reps":20,"n":15,"min":94148,"med":94349,"max":94444,"mean":94329.5,"sd":97.6},"d":{"ns_iter":4717450,"ns_px":349.13},"q":{"cv":0.10,"spread":0.31,"mhz":360.0,"outliers":0,"flags":[]},"h":"012c199d"} @@dd340cd0@@
@@BENCH-RAW@@ {"i":66,"s":[94237,94349,94443,94148,94413,94366,94185,94444,94421,94322,94343,94279,94179,94409,94405]} @@b7f6f517@@
I (118426) bench: [67/71] alpha.fast2.a128                  4717450 ns/iter  349.13 ns/px  cv 0.10%
@@BENCH-CELL@@ {"t":"cell","i":67,"id":"len.short","g":"len","ax":{"fmt":"888","font":"saira_regular","size":18.0,"ratio":1.0000,"path":"blit/alpha","orient":"rotcw","mem":"psram","rend":"async2","alpha":255,"halign":0,"corpus":1},"w":{"rows":12,"glyphs":82,"chars":83,"src_px":7336,"dest_px":7336},"m":{"reps":31,"n":15,"min":90149,"med":90221,"max":90324,"mean":90217.9,"sd":41.1},"d":{"ns_iter":2910354,"ns_px":396.72},"q":{"cv":0.05,"spread":0.19,"mhz":360.0,"outliers":0,"flags":[]},"h":"450061c8"} @@98124a45@@
@@BENCH-RAW@@ {"i":67,"s":[90208,90197,90324,90224,90170,90181,90191,90244,90191,90149,90231,90221,90263,90235,90240]} @@f4174980@@
I (119826) bench: [68/71] len.short                         2910354 ns/iter  396.72 ns/px  cv 0.05%
@@BENCH-CELL@@ {"t":"cell","i":68,"id":"len.long","g":"len","ax":{"fmt":"888","font":"saira_regular","size":18.0,"ratio":1.0000,"path":"blit/alpha","orient":"rotcw","mem":"psram","rend":"async2","alpha":255,"halign":0,"corpus":2},"w":{"rows":12,"glyphs":273,"chars":315,"src_px":22206,"dest_px":22206},"m":{"reps":14,"n":15,"min":106236,"med":106438,"max":106642,"mean":106443.7,"sd":126.1},"d":{"ns_iter":7602714,"ns_px":342.37},"q":{"cv":0.12,"spread":0.38,"mhz":360.0,"outliers":0,"flags":[]},"h":"504a97ad"} @@60f148d1@@
@@BENCH-RAW@@ {"i":68,"s":[106642,106481,106592,106365,106520,106577,106258,106436,106508,106328,106370,106438,106603,106302,106236]} @@c118ccf7@@
I (121476) bench: [69/71] len.long                          7602714 ns/iter  342.37 ns/px  cv 0.12%
@@BENCH-CELL@@ {"t":"cell","i":69,"id":"align.center","g":"align","ax":{"fmt":"888","font":"saira_regular","size":18.0,"ratio":1.0000,"path":"blit/alpha","orient":"rotcw","mem":"psram","rend":"async2","alpha":255,"halign":1,"corpus":0},"w":{"rows":12,"glyphs":161,"chars":175,"src_px":13512,"dest_px":13512},"m":{"reps":20,"n":15,"min":95271,"med":95436,"max":95677,"mean":95453.6,"sd":98.2},"d":{"ns_iter":4771800,"ns_px":353.15},"q":{"cv":0.10,"spread":0.43,"mhz":360.0,"outliers":0,"flags":[]},"h":"4f91d280"} @@589a7c9e@@
@@BENCH-RAW@@ {"i":69,"s":[95271,95436,95403,95677,95446,95593,95421,95374,95515,95404,95436,95457,95379,95585,95407]} @@05a9998f@@
I (122956) bench: [70/71] align.center                      4771800 ns/iter  353.15 ns/px  cv 0.10%
@@BENCH-CELL@@ {"t":"cell","i":70,"id":"drift.last","g":"drift","ax":{"fmt":"888","font":"saira_regular","size":18.0,"ratio":1.0000,"path":"blit/alpha","orient":"rotcw","mem":"psram","rend":"async2","alpha":255,"halign":0,"corpus":0},"w":{"rows":12,"glyphs":161,"chars":175,"src_px":13512,"dest_px":13512},"m":{"reps":21,"n":15,"min":99014,"med":99153,"max":99317,"mean":99142.3,"sd":84.1},"d":{"ns_iter":4721571,"ns_px":349.44},"q":{"cv":0.08,"spread":0.31,"mhz":360.0,"outliers":0,"flags":[]},"h":"de65743c"} @@cf8c5fb2@@
@@BENCH-RAW@@ {"i":70,"s":[99183,99037,99220,99213,99178,99317,99054,99076,99188,99116,99153,99048,99014,99103,99234]} @@0dfd918c@@
I (124496) bench: [71/71] drift.last                        4721571 ns/iter  349.44 ns/px  cv 0.08%
@@BENCH-END@@ {"t":"end","cells":71,"total_us":118132906,"status":"ok"} @@7b99f6e2@@
