@@BENCH-BEGIN@@ {"t":"begin","schema":1,"cells":71,"boot_us":256907661,"reset":3,"build":{"app_git":"058fa78daccb","app_dirty":false,"app_branch":"main","pax_git":"964533a6d894","pax_dirty":false,"pax_branch":"main","idf":"v6.0.2","opt":"Os","app_ver":"058fa78","app_date":"Aug 20 2026 11:25:12"},"hw":{"chip":"esp32p4","rev":103,"cores":2,"cpu_mhz_nom":360,"cpu_mhz_meas":359.99,"l2_kb":128,"l2_line":64,"psram":true},"cfg":{"pm_enable":true,"pm_lock":true,"tick_hz":100,"wdt":false,"pax":{"bounds_check":false,"orientation":true,"async":"multithread","range_setter":true,"range_merger":true,"fixed_point":true,"long_fixed_point":true,"queue_size":32,"sso_len":32}},"mem":{"tile_dim":256,"int_addr":"0x4ff40700","psram_addr":"0x4811a900","int_free":339635,"int_largest":192512,"psram_free":30524228},"bench":{"n_samples":15,"warmup":2,"target_sample_us":110000,"cell_budget_us":2000000,"corpus_ver":1,"join_placement":"per_sample","driver_core":0,"driver_prio":5,"scrub_bytes":524288}} @@f7cf8759@@
@@BENCH-CELL@@ {"t":"cell","i":0,"id":"drift.first","g":"drift","ax":{"fmt":"888","font":"saira_regular","size":18.0,"ratio":1.0000,"path":"blit/alpha","orient":"rotcw","mem":"psram","rend":"async2","alpha":255,"halign":0,"corpus":0},"w":{"rows":12,"glyphs":161,"chars":175,"src_px":13512,"dest_px":13512},"m":{"reps":21,"n":15,"min":98499,"med":98656,"max":98959,"mean":98670.5,"sd":107.7},"d":{"ns_iter":4697904,"ns_px":347.68},"q":{"cv":0.11,"spread":0.47,"mhz":360.0,"outliers":0,"flags":[]},"h":"de65743c"} @@1569277e@@
@@BENCH-RAW@@ {"i":0,"s":[98499,98670,98618,98670,98959,98718,98581,98589,98643,98748,98697,98644,98656,98554,98811]} @@7a580a35@@
I (259668) bench: [1/71] drift.first                       4697904 ns/iter  347.68 ns/px  cv 0.11%
@@BENCH-CELL@@ {"t":"cell","i":1,"id":"c565.fast1.upright.psram.sync","g":"cube","ax":{"fmt":"565","font":"sky","size":9.0,"ratio":1.0000,"path":"blit/direct","orient":"upright","mem":"psram","rend":"sync","alpha":255,"halign":0,"corpus":0},"w":{"rows":23,"glyphs":373,"chars":397,"src_px":10135,"dest_px":10135},"m":{"reps":44,"n":15,"min":87152,"med":87317,"max":87778,"mean":87371.4,"sd":193.0},"d":{"ns_iter":1984477,"ns_px":195.80},"q":{"cv":0.22,"spread":0.72,"mhz":360.0,"outliers":0,"flags":[]},"h":"16b7abd1"} @@3b56e911@@
@@BENCH-RAW@@ {"i":1,"s":[87433,87328,87332,87317,87258,87152,87228,87215,87224,87341,87301,87241,87778,87737,87686]} @@c673c3de@@
I (261018) bench: [2/71] c565.fast1.upright.psram.sync     1984477 ns/iter  195.80 ns/px  cv 0.22%
@@BENCH-CELL@@ {"t":"cell","i":2,"id":"c565.fast1.upright.psram.async2","g":"cube","ax":{"fmt":"565","font":"sky","size":9.0,"ratio":1.0000,"path":"blit/direct","orient":"upright","mem":"psram","rend":"async2","alpha":255,"halign":0,"corpus":0},"w":{"rows":23,"glyphs":373,"chars":397,"src_px":10135,"dest_px":10135},"m":{"reps":29,"n":15,"min":106591,"med":106710,"max":106831,"mean":106712.8,"sd":75.6},"d":{"ns_iter":3679655,"ns_px":363.06},"q":{"cv":0.07,"spread":0.22,"mhz":360.0,"outliers":0,"flags":[]},"h":"16b7abd1"} @@cbd75cff@@
@@BENCH-RAW@@ {"i":2,"s":[106786,106780,106610,106622,106648,106645,106591,106684,106732,106691,106786,106710,106764,106812,106831]} @@add85acb@@
I (262648) bench: [3/71] c565.fast1.upright.psram.async2   3679655 ns/iter  363.06 ns/px  cv 0.07%
@@BENCH-CELL@@ {"t":"cell","i":3,"id":"c565.fast1.upright.sram.sync","g":"cube","ax":{"fmt":"565","font":"sky","size":9.0,"ratio":1.0000,"path":"blit/direct","orient":"upright","mem":"sram","rend":"sync","alpha":255,"halign":0,"corpus":0},"w":{"rows":23,"glyphs":373,"chars":397,"src_px":10135,"dest_px":10135},"m":{"reps":51,"n":15,"min":101014,"med":101240,"max":101368,"mean":101189.3,"sd":130.8},"d":{"ns_iter":1985098,"ns_px":195.87},"q":{"cv":0.13,"spread":0.35,"mhz":360.0,"outliers":0,"flags":[]},"h":"16b7abd1"} @@03c0a12e@@
@@BENCH-RAW@@ {"i":3,"s":[101368,101319,101240,101330,101301,101336,101312,101251,101102,101041,101025,101082,101058,101014,101060]} @@92709968@@
I (264198) bench: [4/71] c565.fast1.upright.sram.sync      1985098 ns/iter  195.87 ns/px  cv 0.13%
@@BENCH-CELL@@ {"t":"cell","i":4,"id":"c565.fast1.upright.sram.async2","g":"cube","ax":{"fmt":"565","font":"sky","size":9.0,"ratio":1.0000,"path":"blit/direct","orient":"upright","mem":"sram","rend":"async2","alpha":255,"halign":0,"corpus":0},"w":{"rows":23,"glyphs":373,"chars":397,"src_px":10135,"dest_px":10135},"m":{"reps":31,"n":15,"min":113416,"med":113664,"max":113786,"mean":113644.7,"sd":115.3},"d":{"ns_iter":3666580,"ns_px":361.77},"q":{"cv":0.10,"spread":0.33,"mhz":360.0,"outliers":0,"flags":[]},"h":"16b7abd1"} @@dc32fa8f@@
@@BENCH-RAW@@ {"i":4,"s":[113759,113786,113781,113772,113742,113416,113707,113559,113471,113484,113626,113631,113607,113664,113665]} @@01fade22@@
I (265938) bench: [5/71] c565.fast1.upright.sram.async2    3666580 ns/iter  361.77 ns/px  cv 0.10%
@@BENCH-CELL@@ {"t":"cell","i":5,"id":"c565.fast1.rotcw.psram.sync","g":"cube","ax":{"fmt":"565","font":"sky","size":9.0,"ratio":1.0000,"path":"blit/direct","orient":"rotcw","mem":"psram","rend":"sync","alpha":255,"halign":0,"corpus":0},"w":{"rows":23,"glyphs":373,"chars":397,"src_px":10135,"dest_px":10135},"m":{"reps":38,"n":15,"min":76537,"med":76725,"max":76865,"mean":76704.3,"sd":93.5},"d":{"ns_iter":2019078,"ns_px":199.22},"q":{"cv":0.12,"spread":0.43,"mhz":360.0,"outliers":0,"flags":[]},"h":"70d20c11"} @@4f06f082@@
@@BENCH-RAW@@ {"i":5,"s":[76765,76865,76777,76804,76781,76781,76756,76631,76695,76725,76627,76645,76614,76537,76561]} @@a2f6990c@@
I (267118) bench: [6/71] c565.fast1.rotcw.psram.sync       2019078 ns/iter  199.22 ns/px  cv 0.12%
@@BENCH-CELL@@ {"t":"cell","i":6,"id":"c565.fast1.rotcw.psram.async2","g":"cube","ax":{"fmt":"565","font":"sky","size":9.0,"ratio":1.0000,"path":"blit/direct","orient":"rotcw","mem":"psram","rend":"async2","alpha":255,"halign":0,"corpus":0},"w":{"rows":23,"glyphs":373,"chars":397,"src_px":10135,"dest_px":10135},"m":{"reps":26,"n":15,"min":97704,"med":97973,"max":98221,"mean":97930.4,"sd":166.6},"d":{"ns_iter":3768192,"ns_px":371.80},"q":{"cv":0.17,"spread":0.53,"mhz":360.0,"outliers":0,"flags":[]},"h":"70d20c11"} @@f3e4f847@@
@@BENCH-RAW@@ {"i":6,"s":[98030,98024,97973,98076,98163,98221,97973,98109,97784,97884,97739,97704,97800,97731,97745]} @@6cbab9de@@
I (268618) bench: [7/71] c565.fast1.rotcw.psram.async2     3768192 ns/iter  371.80 ns/px  cv 0.17%
@@BENCH-CELL@@ {"t":"cell","i":7,"id":"c565.fast1.rotcw.sram.sync","g":"cube","ax":{"fmt":"565","font":"sky","size":9.0,"ratio":1.0000,"path":"blit/direct","orient":"rotcw","mem":"sram","rend":"sync","alpha":255,"halign":0,"corpus":0},"w":{"rows":23,"glyphs":373,"chars":397,"src_px":10135,"dest_px":10135},"m":{"reps":50,"n":15,"min":100768,"med":100839,"max":100940,"mean":100840.3,"sd":46.9},"d":{"ns_iter":2016780,"ns_px":198.99},"q":{"cv":0.05,"spread":0.17,"mhz":360.0,"outliers":0,"flags":[]},"h":"70d20c11"} @@397b4506@@
@@BENCH-RAW@@ {"i":7,"s":[100791,100848,100835,100768,100799,100769,100901,100862,100839,100806,100835,100856,100870,100886,100940]} @@09021ca9@@
I (270158) bench: [8/71] c565.fast1.rotcw.sram.sync        2016780 ns/iter  198.99 ns/px  cv 0.05%
@@BENCH-CELL@@ {"t":"cell","i":8,"id":"c565.fast1.rotcw.sram.async2","g":"cube","ax":{"fmt":"565","font":"sky","size":9.0,"ratio":1.0000,"path":"blit/direct","orient":"rotcw","mem":"sram","rend":"async2","alpha":255,"halign":0,"corpus":0},"w":{"rows":23,"glyphs":373,"chars":397,"src_px":10135,"dest_px":10135},"m":{"reps":30,"n":15,"min":112273,"med":112382,"max":112610,"mean":112397.1,"sd":90.1},"d":{"ns_iter":3746066,"ns_px":369.62},"q":{"cv":0.08,"spread":0.30,"mhz":360.0,"outliers":0,"flags":[]},"h":"70d20c11"} @@7fe47a18@@
@@BENCH-RAW@@ {"i":8,"s":[112448,112466,112398,112273,112321,112610,112439,112396,112334,112334,112337,112382,112331,112557,112331]} @@27f2fee1@@
I (271878) bench: [9/71] c565.fast1.rotcw.sram.async2      3746066 ns/iter  369.62 ns/px  cv 0.08%
@@BENCH-CELL@@ {"t":"cell","i":9,"id":"c565.fast2.upright.psram.sync","g":"cube","ax":{"fmt":"565","font":"saira_regular","size":18.0,"ratio":1.0000,"path":"blit/alpha","orient":"upright","mem":"psram","rend":"sync","alpha":255,"halign":0,"corpus":0},"w":{"rows":12,"glyphs":161,"chars":175,"src_px":13512,"dest_px":13512},"m":{"reps":16,"n":15,"min":100032,"med":100059,"max":100078,"mean":100056.1,"sd":12.2},"d":{"ns_iter":6253687,"ns_px":462.82},"q":{"cv":0.01,"spread":0.05,"mhz":360.0,"outliers":0,"flags":[]},"h":"ecacce31"} @@f8bfed0c@@
@@BENCH-RAW@@ {"i":9,"s":[100061,100064,100059,100059,100054,100053,100032,100040,100078,100039,100044,100060,100069,100064,100066]} @@ecab7556@@
I (273428) bench: [10/71] c565.fast2.upright.psram.sync     6253687 ns/iter  462.82 ns/px  cv 0.01%
@@BENCH-CELL@@ {"t":"cell","i":10,"id":"c565.fast2.upright.psram.async2","g":"cube","ax":{"fmt":"565","font":"saira_regular","size":18.0,"ratio":1.0000,"path":"blit/alpha","orient":"upright","mem":"psram","rend":"async2","alpha":255,"halign":0,"corpus":0},"w":{"rows":12,"glyphs":161,"chars":175,"src_px":13512,"dest_px":13512},"m":{"reps":23,"n":15,"min":97817,"med":97888,"max":98020,"mean":97900.1,"sd":54.8},"d":{"ns_iter":4256000,"ns_px":314.98},"q":{"cv":0.06,"spread":0.21,"mhz":360.0,"outliers":0,"flags":[]},"h":"ecacce31"} @@90294c8e@@
@@BENCH-RAW@@ {"i":10,"s":[97905,97851,97870,98020,97955,97859,97871,97817,97860,97943,97850,97897,97888,97926,97990]} @@da4c8d5d@@
I (274938) bench: [11/71] c565.fast2.upright.psram.async2   4256000 ns/iter  314.98 ns/px  cv 0.06%
@@BENCH-CELL@@ {"t":"cell","i":11,"id":"c565.fast2.upright.sram.sync","g":"cube","ax":{"fmt":"565","font":"saira_regular","size":18.0,"ratio":1.0000,"path":"blit/alpha","orient":"upright","mem":"sram","rend":"sync","alpha":255,"halign":0,"corpus":0},"w":{"rows":12,"glyphs":161,"chars":175,"src_px":13512,"dest_px":13512},"m":{"reps":17,"n":15,"min":106255,"med":106284,"max":106313,"mean":106285.7,"sd":13.7},"d":{"ns_iter":6252000,"ns_px":462.70},"q":{"cv":0.01,"spread":0.05,"mhz":360.0,"outliers":0,"flags":[]},"h":"ecacce31"} @@51a8177c@@
@@BENCH-RAW@@ {"i":11,"s":[106279,106284,106280,106293,106279,106284,106292,106255,106313,106269,106280,106302,106289,106284,106303]} @@3ec1a571@@
I (276578) bench: [12/71] c565.fast2.upright.sram.sync      6252000 ns/iter  462.70 ns/px  cv 0.01%
@@BENCH-CELL@@ {"t":"cell","i":12,"id":"c565.fast2.upright.sram.async2","g":"cube","ax":{"fmt":"565","font":"saira_regular","size":18.0,"ratio":1.0000,"path":"blit/alpha","orient":"upright","mem":"sram","rend":"async2","alpha":255,"halign":0,"corpus":0},"w":{"rows":12,"glyphs":161,"chars":175,"src_px":13512,"dest_px":13512},"m":{"reps":25,"n":15,"min":106265,"med":106337,"max":106451,"mean":106344.3,"sd":49.0},"d":{"ns_iter":4253480,"ns_px":314.79},"q":{"cv":0.05,"spread":0.17,"mhz":360.0,"outliers":0,"flags":[]},"h":"ecacce31"} @@ef17ec47@@
@@BENCH-RAW@@ {"i":12,"s":[106353,106407,106410,106322,106302,106296,106351,106451,106388,106337,106265,106325,106342,106321,106294]} @@9b66b89d@@
I (278208) bench: [13/71] c565.fast2.upright.sram.async2    4253480 ns/iter  314.79 ns/px  cv 0.05%
@@BENCH-CELL@@ {"t":"cell","i":13,"id":"c565.fast2.rotcw.psram.sync","g":"cube","ax":{"fmt":"565","font":"saira_regular","size":18.0,"ratio":1.0000,"path":"blit/alpha","orient":"rotcw","mem":"psram","rend":"sync","alpha":255,"halign":0,"corpus":0},"w":{"rows":12,"glyphs":161,"chars":175,"src_px":13512,"dest_px":13512},"m":{"reps":16,"n":15,"min":101058,"med":101120,"max":101207,"mean":101118.3,"sd":41.5},"d":{"ns_iter":6320000,"ns_px":467.73},"q":{"cv":0.04,"spread":0.15,"mhz":360.0,"outliers":0,"flags":[]},"h":"70889db9"} @@b023f639@@
@@BENCH-RAW@@ {"i":13,"s":[101163,101119,101155,101124,101127,101120,101129,101207,101165,101106,101067,101069,101058,101103,101062]} @@9ead32ac@@
I (279778) bench: [14/71] c565.fast2.rotcw.psram.sync       6320000 ns/iter  467.73 ns/px  cv 0.04%
@@BENCH-CELL@@ {"t":"cell","i":14,"id":"c565.fast2.rotcw.psram.async2","g":"cube","ax":{"fmt":"565","font":"saira_regular","size":18.0,"ratio":1.0000,"path":"blit/alpha","orient":"rotcw","mem":"psram","rend":"async2","alpha":255,"halign":0,"corpus":0},"w":{"rows":12,"glyphs":161,"chars":175,"src_px":13512,"dest_px":13512},"m":{"reps":21,"n":15,"min":96256,"med":96408,"max":96644,"mean":96421.3,"sd":104.7},"d":{"ns_iter":4590857,"ns_px":339.76},"q":{"cv":0.11,"spread":0.40,"mhz":360.0,"outliers":0,"flags":[]},"h":"70889db9"} @@06666eac@@
@@BENCH-RAW@@ {"i":14,"s":[96408,96644,96537,96523,96404,96309,96347,96468,96256,96345,96277,96434,96525,96473,96370]} @@6a354ba9@@
I (281258) bench: [15/71] c565.fast2.rotcw.psram.async2     4590857 ns/iter  339.76 ns/px  cv 0.11%
@@BENCH-CELL@@ {"t":"cell","i":15,"id":"c565.fast2.rotcw.sram.sync","g":"cube","ax":{"fmt":"565","font":"saira_regular","size":18.0,"ratio":1.0000,"path":"blit/alpha","orient":"rotcw","mem":"sram","rend":"sync","alpha":255,"halign":0,"corpus":0},"w":{"rows":12,"glyphs":161,"chars":175,"src_px":13512,"dest_px":13512},"m":{"reps":17,"n":15,"min":106697,"med":106710,"max":106764,"mean":106714.2,"sd":15.3},"d":{"ns_iter":6277058,"ns_px":464.55},"q":{"cv":0.01,"spread":0.06,"mhz":360.0,"outliers":0,"flags":[]},"h":"70889db9"} @@ed4b4317@@
@@BENCH-RAW@@ {"i":15,"s":[106702,106710,106710,106697,106732,106710,106764,106711,106714,106708,106716,106713,106702,106710,106714]} @@f7578527@@
I (282908) bench: [16/71] c565.fast2.rotcw.sram.sync        6277058 ns/iter  464.55 ns/px  cv 0.01%
@@BENCH-CELL@@ {"t":"cell","i":16,"id":"c565.fast2.rotcw.sram.async2","g":"cube","ax":{"fmt":"565","font":"saira_regular","size":18.0,"ratio":1.0000,"path":"blit/alpha","orient":"rotcw","mem":"sram","rend":"async2","alpha":255,"halign":0,"corpus":0},"w":{"rows":12,"glyphs":161,"chars":175,"src_px":13512,"dest_px":13512},"m":{"reps":24,"n":15,"min":107692,"med":107763,"max":107778,"mean":107756.8,"sd":23.3},"d":{"ns_iter":4490125,"ns_px":332.31},"q":{"cv":0.02,"spread":0.08,"mhz":360.0,"outliers":0,"flags":[]},"h":"70889db9"} @@01a527f2@@
@@BENCH-RAW@@ {"i":16,"s":[107777,107763,107692,107775,107761,107733,107748,107772,107771,107775,107778,107754,107769,107761,107723]} @@0531476b@@
I (284558) bench: [17/71] c565.fast2.rotcw.sram.async2      4490125 ns/iter  332.31 ns/px  cv 0.02%
@@BENCH-CELL@@ {"t":"cell","i":17,"id":"c565.shader.upright.psram.sync","g":"cube","ax":{"fmt":"565","font":"saira_regular","size":27.0,"ratio":1.5000,"path":"shader/aa","orient":"upright","mem":"psram","rend":"sync","alpha":255,"halign":0,"corpus":0},"w":{"rows":8,"glyphs":92,"chars":100,"src_px":7701,"dest_px":18002},"m":{"reps":1,"n":12,"min":134340,"med":134424,"max":134507,"mean":134422.4,"sd":43.2},"d":{"ns_iter":134424000,"ns_px":7467.17},"q":{"cv":0.03,"spread":0.12,"mhz":360.0,"outliers":0,"flags":[]},"h":"f8db19ed"} @@9eedff10@@
@@BENCH-RAW@@ {"i":17,"s":[134388,134412,134459,134387,134439,134461,134403,134459,134340,134507,134390,134424]} @@e18e9ec7@@
I (286738) bench: [18/71] c565.shader.upright.psram.sync   134424000 ns/iter  7467.17 ns/px  cv 0.03%
@@BENCH-CELL@@ {"t":"cell","i":18,"id":"c565.shader.upright.psram.async2","g":"cube","ax":{"fmt":"565","font":"saira_regular","size":27.0,"ratio":1.5000,"path":"shader/aa","orient":"upright","mem":"psram","rend":"async2","alpha":255,"halign":0,"corpus":0},"w":{"rows":8,"glyphs":92,"chars":100,"src_px":7701,"dest_px":18002},"m":{"reps":2,"n":12,"min":137949,"med":138087,"max":138184,"mean":138054.3,"sd":68.7},"d":{"ns_iter":69043500,"ns_px":3835.32},"q":{"cv":0.05,"spread":0.17,"mhz":360.0,"outliers":0,"flags":[]},"h":"f8db19ed"} @@918a8cf7@@
@@BENCH-RAW@@ {"i":18,"s":[137967,138039,138087,138123,138104,138100,138095,137989,138017,138184,137949,137998]} @@d3a4f026@@
I (288688) bench: [19/71] c565.shader.upright.psram.async2 69043500 ns/iter  3835.32 ns/px  cv 0.05%
@@BENCH-CELL@@ {"t":"cell","i":19,"id":"c565.shader.upright.sram.sync","g":"cube","ax":{"fmt":"565","font":"saira_regular","size":27.0,"ratio":1.5000,"path":"shader/aa","orient":"upright","mem":"sram","rend":"sync","alpha":255,"halign":0,"corpus":0},"w":{"rows":8,"glyphs":92,"chars":100,"src_px":7701,"dest_px":18002},"m":{"reps":1,"n":12,"min":134437,"med":134537,"max":134607,"mean":134521.2,"sd":49.6},"d":{"ns_iter":134537000,"ns_px":7473.45},"q":{"cv":0.04,"spread":0.13,"mhz":360.0,"outliers":0,"flags":[]},"h":"f8db19ed"} @@763776a9@@
@@BENCH-RAW@@ {"i":19,"s":[134607,134552,134583,134437,134505,134552,134458,134537,134455,134539,134512,134517]} @@7664ce90@@
I (290858) bench: [20/71] c565.shader.upright.sram.sync    134537000 ns/iter  7473.45 ns/px  cv 0.04%
@@BENCH-CELL@@ {"t":"cell","i":20,"id":"c565.shader.upright.sram.async2","g":"cube","ax":{"fmt":"565","font":"saira_regular","size":27.0,"ratio":1.5000,"path":"shader/aa","orient":"upright","mem":"sram","rend":"async2","alpha":255,"halign":0,"corpus":0},"w":{"rows":8,"glyphs":92,"chars":100,"src_px":7701,"dest_px":18002},"m":{"reps":2,"n":12,"min":137877,"med":138074,"max":138157,"mean":138047.1,"sd":79.3},"d":{"ns_iter":69037000,"ns_px":3834.96},"q":{"cv":0.06,"spread":0.20,"mhz":360.0,"outliers":0,"flags":[]},"h":"f8db19ed"} @@c42ce3b5@@
@@BENCH-RAW@@ {"i":20,"s":[138045,137966,137877,138040,137960,138128,138086,138157,138074,138007,138087,138138]} @@c497746f@@
I (292818) bench: [21/71] c565.shader.upright.sram.async2  69037000 ns/iter  3834.96 ns/px  cv 0.06%
@@BENCH-CELL@@ {"t":"cell","i":21,"id":"c565.shader.rotcw.psram.sync","g":"cube","ax":{"fmt":"565","font":"saira_regular","size":27.0,"ratio":1.5000,"path":"shader/aa","orient":"rotcw","mem":"psram","rend":"sync","alpha":255,"halign":0,"corpus":0},"w":{"rows":8,"glyphs":92,"chars":100,"src_px":7701,"dest_px":18002},"m":{"reps":1,"n":13,"min":129797,"med":129830,"max":129896,"mean":129837.2,"sd":30.6},"d":{"ns_iter":129830000,"ns_px":7211.98},"q":{"cv":0.02,"spread":0.08,"mhz":360.0,"outliers":0,"flags":[]},"h":"796ae951"} @@ee28dc8f@@
@@BENCH-RAW@@ {"i":21,"s":[129896,129816,129859,129797,129814,129851,129830,129884,129806,129806,129845,129815,129864]} @@d026d8e0@@
I (295048) bench: [22/71] c565.shader.rotcw.psram.sync     129830000 ns/iter  7211.98 ns/px  cv 0.02%
@@BENCH-CELL@@ {"t":"cell","i":22,"id":"c565.shader.rotcw.psram.async2","g":"cube","ax":{"fmt":"565","font":"saira_regular","size":27.0,"ratio":1.5000,"path":"shader/aa","orient":"rotcw","mem":"psram","rend":"async2","alpha":255,"halign":0,"corpus":0},"w":{"rows":8,"glyphs":92,"chars":100,"src_px":7701,"dest_px":18002},"m":{"reps":2,"n":12,"min":136435,"med":136455,"max":136574,"mean":136474.5,"sd":40.1},"d":{"ns_iter":68227500,"ns_px":3790.00},"q":{"cv":0.03,"spread":0.10,"mhz":360.0,"outliers":0,"flags":[]},"h":"796ae951"} @@a3aedbf8@@
@@BENCH-RAW@@ {"i":22,"s":[136574,136447,136504,136446,136455,136450,136518,136443,136442,136487,136493,136435]} @@964b5108@@
I (296978) bench: [23/71] c565.shader.rotcw.psram.async2   68227500 ns/iter  3790.00 ns/px  cv 0.03%
@@BENCH-CELL@@ {"t":"cell","i":23,"id":"c565.shader.rotcw.sram.sync","g":"cube","ax":{"fmt":"565","font":"saira_regular","size":27.0,"ratio":1.5000,"path":"shader/aa","orient":"rotcw","mem":"sram","rend":"sync","alpha":255,"halign":0,"corpus":0},"w":{"rows":8,"glyphs":92,"chars":100,"src_px":7701,"dest_px":18002},"m":{"reps":1,"n":13,"min":129489,"med":129536,"max":129568,"mean":129535.8,"sd":20.6},"d":{"ns_iter":129536000,"ns_px":7195.65},"q":{"cv":0.02,"spread":0.06,"mhz":360.0,"outliers":0,"flags":[]},"h":"796ae951"} @@fcc8e004@@
@@BENCH-RAW@@ {"i":23,"s":[129548,129489,129521,129537,129568,129536,129516,129527,129535,129529,129556,129536,129567]} @@4fb17b8f@@
I (299208) bench: [24/71] c565.shader.rotcw.sram.sync      129536000 ns/iter  7195.65 ns/px  cv 0.02%
@@BENCH-CELL@@ {"t":"cell","i":24,"id":"c565.shader.rotcw.sram.async2","g":"cube","ax":{"fmt":"565","font":"saira_regular","size":27.0,"ratio":1.5000,"path":"shader/aa","orient":"rotcw","mem":"sram","rend":"async2","alpha":255,"halign":0,"corpus":0},"w":{"rows":8,"glyphs":92,"chars":100,"src_px":7701,"dest_px":18002},"m":{"reps":2,"n":12,"min":135794,"med":135839,"max":135913,"mean":135843.2,"sd":33.5},"d":{"ns_iter":67919500,"ns_px":3772.89},"q":{"cv":0.02,"spread":0.09,"mhz":360.0,"outliers":0,"flags":[]},"h":"796ae951"} @@7b0d42fc@@
@@BENCH-RAW@@ {"i":24,"s":[135794,135829,135799,135815,135838,135887,135913,135826,135867,135839,135862,135850]} @@161ff4ab@@
I (301128) bench: [25/71] c565.shader.rotcw.sram.async2    67919500 ns/iter  3772.89 ns/px  cv 0.02%
@@BENCH-CELL@@ {"t":"cell","i":25,"id":"c888.fast1.upright.psram.sync","g":"cube","ax":{"fmt":"888","font":"sky","size":9.0,"ratio":1.0000,"path":"blit/direct","orient":"upright","mem":"psram","rend":"sync","alpha":255,"halign":0,"corpus":0},"w":{"rows":23,"glyphs":373,"chars":397,"src_px":10135,"dest_px":10135},"m":{"reps":40,"n":15,"min":84160,"med":84295,"max":84599,"mean":84338.7,"sd":112.1},"d":{"ns_iter":2107375,"ns_px":207.93},"q":{"cv":0.13,"spread":0.52,"mhz":360.0,"outliers":0,"flags":[]},"h":"601bd481"} @@ec61a093@@
@@BENCH-RAW@@ {"i":25,"s":[84417,84526,84599,84462,84340,84275,84295,84349,84268,84278,84160,84237,84314,84277,84284]} @@2ccbcfdb@@
I (302428) bench: [26/71] c888.fast1.upright.psram.sync     2107375 ns/iter  207.93 ns/px  cv 0.13%
@@BENCH-CELL@@ {"t":"cell","i":26,"id":"c888.fast1.upright.psram.async2","g":"cube","ax":{"fmt":"888","font":"sky","size":9.0,"ratio":1.0000,"path":"blit/direct","orient":"upright","mem":"psram","rend":"async2","alpha":255,"halign":0,"corpus":0},"w":{"rows":23,"glyphs":373,"chars":397,"src_px":10135,"dest_px":10135},"m":{"reps":27,"n":15,"min":100067,"med":100348,"max":100465,"mean":100339.4,"sd":95.5},"d":{"ns_iter":3716592,"ns_px":366.71},"q":{"cv":0.10,"spread":0.40,"mhz":360.0,"outliers":0,"flags":[]},"h":"601bd481"} @@43657789@@
@@BENCH-RAW@@ {"i":26,"s":[100417,100323,100263,100067,100309,100256,100389,100406,100400,100328,100459,100465,100359,100348,100302]} @@a8fe0f57@@
I (303968) bench: [27/71] c888.fast1.upright.psram.async2   3716592 ns/iter  366.71 ns/px  cv 0.10%
@@BENCH-CELL@@ {"t":"cell","i":27,"id":"c888.fast1.upright.sram.sync","g":"cube","ax":{"fmt":"888","font":"sky","size":9.0,"ratio":1.0000,"path":"blit/direct","orient":"upright","mem":"sram","rend":"sync","alpha":255,"halign":0,"corpus":0},"w":{"rows":23,"glyphs":373,"chars":397,"src_px":10135,"dest_px":10135},"m":{"reps":48,"n":15,"min":100909,"med":101082,"max":101185,"mean":101043.3,"sd":90.5},"d":{"ns_iter":2105875,"ns_px":207.78},"q":{"cv":0.09,"spread":0.27,"mhz":360.0,"outliers":0,"flags":[]},"h":"601bd481"} @@d1968d4b@@
@@BENCH-RAW@@ {"i":27,"s":[100909,100914,100923,100967,101088,101134,101106,101105,101140,101185,101082,101074,101097,100996,100930]} @@7e2c5215@@
I (305518) bench: [28/71] c888.fast1.upright.sram.sync      2105875 ns/iter  207.78 ns/px  cv 0.09%
@@BENCH-CELL@@ {"t":"cell","i":28,"id":"c888.fast1.upright.sram.async2","g":"cube","ax":{"fmt":"888","font":"sky","size":9.0,"ratio":1.0000,"path":"blit/direct","orient":"upright","mem":"sram","rend":"async2","alpha":255,"halign":0,"corpus":0},"w":{"rows":23,"glyphs":373,"chars":397,"src_px":10135,"dest_px":10135},"m":{"reps":30,"n":15,"min":111383,"med":111490,"max":111617,"mean":111497.5,"sd":65.8},"d":{"ns_iter":3716333,"ns_px":366.68},"q":{"cv":0.06,"spread":0.21,"mhz":360.0,"outliers":0,"flags":[]},"h":"601bd481"} @@99b01a93@@
@@BENCH-RAW@@ {"i":28,"s":[111606,111450,111617,111544,111479,111385,111500,111502,111490,111557,111487,111489,111383,111534,111440]} @@15573431@@
