@@BENCH-BEGIN@@ {"t":"begin","schema":1,"cells":71,"boot_us":4877706,"reset":3,"build":{"app_git":"f637c01ec378","app_dirty":false,"app_branch":"main","pax_git":"f64f081afb4d","pax_dirty":false,"pax_branch":"opt/text-rendering","idf":"v6.0.2","opt":"Os","app_ver":"f637c01","app_date":"Aug 20 2026 14:23:57"},"hw":{"chip":"esp32p4","rev":103,"cores":2,"cpu_mhz_nom":360,"cpu_mhz_meas":359.99,"l2_kb":128,"l2_line":64,"psram":true},"cfg":{"pm_enable":true,"pm_lock":true,"tick_hz":100,"wdt":false,"pax":{"bounds_check":false,"orientation":true,"async":"multithread","range_setter":true,"range_merger":true,"fixed_point":true,"long_fixed_point":true,"queue_size":32,"sso_len":32}},"mem":{"tile_dim":256,"int_addr":"0x4ff40700","psram_addr":"0x4811a900","int_free":338643,"int_largest":192512,"psram_free":30524228},"bench":{"n_samples":15,"warmup":2,"target_sample_us":110000,"cell_budget_us":2000000,"corpus_ver":1,"join_placement":"per_sample","driver_core":0,"driver_prio":5,"scrub_bytes":524288}} @@b26f4a4e@@
@@BENCH-CELL@@ {"t":"cell","i":0,"id":"drift.first","g":"drift","ax":{"fmt":"888","font":"saira_regular","size":18.0,"ratio":1.0000,"path":"blit/alpha","orient":"rotcw","mem":"psram","rend":"async2","alpha":255,"halign":0,"corpus":0},"w":{"rows":12,"glyphs":161,"chars":175,"src_px":13512,"dest_px":13512},"m":{"reps":25,"n":15,"min":89224,"med":89363,"max":89508,"mean":89362.5,"sd":77.0},"d":{"ns_iter":3574520,"ns_px":264.54},"q":{"cv":0.09,"spread":0.32,"mhz":360.0,"outliers":0,"flags":[]},"h":"de65743c"} @@6cacb40d@@
@@BENCH-RAW@@ {"i":0,"s":[89381,89414,89442,89362,89297,89224,89376,89362,89385,89465,89348,89363,89508,89239,89271]} @@5d5cb60c@@
I (7495) bench: [1/71] drift.first                       3574520 ns/iter  264.54 ns/px  cv 0.09%
@@BENCH-CELL@@ {"t":"cell","i":1,"id":"c565.fast1.upright.psram.sync","g":"cube","ax":{"fmt":"565","font":"sky","size":9.0,"ratio":1.0000,"path":"blit/direct","orient":"upright","mem":"psram","rend":"sync","alpha":255,"halign":0,"corpus":0},"w":{"rows":23,"glyphs":373,"chars":397,"src_px":10135,"dest_px":10135},"m":{"reps":41,"n":15,"min":89975,"med":90184,"max":90318,"mean":90136.3,"sd":113.2},"d":{"ns_iter":2199609,"ns_px":217.03},"q":{"cv":0.13,"spread":0.38,"mhz":360.0,"outliers":0,"flags":[]},"h":"16b7abd1"} @@9b83f458@@
@@BENCH-RAW@@ {"i":1,"s":[90189,90235,90238,90150,90184,90206,90105,89975,89984,89992,90015,89983,90318,90234,90237]} @@3fca6ae7@@
I (8885) bench: [2/71] c565.fast1.upright.psram.sync     2199609 ns/iter  217.03 ns/px  cv 0.13%
@@BENCH-CELL@@ {"t":"cell","i":2,"id":"c565.fast1.upright.psram.async2","g":"cube","ax":{"fmt":"565","font":"sky","size":9.0,"ratio":1.0000,"path":"blit/direct","orient":"upright","mem":"psram","rend":"async2","alpha":255,"halign":0,"corpus":0},"w":{"rows":23,"glyphs":373,"chars":397,"src_px":10135,"dest_px":10135},"m":{"reps":26,"n":15,"min":102915,"med":103089,"max":103288,"mean":103088.3,"sd":100.9},"d":{"ns_iter":3964961,"ns_px":391.21},"q":{"cv":0.10,"spread":0.36,"mhz":360.0,"outliers":0,"flags":[]},"h":"16b7abd1"} @@2f0d0857@@
@@BENCH-RAW@@ {"i":2,"s":[103288,103164,103093,103156,103118,103261,103068,103042,102915,103089,102925,103070,103106,102994,103035]} @@883ccdfb@@
I (10465) bench: [3/71] c565.fast1.upright.psram.async2   3964961 ns/iter  391.21 ns/px  cv 0.10%
@@BENCH-CELL@@ {"t":"cell","i":3,"id":"c565.fast1.upright.sram.sync","g":"cube","ax":{"fmt":"565","font":"sky","size":9.0,"ratio":1.0000,"path":"blit/direct","orient":"upright","mem":"sram","rend":"sync","alpha":255,"halign":0,"corpus":0},"w":{"rows":23,"glyphs":373,"chars":397,"src_px":10135,"dest_px":10135},"m":{"reps":46,"n":15,"min":100972,"med":101153,"max":101305,"mean":101134.8,"sd":96.8},"d":{"ns_iter":2198978,"ns_px":216.97},"q":{"cv":0.10,"spread":0.33,"mhz":360.0,"outliers":0,"flags":[]},"h":"16b7abd1"} @@1e4d6ec3@@
@@BENCH-RAW@@ {"i":3,"s":[101122,101161,101305,101254,101063,101035,100972,101008,101019,101174,101138,101153,101170,101167,101281]} @@8f7bb93c@@
I (12015) bench: [4/71] c565.fast1.upright.sram.sync      2198978 ns/iter  216.97 ns/px  cv 0.10%
@@BENCH-CELL@@ {"t":"cell","i":4,"id":"c565.fast1.upright.sram.async2","g":"cube","ax":{"fmt":"565","font":"sky","size":9.0,"ratio":1.0000,"path":"blit/direct","orient":"upright","mem":"sram","rend":"async2","alpha":255,"halign":0,"corpus":0},"w":{"rows":23,"glyphs":373,"chars":397,"src_px":10135,"dest_px":10135},"m":{"reps":27,"n":15,"min":106666,"med":106764,"max":106940,"mean":106772.0,"sd":71.4},"d":{"ns_iter":3954222,"ns_px":390.16},"q":{"cv":0.07,"spread":0.26,"mhz":360.0,"outliers":0,"flags":[]},"h":"16b7abd1"} @@07ee84c9@@
@@BENCH-RAW@@ {"i":4,"s":[106761,106878,106716,106732,106683,106704,106769,106940,106855,106771,106754,106787,106800,106666,106764]} @@dd5d4423@@
I (13645) bench: [5/71] c565.fast1.upright.sram.async2    3954222 ns/iter  390.16 ns/px  cv 0.07%
@@BENCH-CELL@@ {"t":"cell","i":5,"id":"c565.fast1.rotcw.psram.sync","g":"cube","ax":{"fmt":"565","font":"sky","size":9.0,"ratio":1.0000,"path":"blit/direct","orient":"rotcw","mem":"psram","rend":"sync","alpha":255,"halign":0,"corpus":0},"w":{"rows":23,"glyphs":373,"chars":397,"src_px":10135,"dest_px":10135},"m":{"reps":35,"n":15,"min":77861,"med":78064,"max":78236,"mean":78050.5,"sd":102.6},"d":{"ns_iter":2230400,"ns_px":220.07},"q":{"cv":0.13,"spread":0.48,"mhz":360.0,"outliers":0,"flags":[]},"h":"70d20c11"} @@f042c204@@
@@BENCH-RAW@@ {"i":5,"s":[78095,78130,78090,77861,78064,77945,77997,77977,77924,77959,78050,78070,78183,78236,78176]} @@01554ce4@@
I (14855) bench: [6/71] c565.fast1.rotcw.psram.sync       2230400 ns/iter  220.07 ns/px  cv 0.13%
@@BENCH-CELL@@ {"t":"cell","i":6,"id":"c565.fast1.rotcw.psram.async2","g":"cube","ax":{"fmt":"565","font":"sky","size":9.0,"ratio":1.0000,"path":"blit/direct","orient":"rotcw","mem":"psram","rend":"async2","alpha":255,"halign":0,"corpus":0},"w":{"rows":23,"glyphs":373,"chars":397,"src_px":10135,"dest_px":10135},"m":{"reps":23,"n":15,"min":95077,"med":95203,"max":95346,"mean":95194.1,"sd":84.9},"d":{"ns_iter":4139260,"ns_px":408.41},"q":{"cv":0.09,"spread":0.28,"mhz":360.0,"outliers":0,"flags":[]},"h":"70d20c11"} @@31eb3438@@
@@BENCH-RAW@@ {"i":6,"s":[95343,95346,95267,95155,95233,95203,95240,95213,95244,95081,95077,95128,95184,95108,95089]} @@8c16f6b7@@
I (16315) bench: [7/71] c565.fast1.rotcw.psram.async2     4139260 ns/iter  408.41 ns/px  cv 0.09%
@@BENCH-CELL@@ {"t":"cell","i":7,"id":"c565.fast1.rotcw.sram.sync","g":"cube","ax":{"fmt":"565","font":"sky","size":9.0,"ratio":1.0000,"path":"blit/direct","orient":"rotcw","mem":"sram","rend":"sync","alpha":255,"halign":0,"corpus":0},"w":{"rows":23,"glyphs":373,"chars":397,"src_px":10135,"dest_px":10135},"m":{"reps":45,"n":15,"min":99909,"med":100301,"max":100498,"mean":100259.5,"sd":167.2},"d":{"ns_iter":2228911,"ns_px":219.92},"q":{"cv":0.17,"spread":0.59,"mhz":360.0,"outliers":0,"flags":[]},"h":"70d20c11"} @@237dfb1a@@
@@BENCH-RAW@@ {"i":7,"s":[100392,100383,100498,100317,100445,100278,100353,100376,100301,100227,100091,99909,99939,100232,100151]} @@d9200410@@
I (17855) bench: [8/71] c565.fast1.rotcw.sram.sync        2228911 ns/iter  219.92 ns/px  cv 0.17%
@@BENCH-CELL@@ {"t":"cell","i":8,"id":"c565.fast1.rotcw.sram.async2","g":"cube","ax":{"fmt":"565","font":"sky","size":9.0,"ratio":1.0000,"path":"blit/direct","orient":"rotcw","mem":"sram","rend":"async2","alpha":255,"halign":0,"corpus":0},"w":{"rows":23,"glyphs":373,"chars":397,"src_px":10135,"dest_px":10135},"m":{"reps":27,"n":15,"min":111118,"med":111277,"max":111544,"mean":111297.7,"sd":112.5},"d":{"ns_iter":4121370,"ns_px":406.65},"q":{"cv":0.10,"spread":0.38,"mhz":360.0,"outliers":0,"flags":[]},"h":"70d20c11"} @@92bca5e2@@
@@BENCH-RAW@@ {"i":8,"s":[111320,111544,111225,111277,111255,111308,111161,111118,111254,111366,111237,111498,111338,111376,111189]} @@763815c5@@
I (19555) bench: [9/71] c565.fast1.rotcw.sram.async2      4121370 ns/iter  406.65 ns/px  cv 0.10%
@@BENCH-CELL@@ {"t":"cell","i":9,"id":"c565.fast2.upright.psram.sync","g":"cube","ax":{"fmt":"565","font":"saira_regular","size":18.0,"ratio":1.0000,"path":"blit/alpha","orient":"upright","mem":"psram","rend":"sync","alpha":255,"halign":0,"corpus":0},"w":{"rows":12,"glyphs":161,"chars":175,"src_px":13512,"dest_px":13512},"m":{"reps":27,"n":15,"min":93856,"med":93947,"max":94044,"mean":93937.4,"sd":41.4},"d":{"ns_iter":3479518,"ns_px":257.51},"q":{"cv":0.04,"spread":0.20,"mhz":360.0,"outliers":0,"flags":[]},"h":"ecacce31"} @@adf2e1a3@@
@@BENCH-RAW@@ {"i":9,"s":[93856,93900,93897,93900,93903,94044,93953,93955,93967,93944,93949,93952,93947,93946,93948]} @@3b917876@@
I (21005) bench: [10/71] c565.fast2.upright.psram.sync     3479518 ns/iter  257.51 ns/px  cv 0.04%
@@BENCH-CELL@@ {"t":"cell","i":10,"id":"c565.fast2.upright.psram.async2","g":"cube","ax":{"fmt":"565","font":"saira_regular","size":18.0,"ratio":1.0000,"path":"blit/alpha","orient":"upright","mem":"psram","rend":"async2","alpha":255,"halign":0,"corpus":0},"w":{"rows":12,"glyphs":161,"chars":175,"src_px":13512,"dest_px":13512},"m":{"reps":29,"n":15,"min":92333,"med":92528,"max":92656,"mean":92501.0,"sd":97.6},"d":{"ns_iter":3190620,"ns_px":236.13},"q":{"cv":0.11,"spread":0.35,"mhz":360.0,"outliers":0,"flags":[]},"h":"ecacce31"} @@4e3411f5@@
@@BENCH-RAW@@ {"i":10,"s":[92590,92618,92469,92538,92656,92609,92420,92539,92528,92523,92537,92401,92420,92334,92333]} @@fdbb2676@@
I (22425) bench: [11/71] c565.fast2.upright.psram.async2   3190620 ns/iter  236.13 ns/px  cv 0.11%
@@BENCH-CELL@@ {"t":"cell","i":11,"id":"c565.fast2.upright.sram.sync","g":"cube","ax":{"fmt":"565","font":"saira_regular","size":18.0,"ratio":1.0000,"path":"blit/alpha","orient":"upright","mem":"sram","rend":"sync","alpha":255,"halign":0,"corpus":0},"w":{"rows":12,"glyphs":161,"chars":175,"src_px":13512,"dest_px":13512},"m":{"reps":30,"n":15,"min":104397,"med":104425,"max":104504,"mean":104434.3,"sd":34.8},"d":{"ns_iter":3480833,"ns_px":257.61},"q":{"cv":0.03,"spread":0.10,"mhz":360.0,"outliers":0,"flags":[]},"h":"ecacce31"} @@56b92403@@
@@BENCH-RAW@@ {"i":11,"s":[104397,104482,104458,104453,104425,104404,104504,104409,104404,104398,104453,104486,104432,104411,104398]} @@80666bb3@@
I (24025) bench: [12/71] c565.fast2.upright.sram.sync      3480833 ns/iter  257.61 ns/px  cv 0.03%
@@BENCH-CELL@@ {"t":"cell","i":12,"id":"c565.fast2.upright.sram.async2","g":"cube","ax":{"fmt":"565","font":"saira_regular","size":18.0,"ratio":1.0000,"path":"blit/alpha","orient":"upright","mem":"sram","rend":"async2","alpha":255,"halign":0,"corpus":0},"w":{"rows":12,"glyphs":161,"chars":175,"src_px":13512,"dest_px":13512},"m":{"reps":33,"n":15,"min":105207,"med":105332,"max":105462,"mean":105322.1,"sd":70.5},"d":{"ns_iter":3191878,"ns_px":236.23},"q":{"cv":0.07,"spread":0.24,"mhz":360.0,"outliers":0,"flags":[]},"h":"ecacce31"} @@b8d30524@@
@@BENCH-RAW@@ {"i":12,"s":[105226,105420,105339,105349,105462,105354,105396,105350,105320,105303,105332,105207,105243,105238,105292]} @@b999d994@@
I (25645) bench: [13/71] c565.fast2.upright.sram.async2    3191878 ns/iter  236.23 ns/px  cv 0.07%
@@BENCH-CELL@@ {"t":"cell","i":13,"id":"c565.fast2.rotcw.psram.sync","g":"cube","ax":{"fmt":"565","font":"saira_regular","size":18.0,"ratio":1.0000,"path":"blit/alpha","orient":"rotcw","mem":"psram","rend":"sync","alpha":255,"halign":0,"corpus":0},"w":{"rows":12,"glyphs":161,"chars":175,"src_px":13512,"dest_px":13512},"m":{"reps":25,"n":15,"min":88026,"med":88067,"max":88245,"mean":88086.3,"sd":56.0},"d":{"ns_iter":3522680,"ns_px":260.71},"q":{"cv":0.06,"spread":0.25,"mhz":360.0,"outliers":0,"flags":[]},"h":"70889db9"} @@b816467d@@
@@BENCH-RAW@@ {"i":13,"s":[88152,88097,88114,88085,88097,88131,88245,88064,88027,88063,88067,88038,88034,88055,88026]} @@ed4676e0@@
I (27005) bench: [14/71] c565.fast2.rotcw.psram.sync       3522680 ns/iter  260.71 ns/px  cv 0.06%
@@BENCH-CELL@@ {"t":"cell","i":14,"id":"c565.fast2.rotcw.psram.async2","g":"cube","ax":{"fmt":"565","font":"saira_regular","size":18.0,"ratio":1.0000,"path":"blit/alpha","orient":"rotcw","mem":"psram","rend":"async2","alpha":255,"halign":0,"corpus":0},"w":{"rows":12,"glyphs":161,"chars":175,"src_px":13512,"dest_px":13512},"m":{"reps":26,"n":15,"min":90125,"med":90229,"max":90462,"mean":90244.2,"sd":81.7},"d":{"ns_iter":3470346,"ns_px":256.83},"q":{"cv":0.09,"spread":0.37,"mhz":360.0,"outliers":0,"flags":[]},"h":"70889db9"} @@5009f0a7@@
@@BENCH-RAW@@ {"i":14,"s":[90252,90192,90462,90348,90300,90229,90165,90266,90197,90197,90246,90125,90183,90308,90193]} @@739d813b@@
I (28395) bench: [15/71] c565.fast2.rotcw.psram.async2     3470346 ns/iter  256.83 ns/px  cv 0.09%
@@BENCH-CELL@@ {"t":"cell","i":15,"id":"c565.fast2.rotcw.sram.sync","g":"cube","ax":{"fmt":"565","font":"saira_regular","size":18.0,"ratio":1.0000,"path":"blit/alpha","orient":"rotcw","mem":"sram","rend":"sync","alpha":255,"halign":0,"corpus":0},"w":{"rows":12,"glyphs":161,"chars":175,"src_px":13512,"dest_px":13512},"m":{"reps":30,"n":15,"min":105153,"med":105212,"max":105359,"mean":105220.5,"sd":46.8},"d":{"ns_iter":3507066,"ns_px":259.55},"q":{"cv":0.04,"spread":0.20,"mhz":360.0,"outliers":0,"flags":[]},"h":"70889db9"} @@a871fc95@@
@@BENCH-RAW@@ {"i":15,"s":[105174,105153,105205,105185,105195,105204,105226,105233,105183,105359,105242,105212,105236,105236,105264]} @@815c985b@@
I (30005) bench: [16/71] c565.fast2.rotcw.sram.sync        3507066 ns/iter  259.55 ns/px  cv 0.04%
@@BENCH-CELL@@ {"t":"cell","i":16,"id":"c565.fast2.rotcw.sram.async2","g":"cube","ax":{"fmt":"565","font":"saira_regular","size":18.0,"ratio":1.0000,"path":"blit/alpha","orient":"rotcw","mem":"sram","rend":"async2","alpha":255,"halign":0,"corpus":0},"w":{"rows":12,"glyphs":161,"chars":175,"src_px":13512,"dest_px":13512},"m":{"reps":30,"n":15,"min":102633,"med":102680,"max":102893,"mean":102709.0,"sd":71.5},"d":{"ns_iter":3422666,"ns_px":253.31},"q":{"cv":0.07,"spread":0.25,"mhz":360.0,"outliers":0,"flags":[]},"h":"70889db9"} @@b83db915@@
@@BENCH-RAW@@ {"i":16,"s":[102640,102820,102893,102761,102687,102744,102641,102747,102680,102660,102679,102633,102646,102677,102727]} @@1df9c8d6@@
I (31575) bench: [17/71] c565.fast2.rotcw.sram.async2      3422666 ns/iter  253.31 ns/px  cv 0.07%
@@BENCH-CELL@@ {"t":"cell","i":17,"id":"c565.shader.upright.psram.sync","g":"cube","ax":{"fmt":"565","font":"saira_regular","size":27.0,"ratio":1.5000,"path":"shader/aa","orient":"upright","mem":"psram","rend":"sync","alpha":255,"halign":0,"corpus":0},"w":{"rows":8,"glyphs":92,"chars":100,"src_px":7701,"dest_px":18002},"m":{"reps":4,"n":12,"min":138254,"med":138425,"max":138564,"mean":138420.5,"sd":86.6},"d":{"ns_iter":34606250,"ns_px":1922.36},"q":{"cv":0.06,"spread":0.22,"mhz":360.0,"outliers":0,"flags":[]},"h":"f8db19ed"} @@5b9cdba7@@
@@BENCH-RAW@@ {"i":17,"s":[138564,138371,138254,138296,138427,138424,138434,138512,138537,138382,138420,138425]} @@49915c1b@@
I (33405) bench: [18/71] c565.shader.upright.psram.sync   34606250 ns/iter  1922.36 ns/px  cv 0.06%
@@BENCH-CELL@@ {"t":"cell","i":18,"id":"c565.shader.upright.psram.async2","g":"cube","ax":{"fmt":"565","font":"saira_regular","size":27.0,"ratio":1.5000,"path":"shader/aa","orient":"upright","mem":"psram","rend":"async2","alpha":255,"halign":0,"corpus":0},"w":{"rows":8,"glyphs":92,"chars":100,"src_px":7701,"dest_px":18002},"m":{"reps":6,"n":14,"min":113513,"med":113842,"max":114030,"mean":113823.2,"sd":165.3},"d":{"ns_iter":18973666,"ns_px":1053.98},"q":{"cv":0.15,"spread":0.45,"mhz":360.0,"outliers":0,"flags":[]},"h":"f8db19ed"} @@c85f1b01@@
@@BENCH-RAW@@ {"i":18,"s":[113931,113717,113593,113513,114030,113832,113973,113842,113979,113983,114023,113626,113780,113703]} @@9943e6fb@@
I (35095) bench: [19/71] c565.shader.upright.psram.async2 18973666 ns/iter  1053.98 ns/px  cv 0.15%
@@BENCH-CELL@@ {"t":"cell","i":19,"id":"c565.shader.upright.sram.sync","g":"cube","ax":{"fmt":"565","font":"saira_regular","size":27.0,"ratio":1.5000,"path":"shader/aa","orient":"upright","mem":"sram","rend":"sync","alpha":255,"halign":0,"corpus":0},"w":{"rows":8,"glyphs":92,"chars":100,"src_px":7701,"dest_px":18002},"m":{"reps":4,"n":12,"min":138342,"med":138535,"max":138714,"mean":138521.2,"sd":90.5},"d":{"ns_iter":34633750,"ns_px":1923.88},"q":{"cv":0.07,"spread":0.27,"mhz":360.0,"outliers":0,"flags":[]},"h":"f8db19ed"} @@98c80103@@
@@BENCH-RAW@@ {"i":19,"s":[138470,138419,138476,138342,138537,138535,138596,138531,138494,138537,138604,138714]} @@1f40c467@@
I (36915) bench: [20/71] c565.shader.upright.sram.sync    34633750 ns/iter  1923.88 ns/px  cv 0.07%
@@BENCH-CELL@@ {"t":"cell","i":20,"id":"c565.shader.upright.sram.async2","g":"cube","ax":{"fmt":"565","font":"saira_regular","size":27.0,"ratio":1.5000,"path":"shader/aa","orient":"upright","mem":"sram","rend":"async2","alpha":255,"halign":0,"corpus":0},"w":{"rows":8,"glyphs":92,"chars":100,"src_px":7701,"dest_px":18002},"m":{"reps":6,"n":15,"min":113111,"med":113698,"max":113843,"mean":113651.2,"sd":168.0},"d":{"ns_iter":18949666,"ns_px":1052.64},"q":{"cv":0.15,"spread":0.64,"mhz":360.0,"outliers":0,"flags":[]},"h":"f8db19ed"} @@43c9b1d2@@
@@BENCH-RAW@@ {"i":20,"s":[113585,113686,113770,113614,113719,113843,113682,113724,113814,113111,113730,113698,113571,113706,113515]} @@0053dde4@@
I (38715) bench: [21/71] c565.shader.upright.sram.async2  18949666 ns/iter  1052.64 ns/px  cv 0.15%
@@BENCH-CELL@@ {"t":"cell","i":21,"id":"c565.shader.rotcw.psram.sync","g":"cube","ax":{"fmt":"565","font":"saira_regular","size":27.0,"ratio":1.5000,"path":"shader/aa","orient":"rotcw","mem":"psram","rend":"sync","alpha":255,"halign":0,"corpus":0},"w":{"rows":8,"glyphs":92,"chars":100,"src_px":7701,"dest_px":18002},"m":{"reps":3,"n":15,"min":109425,"med":109464,"max":109632,"mean":109481.5,"sd":47.7},"d":{"ns_iter":36488000,"ns_px":2026.89},"q":{"cv":0.04,"spread":0.19,"mhz":360.0,"outliers":0,"flags":[]},"h":"796ae951"} @@f739d255@@
@@BENCH-RAW@@ {"i":21,"s":[109493,109632,109496,109459,109435,109425,109458,109447,109500,109517,109450,109464,109497,109462,109487]} @@37620161@@
I (40535) bench: [22/71] c565.shader.rotcw.psram.sync     36488000 ns/iter  2026.89 ns/px  cv 0.04%
@@BENCH-CELL@@ {"t":"cell","i":22,"id":"c565.shader.rotcw.psram.async2","g":"cube","ax":{"fmt":"565","font":"saira_regular","size":27.0,"ratio":1.5000,"path":"shader/aa","orient":"rotcw","mem":"psram","rend":"async2","alpha":255,"halign":0,"corpus":0},"w":{"rows":8,"glyphs":92,"chars":100,"src_px":7701,"dest_px":18002},"m":{"reps":6,"n":13,"min":122626,"med":122803,"max":122968,"mean":122805.2,"sd":82.2},"d":{"ns_iter":20467166,"ns_px":1136.94},"q":{"cv":0.07,"spread":0.28,"mhz":360.0,"outliers":0,"flags":[]},"h":"796ae951"} @@b7b9ee3e@@
@@BENCH-RAW@@ {"i":22,"s":[122968,122803,122826,122626,122753,122919,122835,122794,122803,122873,122765,122758,122744]} @@3b0eb0bd@@
I (42235) bench: [23/71] c565.shader.rotcw.psram.async2   20467166 ns/iter  1136.94 ns/px  cv 0.07%
@@BENCH-CELL@@ {"t":"cell","i":23,"id":"c565.shader.rotcw.sram.sync","g":"cube","ax":{"fmt":"565","font":"saira_regular","size":27.0,"ratio":1.5000,"path":"shader/aa","orient":"rotcw","mem":"sram","rend":"sync","alpha":255,"halign":0,"corpus":0},"w":{"rows":8,"glyphs":92,"chars":100,"src_px":7701,"dest_px":18002},"m":{"reps":3,"n":15,"min":108771,"med":108786,"max":108902,"mean":108806.3,"sd":40.1},"d":{"ns_iter":36262000,"ns_px":2014.33},"q":{"cv":0.04,"spread":0.12,"mhz":360.0,"outliers":0,"flags":[]},"h":"796ae951"} @@6392664d@@
@@BENCH-RAW@@ {"i":23,"s":[108838,108775,108773,108786,108779,108782,108771,108790,108811,108776,108783,108826,108902,108888,108815]} @@cf7d751f@@
I (44035) bench: [24/71] c565.shader.rotcw.sram.sync      36262000 ns/iter  2014.33 ns/px  cv 0.04%
@@BENCH-CELL@@ {"t":"cell","i":24,"id":"c565.shader.rotcw.sram.async2","g":"cube","ax":{"fmt":"565","font":"saira_regular","size":27.0,"ratio":1.5000,"path":"shader/aa","orient":"rotcw","mem":"sram","rend":"async2","alpha":255,"halign":0,"corpus":0},"w":{"rows":8,"glyphs":92,"chars":100,"src_px":7701,"dest_px":18002},"m":{"reps":6,"n":14,"min":121084,"med":121177,"max":121360,"mean":121178.6,"sd":65.8},"d":{"ns_iter":20196166,"ns_px":1121.88},"q":{"cv":0.05,"spread":0.23,"mhz":360.0,"outliers":0,"flags":[]},"h":"796ae951"} @@f6258593@@
@@BENCH-RAW@@ {"i":24,"s":[121181,121231,121174,121156,121360,121099,121084,121206,121177,121187,121174,121094,121167,121211]} @@09fbb273@@
I (45835) bench: [25/71] c565.shader.rotcw.sram.async2    20196166 ns/iter  1121.88 ns/px  cv 0.05%
@@BENCH-CELL@@ {"t":"cell","i":25,"id":"c888.fast1.upright.psram.sync","g":"cube","ax":{"fmt":"888","font":"sky","size":9.0,"ratio":1.0000,"path":"blit/direct","orient":"upright","mem":"psram","rend":"sync","alpha":255,"halign":0,"corpus":0},"w":{"rows":23,"glyphs":373,"chars":397,"src_px":10135,"dest_px":10135},"m":{"reps":37,"n":15,"min":85511,"med":85545,"max":85731,"mean":85585.8,"sd":75.9},"d":{"ns_iter":2312027,"ns_px":228.12},"q":{"cv":0.09,"spread":0.26,"mhz":360.0,"outliers":0,"flags":[]},"h":"601bd481"} @@494741e6@@
@@BENCH-RAW@@ {"i":25,"s":[85714,85715,85731,85581,85541,85511,85545,85574,85542,85518,85590,85652,85544,85517,85512]} @@3e056030@@
I (47155) bench: [26/71] c888.fast1.upright.psram.sync     2312027 ns/iter  228.12 ns/px  cv 0.09%
@@BENCH-CELL@@ {"t":"cell","i":26,"id":"c888.fast1.upright.psram.async2","g":"cube","ax":{"fmt":"888","font":"sky","size":9.0,"ratio":1.0000,"path":"blit/direct","orient":"upright","mem":"psram","rend":"async2","alpha":255,"halign":0,"corpus":0},"w":{"rows":23,"glyphs":373,"chars":397,"src_px":10135,"dest_px":10135},"m":{"reps":25,"n":15,"min":100344,"med":100456,"max":100662,"mean":100461.8,"sd":84.7},"d":{"ns_iter":4018240,"ns_px":396.47},"q":{"cv":0.08,"spread":0.32,"mhz":360.0,"outliers":0,"flags":[]},"h":"601bd481"} @@653990d1@@
@@BENCH-RAW@@ {"i":26,"s":[100582,100507,100468,100451,100479,100456,100551,100662,100414,100396,100407,100344,100480,100365,100365]} @@30458f9d@@
I (48705) bench: [27/71] c888.fast1.upright.psram.async2   4018240 ns/iter  396.47 ns/px  cv 0.08%
@@BENCH-CELL@@ {"t":"cell","i":27,"id":"c888.fast1.upright.sram.sync","g":"cube","ax":{"fmt":"888","font":"sky","size":9.0,"ratio":1.0000,"path":"blit/direct","orient":"upright","mem":"sram","rend":"sync","alpha":255,"halign":0,"corpus":0},"w":{"rows":23,"glyphs":373,"chars":397,"src_px":10135,"dest_px":10135},"m":{"reps":44,"n":15,"min":101756,"med":102065,"max":102310,"mean":102065.1,"sd":187.5},"d":{"ns_iter":2319659,"ns_px":228.88},"q":{"cv":0.18,"spread":0.54,"mhz":360.0,"outliers":0,"flags":[]},"h":"601bd481"} @@ac3d8aa4@@
@@BENCH-RAW@@ {"i":27,"s":[102051,102127,102241,102218,102291,102248,102310,102288,102065,101756,101883,101875,101859,101869,101895]} @@ee8d8e30@@
I (50265) bench: [28/71] c888.fast1.upright.sram.sync      2319659 ns/iter  228.88 ns/px  cv 0.18%
@@BENCH-CELL@@ {"t":"cell","i":28,"id":"c888.fast1.upright.sram.async2","g":"cube","ax":{"fmt":"888","font":"sky","size":9.0,"ratio":1.0000,"path":"blit/direct","orient":"upright","mem":"sram","rend":"async2","alpha":255,"halign":0,"corpus":0},"w":{"rows":23,"glyphs":373,"chars":397,"src_px":10135,"dest_px":10135},"m":{"reps":28,"n":15,"min":112295,"med":112379,"max":112478,"mean":112375.9,"sd":59.2},"d":{"ns_iter":4013535,"ns_px":396.01},"q":{"cv":0.05,"spread":0.16,"mhz":360.0,"outliers":0,"flags":[]},"h":"601bd481"} @@193bc73a@@
@@BENCH-RAW@@ {"i":28,"s":[112450,112458,112379,112363,112427,112478,112330,112295,112352,112301,112303,112304,112406,112387,112405]} @@87aed8a4@@
I (51985) bench: [29/71] c888.fast1.upright.sram.async2    4013535 ns/iter  396.01 ns/px  cv 0.05%
@@BENCH-CELL@@ {"t":"cell","i":29,"id":"c888.fast1.rotcw.psram.sync","g":"cube","ax":{"fmt":"888","font":"sky","size":9.0,"ratio":1.0000,"path":"blit/direct","orient":"rotcw","mem":"psram","rend":"sync","alpha":255,"halign":0,"corpus":0},"w":{"rows":23,"glyphs":373,"chars":397,"src_px":10135,"dest_px":10135},"m":{"reps":33,"n":15,"min":85874,"med":86017,"max":86239,"mean":86044.1,"sd":107.8},"d":{"ns_iter":2606575,"ns_px":257.19},"q":{"cv":0.13,"spread":0.42,"mhz":360.0,"outliers":0,"flags":[]},"h":"333c04c9"} @@2b341854@@
@@BENCH-RAW@@ {"i":29,"s":[85929,86017,86067,86015,86210,86204,86117,85990,85874,85982,86100,86239,86047,85932,85938]} @@c2c63aa0@@
I (53315) bench: [30/71] c888.fast1.rotcw.psram.sync       2606575 ns/iter  257.19 ns/px  cv 0.13%
@@BENCH-CELL@@ {"t":"cell","i":30,"id":"c888.fast1.rotcw.psram.async2","g":"cube","ax":{"fmt":"888","font":"sky","size":9.0,"ratio":1.0000,"path":"blit/direct","orient":"rotcw","mem":"psram","rend":"async2","alpha":255,"halign":0,"corpus":0},"w":{"rows":23,"glyphs":373,"chars":397,"src_px":10135,"dest_px":10135},"m":{"reps":22,"n":15,"min":97350,"med":97548,"max":97734,"mean":97531.1,"sd":121.9},"d":{"ns_iter":4434000,"ns_px":437.49},"q":{"cv":0.12,"spread":0.39,"mhz":360.0,"outliers":0,"flags":[]},"h":"333c04c9"} @@91754560@@
@@BENCH-RAW@@ {"i":30,"s":[97633,97548,97572,97678,97350,97403,97734,97529,97407,97733,97555,97391,97387,97498,97548]} @@15f388b9@@
I (54825) bench: [31/71] c888.fast1.rotcw.psram.async2     4434000 ns/iter  437.49 ns/px  cv 0.12%
@@BENCH-CELL@@ {"t":"cell","i":31,"id":"c888.fast1.rotcw.sram.sync","g":"cube","ax":{"fmt":"888","font":"sky","size":9.0,"ratio":1.0000,"path":"blit/direct","orient":"rotcw","mem":"sram","rend":"sync","alpha":255,"halign":0,"corpus":0},"w":{"rows":23,"glyphs":373,"chars":397,"src_px":10135,"dest_px":10135},"m":{"reps":44,"n":15,"min":103223,"med":103420,"max":103506,"mean":103407.7,"sd":82.0},"d":{"ns_iter":2350454,"ns_px":231.91},"q":{"cv":0.08,"spread":0.27,"mhz":360.0,"outliers":0,"flags":[]},"h":"333c04c9"} @@4e01e1b8@@
@@BENCH-RAW@@ {"i":31,"s":[103506,103502,103275,103223,103339,103388,103346,103475,103501,103484,103420,103443,103409,103427,103377]} @@14627cce@@
I (56415) bench: [32/71] c888.fast1.rotcw.sram.sync        2350454 ns/iter  231.91 ns/px  cv 0.08%
@@BENCH-CELL@@ {"t":"cell","i":32,"id":"c888.fast1.rotcw.sram.async2","g":"cube","ax":{"fmt":"888","font":"sky","size":9.0,"ratio":1.0000,"path":"blit/direct","orient":"rotcw","mem":"sram","rend":"async2","alpha":255,"halign":0,"corpus":0},"w":{"rows":23,"glyphs":373,"chars":397,"src_px":10135,"dest_px":10135},"m":{"reps":27,"n":15,"min":112535,"med":112653,"max":112811,"mean":112651.1,"sd":80.2},"d":{"ns_iter":4172333,"ns_px":411.68},"q":{"cv":0.07,"spread":0.25,"mhz":360.0,"outliers":0,"flags":[]},"h":"333c04c9"} @@c38859f6@@
@@BENCH-RAW@@ {"i":32,"s":[112687,112705,112701,112785,112684,112811,112602,112535,112635,112653,112619,112675,112546,112539,112589]} @@bbc9c4dd@@
I (58135) bench: [33/71] c888.fast1.rotcw.sram.async2      4172333 ns/iter  411.68 ns/px  cv 0.07%
@@BENCH-CELL@@ {"t":"cell","i":33,"id":"c888.fast2.upright.psram.sync","g":"cube","ax":{"fmt":"888","font":"saira_regular","size":18.0,"ratio":1.0000,"path":"blit/alpha","orient":"upright","mem":"psram","rend":"sync","alpha":255,"halign":0,"corpus":0},"w":{"rows":12,"glyphs":161,"chars":175,"src_px":13512,"dest_px":13512},"m":{"reps":26,"n":15,"min":89647,"med":89721,"max":89838,"mean":89724.1,"sd":39.4},"d":{"ns_iter":3450807,"ns_px":255.39},"q":{"cv":0.04,"spread":0.21,"mhz":360.0,"outliers":0,"flags":[]},"h":"34ac5a26"} @@82328bdd@@
@@BENCH-RAW@@ {"i":33,"s":[89647,89721,89727,89720,89733,89738,89717,89730,89721,89838,89758,89717,89705,89713,89676]} @@39c4134f@@
I (59525) bench: [34/71] c888.fast2.upright.psram.sync     3450807 ns/iter  255.39 ns/px  cv 0.04%
@@BENCH-CELL@@ {"t":"cell","i":34,"id":"c888.fast2.upright.psram.async2","g":"cube","ax":{"fmt":"888","font":"saira_regular","size":18.0,"ratio":1.0000,"path":"blit/alpha","orient":"upright","mem":"psram","rend":"async2","alpha":255,"halign":0,"corpus":0},"w":{"rows":12,"glyphs":161,"chars":175,"src_px":13512,"dest_px":13512},"m":{"reps":28,"n":15,"min":88796,"med":88919,"max":89000,"mean":88910.7,"sd":54.0},"d":{"ns_iter":3175678,"ns_px":235.03},"q":{"cv":0.06,"spread":0.23,"mhz":360.0,"outliers":0,"flags":[]},"h":"34ac5a26"} @@758eff50@@
@@BENCH-RAW@@ {"i":34,"s":[88986,88933,88919,88860,88796,89000,88855,88954,88922,88896,88892,88909,88844,88970,88924]} @@fc273e1d@@
I (60905) bench: [35/71] c888.fast2.upright.psram.async2   3175678 ns/iter  235.03 ns/px  cv 0.06%
@@BENCH-CELL@@ {"t":"cell","i":35,"id":"c888.fast2.upright.sram.sync","g":"cube","ax":{"fmt":"888","font":"saira_regular","size":18.0,"ratio":1.0000,"path":"blit/alpha","orient":"upright","mem":"sram","rend":"sync","alpha":255,"halign":0,"corpus":0},"w":{"rows":12,"glyphs":161,"chars":175,"src_px":13512,"dest_px":13512},"m":{"reps":30,"n":15,"min":103557,"med":103617,"max":103688,"mean":103616.1,"sd":29.5},"d":{"ns_iter":3453900,"ns_px":255.62},"q":{"cv":0.03,"spread":0.13,"mhz":360.0,"outliers":0,"flags":[]},"h":"34ac5a26"} @@04bc2f72@@
@@BENCH-RAW@@ {"i":35,"s":[103557,103688,103573,103591,103614,103652,103608,103630,103617,103612,103630,103620,103623,103606,103620]} @@aaca9c5a@@
I (62495) bench: [36/71] c888.fast2.upright.sram.sync      3453900 ns/iter  255.62 ns/px  cv 0.03%
@@BENCH-CELL@@ {"t":"cell","i":36,"id":"c888.fast2.upright.sram.async2","g":"cube","ax":{"fmt":"888","font":"saira_regular","size":18.0,"ratio":1.0000,"path":"blit/alpha","orient":"upright","mem":"sram","rend":"async2","alpha":255,"halign":0,"corpus":0},"w":{"rows":12,"glyphs":161,"chars":175,"src_px":13512,"dest_px":13512},"m":{"reps":33,"n":15,"min":104698,"med":104781,"max":104877,"mean":104778.0,"sd":50.6},"d":{"ns_iter":3175181,"ns_px":234.99},"q":{"cv":0.05,"spread":0.17,"mhz":360.0,"outliers":0,"flags":[]},"h":"34ac5a26"} @@5c78938f@@
@@BENCH-RAW@@ {"i":36,"s":[104761,104807,104782,104788,104770,104877,104761,104781,104713,104698,104831,104835,104831,104708,104727]} @@f623abb5@@
I (64105) bench: [37/71] c888.fast2.upright.sram.async2    3175181 ns/iter  234.99 ns/px  cv 0.05%
@@BENCH-CELL@@ {"t":"cell","i":37,"id":"c888.fast2.rotcw.psram.sync","g":"cube","ax":{"fmt":"888","font":"saira_regular","size":18.0,"ratio":1.0000,"path":"blit/alpha","orient":"rotcw","mem":"psram","rend":"sync","alpha":255,"halign":0,"corpus":0},"w":{"rows":12,"glyphs":161,"chars":175,"src_px":13512,"dest_px":13512},"m":{"reps":24,"n":15,"min":87061,"med":87191,"max":87481,"mean":87197.0,"sd":94.6},"d":{"ns_iter":3632958,"ns_px":268.87},"q":{"cv":0.11,"spread":0.48,"mhz":360.0,"outliers":0,"flags":[]},"h":"de65743c"} @@b49588d1@@
@@BENCH-RAW@@ {"i":37,"s":[87481,87141,87157,87226,87191,87189,87192,87196,87177,87073,87061,87137,87289,87230,87215]} @@9b3c4425@@
I (65455) bench: [38/71] c888.fast2.rotcw.psram.sync       3632958 ns/iter  268.87 ns/px  cv 0.11%
@@BENCH-CELL@@ {"t":"cell","i":38,"id":"c888.fast2.rotcw.psram.async2","g":"cube","ax":{"fmt":"888","font":"saira_regular","size":18.0,"ratio":1.0000,"path":"blit/alpha","orient":"rotcw","mem":"psram","rend":"async2","alpha":255,"halign":0,"corpus":0},"w":{"rows":12,"glyphs":161,"chars":175,"src_px":13512,"dest_px":13512},"m":{"reps":25,"n":15,"min":89684,"med":89897,"max":90031,"mean":89880.0,"sd":87.0},"d":{"ns_iter":3595880,"ns_px":266.12},"q":{"cv":0.10,"spread":0.39,"mhz":360.0,"outliers":0,"flags":[]},"h":"de65743c"} @@f4b9f9be@@
@@BENCH-RAW@@ {"i":38,"s":[89775,90005,89805,89903,89925,89897,89909,90031,89951,89835,89684,89835,89839,89856,89950]} @@9890c1ae@@
I (66845) bench: [39/71] c888.fast2.rotcw.psram.async2     3595880 ns/iter  266.12 ns/px  cv 0.10%
@@BENCH-CELL@@ {"t":"cell","i":39,"id":"c888.fast2.rotcw.sram.sync","g":"cube","ax":{"fmt":"888","font":"saira_regular","size":18.0,"ratio":1.0000,"path":"blit/alpha","orient":"rotcw","mem":"sram","rend":"sync","alpha":255,"halign":0,"corpus":0},"w":{"rows":12,"glyphs":161,"chars":175,"src_px":13512,"dest_px":13512},"m":{"reps":30,"n":15,"min":104128,"med":104167,"max":104270,"mean":104182.7,"sd":41.1},"d":{"ns_iter":3472233,"ns_px":256.97},"q":{"cv":0.04,"spread":0.14,"mhz":360.0,"outliers":0,"flags":[]},"h":"de65743c"} @@9a09baa0@@
@@BENCH-RAW@@ {"i":39,"s":[104128,104137,104147,104270,104153,104186,104159,104159,104148,104167,104180,104220,104234,104230,104223]} @@1c397159@@
I (68445) bench: [40/71] c888.fast2.rotcw.sram.sync        3472233 ns/iter  256.97 ns/px  cv 0.04%
@@BENCH-CELL@@ {"t":"cell","i":40,"id":"c888.fast2.rotcw.sram.async2","g":"cube","ax":{"fmt":"888","font":"saira_regular","size":18.0,"ratio":1.0000,"path":"blit/alpha","orient":"rotcw","mem":"sram","rend":"async2","alpha":255,"halign":0,"corpus":0},"w":{"rows":12,"glyphs":161,"chars":175,"src_px":13512,"dest_px":13512},"m":{"reps":31,"n":15,"min":105254,"med":105430,"max":105539,"mean":105414.5,"sd":74.8},"d":{"ns_iter":3400967,"ns_px":251.70},"q":{"cv":0.07,"spread":0.27,"mhz":360.0,"outliers":0,"flags":[]},"h":"de65743c"} @@50d543fc@@
@@BENCH-RAW@@ {"i":40,"s":[105254,105302,105335,105474,105468,105466,105514,105539,105433,105435,105404,105406,105356,105430,105402]} @@9a20e9f3@@
I (70055) bench: [41/71] c888.fast2.rotcw.sram.async2      3400967 ns/iter  251.70 ns/px  cv 0.07%
@@BENCH-CELL@@ {"t":"cell","i":41,"id":"c888.shader.upright.psram.sync","g":"cube","ax":{"fmt":"888","font":"saira_regular","size":27.0,"ratio":1.5000,"path":"shader/aa","orient":"upright","mem":"psram","rend":"sync","alpha":255,"halign":0,"corpus":0},"w":{"rows":8,"glyphs":92,"chars":100,"src_px":7701,"dest_px":18002},"m":{"reps":4,"n":12,"min":135514,"med":135834,"max":136117,"mean":135823.2,"sd":231.0},"d":{"ns_iter":33958500,"ns_px":1886.37},"q":{"cv":0.17,"spread":0.44,"mhz":360.0,"outliers":0,"flags":[]},"h":"839de335"} @@e2a5f5de@@
@@BENCH-RAW@@ {"i":41,"s":[135631,135685,135514,135745,135834,135547,135543,136104,136072,136000,136086,136117]} @@f78c4f18@@
I (71855) bench: [42/71] c888.shader.upright.psram.sync   33958500 ns/iter  1886.37 ns/px  cv 0.17%
@@BENCH-CELL@@ {"t":"cell","i":42,"id":"c888.shader.upright.psram.async2","g":"cube","ax":{"fmt":"888","font":"saira_regular","size":27.0,"ratio":1.5000,"path":"shader/aa","orient":"upright","mem":"psram","rend":"async2","alpha":255,"halign":0,"corpus":0},"w":{"rows":8,"glyphs":92,"chars":100,"src_px":7701,"dest_px":18002},"m":{"reps":6,"n":14,"min":111167,"med":111705,"max":111848,"mean":111648.8,"sd":191.5},"d":{"ns_iter":18617500,"ns_px":1034.19},"q":{"cv":0.17,"spread":0.61,"mhz":360.0,"outliers":0,"flags":[]},"h":"839de335"} @@b92cd0c6@@
@@BENCH-RAW@@ {"i":42,"s":[111787,111613,111622,111616,111660,111705,111669,111761,111848,111274,111744,111773,111844,111167]} @@cde90456@@
I (73525) bench: [43/71] c888.shader.upright.psram.async2 18617500 ns/iter  1034.19 ns/px  cv 0.17%
@@BENCH-CELL@@ {"t":"cell","i":43,"id":"c888.shader.upright.sram.sync","g":"cube","ax":{"fmt":"888","font":"saira_regular","size":27.0,"ratio":1.5000,"path":"shader/aa","orient":"upright","mem":"sram","rend":"sync","alpha":255,"halign":0,"corpus":0},"w":{"rows":8,"glyphs":92,"chars":100,"src_px":7701,"dest_px":18002},"m":{"reps":4,"n":12,"min":135321,"med":135915,"max":135981,"mean":135792.1,"sd":215.7},"d":{"ns_iter":33978750,"ns_px":1887.50},"q":{"cv":0.16,"spread":0.49,"mhz":360.0,"outliers":0,"flags":[]},"h":"839de335"} @@51177d41@@
@@BENCH-RAW@@ {"i":43,"s":[135476,135321,135548,135960,135938,135915,135981,135884,135874,135949,135960,135699]} @@a5fc969a@@
I (75315) bench: [44/71] c888.shader.upright.sram.sync    33978750 ns/iter  1887.50 ns/px  cv 0.16%
@@BENCH-CELL@@ {"t":"cell","i":44,"id":"c888.shader.upright.sram.async2","g":"cube","ax":{"fmt":"888","font":"saira_regular","size":27.0,"ratio":1.5000,"path":"shader/aa","orient":"upright","mem":"sram","rend":"async2","alpha":255,"halign":0,"corpus":0},"w":{"rows":8,"glyphs":92,"chars":100,"src_px":7701,"dest_px":18002},"m":{"reps":6,"n":15,"min":111473,"med":111530,"max":111670,"mean":111551.2,"sd":64.2},"d":{"ns_iter":18588333,"ns_px":1032.57},"q":{"cv":0.06,"spread":0.18,"mhz":360.0,"outliers":0,"flags":[]},"h":"839de335"} @@36162e3a@@
@@BENCH-RAW@@ {"i":44,"s":[111509,111473,111517,111475,111514,111648,111481,111530,111563,111670,111627,111626,111581,111487,111567]} @@d9a7055b@@
I (77085) bench: [45/71] c888.shader.upright.sram.async2  18588333 ns/iter  1032.57 ns/px  cv 0.06%
@@BENCH-CELL@@ {"t":"cell","i":45,"id":"c888.shader.rotcw.psram.sync","g":"cube","ax":{"fmt":"888","font":"saira_regular","size":27.0,"ratio":1.5000,"path":"shader/aa","orient":"rotcw","mem":"psram","rend":"sync","alpha":255,"halign":0,"corpus":0},"w":{"rows":8,"glyphs":92,"chars":100,"src_px":7701,"dest_px":18002},"m":{"reps":3,"n":15,"min":107843,"med":107954,"max":108090,"mean":107957.0,"sd":71.0},"d":{"ns_iter":35984666,"ns_px":1998.93},"q":{"cv":0.07,"spread":0.23,"mhz":360.0,"outliers":0,"flags":[]},"h":"dd1828a1"} @@ef34bc00@@
@@BENCH-RAW@@ {"i":45,"s":[107995,107954,107930,107918,107882,107843,108069,108090,107987,107885,107867,108007,107926,108029,107973]} @@95d2161c@@
I (78875) bench: [46/71] c888.shader.rotcw.psram.sync     35984666 ns/iter  1998.93 ns/px  cv 0.07%
@@BENCH-CELL@@ {"t":"cell","i":46,"id":"c888.shader.rotcw.psram.async2","g":"cube","ax":{"fmt":"888","font":"saira_regular","size":27.0,"ratio":1.5000,"path":"shader/aa","orient":"rotcw","mem":"psram","rend":"async2","alpha":255,"halign":0,"corpus":0},"w":{"rows":8,"glyphs":92,"chars":100,"src_px":7701,"dest_px":18002},"m":{"reps":6,"n":13,"min":121115,"med":121368,"max":121499,"mean":121329.4,"sd":127.8},"d":{"ns_iter":20228000,"ns_px":1123.65},"q":{"cv":0.11,"spread":0.32,"mhz":360.0,"outliers":0,"flags":[]},"h":"dd1828a1"} @@be940a31@@
@@BENCH-RAW@@ {"i":46,"s":[121437,121499,121358,121368,121160,121115,121127,121438,121370,121441,121433,121338,121198]} @@c2613f7c@@
I (80565) bench: [47/71] c888.shader.rotcw.psram.async2   20228000 ns/iter  1123.65 ns/px  cv 0.11%
@@BENCH-CELL@@ {"t":"cell","i":47,"id":"c888.shader.rotcw.sram.sync","g":"cube","ax":{"fmt":"888","font":"saira_regular","size":27.0,"ratio":1.5000,"path":"shader/aa","orient":"rotcw","mem":"sram","rend":"sync","alpha":255,"halign":0,"corpus":0},"w":{"rows":8,"glyphs":92,"chars":100,"src_px":7701,"dest_px":18002},"m":{"reps":4,"n":11,"min":142292,"med":142369,"max":142487,"mean":142383.3,"sd":57.2},"d":{"ns_iter":35592250,"ns_px":1977.13},"q":{"cv":0.04,"spread":0.14,"mhz":360.0,"outliers":0,"flags":[]},"h":"dd1828a1"} @@66a5f74f@@
@@BENCH-RAW@@ {"i":47,"s":[142341,142369,142401,142487,142477,142334,142421,142342,142386,142366,142292]} @@3edcd004@@
I (82295) bench: [48/71] c888.shader.rotcw.sram.sync      35592250 ns/iter  1977.13 ns/px  cv 0.04%
@@BENCH-CELL@@ {"t":"cell","i":48,"id":"c888.shader.rotcw.sram.async2","g":"cube","ax":{"fmt":"888","font":"saira_regular","size":27.0,"ratio":1.5000,"path":"shader/aa","orient":"rotcw","mem":"sram","rend":"async2","alpha":255,"halign":0,"corpus":0},"w":{"rows":8,"glyphs":92,"chars":100,"src_px":7701,"dest_px":18002},"m":{"reps":6,"n":14,"min":118909,"med":119060,"max":119176,"mean":119045.1,"sd":82.3},"d":{"ns_iter":19843333,"ns_px":1102.28},"q":{"cv":0.07,"spread":0.22,"mhz":360.0,"outliers":0,"flags":[]},"h":"dd1828a1"} @@2fd1f83e@@
@@BENCH-RAW@@ {"i":48,"s":[119176,119078,119148,119033,119060,118954,119154,118909,119101,118920,119048,118967,119075,119009]} @@d4327def@@
I (84065) bench: [49/71] c888.shader.rotcw.sram.async2    19843333 ns/iter  1102.28 ns/px  cv 0.07%
@@BENCH-CELL@@ {"t":"cell","i":49,"id":"orient.rotccw","g":"orient","ax":{"fmt":"888","font":"saira_regular","size":18.0,"ratio":1.0000,"path":"blit/alpha","orient":"rotccw","mem":"psram","rend":"async2","alpha":255,"halign":0,"corpus":0},"w":{"rows":12,"glyphs":161,"chars":175,"src_px":13512,"dest_px":13512},"m":{"reps":25,"n":15,"min":89128,"med":89237,"max":89439,"mean":89238.7,"sd":77.3},"d":{"ns_iter":3569480,"ns_px":264.17},"q":{"cv":0.09,"spread":0.35,"mhz":360.0,"outliers":0,"flags":[]},"h":"e16cec42"} @@0a5efb87@@
@@BENCH-RAW@@ {"i":49,"s":[89239,89237,89288,89439,89254,89216,89194,89302,89147,89247,89328,89205,89139,89128,89217]} @@2b353c3a@@
I (85445) bench: [50/71] orient.rotccw                     3569480 ns/iter  264.17 ns/px  cv 0.09%
@@BENCH-CELL@@ {"t":"cell","i":50,"id":"orient.rothalf","g":"orient","ax":{"fmt":"888","font":"saira_regular","size":18.0,"ratio":1.0000,"path":"blit/alpha","orient":"rothalf","mem":"psram","rend":"async2","alpha":255,"halign":0,"corpus":0},"w":{"rows":12,"glyphs":161,"chars":175,"src_px":13512,"dest_px":13512},"m":{"reps":28,"n":15,"min":92054,"med":92149,"max":92317,"mean":92158.3,"sd":56.0},"d":{"ns_iter":3291035,"ns_px":243.56},"q":{"cv":0.06,"spread":0.29,"mhz":360.0,"outliers":0,"flags":[]},"h":"a6066584"} @@fe75deb9@@
@@BENCH-RAW@@ {"i":50,"s":[92195,92132,92205,92192,92137,92139,92317,92162,92111,92149,92054,92165,92114,92166,92137]} @@f86a1e05@@
I (86865) bench: [51/71] orient.rothalf                    3291035 ns/iter  243.56 ns/px  cv 0.06%
@@BENCH-CELL@@ {"t":"cell","i":51,"id":"orient.fliph","g":"orient","ax":{"fmt":"888","font":"saira_regular","size":18.0,"ratio":1.0000,"path":"blit/alpha","orient":"fliph","mem":"psram","rend":"async2","alpha":255,"halign":0,"corpus":0},"w":{"rows":12,"glyphs":161,"chars":175,"src_px":13512,"dest_px":13512},"m":{"reps":28,"n":15,"min":88608,"med":88681,"max":88867,"mean":88699.9,"sd":69.2},"d":{"ns_iter":3167178,"ns_px":234.40},"q":{"cv":0.08,"spread":0.29,"mhz":360.0,"outliers":0,"flags":[]},"h":"abc61a88"} @@c955bf7b@@
@@BENCH-RAW@@ {"i":51,"s":[88777,88758,88867,88756,88682,88714,88608,88646,88636,88641,88681,88652,88666,88771,88644]} @@19ecd14e@@
I (88235) bench: [52/71] orient.fliph                      3167178 ns/iter  234.40 ns/px  cv 0.08%
@@BENCH-CELL@@ {"t":"cell","i":52,"id":"orient.rotccwfliph","g":"orient","ax":{"fmt":"888","font":"saira_regular","size":18.0,"ratio":1.0000,"path":"blit/alpha","orient":"rotccwfliph","mem":"psram","rend":"async2","alpha":255,"halign":0,"corpus":0},"w":{"rows":12,"glyphs":161,"chars":175,"src_px":13512,"dest_px":13512},"m":{"reps":25,"n":15,"min":88739,"med":88823,"max":89010,"mean":88840.5,"sd":76.6},"d":{"ns_iter":3552920,"ns_px":262.95},"q":{"cv":0.09,"spread":0.31,"mhz":360.0,"outliers":0,"flags":[]},"h":"5262d8d8"} @@2ca08f0a@@
@@BENCH-RAW@@ {"i":52,"s":[88986,88788,88739,88818,88823,88868,88878,88783,88908,89010,88764,88832,88751,88837,88823]} @@8e4fd0f5@@
I (89615) bench: [53/71] orient.rotccwfliph                3552920 ns/iter  262.95 ns/px  cv 0.09%
@@BENCH-CELL@@ {"t":"cell","i":53,"id":"orient.rothalffliph","g":"orient","ax":{"fmt":"888","font":"saira_regular","size":18.0,"ratio":1.0000,"path":"blit/alpha","orient":"rothalffliph","mem":"psram","rend":"async2","alpha":255,"halign":0,"corpus":0},"w":{"rows":12,"glyphs":161,"chars":175,"src_px":13512,"dest_px":13512},"m":{"reps":28,"n":15,"min":92417,"med":92524,"max":92682,"mean":92525.2,"sd":68.8},"d":{"ns_iter":3304428,"ns_px":244.56},"q":{"cv":0.07,"spread":0.29,"mhz":360.0,"outliers":0,"flags":[]},"h":"418c2762"} @@e7f709ff@@
@@BENCH-RAW@@ {"i":53,"s":[92571,92596,92524,92580,92682,92568,92507,92465,92417,92491,92542,92425,92520,92443,92547]} @@95901239@@
I (91045) bench: [54/71] orient.rothalffliph               3304428 ns/iter  244.56 ns/px  cv 0.07%
@@BENCH-CELL@@ {"t":"cell","i":54,"id":"orient.rotcwfliph","g":"orient","ax":{"fmt":"888","font":"saira_regular","size":18.0,"ratio":1.0000,"path":"blit/alpha","orient":"rotcwfliph","mem":"psram","rend":"async2","alpha":255,"halign":0,"corpus":0},"w":{"rows":12,"glyphs":161,"chars":175,"src_px":13512,"dest_px":13512},"m":{"reps":26,"n":15,"min":92435,"med":92640,"max":92930,"mean":92640.5,"sd":128.8},"d":{"ns_iter":3563076,"ns_px":263.70},"q":{"cv":0.14,"spread":0.53,"mhz":360.0,"outliers":0,"flags":[]},"h":"0e714186"} @@87babf25@@
@@BENCH-RAW@@ {"i":54,"s":[92930,92777,92445,92742,92751,92523,92641,92639,92612,92435,92591,92710,92498,92640,92673]} @@9ba4fce4@@
I (92475) bench: [55/71] orient.rotcwfliph                 3563076 ns/iter  263.70 ns/px  cv 0.14%
@@BENCH-CELL@@ {"t":"cell","i":55,"id":"font.sky@18","g":"font","ax":{"fmt":"888","font":"sky","size":18.0,"ratio":2.0000,"path":"blit/direct","orient":"rotcw","mem":"psram","rend":"async2","alpha":255,"halign":0,"corpus":0},"w":{"rows":12,"glyphs":148,"chars":162,"src_px":4014,"dest_px":16056},"m":{"reps":29,"n":15,"min":84681,"med":84952,"max":85150,"mean":84920.2,"sd":137.6},"d":{"ns_iter":2929379,"ns_px":182.45},"q":{"cv":0.16,"spread":0.55,"mhz":360.0,"outliers":0,"flags":[]},"h":"a32b1e1d"} @@8545bf33@@
@@BENCH-RAW@@ {"i":55,"s":[84681,85021,85097,84952,84685,84956,84897,85150,84952,84939,84859,84907,84695,85050,84962]} @@b96a729a@@
I (93795) bench: [56/71] font.sky@18                       2929379 ns/iter  182.45 ns/px  cv 0.16%
@@BENCH-CELL@@ {"t":"cell","i":56,"id":"font.sky@27","g":"font","ax":{"fmt":"888","font":"sky","size":27.0,"ratio":3.0000,"path":"blit/direct","orient":"rotcw","mem":"psram","rend":"async2","alpha":255,"halign":0,"corpus":0},"w":{"rows":8,"glyphs":80,"chars":85,"src_px":2161,"dest_px":19449},"m":{"reps":34,"n":15,"min":81058,"med":81165,"max":81484,"mean":81208.3,"sd":121.0},"d":{"ns_iter":2387205,"ns_px":122.74},"q":{"cv":0.15,"spread":0.52,"mhz":360.0,"outliers":0,"flags":[]},"h":"4bc0b3f9"} @@161490a1@@
@@BENCH-RAW@@ {"i":56,"s":[81484,81370,81274,81396,81161,81182,81058,81175,81096,81079,81113,81143,81165,81272,81156]} @@8793314c@@
I (95045) bench: [57/71] font.sky@27                       2387205 ns/iter  122.74 ns/px  cv 0.15%
@@BENCH-CELL@@ {"t":"cell","i":57,"id":"font.skymono@9","g":"font","ax":{"fmt":"888","font":"sky_mono","size":9.0,"ratio":1.0000,"path":"blit/direct","orient":"rotcw","mem":"psram","rend":"async2","alpha":255,"halign":0,"corpus":0},"w":{"rows":23,"glyphs":373,"chars":397,"src_px":23499,"dest_px":23499},"m":{"reps":20,"n":15,"min":101005,"med":101226,"max":101519,"mean":101210.1,"sd":126.8},"d":{"ns_iter":5061300,"ns_px":215.38},"q":{"cv":0.13,"spread":0.51,"mhz":360.0,"outliers":0,"flags":[]},"h":"6335b160"} @@9a6fe707@@
@@BENCH-RAW@@ {"i":57,"s":[101519,101048,101360,101259,101276,101226,101268,101134,101237,101180,101227,101195,101199,101019,101005]} @@e8f317ce@@
I (96615) bench: [58/71] font.skymono@9                    5061300 ns/iter  215.38 ns/px  cv 0.13%
@@BENCH-CELL@@ {"t":"cell","i":58,"id":"font.sky@13","g":"font","ax":{"fmt":"888","font":"sky","size":13.0,"ratio":1.4444,"path":"shader/pal","orient":"rotcw","mem":"psram","rend":"async2","alpha":255,"halign":0,"corpus":0},"w":{"rows":17,"glyphs":239,"chars":255,"src_px":6321,"dest_px":12530},"m":{"reps":7,"n":14,"min":112960,"med":113198,"max":113376,"mean":113169.7,"sd":127.1},"d":{"ns_iter":16171142,"ns_px":1290.59},"q":{"cv":0.11,"spread":0.37,"mhz":360.0,"outliers":0,"flags":[]},"h":"254ec85e"} @@7d55beb8@@
@@BENCH-RAW@@ {"i":58,"s":[113348,113376,113208,113305,113215,112986,113174,113096,113073,113291,113198,112960,113113,113033]} @@7fb7ea80@@
I (98295) bench: [59/71] font.sky@13                      16171142 ns/iter  1290.59 ns/px  cv 0.11%
@@BENCH-CELL@@ {"t":"cell","i":59,"id":"font.saira@36","g":"font","ax":{"fmt":"888","font":"saira_regular","size":36.0,"ratio":2.0000,"path":"blit/alpha","orient":"rotcw","mem":"psram","rend":"async2","alpha":255,"halign":0,"corpus":0},"w":{"rows":6,"glyphs":56,"chars":61,"src_px":4710,"dest_px":18840},"m":{"reps":27,"n":15,"min":83321,"med":83452,"max":83575,"mean":83457.9,"sd":69.7},"d":{"ns_iter":3090814,"ns_px":164.06},"q":{"cv":0.08,"spread":0.30,"mhz":360.0,"outliers":0,"flags":[]},"h":"972d0991"} @@8096d071@@
@@BENCH-RAW@@ {"i":59,"s":[83547,83575,83563,83498,83502,83381,83439,83444,83464,83459,83439,83452,83321,83358,83426]} @@434eaa9d@@
I (99585) bench: [60/71] font.saira@36                     3090814 ns/iter  164.06 ns/px  cv 0.08%
@@BENCH-CELL@@ {"t":"cell","i":60,"id":"font.marker@22","g":"font","ax":{"fmt":"888","font":"marker","size":22.0,"ratio":1.0000,"path":"blit/alpha","orient":"rotcw","mem":"psram","rend":"async2","alpha":255,"halign":0,"corpus":0},"w":{"rows":10,"glyphs":125,"chars":136,"src_px":22847,"dest_px":22847},"m":{"reps":22,"n":15,"min":98527,"med":98773,"max":98945,"mean":98788.7,"sd":113.7},"d":{"ns_iter":4489681,"ns_px":196.51},"q":{"cv":0.12,"spread":0.42,"mhz":360.0,"outliers":0,"flags":[]},"h":"59dd778c"} @@8074394c@@
@@BENCH-RAW@@ {"i":60,"s":[98835,98874,98932,98629,98527,98907,98730,98919,98725,98773,98745,98945,98806,98729,98755]} @@55f6a98e@@
I (101115) bench: [61/71] font.marker@22                    4489681 ns/iter  196.51 ns/px  cv 0.12%
@@BENCH-CELL@@ {"t":"cell","i":61,"id":"font.marker@33","g":"font","ax":{"fmt":"888","font":"marker","size":33.0,"ratio":1.5000,"path":"shader/aa","orient":"rotcw","mem":"psram","rend":"async2","alpha":255,"halign":0,"corpus":0},"w":{"rows":7,"glyphs":71,"chars":76,"src_px":13008,"dest_px":29868},"m":{"reps":4,"n":13,"min":125324,"med":125412,"max":125741,"mean":125465.4,"sd":120.3},"d":{"ns_iter":31353000,"ns_px":1049.72},"q":{"cv":0.10,"spread":0.33,"mhz":360.0,"outliers":0,"flags":[]},"h":"aed9f152"} @@6ba8427e@@
@@BENCH-RAW@@ {"i":61,"s":[125741,125688,125530,125532,125420,125412,125448,125411,125324,125391,125366,125385,125402]} @@7961a873@@
I (102905) bench: [62/71] font.marker@33                   31353000 ns/iter  1049.72 ns/px  cv 0.10%
@@BENCH-CELL@@ {"t":"cell","i":62,"id":"font.condensed@45","g":"font","ax":{"fmt":"888","font":"saira_condensed","size":45.0,"ratio":1.0000,"path":"blit/alpha","orient":"rotcw","mem":"psram","rend":"async2","alpha":255,"halign":0,"corpus":0},"w":{"rows":5,"glyphs":47,"chars":51,"src_px":19237,"dest_px":19237},"m":{"reps":31,"n":15,"min":81434,"med":81523,"max":81583,"mean":81513.5,"sd":43.9},"d":{"ns_iter":2629774,"ns_px":136.70},"q":{"cv":0.05,"spread":0.18,"mhz":360.0,"outliers":0,"flags":[]},"h":"7bcb728d"} @@5092a021@@
@@BENCH-RAW@@ {"i":62,"s":[81583,81522,81571,81536,81523,81534,81455,81441,81530,81547,81434,81487,81545,81474,81521]} @@b4afa38a@@
I (104165) bench: [63/71] font.condensed@45                 2629774 ns/iter  136.70 ns/px  cv 0.05%
@@BENCH-CELL@@ {"t":"cell","i":63,"id":"font.saira@27.noaa","g":"font","ax":{"fmt":"888","font":"saira_regular_noaa","size":27.0,"ratio":1.5000,"path":"shader/plain","orient":"rotcw","mem":"psram","rend":"async2","alpha":255,"halign":0,"corpus":0},"w":{"rows":8,"glyphs":92,"chars":100,"src_px":7701,"dest_px":18002},"m":{"reps":8,"n":14,"min":110842,"med":111064,"max":112268,"mean":111222.9,"sd":440.5},"d":{"ns_iter":13883000,"ns_px":771.19},"q":{"cv":0.40,"spread":1.28,"mhz":360.0,"outliers":0,"flags":[]},"h":"9c31759b"} @@1e8e93e6@@
@@BENCH-RAW@@ {"i":63,"s":[111340,110904,111910,111137,110853,110982,111064,112268,111862,111157,110932,110918,110952,110842]} @@fb5d3f63@@
I (105805) bench: [64/71] font.saira@27.noaa               13883000 ns/iter  771.19 ns/px  cv 0.40%
@@BENCH-CELL@@ {"t":"cell","i":64,"id":"rend.async1","g":"rend","ax":{"fmt":"888","font":"saira_regular","size":18.0,"ratio":1.0000,"path":"blit/alpha","orient":"rotcw","mem":"psram","rend":"async1","alpha":255,"halign":0,"corpus":0},"w":{"rows":12,"glyphs":161,"chars":175,"src_px":13512,"dest_px":13512},"m":{"reps":21,"n":15,"min":95202,"med":95291,"max":95506,"mean":95311.9,"sd":86.0},"d":{"ns_iter":4537666,"ns_px":335.82},"q":{"cv":0.09,"spread":0.32,"mhz":360.0,"outliers":0,"flags":[]},"h":"de65743c"} @@6d60beff@@
@@BENCH-RAW@@ {"i":64,"s":[95441,95263,95315,95267,95506,95291,95222,95334,95252,95348,95202,95233,95302,95259,95443]} @@097e936c@@
I (107285) bench: [65/71] rend.async1                       4537666 ns/iter  335.82 ns/px  cv 0.09%
@@BENCH-CELL@@ {"t":"cell","i":65,"id":"alpha.fast1.a128","g":"alpha","ax":{"fmt":"888","font":"sky","size":9.0,"ratio":1.0000,"path":"blit/alpha","orient":"rotcw","mem":"psram","rend":"async2","alpha":128,"halign":0,"corpus":0},"w":{"rows":23,"glyphs":373,"chars":397,"src_px":10135,"dest_px":10135},"m":{"reps":20,"n":15,"min":99941,"med":100030,"max":100248,"mean":100058.7,"sd":96.0},"d":{"ns_iter":5001500,"ns_px":493.49},"q":{"cv":0.10,"spread":0.31,"mhz":360.0,"outliers":0,"flags":[]},"h":"cc2eccc5"} @@0eaf3ce8@@
@@BENCH-RAW@@ {"i":65,"s":[100248,99950,99994,100022,100096,100030,100002,99961,100162,100230,99956,100068,99941,100102,100119]} @@5b00b61f@@
I (108835) bench: [66/71] alpha.fast1.a128                  5001500 ns/iter  493.49 ns/px  cv 0.10%
@@BENCH-CELL@@ {"t":"cell","i":66,"id":"alpha.fast2.a128","g":"alpha","ax":{"fmt":"888","font":"saira_regular","size":18.0,"ratio":1.0000,"path":"blit/alpha","orient":"rotcw","mem":"psram","rend":"async2","alpha":128,"halign":0,"corpus":0},"w":{"rows":12,"glyphs":161,"chars":175,"src_px":13512,"dest_px":13512},"m":{"reps":24,"n":15,"min":93226,"med":93313,"max":93734,"mean":93351.7,"sd":119.3},"d":{"ns_iter":3888041,"ns_px":287.75},"q":{"cv":0.13,"spread":0.54,"mhz":360.0,"outliers":0,"flags":[]},"h":"012c199d"} @@e28168f0@@
@@BENCH-RAW@@ {"i":66,"s":[93313,93338,93440,93369,93734,93274,93226,93274,93302,93420,93334,93413,93236,93302,93301]} @@9194f3a2@@
I (110275) bench: [67/71] alpha.fast2.a128                  3888041 ns/iter  287.75 ns/px  cv 0.13%
@@BENCH-CELL@@ {"t":"cell","i":67,"id":"len.short","g":"len","ax":{"fmt":"888","font":"saira_regular","size":18.0,"ratio":1.0000,"path":"blit/alpha","orient":"rotcw","mem":"psram","rend":"async2","alpha":255,"halign":0,"corpus":1},"w":{"rows":12,"glyphs":82,"chars":83,"src_px":7336,"dest_px":7336},"m":{"reps":36,"n":15,"min":84820,"med":84941,"max":85028,"mean":84935.3,"sd":51.6},"d":{"ns_iter":2359472,"ns_px":321.63},"q":{"cv":0.06,"spread":0.24,"mhz":360.0,"outliers":0,"flags":[]},"h":"450061c8"} @@cbc71fe0@@
@@BENCH-RAW@@ {"i":67,"s":[84820,84942,84941,84965,84980,85003,84954,84956,84875,84938,84914,85028,84934,84863,84917]} @@75761110@@
I (111595) bench: [68/71] len.short                         2359472 ns/iter  321.63 ns/px  cv 0.06%
@@BENCH-CELL@@ {"t":"cell","i":68,"id":"len.long","g":"len","ax":{"fmt":"888","font":"saira_regular","size":18.0,"ratio":1.0000,"path":"blit/alpha","orient":"rotcw","mem":"psram","rend":"async2","alpha":255,"halign":0,"corpus":2},"w":{"rows":12,"glyphs":273,"chars":315,"src_px":22206,"dest_px":22206},"m":{"reps":18,"n":15,"min":103600,"med":103715,"max":103953,"mean":103734.6,"sd":116.3},"d":{"ns_iter":5761944,"ns_px":259.48},"q":{"cv":0.11,"spread":0.34,"mhz":360.0,"outliers":0,"flags":[]},"h":"504a97ad"} @@bcac5383@@
@@BENCH-RAW@@ {"i":68,"s":[103641,103686,103735,103600,103644,103622,103950,103720,103628,103656,103920,103735,103715,103814,103953]} @@4b8059a0@@
I (113195) bench: [69/71] len.long                          5761944 ns/iter  259.48 ns/px  cv 0.11%
@@BENCH-CELL@@ {"t":"cell","i":69,"id":"align.center","g":"align","ax":{"fmt":"888","font":"saira_regular","size":18.0,"ratio":1.0000,"path":"blit/alpha","orient":"rotcw","mem":"psram","rend":"async2","alpha":255,"halign":1,"corpus":0},"w":{"rows":12,"glyphs":161,"chars":175,"src_px":13512,"dest_px":13512},"m":{"reps":25,"n":15,"min":89863,"med":89999,"max":90149,"mean":89999.3,"sd":84.4},"d":{"ns_iter":3599960,"ns_px":266.43},"q":{"cv":0.09,"spread":0.32,"mhz":360.0,"outliers":0,"flags":[]},"h":"4f91d280"} @@a83d3be0@@
@@BENCH-RAW@@ {"i":69,"s":[90029,90111,90149,90034,89946,89893,90015,90046,89949,89906,89999,89955,90139,89955,89863]} @@2957562f@@
I (114595) bench: [70/71] align.center                      3599960 ns/iter  266.43 ns/px  cv 0.09%
@@BENCH-CELL@@ {"t":"cell","i":70,"id":"drift.last","g":"drift","ax":{"fmt":"888","font":"saira_regular","size":18.0,"ratio":1.0000,"path":"blit/alpha","orient":"rotcw","mem":"psram","rend":"async2","alpha":255,"halign":0,"corpus":0},"w":{"rows":12,"glyphs":161,"chars":175,"src_px":13512,"dest_px":13512},"m":{"reps":25,"n":15,"min":89038,"med":89225,"max":89493,"mean":89243.6,"sd":124.2},"d":{"ns_iter":3569000,"ns_px":264.14},"q":{"cv":0.14,"spread":0.51,"mhz":360.0,"outliers":0,"flags":[]},"h":"de65743c"} @@640c9b18@@
@@BENCH-RAW@@ {"i":70,"s":[89305,89437,89225,89131,89240,89168,89038,89160,89493,89146,89245,89402,89140,89346,89178]} @@43e322fb@@
I (115975) bench: [71/71] drift.last                        3569000 ns/iter  264.14 ns/px  cv 0.14%
@@BENCH-END@@ {"t":"end","cells":71,"total_us":109914132,"status":"ok"} @@15d8b510@@
