@@BENCH-BEGIN@@ {"t":"begin","schema":1,"cells":71,"boot_us":5297790,"reset":3,"build":{"app_git":"34816deaf5ae","app_dirty":true,"app_branch":"main","pax_git":"c3ad1df6f621","pax_dirty":false,"pax_branch":"opt/text-rendering","idf":"v6.0.2","opt":"Og","app_ver":"34816de-dirty","app_date":"Aug 20 2026 13:28:25"},"hw":{"chip":"esp32p4","rev":103,"cores":2,"cpu_mhz_nom":360,"cpu_mhz_meas":359.99,"l2_kb":128,"l2_line":64,"psram":true},"cfg":{"pm_enable":true,"pm_lock":true,"tick_hz":100,"wdt":false,"pax":{"bounds_check":false,"orientation":true,"async":"multithread","range_setter":true,"range_merger":true,"fixed_point":true,"long_fixed_point":true,"queue_size":32,"sso_len":32}},"mem":{"tile_dim":256,"int_addr":"0x4ff40700","psram_addr":"0x4811a900","int_free":324567,"int_largest":192512,"psram_free":30524228},"bench":{"n_samples":15,"warmup":2,"target_sample_us":110000,"cell_budget_us":2000000,"corpus_ver":1,"join_placement":"per_sample","driver_core":0,"driver_prio":5,"scrub_bytes":524288}} @@0b0faebc@@
@@BENCH-CELL@@ {"t":"cell","i":0,"id":"drift.first","g":"drift","ax":{"fmt":"888","font":"saira_regular","size":18.0,"ratio":1.0000,"path":"blit/alpha","orient":"rotcw","mem":"psram","rend":"async2","alpha":255,"halign":0,"corpus":0},"w":{"rows":12,"glyphs":161,"chars":175,"src_px":13512,"dest_px":13512},"m":{"reps":26,"n":15,"min":94589,"med":94921,"max":95126,"mean":94931.1,"sd":129.2},"d":{"ns_iter":3650807,"ns_px":270.19},"q":{"cv":0.14,"spread":0.57,"mhz":360.0,"outliers":0,"flags":[]},"h":"de65743c"} @@d095c697@@
@@BENCH-RAW@@ {"i":0,"s":[94945,94933,95123,94842,95120,94589,94881,94950,95126,94915,94891,94921,94888,94858,94984]} @@ed2ef792@@
I (8064) bench: [1/71] drift.first                       3650807 ns/iter  270.19 ns/px  cv 0.14%
@@BENCH-CELL@@ {"t":"cell","i":1,"id":"c565.fast1.upright.psram.sync","g":"cube","ax":{"fmt":"565","font":"sky","size":9.0,"ratio":1.0000,"path":"blit/direct","orient":"upright","mem":"psram","rend":"sync","alpha":255,"halign":0,"corpus":0},"w":{"rows":23,"glyphs":373,"chars":397,"src_px":10135,"dest_px":10135},"m":{"reps":41,"n":15,"min":89418,"med":89649,"max":89851,"mean":89654.1,"sd":107.8},"d":{"ns_iter":2186560,"ns_px":215.74},"q":{"cv":0.12,"spread":0.48,"mhz":360.0,"outliers":0,"flags":[]},"h":"16b7abd1"} @@c731c46f@@
@@BENCH-RAW@@ {"i":1,"s":[89542,89418,89649,89851,89736,89684,89730,89752,89745,89740,89648,89528,89564,89636,89588]} @@410ac7fc@@
I (9434) bench: [2/71] c565.fast1.upright.psram.sync     2186560 ns/iter  215.74 ns/px  cv 0.12%
@@BENCH-CELL@@ {"t":"cell","i":2,"id":"c565.fast1.upright.psram.async2","g":"cube","ax":{"fmt":"565","font":"sky","size":9.0,"ratio":1.0000,"path":"blit/direct","orient":"upright","mem":"psram","rend":"async2","alpha":255,"halign":0,"corpus":0},"w":{"rows":23,"glyphs":373,"chars":397,"src_px":10135,"dest_px":10135},"m":{"reps":26,"n":15,"min":103360,"med":103521,"max":103651,"mean":103514.5,"sd":90.5},"d":{"ns_iter":3981576,"ns_px":392.85},"q":{"cv":0.09,"spread":0.28,"mhz":360.0,"outliers":0,"flags":[]},"h":"16b7abd1"} @@494170fa@@
@@BENCH-RAW@@ {"i":2,"s":[103651,103645,103579,103555,103360,103545,103521,103432,103623,103584,103389,103499,103408,103448,103479]} @@96faf872@@
I (11034) bench: [3/71] c565.fast1.upright.psram.async2   3981576 ns/iter  392.85 ns/px  cv 0.09%
@@BENCH-CELL@@ {"t":"cell","i":3,"id":"c565.fast1.upright.sram.sync","g":"cube","ax":{"fmt":"565","font":"sky","size":9.0,"ratio":1.0000,"path":"blit/direct","orient":"upright","mem":"sram","rend":"sync","alpha":255,"halign":0,"corpus":0},"w":{"rows":23,"glyphs":373,"chars":397,"src_px":10135,"dest_px":10135},"m":{"reps":46,"n":15,"min":100318,"med":100373,"max":100517,"mean":100373.8,"sd":49.3},"d":{"ns_iter":2182021,"ns_px":215.30},"q":{"cv":0.05,"spread":0.20,"mhz":360.0,"outliers":0,"flags":[]},"h":"16b7abd1"} @@356b0c73@@
@@BENCH-RAW@@ {"i":3,"s":[100517,100362,100373,100404,100402,100367,100332,100320,100373,100395,100405,100318,100330,100321,100388]} @@840110d5@@
I (12564) bench: [4/71] c565.fast1.upright.sram.sync      2182021 ns/iter  215.30 ns/px  cv 0.05%
@@BENCH-CELL@@ {"t":"cell","i":4,"id":"c565.fast1.upright.sram.async2","g":"cube","ax":{"fmt":"565","font":"sky","size":9.0,"ratio":1.0000,"path":"blit/direct","orient":"upright","mem":"sram","rend":"async2","alpha":255,"halign":0,"corpus":0},"w":{"rows":23,"glyphs":373,"chars":397,"src_px":10135,"dest_px":10135},"m":{"reps":28,"n":15,"min":111143,"med":111262,"max":111576,"mean":111317.3,"sd":124.1},"d":{"ns_iter":3973642,"ns_px":392.07},"q":{"cv":0.11,"spread":0.39,"mhz":360.0,"outliers":0,"flags":[]},"h":"16b7abd1"} @@e4af69e9@@
@@BENCH-RAW@@ {"i":4,"s":[111334,111576,111492,111445,111513,111262,111312,111243,111259,111244,111249,111143,111205,111272,111210]} @@e7c9a798@@
I (14274) bench: [5/71] c565.fast1.upright.sram.async2    3973642 ns/iter  392.07 ns/px  cv 0.11%
@@BENCH-CELL@@ {"t":"cell","i":5,"id":"c565.fast1.rotcw.psram.sync","g":"cube","ax":{"fmt":"565","font":"sky","size":9.0,"ratio":1.0000,"path":"blit/direct","orient":"rotcw","mem":"psram","rend":"sync","alpha":255,"halign":0,"corpus":0},"w":{"rows":23,"glyphs":373,"chars":397,"src_px":10135,"dest_px":10135},"m":{"reps":36,"n":15,"min":78678,"med":78957,"max":79138,"mean":78923.2,"sd":151.7},"d":{"ns_iter":2193250,"ns_px":216.40},"q":{"cv":0.19,"spread":0.58,"mhz":360.0,"outliers":0,"flags":[]},"h":"70d20c11"} @@f0cdf19b@@
@@BENCH-RAW@@ {"i":5,"s":[78975,78719,78678,78710,78764,78827,78821,78957,79056,78956,79027,79065,79024,79138,79131]} @@b47b4997@@
I (15494) bench: [6/71] c565.fast1.rotcw.psram.sync       2193250 ns/iter  216.40 ns/px  cv 0.19%
@@BENCH-CELL@@ {"t":"cell","i":6,"id":"c565.fast1.rotcw.psram.async2","g":"cube","ax":{"fmt":"565","font":"sky","size":9.0,"ratio":1.0000,"path":"blit/direct","orient":"rotcw","mem":"psram","rend":"async2","alpha":255,"halign":0,"corpus":0},"w":{"rows":23,"glyphs":373,"chars":397,"src_px":10135,"dest_px":10135},"m":{"reps":24,"n":15,"min":98510,"med":98686,"max":98936,"mean":98712.1,"sd":95.3},"d":{"ns_iter":4111916,"ns_px":405.71},"q":{"cv":0.10,"spread":0.43,"mhz":360.0,"outliers":0,"flags":[]},"h":"70d20c11"} @@6d0eca3d@@
@@BENCH-RAW@@ {"i":6,"s":[98704,98637,98936,98755,98510,98686,98654,98662,98722,98668,98818,98661,98679,98780,98810]} @@76d1c0e8@@
I (17014) bench: [7/71] c565.fast1.rotcw.psram.async2     4111916 ns/iter  405.71 ns/px  cv 0.10%
@@BENCH-CELL@@ {"t":"cell","i":7,"id":"c565.fast1.rotcw.sram.sync","g":"cube","ax":{"fmt":"565","font":"sky","size":9.0,"ratio":1.0000,"path":"blit/direct","orient":"rotcw","mem":"sram","rend":"sync","alpha":255,"halign":0,"corpus":0},"w":{"rows":23,"glyphs":373,"chars":397,"src_px":10135,"dest_px":10135},"m":{"reps":46,"n":15,"min":100717,"med":100940,"max":101034,"mean":100907.8,"sd":97.6},"d":{"ns_iter":2194347,"ns_px":216.51},"q":{"cv":0.10,"spread":0.31,"mhz":360.0,"outliers":0,"flags":[]},"h":"70d20c11"} @@e4666672@@
@@BENCH-RAW@@ {"i":7,"s":[100888,100950,100927,100940,100972,101015,101034,101033,100982,100942,100798,100765,100717,100785,100869]} @@7b51c7f8@@
I (18554) bench: [8/71] c565.fast1.rotcw.sram.sync        2194347 ns/iter  216.51 ns/px  cv 0.10%
@@BENCH-CELL@@ {"t":"cell","i":8,"id":"c565.fast1.rotcw.sram.async2","g":"cube","ax":{"fmt":"565","font":"sky","size":9.0,"ratio":1.0000,"path":"blit/direct","orient":"rotcw","mem":"sram","rend":"async2","alpha":255,"halign":0,"corpus":0},"w":{"rows":23,"glyphs":373,"chars":397,"src_px":10135,"dest_px":10135},"m":{"reps":28,"n":15,"min":114281,"med":114416,"max":114684,"mean":114434.2,"sd":110.8},"d":{"ns_iter":4086285,"ns_px":403.19},"q":{"cv":0.10,"spread":0.35,"mhz":360.0,"outliers":0,"flags":[]},"h":"70d20c11"} @@ae0e0511@@
@@BENCH-RAW@@ {"i":8,"s":[114484,114528,114416,114365,114311,114684,114307,114455,114380,114350,114399,114448,114625,114281,114480]} @@e9275f76@@
I (20314) bench: [9/71] c565.fast1.rotcw.sram.async2      4086285 ns/iter  403.19 ns/px  cv 0.10%
@@BENCH-CELL@@ {"t":"cell","i":9,"id":"c565.fast2.upright.psram.sync","g":"cube","ax":{"fmt":"565","font":"saira_regular","size":18.0,"ratio":1.0000,"path":"blit/alpha","orient":"upright","mem":"psram","rend":"sync","alpha":255,"halign":0,"corpus":0},"w":{"rows":12,"glyphs":161,"chars":175,"src_px":13512,"dest_px":13512},"m":{"reps":26,"n":15,"min":92736,"med":92769,"max":92803,"mean":92769.4,"sd":13.2},"d":{"ns_iter":3568038,"ns_px":264.06},"q":{"cv":0.01,"spread":0.07,"mhz":360.0,"outliers":0,"flags":[]},"h":"ecacce31"} @@1fc17f43@@
@@BENCH-RAW@@ {"i":9,"s":[92736,92762,92764,92775,92763,92764,92769,92769,92772,92803,92780,92767,92768,92774,92775]} @@f24a899e@@
I (21744) bench: [10/71] c565.fast2.upright.psram.sync     3568038 ns/iter  264.06 ns/px  cv 0.01%
@@BENCH-CELL@@ {"t":"cell","i":10,"id":"c565.fast2.upright.psram.async2","g":"cube","ax":{"fmt":"565","font":"saira_regular","size":18.0,"ratio":1.0000,"path":"blit/alpha","orient":"upright","mem":"psram","rend":"async2","alpha":255,"halign":0,"corpus":0},"w":{"rows":12,"glyphs":161,"chars":175,"src_px":13512,"dest_px":13512},"m":{"reps":29,"n":15,"min":94950,"med":95033,"max":95103,"mean":95039.4,"sd":46.7},"d":{"ns_iter":3277000,"ns_px":242.53},"q":{"cv":0.05,"spread":0.16,"mhz":360.0,"outliers":0,"flags":[]},"h":"ecacce31"} @@925dd808@@
@@BENCH-RAW@@ {"i":10,"s":[95030,95018,94952,95001,94950,95103,95052,95098,95068,95014,95080,95033,95025,95092,95075]} @@83d19ac6@@
I (23204) bench: [11/71] c565.fast2.upright.psram.async2   3277000 ns/iter  242.53 ns/px  cv 0.05%
@@BENCH-CELL@@ {"t":"cell","i":11,"id":"c565.fast2.upright.sram.sync","g":"cube","ax":{"fmt":"565","font":"saira_regular","size":18.0,"ratio":1.0000,"path":"blit/alpha","orient":"upright","mem":"sram","rend":"sync","alpha":255,"halign":0,"corpus":0},"w":{"rows":12,"glyphs":161,"chars":175,"src_px":13512,"dest_px":13512},"m":{"reps":29,"n":15,"min":103441,"med":103502,"max":103535,"mean":103498.7,"sd":23.6},"d":{"ns_iter":3569034,"ns_px":264.14},"q":{"cv":0.02,"spread":0.09,"mhz":360.0,"outliers":0,"flags":[]},"h":"ecacce31"} @@155fa819@@
@@BENCH-RAW@@ {"i":11,"s":[103523,103441,103487,103481,103483,103514,103521,103535,103525,103510,103502,103493,103485,103506,103475]} @@6687471b@@
I (24794) bench: [12/71] c565.fast2.upright.sram.sync      3569034 ns/iter  264.14 ns/px  cv 0.02%
@@BENCH-CELL@@ {"t":"cell","i":12,"id":"c565.fast2.upright.sram.async2","g":"cube","ax":{"fmt":"565","font":"saira_regular","size":18.0,"ratio":1.0000,"path":"blit/alpha","orient":"upright","mem":"sram","rend":"async2","alpha":255,"halign":0,"corpus":0},"w":{"rows":12,"glyphs":161,"chars":175,"src_px":13512,"dest_px":13512},"m":{"reps":32,"n":15,"min":104875,"med":104941,"max":105101,"mean":104960.9,"sd":59.0},"d":{"ns_iter":3279406,"ns_px":242.70},"q":{"cv":0.06,"spread":0.22,"mhz":360.0,"outliers":0,"flags":[]},"h":"ecacce31"} @@5ad091b0@@
@@BENCH-RAW@@ {"i":12,"s":[104930,104884,104939,104936,105101,105004,105016,105000,104963,104927,104985,104941,104891,104875,105022]} @@c58db422@@
I (26404) bench: [13/71] c565.fast2.upright.sram.async2    3279406 ns/iter  242.70 ns/px  cv 0.06%
@@BENCH-CELL@@ {"t":"cell","i":13,"id":"c565.fast2.rotcw.psram.sync","g":"cube","ax":{"fmt":"565","font":"saira_regular","size":18.0,"ratio":1.0000,"path":"blit/alpha","orient":"rotcw","mem":"psram","rend":"sync","alpha":255,"halign":0,"corpus":0},"w":{"rows":12,"glyphs":161,"chars":175,"src_px":13512,"dest_px":13512},"m":{"reps":25,"n":15,"min":89860,"med":89903,"max":90037,"mean":89907.9,"sd":41.5},"d":{"ns_iter":3596120,"ns_px":266.14},"q":{"cv":0.05,"spread":0.20,"mhz":360.0,"outliers":0,"flags":[]},"h":"70889db9"} @@7422b13e@@
@@BENCH-RAW@@ {"i":13,"s":[89904,89931,89860,89903,89918,89866,89878,89911,89880,89922,90037,89944,89879,89892,89893]} @@bcd1a22f@@
I (27794) bench: [14/71] c565.fast2.rotcw.psram.sync       3596120 ns/iter  266.14 ns/px  cv 0.05%
@@BENCH-CELL@@ {"t":"cell","i":14,"id":"c565.fast2.rotcw.psram.async2","g":"cube","ax":{"fmt":"565","font":"saira_regular","size":18.0,"ratio":1.0000,"path":"blit/alpha","orient":"rotcw","mem":"psram","rend":"async2","alpha":255,"halign":0,"corpus":0},"w":{"rows":12,"glyphs":161,"chars":175,"src_px":13512,"dest_px":13512},"m":{"reps":26,"n":15,"min":90235,"med":90337,"max":90552,"mean":90355.3,"sd":84.1},"d":{"ns_iter":3474500,"ns_px":257.14},"q":{"cv":0.09,"spread":0.35,"mhz":360.0,"outliers":0,"flags":[]},"h":"70889db9"} @@802917d9@@
@@BENCH-RAW@@ {"i":14,"s":[90235,90427,90335,90296,90299,90552,90380,90283,90356,90337,90339,90335,90468,90446,90242]} @@48d3d23a@@
I (29184) bench: [15/71] c565.fast2.rotcw.psram.async2     3474500 ns/iter  257.14 ns/px  cv 0.09%
@@BENCH-CELL@@ {"t":"cell","i":15,"id":"c565.fast2.rotcw.sram.sync","g":"cube","ax":{"fmt":"565","font":"saira_regular","size":18.0,"ratio":1.0000,"path":"blit/alpha","orient":"rotcw","mem":"sram","rend":"sync","alpha":255,"halign":0,"corpus":0},"w":{"rows":12,"glyphs":161,"chars":175,"src_px":13512,"dest_px":13512},"m":{"reps":29,"n":15,"min":103790,"med":103843,"max":103900,"mean":103836.7,"sd":25.9},"d":{"ns_iter":3580793,"ns_px":265.01},"q":{"cv":0.02,"spread":0.11,"mhz":360.0,"outliers":0,"flags":[]},"h":"70889db9"} @@85458c2e@@
@@BENCH-RAW@@ {"i":15,"s":[103847,103900,103846,103843,103848,103839,103825,103790,103801,103801,103823,103846,103858,103836,103847]} @@7bc6c35f@@
I (30784) bench: [16/71] c565.fast2.rotcw.sram.sync        3580793 ns/iter  265.01 ns/px  cv 0.02%
@@BENCH-CELL@@ {"t":"cell","i":16,"id":"c565.fast2.rotcw.sram.async2","g":"cube","ax":{"fmt":"565","font":"saira_regular","size":18.0,"ratio":1.0000,"path":"blit/alpha","orient":"rotcw","mem":"sram","rend":"async2","alpha":255,"halign":0,"corpus":0},"w":{"rows":12,"glyphs":161,"chars":175,"src_px":13512,"dest_px":13512},"m":{"reps":31,"n":15,"min":105325,"med":105414,"max":105499,"mean":105425.9,"sd":48.0},"d":{"ns_iter":3400451,"ns_px":251.66},"q":{"cv":0.05,"spread":0.17,"mhz":360.0,"outliers":0,"flags":[]},"h":"70889db9"} @@5283f34a@@
@@BENCH-RAW@@ {"i":16,"s":[105325,105383,105389,105405,105499,105491,105497,105416,105451,105394,105432,105414,105483,105406,105404]} @@a9cad551@@
I (32394) bench: [17/71] c565.fast2.rotcw.sram.async2      3400451 ns/iter  251.66 ns/px  cv 0.05%
@@BENCH-CELL@@ {"t":"cell","i":17,"id":"c565.shader.upright.psram.sync","g":"cube","ax":{"fmt":"565","font":"saira_regular","size":27.0,"ratio":1.5000,"path":"shader/aa","orient":"upright","mem":"psram","rend":"sync","alpha":255,"halign":0,"corpus":0},"w":{"rows":8,"glyphs":92,"chars":100,"src_px":7701,"dest_px":18002},"m":{"reps":1,"n":13,"min":128286,"med":128317,"max":128341,"mean":128317.8,"sd":14.3},"d":{"ns_iter":128317000,"ns_px":7127.93},"q":{"cv":0.01,"spread":0.04,"mhz":360.0,"outliers":0,"flags":[]},"h":"f8db19ed"} @@3095613c@@
@@BENCH-RAW@@ {"i":17,"s":[128286,128320,128308,128305,128307,128339,128323,128315,128328,128317,128341,128329,128313]} @@ca14cd9d@@
I (34604) bench: [18/71] c565.shader.upright.psram.sync   128317000 ns/iter  7127.93 ns/px  cv 0.01%
@@BENCH-CELL@@ {"t":"cell","i":18,"id":"c565.shader.upright.psram.async2","g":"cube","ax":{"fmt":"565","font":"saira_regular","size":27.0,"ratio":1.5000,"path":"shader/aa","orient":"upright","mem":"psram","rend":"async2","alpha":255,"halign":0,"corpus":0},"w":{"rows":8,"glyphs":92,"chars":100,"src_px":7701,"dest_px":18002},"m":{"reps":2,"n":12,"min":133883,"med":133909,"max":133979,"mean":133915.2,"sd":24.4},"d":{"ns_iter":66954500,"ns_px":3719.28},"q":{"cv":0.02,"spread":0.07,"mhz":360.0,"outliers":0,"flags":[]},"h":"f8db19ed"} @@a9c7e0a5@@
@@BENCH-RAW@@ {"i":18,"s":[133898,133927,133901,133901,133931,133898,133979,133917,133909,133936,133902,133883]} @@9379e624@@
I (36504) bench: [19/71] c565.shader.upright.psram.async2 66954500 ns/iter  3719.28 ns/px  cv 0.02%
@@BENCH-CELL@@ {"t":"cell","i":19,"id":"c565.shader.upright.sram.sync","g":"cube","ax":{"fmt":"565","font":"saira_regular","size":27.0,"ratio":1.5000,"path":"shader/aa","orient":"upright","mem":"sram","rend":"sync","alpha":255,"halign":0,"corpus":0},"w":{"rows":8,"glyphs":92,"chars":100,"src_px":7701,"dest_px":18002},"m":{"reps":1,"n":13,"min":128279,"med":128291,"max":128307,"mean":128292.5,"sd":7.6},"d":{"ns_iter":128291000,"ns_px":7126.49},"q":{"cv":0.01,"spread":0.02,"mhz":360.0,"outliers":0,"flags":[]},"h":"f8db19ed"} @@390f9786@@
@@BENCH-RAW@@ {"i":19,"s":[128290,128291,128296,128281,128302,128296,128307,128279,128289,128297,128289,128298,128287]} @@a1d9f6ac@@
I (38704) bench: [20/71] c565.shader.upright.sram.sync    128291000 ns/iter  7126.49 ns/px  cv 0.01%
@@BENCH-CELL@@ {"t":"cell","i":20,"id":"c565.shader.upright.sram.async2","g":"cube","ax":{"fmt":"565","font":"saira_regular","size":27.0,"ratio":1.5000,"path":"shader/aa","orient":"upright","mem":"sram","rend":"async2","alpha":255,"halign":0,"corpus":0},"w":{"rows":8,"glyphs":92,"chars":100,"src_px":7701,"dest_px":18002},"m":{"reps":2,"n":12,"min":133741,"med":133768,"max":133803,"mean":133767.4,"sd":14.0},"d":{"ns_iter":66884000,"ns_px":3715.36},"q":{"cv":0.01,"spread":0.05,"mhz":360.0,"outliers":0,"flags":[]},"h":"f8db19ed"} @@507f0cc0@@
@@BENCH-RAW@@ {"i":20,"s":[133761,133741,133803,133774,133772,133777,133768,133766,133761,133769,133759,133758]} @@0f373eff@@
I (40604) bench: [21/71] c565.shader.upright.sram.async2  66884000 ns/iter  3715.36 ns/px  cv 0.01%
@@BENCH-CELL@@ {"t":"cell","i":21,"id":"c565.shader.rotcw.psram.sync","g":"cube","ax":{"fmt":"565","font":"saira_regular","size":27.0,"ratio":1.5000,"path":"shader/aa","orient":"rotcw","mem":"psram","rend":"sync","alpha":255,"halign":0,"corpus":0},"w":{"rows":8,"glyphs":92,"chars":100,"src_px":7701,"dest_px":18002},"m":{"reps":1,"n":13,"min":126276,"med":126300,"max":126355,"mean":126308.4,"sd":23.2},"d":{"ns_iter":126300000,"ns_px":7015.89},"q":{"cv":0.02,"spread":0.06,"mhz":360.0,"outliers":0,"flags":[]},"h":"796ae951"} @@60e99503@@
@@BENCH-RAW@@ {"i":21,"s":[126352,126328,126319,126311,126355,126299,126290,126290,126290,126302,126297,126276,126300]} @@85ceef8b@@
I (42774) bench: [22/71] c565.shader.rotcw.psram.sync     126300000 ns/iter  7015.89 ns/px  cv 0.02%
@@BENCH-CELL@@ {"t":"cell","i":22,"id":"c565.shader.rotcw.psram.async2","g":"cube","ax":{"fmt":"565","font":"saira_regular","size":27.0,"ratio":1.5000,"path":"shader/aa","orient":"rotcw","mem":"psram","rend":"async2","alpha":255,"halign":0,"corpus":0},"w":{"rows":8,"glyphs":92,"chars":100,"src_px":7701,"dest_px":18002},"m":{"reps":2,"n":12,"min":133628,"med":133655,"max":133741,"mean":133664.7,"sd":30.2},"d":{"ns_iter":66827500,"ns_px":3712.23},"q":{"cv":0.02,"spread":0.08,"mhz":360.0,"outliers":0,"flags":[]},"h":"796ae951"} @@94d80b6d@@
@@BENCH-RAW@@ {"i":22,"s":[133693,133655,133674,133642,133637,133689,133741,133673,133647,133651,133628,133646]} @@9a0b8f15@@
I (44674) bench: [23/71] c565.shader.rotcw.psram.async2   66827500 ns/iter  3712.23 ns/px  cv 0.02%
@@BENCH-CELL@@ {"t":"cell","i":23,"id":"c565.shader.rotcw.sram.sync","g":"cube","ax":{"fmt":"565","font":"saira_regular","size":27.0,"ratio":1.5000,"path":"shader/aa","orient":"rotcw","mem":"sram","rend":"sync","alpha":255,"halign":0,"corpus":0},"w":{"rows":8,"glyphs":92,"chars":100,"src_px":7701,"dest_px":18002},"m":{"reps":1,"n":13,"min":125751,"med":125774,"max":125880,"mean":125779.4,"sd":31.4},"d":{"ns_iter":125774000,"ns_px":6986.67},"q":{"cv":0.02,"spread":0.10,"mhz":360.0,"outliers":0,"flags":[]},"h":"796ae951"} @@451b1f35@@
@@BENCH-RAW@@ {"i":23,"s":[125777,125880,125775,125769,125774,125774,125755,125789,125751,125795,125762,125772,125759]} @@5c366832@@
I (46834) bench: [24/71] c565.shader.rotcw.sram.sync      125774000 ns/iter  6986.67 ns/px  cv 0.02%
@@BENCH-CELL@@ {"t":"cell","i":24,"id":"c565.shader.rotcw.sram.async2","g":"cube","ax":{"fmt":"565","font":"saira_regular","size":27.0,"ratio":1.5000,"path":"shader/aa","orient":"rotcw","mem":"sram","rend":"async2","alpha":255,"halign":0,"corpus":0},"w":{"rows":8,"glyphs":92,"chars":100,"src_px":7701,"dest_px":18002},"m":{"reps":2,"n":12,"min":132819,"med":132847,"max":132862,"mean":132843.4,"sd":11.4},"d":{"ns_iter":66423500,"ns_px":3689.78},"q":{"cv":0.01,"spread":0.03,"mhz":360.0,"outliers":0,"flags":[]},"h":"796ae951"} @@795d10db@@
@@BENCH-RAW@@ {"i":24,"s":[132847,132862,132819,132852,132839,132839,132839,132855,132847,132854,132838,132830]} @@b0438add@@
I (48714) bench: [25/71] c565.shader.rotcw.sram.async2    66423500 ns/iter  3689.78 ns/px  cv 0.01%
@@BENCH-CELL@@ {"t":"cell","i":25,"id":"c888.fast1.upright.psram.sync","g":"cube","ax":{"fmt":"888","font":"sky","size":9.0,"ratio":1.0000,"path":"blit/direct","orient":"upright","mem":"psram","rend":"sync","alpha":255,"halign":0,"corpus":0},"w":{"rows":23,"glyphs":373,"chars":397,"src_px":10135,"dest_px":10135},"m":{"reps":37,"n":15,"min":85653,"med":85700,"max":85834,"mean":85720.2,"sd":54.1},"d":{"ns_iter":2316216,"ns_px":228.54},"q":{"cv":0.06,"spread":0.21,"mhz":360.0,"outliers":0,"flags":[]},"h":"601bd481"} @@bfa51b8a@@
@@BENCH-RAW@@ {"i":25,"s":[85691,85700,85677,85704,85691,85700,85714,85661,85717,85653,85683,85790,85771,85817,85834]} @@1204de8f@@
I (50044) bench: [26/71] c888.fast1.upright.psram.sync     2316216 ns/iter  228.54 ns/px  cv 0.06%
@@BENCH-CELL@@ {"t":"cell","i":26,"id":"c888.fast1.upright.psram.async2","g":"cube","ax":{"fmt":"888","font":"sky","size":9.0,"ratio":1.0000,"path":"blit/direct","orient":"upright","mem":"psram","rend":"async2","alpha":255,"halign":0,"corpus":0},"w":{"rows":23,"glyphs":373,"chars":397,"src_px":10135,"dest_px":10135},"m":{"reps":25,"n":15,"min":100974,"med":101167,"max":101295,"mean":101145.4,"sd":89.4},"d":{"ns_iter":4046680,"ns_px":399.28},"q":{"cv":0.09,"spread":0.32,"mhz":360.0,"outliers":0,"flags":[]},"h":"601bd481"} @@909cda21@@
@@BENCH-RAW@@ {"i":26,"s":[101167,101212,101096,101180,101206,101149,101226,100974,101046,100977,101086,101155,101295,101197,101215]} @@43e5d1c7@@
I (51604) bench: [27/71] c888.fast1.upright.psram.async2   4046680 ns/iter  399.28 ns/px  cv 0.09%
@@BENCH-CELL@@ {"t":"cell","i":27,"id":"c888.fast1.upright.sram.sync","g":"cube","ax":{"fmt":"888","font":"sky","size":9.0,"ratio":1.0000,"path":"blit/direct","orient":"upright","mem":"sram","rend":"sync","alpha":255,"halign":0,"corpus":0},"w":{"rows":23,"glyphs":373,"chars":397,"src_px":10135,"dest_px":10135},"m":{"reps":44,"n":15,"min":101952,"med":102180,"max":102361,"mean":102194.5,"sd":96.7},"d":{"ns_iter":2322272,"ns_px":229.13},"q":{"cv":0.09,"spread":0.40,"mhz":360.0,"outliers":0,"flags":[]},"h":"601bd481"} @@beca8afa@@
@@BENCH-RAW@@ {"i":27,"s":[101952,102361,102324,102174,102155,102149,102183,102180,102202,102168,102140,102144,102257,102344,102185]} @@259cbe70@@
I (53174) bench: [28/71] c888.fast1.upright.sram.sync      2322272 ns/iter  229.13 ns/px  cv 0.09%
@@BENCH-CELL@@ {"t":"cell","i":28,"id":"c888.fast1.upright.sram.async2","g":"cube","ax":{"fmt":"888","font":"sky","size":9.0,"ratio":1.0000,"path":"blit/direct","orient":"upright","mem":"sram","rend":"async2","alpha":255,"halign":0,"corpus":0},"w":{"rows":23,"glyphs":373,"chars":397,"src_px":10135,"dest_px":10135},"m":{"reps":27,"n":15,"min":108864,"med":109051,"max":109407,"mean":109086.1,"sd":164.7},"d":{"ns_iter":4038925,"ns_px":398.51},"q":{"cv":0.15,"spread":0.50,"mhz":360.0,"outliers":0,"flags":[]},"h":"601bd481"} @@653deb57@@
@@BENCH-RAW@@ {"i":28,"s":[109051,109104,109267,109121,109407,109349,109227,108989,109194,108966,108864,108868,108947,108960,108978]} @@fd836bc3@@
I (54844) bench: [29/71] c888.fast1.upright.sram.async2    4038925 ns/iter  398.51 ns/px  cv 0.15%
@@BENCH-CELL@@ {"t":"cell","i":29,"id":"c888.fast1.rotcw.psram.sync","g":"cube","ax":{"fmt":"888","font":"sky","size":9.0,"ratio":1.0000,"path":"blit/direct","orient":"rotcw","mem":"psram","rend":"sync","alpha":255,"halign":0,"corpus":0},"w":{"rows":23,"glyphs":373,"chars":397,"src_px":10135,"dest_px":10135},"m":{"reps":32,"n":15,"min":83022,"med":83085,"max":83406,"mean":83100.5,"sd":87.4},"d":{"ns_iter":2596406,"ns_px":256.18},"q":{"cv":0.11,"spread":0.46,"mhz":360.0,"outliers":0,"flags":[]},"h":"333c04c9"} @@408af8f4@@
@@BENCH-RAW@@ {"i":29,"s":[83037,83058,83022,83075,83113,83078,83027,83097,83085,83124,83066,83406,83123,83098,83099]} @@d2875f5b@@
I (56134) bench: [30/71] c888.fast1.rotcw.psram.sync       2596406 ns/iter  256.18 ns/px  cv 0.11%
@@BENCH-CELL@@ {"t":"cell","i":30,"id":"c888.fast1.rotcw.psram.async2","g":"cube","ax":{"fmt":"888","font":"sky","size":9.0,"ratio":1.0000,"path":"blit/direct","orient":"rotcw","mem":"psram","rend":"async2","alpha":255,"halign":0,"corpus":0},"w":{"rows":23,"glyphs":373,"chars":397,"src_px":10135,"dest_px":10135},"m":{"reps":23,"n":15,"min":101658,"med":101824,"max":102156,"mean":101832.9,"sd":119.0},"d":{"ns_iter":4427130,"ns_px":436.82},"q":{"cv":0.12,"spread":0.49,"mhz":360.0,"outliers":0,"flags":[]},"h":"333c04c9"} @@62059c86@@
@@BENCH-RAW@@ {"i":30,"s":[101726,101809,101824,101830,101726,101753,102156,101959,101867,101832,101833,101815,101974,101731,101658]} @@327d0533@@
I (57704) bench: [31/71] c888.fast1.rotcw.psram.async2     4427130 ns/iter  436.82 ns/px  cv 0.12%
@@BENCH-CELL@@ {"t":"cell","i":31,"id":"c888.fast1.rotcw.sram.sync","g":"cube","ax":{"fmt":"888","font":"sky","size":9.0,"ratio":1.0000,"path":"blit/direct","orient":"rotcw","mem":"sram","rend":"sync","alpha":255,"halign":0,"corpus":0},"w":{"rows":23,"glyphs":373,"chars":397,"src_px":10135,"dest_px":10135},"m":{"reps":43,"n":15,"min":100917,"med":101039,"max":101144,"mean":101040.0,"sd":66.7},"d":{"ns_iter":2349744,"ns_px":231.84},"q":{"cv":0.07,"spread":0.22,"mhz":360.0,"outliers":0,"flags":[]},"h":"333c04c9"} @@3c2725dd@@
@@BENCH-RAW@@ {"i":31,"s":[100949,101068,100987,101078,101039,100990,100979,101000,101027,100917,101074,101144,101141,101108,101099]} @@38684145@@
I (59254) bench: [32/71] c888.fast1.rotcw.sram.sync        2349744 ns/iter  231.84 ns/px  cv 0.07%
@@BENCH-CELL@@ {"t":"cell","i":32,"id":"c888.fast1.rotcw.sram.async2","g":"cube","ax":{"fmt":"888","font":"sky","size":9.0,"ratio":1.0000,"path":"blit/direct","orient":"rotcw","mem":"sram","rend":"async2","alpha":255,"halign":0,"corpus":0},"w":{"rows":23,"glyphs":373,"chars":397,"src_px":10135,"dest_px":10135},"m":{"reps":27,"n":15,"min":112123,"med":112395,"max":112534,"mean":112370.5,"sd":111.8},"d":{"ns_iter":4162777,"ns_px":410.73},"q":{"cv":0.10,"spread":0.37,"mhz":360.0,"outliers":0,"flags":[]},"h":"333c04c9"} @@144004a1@@
@@BENCH-RAW@@ {"i":32,"s":[112483,112379,112432,112452,112123,112436,112232,112367,112534,112237,112234,112493,112362,112398,112395]} @@8a0f66c2@@
I (60984) bench: [33/71] c888.fast1.rotcw.sram.async2      4162777 ns/iter  410.73 ns/px  cv 0.10%
@@BENCH-CELL@@ {"t":"cell","i":33,"id":"c888.fast2.upright.psram.sync","g":"cube","ax":{"fmt":"888","font":"saira_regular","size":18.0,"ratio":1.0000,"path":"blit/alpha","orient":"upright","mem":"psram","rend":"sync","alpha":255,"halign":0,"corpus":0},"w":{"rows":12,"glyphs":161,"chars":175,"src_px":13512,"dest_px":13512},"m":{"reps":25,"n":15,"min":91712,"med":91758,"max":91800,"mean":91754.1,"sd":21.1},"d":{"ns_iter":3670320,"ns_px":271.63},"q":{"cv":0.02,"spread":0.10,"mhz":360.0,"outliers":0,"flags":[]},"h":"34ac5a26"} @@4697b636@@
@@BENCH-RAW@@ {"i":33,"s":[91767,91756,91764,91758,91777,91759,91763,91749,91760,91800,91752,91741,91736,91718,91712]} @@d03e3206@@
I (62404) bench: [34/71] c888.fast2.upright.psram.sync     3670320 ns/iter  271.63 ns/px  cv 0.02%
@@BENCH-CELL@@ {"t":"cell","i":34,"id":"c888.fast2.upright.psram.async2","g":"cube","ax":{"fmt":"888","font":"saira_regular","size":18.0,"ratio":1.0000,"path":"blit/alpha","orient":"upright","mem":"psram","rend":"async2","alpha":255,"halign":0,"corpus":0},"w":{"rows":12,"glyphs":161,"chars":175,"src_px":13512,"dest_px":13512},"m":{"reps":28,"n":15,"min":92132,"med":92225,"max":92395,"mean":92233.0,"sd":68.6},"d":{"ns_iter":3293750,"ns_px":243.76},"q":{"cv":0.07,"spread":0.29,"mhz":360.0,"outliers":0,"flags":[]},"h":"34ac5a26"} @@80300afb@@
@@BENCH-RAW@@ {"i":34,"s":[92197,92281,92172,92225,92245,92395,92132,92218,92238,92160,92246,92183,92201,92365,92237]} @@0ae5d8ce@@
I (63834) bench: [35/71] c888.fast2.upright.psram.async2   3293750 ns/iter  243.76 ns/px  cv 0.07%
@@BENCH-CELL@@ {"t":"cell","i":35,"id":"c888.fast2.upright.sram.sync","g":"cube","ax":{"fmt":"888","font":"saira_regular","size":18.0,"ratio":1.0000,"path":"blit/alpha","orient":"upright","mem":"sram","rend":"sync","alpha":255,"halign":0,"corpus":0},"w":{"rows":12,"glyphs":161,"chars":175,"src_px":13512,"dest_px":13512},"m":{"reps":28,"n":15,"min":102629,"med":102721,"max":102755,"mean":102704.2,"sd":41.6},"d":{"ns_iter":3668607,"ns_px":271.51},"q":{"cv":0.04,"spread":0.12,"mhz":360.0,"outliers":0,"flags":[]},"h":"34ac5a26"} @@62dcc7a0@@
@@BENCH-RAW@@ {"i":35,"s":[102703,102629,102631,102687,102746,102755,102721,102640,102670,102716,102750,102733,102727,102734,102721]} @@38f3e3a4@@
I (65414) bench: [36/71] c888.fast2.upright.sram.sync      3668607 ns/iter  271.51 ns/px  cv 0.04%
@@BENCH-CELL@@ {"t":"cell","i":36,"id":"c888.fast2.upright.sram.async2","g":"cube","ax":{"fmt":"888","font":"saira_regular","size":18.0,"ratio":1.0000,"path":"blit/alpha","orient":"upright","mem":"sram","rend":"async2","alpha":255,"halign":0,"corpus":0},"w":{"rows":12,"glyphs":161,"chars":175,"src_px":13512,"dest_px":13512},"m":{"reps":31,"n":15,"min":102031,"med":102119,"max":102248,"mean":102122.0,"sd":55.4},"d":{"ns_iter":3294161,"ns_px":243.80},"q":{"cv":0.05,"spread":0.21,"mhz":360.0,"outliers":0,"flags":[]},"h":"34ac5a26"} @@28b1b5b1@@
@@BENCH-RAW@@ {"i":36,"s":[102081,102083,102138,102122,102059,102248,102119,102154,102180,102187,102070,102109,102031,102163,102086]} @@b4152503@@
I (66974) bench: [37/71] c888.fast2.upright.sram.async2    3294161 ns/iter  243.80 ns/px  cv 0.05%
@@BENCH-CELL@@ {"t":"cell","i":37,"id":"c888.fast2.rotcw.psram.sync","g":"cube","ax":{"fmt":"888","font":"saira_regular","size":18.0,"ratio":1.0000,"path":"blit/alpha","orient":"rotcw","mem":"psram","rend":"sync","alpha":255,"halign":0,"corpus":0},"w":{"rows":12,"glyphs":161,"chars":175,"src_px":13512,"dest_px":13512},"m":{"reps":23,"n":15,"min":88150,"med":88252,"max":88353,"mean":88256.6,"sd":59.8},"d":{"ns_iter":3837043,"ns_px":283.97},"q":{"cv":0.07,"spread":0.23,"mhz":360.0,"outliers":0,"flags":[]},"h":"de65743c"} @@e222b1aa@@
@@BENCH-RAW@@ {"i":37,"s":[88335,88227,88196,88306,88198,88229,88336,88253,88233,88192,88150,88353,88252,88265,88324]} @@741b34d3@@
I (68344) bench: [38/71] c888.fast2.rotcw.psram.sync       3837043 ns/iter  283.97 ns/px  cv 0.07%
@@BENCH-CELL@@ {"t":"cell","i":38,"id":"c888.fast2.rotcw.psram.async2","g":"cube","ax":{"fmt":"888","font":"saira_regular","size":18.0,"ratio":1.0000,"path":"blit/alpha","orient":"rotcw","mem":"psram","rend":"async2","alpha":255,"halign":0,"corpus":0},"w":{"rows":12,"glyphs":161,"chars":175,"src_px":13512,"dest_px":13512},"m":{"reps":25,"n":15,"min":91274,"med":91420,"max":91659,"mean":91449.8,"sd":122.5},"d":{"ns_iter":3656800,"ns_px":270.63},"q":{"cv":0.13,"spread":0.42,"mhz":360.0,"outliers":0,"flags":[]},"h":"de65743c"} @@d5118c1d@@
@@BENCH-RAW@@ {"i":38,"s":[91624,91363,91286,91433,91274,91414,91301,91526,91343,91527,91420,91411,91563,91603,91659]} @@98b6da4d@@
I (69764) bench: [39/71] c888.fast2.rotcw.psram.async2     3656800 ns/iter  270.63 ns/px  cv 0.13%
@@BENCH-CELL@@ {"t":"cell","i":39,"id":"c888.fast2.rotcw.sram.sync","g":"cube","ax":{"fmt":"888","font":"saira_regular","size":18.0,"ratio":1.0000,"path":"blit/alpha","orient":"rotcw","mem":"sram","rend":"sync","alpha":255,"halign":0,"corpus":0},"w":{"rows":12,"glyphs":161,"chars":175,"src_px":13512,"dest_px":13512},"m":{"reps":28,"n":15,"min":103430,"med":103459,"max":103541,"mean":103469.5,"sd":28.4},"d":{"ns_iter":3694964,"ns_px":273.46},"q":{"cv":0.03,"spread":0.11,"mhz":360.0,"outliers":0,"flags":[]},"h":"de65743c"} @@b50a6569@@
@@BENCH-RAW@@ {"i":39,"s":[103477,103489,103541,103486,103456,103439,103430,103439,103452,103497,103481,103459,103495,103453,103448]} @@242c8524@@
I (71354) bench: [40/71] c888.fast2.rotcw.sram.sync        3694964 ns/iter  273.46 ns/px  cv 0.03%
@@BENCH-CELL@@ {"t":"cell","i":40,"id":"c888.fast2.rotcw.sram.async2","g":"cube","ax":{"fmt":"888","font":"saira_regular","size":18.0,"ratio":1.0000,"path":"blit/alpha","orient":"rotcw","mem":"sram","rend":"async2","alpha":255,"halign":0,"corpus":0},"w":{"rows":12,"glyphs":161,"chars":175,"src_px":13512,"dest_px":13512},"m":{"reps":30,"n":15,"min":102652,"med":102742,"max":102826,"mean":102732.1,"sd":48.0},"d":{"ns_iter":3424733,"ns_px":253.46},"q":{"cv":0.05,"spread":0.17,"mhz":360.0,"outliers":0,"flags":[]},"h":"de65743c"} @@a57aa054@@
@@BENCH-RAW@@ {"i":40,"s":[102765,102753,102691,102722,102725,102742,102826,102672,102660,102652,102781,102789,102749,102751,102704]} @@7004dd52@@
I (72934) bench: [41/71] c888.fast2.rotcw.sram.async2      3424733 ns/iter  253.46 ns/px  cv 0.05%
@@BENCH-CELL@@ {"t":"cell","i":41,"id":"c888.shader.upright.psram.sync","g":"cube","ax":{"fmt":"888","font":"saira_regular","size":27.0,"ratio":1.5000,"path":"shader/aa","orient":"upright","mem":"psram","rend":"sync","alpha":255,"halign":0,"corpus":0},"w":{"rows":8,"glyphs":92,"chars":100,"src_px":7701,"dest_px":18002},"m":{"reps":1,"n":13,"min":128373,"med":128390,"max":128423,"mean":128391.1,"sd":13.4},"d":{"ns_iter":128390000,"ns_px":7131.99},"q":{"cv":0.01,"spread":0.04,"mhz":360.0,"outliers":0,"flags":[]},"h":"839de335"} @@7933b56c@@
@@BENCH-RAW@@ {"i":41,"s":[128385,128392,128398,128394,128409,128383,128423,128390,128399,128375,128382,128381,128373]} @@2f0d3ecd@@
I (75144) bench: [42/71] c888.shader.upright.psram.sync   128390000 ns/iter  7131.99 ns/px  cv 0.01%
@@BENCH-CELL@@ {"t":"cell","i":42,"id":"c888.shader.upright.psram.async2","g":"cube","ax":{"fmt":"888","font":"saira_regular","size":27.0,"ratio":1.5000,"path":"shader/aa","orient":"upright","mem":"psram","rend":"async2","alpha":255,"halign":0,"corpus":0},"w":{"rows":8,"glyphs":92,"chars":100,"src_px":7701,"dest_px":18002},"m":{"reps":2,"n":12,"min":134000,"med":134057,"max":134222,"mean":134074.3,"sd":62.4},"d":{"ns_iter":67028500,"ns_px":3723.39},"q":{"cv":0.05,"spread":0.17,"mhz":360.0,"outliers":0,"flags":[]},"h":"839de335"} @@05b7da6e@@
@@BENCH-RAW@@ {"i":42,"s":[134041,134052,134016,134031,134170,134222,134057,134114,134088,134044,134057,134000]} @@29e96844@@
I (77054) bench: [43/71] c888.shader.upright.psram.async2 67028500 ns/iter  3723.39 ns/px  cv 0.05%
@@BENCH-CELL@@ {"t":"cell","i":43,"id":"c888.shader.upright.sram.sync","g":"cube","ax":{"fmt":"888","font":"saira_regular","size":27.0,"ratio":1.5000,"path":"shader/aa","orient":"upright","mem":"sram","rend":"sync","alpha":255,"halign":0,"corpus":0},"w":{"rows":8,"glyphs":92,"chars":100,"src_px":7701,"dest_px":18002},"m":{"reps":1,"n":13,"min":128326,"med":128338,"max":128374,"mean":128342.3,"sd":12.1},"d":{"ns_iter":128338000,"ns_px":7129.10},"q":{"cv":0.01,"spread":0.04,"mhz":360.0,"outliers":0,"flags":[]},"h":"839de335"} @@df60c755@@
@@BENCH-RAW@@ {"i":43,"s":[128374,128359,128338,128350,128337,128343,128336,128343,128338,128341,128326,128333,128332]} @@6410e537@@
I (79264) bench: [44/71] c888.shader.upright.sram.sync    128338000 ns/iter  7129.10 ns/px  cv 0.01%
@@BENCH-CELL@@ {"t":"cell","i":44,"id":"c888.shader.upright.sram.async2","g":"cube","ax":{"fmt":"888","font":"saira_regular","size":27.0,"ratio":1.5000,"path":"shader/aa","orient":"upright","mem":"sram","rend":"async2","alpha":255,"halign":0,"corpus":0},"w":{"rows":8,"glyphs":92,"chars":100,"src_px":7701,"dest_px":18002},"m":{"reps":2,"n":12,"min":133811,"med":133851,"max":134054,"mean":133904.6,"sd":89.8},"d":{"ns_iter":66925500,"ns_px":3717.67},"q":{"cv":0.07,"spread":0.18,"mhz":360.0,"outliers":0,"flags":[]},"h":"839de335"} @@98ffa217@@
@@BENCH-RAW@@ {"i":44,"s":[133851,133830,133881,133811,133849,133843,133837,133843,133979,134038,134054,134039]} @@5bf20336@@
I (81164) bench: [45/71] c888.shader.upright.sram.async2  66925500 ns/iter  3717.67 ns/px  cv 0.07%
@@BENCH-CELL@@ {"t":"cell","i":45,"id":"c888.shader.rotcw.psram.sync","g":"cube","ax":{"fmt":"888","font":"saira_regular","size":27.0,"ratio":1.5000,"path":"shader/aa","orient":"rotcw","mem":"psram","rend":"sync","alpha":255,"halign":0,"corpus":0},"w":{"rows":8,"glyphs":92,"chars":100,"src_px":7701,"dest_px":18002},"m":{"reps":1,"n":13,"min":126441,"med":126469,"max":126514,"mean":126472.8,"sd":20.4},"d":{"ns_iter":126469000,"ns_px":7025.27},"q":{"cv":0.02,"spread":0.06,"mhz":360.0,"outliers":0,"flags":[]},"h":"dd1828a1"} @@0f65d09f@@
@@BENCH-RAW@@ {"i":45,"s":[126479,126498,126441,126456,126499,126514,126461,126468,126451,126473,126469,126483,126455]} @@3670504b@@
I (83344) bench: [46/71] c888.shader.rotcw.psram.sync     126469000 ns/iter  7025.27 ns/px  cv 0.02%
@@BENCH-CELL@@ {"t":"cell","i":46,"id":"c888.shader.rotcw.psram.async2","g":"cube","ax":{"fmt":"888","font":"saira_regular","size":27.0,"ratio":1.5000,"path":"shader/aa","orient":"rotcw","mem":"psram","rend":"async2","alpha":255,"halign":0,"corpus":0},"w":{"rows":8,"glyphs":92,"chars":100,"src_px":7701,"dest_px":18002},"m":{"reps":2,"n":12,"min":134099,"med":134279,"max":134421,"mean":134251.8,"sd":106.5},"d":{"ns_iter":67139500,"ns_px":3729.56},"q":{"cv":0.08,"spread":0.24,"mhz":360.0,"outliers":0,"flags":[]},"h":"dd1828a1"} @@7d77b774@@
@@BENCH-RAW@@ {"i":46,"s":[134140,134099,134129,134391,134284,134368,134196,134279,134269,134314,134131,134421]} @@bb58a003@@
I (85254) bench: [47/71] c888.shader.rotcw.psram.async2   67139500 ns/iter  3729.56 ns/px  cv 0.08%
@@BENCH-CELL@@ {"t":"cell","i":47,"id":"c888.shader.rotcw.sram.sync","g":"cube","ax":{"fmt":"888","font":"saira_regular","size":27.0,"ratio":1.5000,"path":"shader/aa","orient":"rotcw","mem":"sram","rend":"sync","alpha":255,"halign":0,"corpus":0},"w":{"rows":8,"glyphs":92,"chars":100,"src_px":7701,"dest_px":18002},"m":{"reps":1,"n":13,"min":126012,"med":126100,"max":126160,"mean":126095.6,"sd":50.2},"d":{"ns_iter":126100000,"ns_px":7004.78},"q":{"cv":0.04,"spread":0.12,"mhz":360.0,"outliers":0,"flags":[]},"h":"dd1828a1"} @@581db6dc@@
@@BENCH-RAW@@ {"i":47,"s":[126100,126097,126068,126150,126020,126037,126012,126053,126160,126133,126149,126132,126132]} @@998c1958@@
I (87424) bench: [48/71] c888.shader.rotcw.sram.sync      126100000 ns/iter  7004.78 ns/px  cv 0.04%
@@BENCH-CELL@@ {"t":"cell","i":48,"id":"c888.shader.rotcw.sram.async2","g":"cube","ax":{"fmt":"888","font":"saira_regular","size":27.0,"ratio":1.5000,"path":"shader/aa","orient":"rotcw","mem":"sram","rend":"async2","alpha":255,"halign":0,"corpus":0},"w":{"rows":8,"glyphs":92,"chars":100,"src_px":7701,"dest_px":18002},"m":{"reps":2,"n":12,"min":133120,"med":133149,"max":133175,"mean":133146.8,"sd":19.7},"d":{"ns_iter":66574500,"ns_px":3698.17},"q":{"cv":0.01,"spread":0.04,"mhz":360.0,"outliers":0,"flags":[]},"h":"dd1828a1"} @@8fd338b1@@
@@BENCH-RAW@@ {"i":48,"s":[133144,133169,133132,133158,133175,133159,133174,133139,133120,133120,133149,133122]} @@75ce4ed8@@
I (89304) bench: [49/71] c888.shader.rotcw.sram.async2    66574500 ns/iter  3698.17 ns/px  cv 0.01%
@@BENCH-CELL@@ {"t":"cell","i":49,"id":"orient.rotccw","g":"orient","ax":{"fmt":"888","font":"saira_regular","size":18.0,"ratio":1.0000,"path":"blit/alpha","orient":"rotccw","mem":"psram","rend":"async2","alpha":255,"halign":0,"corpus":0},"w":{"rows":12,"glyphs":161,"chars":175,"src_px":13512,"dest_px":13512},"m":{"reps":25,"n":15,"min":90736,"med":90997,"max":91164,"mean":90972.4,"sd":118.2},"d":{"ns_iter":3639880,"ns_px":269.38},"q":{"cv":0.13,"spread":0.47,"mhz":360.0,"outliers":0,"flags":[]},"h":"e16cec42"} @@3ece0bf4@@
@@BENCH-RAW@@ {"i":49,"s":[90901,91033,91114,91064,90864,90812,90997,91011,90736,90947,91108,90950,90845,91040,91164]} @@2aef78b9@@
I (90714) bench: [50/71] orient.rotccw                     3639880 ns/iter  269.38 ns/px  cv 0.13%
@@BENCH-CELL@@ {"t":"cell","i":50,"id":"orient.rothalf","g":"orient","ax":{"fmt":"888","font":"saira_regular","size":18.0,"ratio":1.0000,"path":"blit/alpha","orient":"rothalf","mem":"psram","rend":"async2","alpha":255,"halign":0,"corpus":0},"w":{"rows":12,"glyphs":161,"chars":175,"src_px":13512,"dest_px":13512},"m":{"reps":27,"n":15,"min":91639,"med":91697,"max":91805,"mean":91704.5,"sd":51.8},"d":{"ns_iter":3396185,"ns_px":251.35},"q":{"cv":0.06,"spread":0.18,"mhz":360.0,"outliers":0,"flags":[]},"h":"a6066584"} @@82bcc82f@@
@@BENCH-RAW@@ {"i":50,"s":[91734,91673,91641,91769,91680,91758,91805,91639,91662,91697,91666,91722,91697,91778,91647]} @@fd122d87@@
I (92134) bench: [51/71] orient.rothalf                    3396185 ns/iter  251.35 ns/px  cv 0.06%
@@BENCH-CELL@@ {"t":"cell","i":51,"id":"orient.fliph","g":"orient","ax":{"fmt":"888","font":"saira_regular","size":18.0,"ratio":1.0000,"path":"blit/alpha","orient":"fliph","mem":"psram","rend":"async2","alpha":255,"halign":0,"corpus":0},"w":{"rows":12,"glyphs":161,"chars":175,"src_px":13512,"dest_px":13512},"m":{"reps":27,"n":15,"min":88782,"med":88836,"max":88981,"mean":88849.7,"sd":52.5},"d":{"ns_iter":3290222,"ns_px":243.50},"q":{"cv":0.06,"spread":0.22,"mhz":360.0,"outliers":0,"flags":[]},"h":"abc61a88"} @@ab8de810@@
@@BENCH-RAW@@ {"i":51,"s":[88867,88981,88810,88836,88815,88821,88790,88821,88851,88874,88853,88908,88925,88812,88782]} @@72b08968@@
I (93514) bench: [52/71] orient.fliph                      3290222 ns/iter  243.50 ns/px  cv 0.06%
@@BENCH-CELL@@ {"t":"cell","i":52,"id":"orient.rotccwfliph","g":"orient","ax":{"fmt":"888","font":"saira_regular","size":18.0,"ratio":1.0000,"path":"blit/alpha","orient":"rotccwfliph","mem":"psram","rend":"async2","alpha":255,"halign":0,"corpus":0},"w":{"rows":12,"glyphs":161,"chars":175,"src_px":13512,"dest_px":13512},"m":{"reps":26,"n":15,"min":93448,"med":93692,"max":93954,"mean":93684.9,"sd":145.2},"d":{"ns_iter":3603538,"ns_px":266.69},"q":{"cv":0.15,"spread":0.54,"mhz":360.0,"outliers":0,"flags":[]},"h":"5262d8d8"} @@f5e7dced@@
@@BENCH-RAW@@ {"i":52,"s":[93636,93692,93776,93726,93845,93580,93448,93866,93954,93793,93566,93453,93532,93735,93671]} @@de5f9b18@@
I (94964) bench: [53/71] orient.rotccwfliph                3603538 ns/iter  266.69 ns/px  cv 0.15%
@@BENCH-CELL@@ {"t":"cell","i":53,"id":"orient.rothalffliph","g":"orient","ax":{"fmt":"888","font":"saira_regular","size":18.0,"ratio":1.0000,"path":"blit/alpha","orient":"rothalffliph","mem":"psram","rend":"async2","alpha":255,"halign":0,"corpus":0},"w":{"rows":12,"glyphs":161,"chars":175,"src_px":13512,"dest_px":13512},"m":{"reps":27,"n":15,"min":91629,"med":91753,"max":91902,"mean":91759.5,"sd":63.1},"d":{"ns_iter":3398259,"ns_px":251.50},"q":{"cv":0.07,"spread":0.30,"mhz":360.0,"outliers":0,"flags":[]},"h":"418c2762"} @@a2a7affe@@
@@BENCH-RAW@@ {"i":53,"s":[91798,91723,91782,91902,91811,91817,91811,91776,91731,91629,91709,91690,91720,91740,91753]} @@6d64ab41@@
I (96384) bench: [54/71] orient.rothalffliph               3398259 ns/iter  251.50 ns/px  cv 0.07%
@@BENCH-CELL@@ {"t":"cell","i":54,"id":"orient.rotcwfliph","g":"orient","ax":{"fmt":"888","font":"saira_regular","size":18.0,"ratio":1.0000,"path":"blit/alpha","orient":"rotcwfliph","mem":"psram","rend":"async2","alpha":255,"halign":0,"corpus":0},"w":{"rows":12,"glyphs":161,"chars":175,"src_px":13512,"dest_px":13512},"m":{"reps":25,"n":15,"min":90713,"med":90845,"max":91033,"mean":90844.4,"sd":93.8},"d":{"ns_iter":3633800,"ns_px":268.93},"q":{"cv":0.10,"spread":0.35,"mhz":360.0,"outliers":0,"flags":[]},"h":"0e714186"} @@55aedaac@@
@@BENCH-RAW@@ {"i":54,"s":[90922,90861,90732,90751,90713,90831,90800,90748,90878,91033,90857,91033,90868,90794,90845]} @@0e2143b0@@
I (97794) bench: [55/71] orient.rotcwfliph                 3633800 ns/iter  268.93 ns/px  cv 0.10%
@@BENCH-CELL@@ {"t":"cell","i":55,"id":"font.sky@18","g":"font","ax":{"fmt":"888","font":"sky","size":18.0,"ratio":2.0000,"path":"blit/direct","orient":"rotcw","mem":"psram","rend":"async2","alpha":255,"halign":0,"corpus":0},"w":{"rows":12,"glyphs":148,"chars":162,"src_px":4014,"dest_px":16056},"m":{"reps":30,"n":15,"min":88492,"med":88708,"max":88991,"mean":88745.0,"sd":126.2},"d":{"ns_iter":2956933,"ns_px":184.16},"q":{"cv":0.14,"spread":0.56,"mhz":360.0,"outliers":0,"flags":[]},"h":"a32b1e1d"} @@f5201e3f@@
@@BENCH-RAW@@ {"i":55,"s":[88708,88492,88719,88749,88950,88991,88943,88721,88703,88805,88642,88700,88656,88700,88696]} @@b81aca23@@
I (99164) bench: [56/71] font.sky@18                       2956933 ns/iter  184.16 ns/px  cv 0.14%
@@BENCH-CELL@@ {"t":"cell","i":56,"id":"font.sky@27","g":"font","ax":{"fmt":"888","font":"sky","size":27.0,"ratio":3.0000,"path":"blit/direct","orient":"rotcw","mem":"psram","rend":"async2","alpha":255,"halign":0,"corpus":0},"w":{"rows":8,"glyphs":80,"chars":85,"src_px":2161,"dest_px":19449},"m":{"reps":33,"n":15,"min":83422,"med":83683,"max":84002,"mean":83700.9,"sd":153.7},"d":{"ns_iter":2535848,"ns_px":130.38},"q":{"cv":0.18,"spread":0.69,"mhz":360.0,"outliers":0,"flags":[]},"h":"4bc0b3f9"} @@72f6c572@@
@@BENCH-RAW@@ {"i":56,"s":[83683,83989,83422,83672,83751,83695,83540,83794,83578,83743,83604,83564,83647,84002,83830]} @@27be7874@@
I (100464) bench: [57/71] font.sky@27                       2535848 ns/iter  130.38 ns/px  cv 0.18%
@@BENCH-CELL@@ {"t":"cell","i":57,"id":"font.skymono@9","g":"font","ax":{"fmt":"888","font":"sky_mono","size":9.0,"ratio":1.0000,"path":"blit/direct","orient":"rotcw","mem":"psram","rend":"async2","alpha":255,"halign":0,"corpus":0},"w":{"rows":23,"glyphs":373,"chars":397,"src_px":23499,"dest_px":23499},"m":{"reps":20,"n":15,"min":100311,"med":100501,"max":100761,"mean":100516.1,"sd":116.5},"d":{"ns_iter":5025050,"ns_px":213.84},"q":{"cv":0.12,"spread":0.45,"mhz":360.0,"outliers":0,"flags":[]},"h":"6335b160"} @@3e66d05e@@
@@BENCH-RAW@@ {"i":57,"s":[100445,100556,100669,100563,100761,100445,100592,100642,100541,100476,100478,100414,100311,100348,100501]} @@6c6f323c@@
I (102024) bench: [58/71] font.skymono@9                    5025050 ns/iter  213.84 ns/px  cv 0.12%
@@BENCH-CELL@@ {"t":"cell","i":58,"id":"font.sky@13","g":"font","ax":{"fmt":"888","font":"sky","size":13.0,"ratio":1.4444,"path":"shader/pal","orient":"rotcw","mem":"psram","rend":"async2","alpha":255,"halign":0,"corpus":0},"w":{"rows":17,"glyphs":239,"chars":255,"src_px":6321,"dest_px":12530},"m":{"reps":2,"n":15,"min":111726,"med":111886,"max":112028,"mean":111897.4,"sd":112.0},"d":{"ns_iter":55943000,"ns_px":4464.72},"q":{"cv":0.10,"spread":0.27,"mhz":360.0,"outliers":0,"flags":[]},"h":"254ec85e"} @@e8b151d1@@
@@BENCH-RAW@@ {"i":58,"s":[111886,111756,111845,112028,112018,112018,111980,112000,111993,112014,111878,111726,111807,111733,111779]} @@5f206b18@@
I (103954) bench: [59/71] font.sky@13                      55943000 ns/iter  4464.72 ns/px  cv 0.10%
@@BENCH-CELL@@ {"t":"cell","i":59,"id":"font.saira@36","g":"font","ax":{"fmt":"888","font":"saira_regular","size":36.0,"ratio":2.0000,"path":"blit/alpha","orient":"rotcw","mem":"psram","rend":"async2","alpha":255,"halign":0,"corpus":0},"w":{"rows":6,"glyphs":56,"chars":61,"src_px":4710,"dest_px":18840},"m":{"reps":26,"n":15,"min":83773,"med":83847,"max":83962,"mean":83857.7,"sd":53.2},"d":{"ns_iter":3224884,"ns_px":171.17},"q":{"cv":0.06,"spread":0.23,"mhz":360.0,"outliers":0,"flags":[]},"h":"972d0991"} @@450a5bf7@@
@@BENCH-RAW@@ {"i":59,"s":[83847,83846,83956,83810,83826,83861,83773,83864,83802,83838,83860,83962,83877,83813,83930]} @@0a16cdfe@@
I (105254) bench: [60/71] font.saira@36                     3224884 ns/iter  171.17 ns/px  cv 0.06%
@@BENCH-CELL@@ {"t":"cell","i":60,"id":"font.marker@22","g":"font","ax":{"fmt":"888","font":"marker","size":22.0,"ratio":1.0000,"path":"blit/alpha","orient":"rotcw","mem":"psram","rend":"async2","alpha":255,"halign":0,"corpus":0},"w":{"rows":10,"glyphs":125,"chars":136,"src_px":22847,"dest_px":22847},"m":{"reps":22,"n":15,"min":97670,"med":97899,"max":98066,"mean":97886.7,"sd":113.0},"d":{"ns_iter":4449954,"ns_px":194.77},"q":{"cv":0.12,"spread":0.40,"mhz":360.0,"outliers":0,"flags":[]},"h":"59dd778c"} @@cf2d57b1@@
@@BENCH-RAW@@ {"i":60,"s":[97670,97726,97862,97908,97925,98014,97698,98066,97904,97850,97880,98047,97899,97896,97955]} @@8005b9d2@@
I (106774) bench: [61/71] font.marker@22                    4449954 ns/iter  194.77 ns/px  cv 0.12%
@@BENCH-CELL@@ {"t":"cell","i":61,"id":"font.marker@33","g":"font","ax":{"fmt":"888","font":"marker","size":33.0,"ratio":1.5000,"path":"shader/aa","orient":"rotcw","mem":"psram","rend":"async2","alpha":255,"halign":0,"corpus":0},"w":{"rows":7,"glyphs":71,"chars":76,"src_px":13008,"dest_px":29868},"m":{"reps":2,"n":7,"min":215786,"med":215930,"max":215997,"mean":215909.3,"sd":69.1},"d":{"ns_iter":107965000,"ns_px":3614.74},"q":{"cv":0.03,"spread":0.10,"mhz":360.0,"outliers":0,"flags":[]},"h":"aed9f152"} @@0308257f@@
@@BENCH-RAW@@ {"i":61,"s":[215997,215985,215853,215883,215930,215786,215931]} @@64b82963@@
I (108744) bench: [62/71] font.marker@33                   107965000 ns/iter  3614.74 ns/px  cv 0.03%
@@BENCH-CELL@@ {"t":"cell","i":62,"id":"font.condensed@45","g":"font","ax":{"fmt":"888","font":"saira_condensed","size":45.0,"ratio":1.0000,"path":"blit/alpha","orient":"rotcw","mem":"psram","rend":"async2","alpha":255,"halign":0,"corpus":0},"w":{"rows":5,"glyphs":47,"chars":51,"src_px":19237,"dest_px":19237},"m":{"reps":31,"n":15,"min":80105,"med":80206,"max":80326,"mean":80213.1,"sd":69.1},"d":{"ns_iter":2587290,"ns_px":134.50},"q":{"cv":0.09,"spread":0.28,"mhz":360.0,"outliers":0,"flags":[]},"h":"7bcb728d"} @@5e8cb257@@
@@BENCH-RAW@@ {"i":62,"s":[80166,80284,80105,80149,80141,80206,80268,80141,80326,80271,80229,80151,80180,80257,80322]} @@e32ed7c8@@
I (109994) bench: [63/71] font.condensed@45                 2587290 ns/iter  134.50 ns/px  cv 0.09%
@@BENCH-CELL@@ {"t":"cell","i":63,"id":"font.saira@27.noaa","g":"font","ax":{"fmt":"888","font":"saira_regular_noaa","size":27.0,"ratio":1.5000,"path":"shader/plain","orient":"rotcw","mem":"psram","rend":"async2","alpha":255,"halign":0,"corpus":0},"w":{"rows":8,"glyphs":92,"chars":100,"src_px":7701,"dest_px":18002},"m":{"reps":2,"n":13,"min":122950,"med":122998,"max":123111,"mean":123006.5,"sd":42.5},"d":{"ns_iter":61499000,"ns_px":3416.23},"q":{"cv":0.03,"spread":0.13,"mhz":360.0,"outliers":0,"flags":[]},"h":"9c31759b"} @@1664bc54@@
@@BENCH-RAW@@ {"i":63,"s":[122998,123029,122993,122958,122969,123036,123033,122997,123045,122999,122950,122966,123111]} @@44a51fbb@@
I (111864) bench: [64/71] font.saira@27.noaa               61499000 ns/iter  3416.23 ns/px  cv 0.03%
@@BENCH-CELL@@ {"t":"cell","i":64,"id":"rend.async1","g":"rend","ax":{"fmt":"888","font":"saira_regular","size":18.0,"ratio":1.0000,"path":"blit/alpha","orient":"rotcw","mem":"psram","rend":"async1","alpha":255,"halign":0,"corpus":0},"w":{"rows":12,"glyphs":161,"chars":175,"src_px":13512,"dest_px":13512},"m":{"reps":20,"n":15,"min":95607,"med":95754,"max":96021,"mean":95763.7,"sd":104.9},"d":{"ns_iter":4787700,"ns_px":354.33},"q":{"cv":0.11,"spread":0.43,"mhz":360.0,"outliers":0,"flags":[]},"h":"de65743c"} @@102ae87e@@
@@BENCH-RAW@@ {"i":64,"s":[95875,95824,95839,95803,95754,96021,95692,95607,95654,95696,95653,95771,95754,95665,95848]} @@694ff31c@@
I (113354) bench: [65/71] rend.async1                       4787700 ns/iter  354.33 ns/px  cv 0.11%
@@BENCH-CELL@@ {"t":"cell","i":65,"id":"alpha.fast1.a128","g":"alpha","ax":{"fmt":"888","font":"sky","size":9.0,"ratio":1.0000,"path":"blit/alpha","orient":"rotcw","mem":"psram","rend":"async2","alpha":128,"halign":0,"corpus":0},"w":{"rows":23,"glyphs":373,"chars":397,"src_px":10135,"dest_px":10135},"m":{"reps":20,"n":15,"min":102661,"med":102781,"max":103025,"mean":102813.0,"sd":94.2},"d":{"ns_iter":5139050,"ns_px":507.06},"q":{"cv":0.09,"spread":0.35,"mhz":360.0,"outliers":0,"flags":[]},"h":"cc2eccc5"} @@b3d89e6e@@
@@BENCH-RAW@@ {"i":65,"s":[103025,102848,102746,102812,102738,102661,102706,102779,102747,102853,102934,102937,102768,102860,102781]} @@f40b7c19@@
I (114944) bench: [66/71] alpha.fast1.a128                  5139050 ns/iter  507.06 ns/px  cv 0.09%
@@BENCH-CELL@@ {"t":"cell","i":66,"id":"alpha.fast2.a128","g":"alpha","ax":{"fmt":"888","font":"saira_regular","size":18.0,"ratio":1.0000,"path":"blit/alpha","orient":"rotcw","mem":"psram","rend":"async2","alpha":128,"halign":0,"corpus":0},"w":{"rows":12,"glyphs":161,"chars":175,"src_px":13512,"dest_px":13512},"m":{"reps":23,"n":15,"min":92630,"med":92912,"max":93158,"mean":92897.1,"sd":129.8},"d":{"ns_iter":4039652,"ns_px":298.97},"q":{"cv":0.14,"spread":0.57,"mhz":360.0,"outliers":0,"flags":[]},"h":"012c199d"} @@88ffdda7@@
@@BENCH-RAW@@ {"i":66,"s":[92912,92906,92991,92982,92918,93158,92938,93017,93006,92630,92742,92825,92794,92910,92728]} @@beac0dd6@@
I (116384) bench: [67/71] alpha.fast2.a128                  4039652 ns/iter  298.97 ns/px  cv 0.14%
@@BENCH-CELL@@ {"t":"cell","i":67,"id":"len.short","g":"len","ax":{"fmt":"888","font":"saira_regular","size":18.0,"ratio":1.0000,"path":"blit/alpha","orient":"rotcw","mem":"psram","rend":"async2","alpha":255,"halign":0,"corpus":1},"w":{"rows":12,"glyphs":82,"chars":83,"src_px":7336,"dest_px":7336},"m":{"reps":36,"n":15,"min":86556,"med":86630,"max":86762,"mean":86636.9,"sd":55.2},"d":{"ns_iter":2406388,"ns_px":328.02},"q":{"cv":0.06,"spread":0.24,"mhz":360.0,"outliers":0,"flags":[]},"h":"450061c8"} @@08323c8c@@
@@BENCH-RAW@@ {"i":67,"s":[86762,86609,86624,86732,86668,86662,86624,86630,86556,86591,86651,86590,86630,86558,86667]} @@701a9998@@
I (117724) bench: [68/71] len.short                         2406388 ns/iter  328.02 ns/px  cv 0.06%
@@BENCH-CELL@@ {"t":"cell","i":68,"id":"len.long","g":"len","ax":{"fmt":"888","font":"saira_regular","size":18.0,"ratio":1.0000,"path":"blit/alpha","orient":"rotcw","mem":"psram","rend":"async2","alpha":255,"halign":0,"corpus":2},"w":{"rows":12,"glyphs":273,"chars":315,"src_px":22206,"dest_px":22206},"m":{"reps":18,"n":15,"min":104685,"med":104907,"max":105376,"mean":104972.2,"sd":179.1},"d":{"ns_iter":5828166,"ns_px":262.46},"q":{"cv":0.17,"spread":0.66,"mhz":360.0,"outliers":0,"flags":[]},"h":"504a97ad"} @@af5b7fde@@
@@BENCH-RAW@@ {"i":68,"s":[104868,104863,105059,104880,104812,104685,105206,104781,105004,104907,105102,104841,105036,105163,105376]} @@4133772c@@
I (119354) bench: [69/71] len.long                          5828166 ns/iter  262.46 ns/px  cv 0.17%
@@BENCH-CELL@@ {"t":"cell","i":69,"id":"align.center","g":"align","ax":{"fmt":"888","font":"saira_regular","size":18.0,"ratio":1.0000,"path":"blit/alpha","orient":"rotcw","mem":"psram","rend":"async2","alpha":255,"halign":1,"corpus":0},"w":{"rows":12,"glyphs":161,"chars":175,"src_px":13512,"dest_px":13512},"m":{"reps":24,"n":15,"min":88950,"med":89065,"max":89327,"mean":89099.1,"sd":110.8},"d":{"ns_iter":3711041,"ns_px":274.65},"q":{"cv":0.12,"spread":0.42,"mhz":360.0,"outliers":0,"flags":[]},"h":"4f91d280"} @@9da89785@@
@@BENCH-RAW@@ {"i":69,"s":[89327,89023,89065,88998,89038,88950,89149,89027,89002,89191,88989,89173,89303,89165,89087]} @@f3ad10db@@
I (120734) bench: [70/71] align.center                      3711041 ns/iter  274.65 ns/px  cv 0.12%
@@BENCH-CELL@@ {"t":"cell","i":70,"id":"drift.last","g":"drift","ax":{"fmt":"888","font":"saira_regular","size":18.0,"ratio":1.0000,"path":"blit/alpha","orient":"rotcw","mem":"psram","rend":"async2","alpha":255,"halign":0,"corpus":0},"w":{"rows":12,"glyphs":161,"chars":175,"src_px":13512,"dest_px":13512},"m":{"reps":25,"n":15,"min":91090,"med":91363,"max":91607,"mean":91356.1,"sd":129.9},"d":{"ns_iter":3654520,"ns_px":270.46},"q":{"cv":0.14,"spread":0.57,"mhz":360.0,"outliers":0,"flags":[]},"h":"de65743c"} @@b42ee9fd@@
@@BENCH-RAW@@ {"i":70,"s":[91363,91607,91408,91246,91294,91356,91262,91374,91227,91383,91479,91499,91090,91514,91240]} @@6a168efe@@
I (122144) bench: [71/71] drift.last                        3654520 ns/iter  270.46 ns/px  cv 0.14%
@@BENCH-END@@ {"t":"end","cells":71,"total_us":115608810,"status":"ok"} @@096de382@@
