@@BENCH-BEGIN@@ {"t":"begin","schema":1,"cells":71,"boot_us":3627700,"reset":3,"build":{"app_git":"058fa78daccb","app_dirty":false,"app_branch":"main","pax_git":"964533a6d894","pax_dirty":false,"pax_branch":"main","idf":"v6.0.2","opt":"Os","app_ver":"058fa78","app_date":"Aug 20 2026 11:25:12"},"hw":{"chip":"esp32p4","rev":103,"cores":2,"cpu_mhz_nom":360,"cpu_mhz_meas":359.99,"l2_kb":128,"l2_line":64,"psram":true},"cfg":{"pm_enable":true,"pm_lock":true,"tick_hz":100,"wdt":false,"pax":{"bounds_check":false,"orientation":true,"async":"multithread","range_setter":true,"range_merger":true,"fixed_point":true,"long_fixed_point":true,"queue_size":32,"sso_len":32}},"mem":{"tile_dim":256,"int_addr":"0x4ff40700","psram_addr":"0x4811a900","int_free":339635,"int_largest":192512,"psram_free":30524228},"bench":{"n_samples":15,"warmup":2,"target_sample_us":110000,"cell_budget_us":2000000,"corpus_ver":1,"join_placement":"per_sample","driver_core":0,"driver_prio":5,"scrub_bytes":524288}} @@a9909d47@@
@@BENCH-CELL@@ {"t":"cell","i":0,"id":"drift.first","g":"drift","ax":{"fmt":"888","font":"saira_regular","size":18.0,"ratio":1.0000,"path":"blit/alpha","orient":"rotcw","mem":"psram","rend":"async2","alpha":255,"halign":0,"corpus":0},"w":{"rows":12,"glyphs":161,"chars":175,"src_px":13512,"dest_px":13512},"m":{"reps":20,"n":15,"min":94313,"med":94443,"max":94794,"mean":94455.9,"sd":114.7},"d":{"ns_iter":4722150,"ns_px":349.48},"q":{"cv":0.12,"spread":0.51,"mhz":360.0,"outliers":0,"flags":[]},"h":"de65743c"} @@723c2b20@@
@@BENCH-RAW@@ {"i":0,"s":[94794,94485,94391,94318,94500,94313,94428,94459,94429,94423,94454,94543,94443,94318,94541]} @@70721427@@
I (6326) bench: [1/71] drift.first                       4722150 ns/iter  349.48 ns/px  cv 0.12%
@@BENCH-CELL@@ {"t":"cell","i":1,"id":"c565.fast1.upright.psram.sync","g":"cube","ax":{"fmt":"565","font":"sky","size":9.0,"ratio":1.0000,"path":"blit/direct","orient":"upright","mem":"psram","rend":"sync","alpha":255,"halign":0,"corpus":0},"w":{"rows":23,"glyphs":373,"chars":397,"src_px":10135,"dest_px":10135},"m":{"reps":45,"n":15,"min":86787,"med":86884,"max":87321,"mean":86972.0,"sd":186.2},"d":{"ns_iter":1930755,"ns_px":190.50},"q":{"cv":0.21,"spread":0.61,"mhz":360.0,"outliers":0,"flags":[]},"h":"16b7abd1"} @@7ae6dd0e@@
@@BENCH-RAW@@ {"i":1,"s":[86884,86868,86799,86896,86839,86817,86787,86967,86854,86876,86909,87219,87273,87321,87271]} @@2fa27267@@
I (7666) bench: [2/71] c565.fast1.upright.psram.sync     1930755 ns/iter  190.50 ns/px  cv 0.21%
@@BENCH-CELL@@ {"t":"cell","i":2,"id":"c565.fast1.upright.psram.async2","g":"cube","ax":{"fmt":"565","font":"sky","size":9.0,"ratio":1.0000,"path":"blit/direct","orient":"upright","mem":"psram","rend":"async2","alpha":255,"halign":0,"corpus":0},"w":{"rows":23,"glyphs":373,"chars":397,"src_px":10135,"dest_px":10135},"m":{"reps":28,"n":15,"min":102195,"med":102301,"max":102463,"mean":102301.3,"sd":68.6},"d":{"ns_iter":3653607,"ns_px":360.49},"q":{"cv":0.07,"spread":0.26,"mhz":360.0,"outliers":0,"flags":[]},"h":"16b7abd1"} @@4e565daf@@
@@BENCH-RAW@@ {"i":2,"s":[102333,102307,102301,102463,102375,102328,102224,102195,102253,102206,102354,102266,102267,102289,102358]} @@6fdbe2c7@@
I (9236) bench: [3/71] c565.fast1.upright.psram.async2   3653607 ns/iter  360.49 ns/px  cv 0.07%
@@BENCH-CELL@@ {"t":"cell","i":3,"id":"c565.fast1.upright.sram.sync","g":"cube","ax":{"fmt":"565","font":"sky","size":9.0,"ratio":1.0000,"path":"blit/direct","orient":"upright","mem":"sram","rend":"sync","alpha":255,"halign":0,"corpus":0},"w":{"rows":23,"glyphs":373,"chars":397,"src_px":10135,"dest_px":10135},"m":{"reps":51,"n":15,"min":98522,"med":98583,"max":98737,"mean":98599.4,"sd":58.2},"d":{"ns_iter":1933000,"ns_px":190.73},"q":{"cv":0.06,"spread":0.22,"mhz":360.0,"outliers":0,"flags":[]},"h":"16b7abd1"} @@e1725ea3@@
@@BENCH-RAW@@ {"i":3,"s":[98661,98635,98737,98657,98574,98565,98540,98639,98624,98536,98531,98522,98572,98615,98583]} @@2fe37ce3@@
I (10746) bench: [4/71] c565.fast1.upright.sram.sync      1933000 ns/iter  190.73 ns/px  cv 0.06%
@@BENCH-CELL@@ {"t":"cell","i":4,"id":"c565.fast1.upright.sram.async2","g":"cube","ax":{"fmt":"565","font":"sky","size":9.0,"ratio":1.0000,"path":"blit/direct","orient":"upright","mem":"sram","rend":"async2","alpha":255,"halign":0,"corpus":0},"w":{"rows":23,"glyphs":373,"chars":397,"src_px":10135,"dest_px":10135},"m":{"reps":30,"n":15,"min":109263,"med":109606,"max":109762,"mean":109574.1,"sd":155.6},"d":{"ns_iter":3653533,"ns_px":360.49},"q":{"cv":0.14,"spread":0.46,"mhz":360.0,"outliers":0,"flags":[]},"h":"16b7abd1"} @@1aef2827@@
@@BENCH-RAW@@ {"i":4,"s":[109280,109263,109420,109387,109618,109741,109657,109700,109673,109602,109762,109719,109600,109606,109584]} @@7b5a5b80@@
I (12426) bench: [5/71] c565.fast1.upright.sram.async2    3653533 ns/iter  360.49 ns/px  cv 0.14%
@@BENCH-CELL@@ {"t":"cell","i":5,"id":"c565.fast1.rotcw.psram.sync","g":"cube","ax":{"fmt":"565","font":"sky","size":9.0,"ratio":1.0000,"path":"blit/direct","orient":"rotcw","mem":"psram","rend":"sync","alpha":255,"halign":0,"corpus":0},"w":{"rows":23,"glyphs":373,"chars":397,"src_px":10135,"dest_px":10135},"m":{"reps":39,"n":15,"min":76435,"med":76581,"max":76703,"mean":76584.0,"sd":72.9},"d":{"ns_iter":1963615,"ns_px":193.75},"q":{"cv":0.10,"spread":0.35,"mhz":360.0,"outliers":0,"flags":[]},"h":"70d20c11"} @@f38c7725@@
@@BENCH-RAW@@ {"i":5,"s":[76581,76645,76591,76575,76567,76703,76635,76662,76531,76435,76463,76537,76565,76584,76686]} @@5c0337bf@@
I (13606) bench: [6/71] c565.fast1.rotcw.psram.sync       1963615 ns/iter  193.75 ns/px  cv 0.10%
@@BENCH-CELL@@ {"t":"cell","i":6,"id":"c565.fast1.rotcw.psram.async2","g":"cube","ax":{"fmt":"565","font":"sky","size":9.0,"ratio":1.0000,"path":"blit/direct","orient":"rotcw","mem":"psram","rend":"async2","alpha":255,"halign":0,"corpus":0},"w":{"rows":23,"glyphs":373,"chars":397,"src_px":10135,"dest_px":10135},"m":{"reps":26,"n":15,"min":97532,"med":97683,"max":97893,"mean":97707.7,"sd":99.6},"d":{"ns_iter":3757038,"ns_px":370.70},"q":{"cv":0.10,"spread":0.37,"mhz":360.0,"outliers":0,"flags":[]},"h":"70d20c11"} @@e7a8abee@@
@@BENCH-RAW@@ {"i":6,"s":[97663,97734,97554,97532,97676,97680,97871,97797,97893,97780,97776,97657,97699,97620,97683]} @@5b6e3e2e@@
I (15106) bench: [7/71] c565.fast1.rotcw.psram.async2     3757038 ns/iter  370.70 ns/px  cv 0.10%
@@BENCH-CELL@@ {"t":"cell","i":7,"id":"c565.fast1.rotcw.sram.sync","g":"cube","ax":{"fmt":"565","font":"sky","size":9.0,"ratio":1.0000,"path":"blit/direct","orient":"rotcw","mem":"sram","rend":"sync","alpha":255,"halign":0,"corpus":0},"w":{"rows":23,"glyphs":373,"chars":397,"src_px":10135,"dest_px":10135},"m":{"reps":51,"n":15,"min":99374,"med":99393,"max":100006,"mean":99546.9,"sd":248.2},"d":{"ns_iter":1948882,"ns_px":192.29},"q":{"cv":0.25,"spread":0.64,"mhz":360.0,"outliers":0,"flags":[]},"h":"70d20c11"} @@13652421@@
@@BENCH-RAW@@ {"i":7,"s":[100006,99958,100003,99837,99393,99501,99405,99375,99374,99437,99386,99385,99382,99386,99376]} @@6ee4a0fb@@
I (16626) bench: [8/71] c565.fast1.rotcw.sram.sync        1948882 ns/iter  192.29 ns/px  cv 0.25%
@@BENCH-CELL@@ {"t":"cell","i":8,"id":"c565.fast1.rotcw.sram.async2","g":"cube","ax":{"fmt":"565","font":"sky","size":9.0,"ratio":1.0000,"path":"blit/direct","orient":"rotcw","mem":"sram","rend":"async2","alpha":255,"halign":0,"corpus":0},"w":{"rows":23,"glyphs":373,"chars":397,"src_px":10135,"dest_px":10135},"m":{"reps":29,"n":15,"min":108234,"med":108387,"max":108513,"mean":108384.5,"sd":65.7},"d":{"ns_iter":3737482,"ns_px":368.77},"q":{"cv":0.06,"spread":0.26,"mhz":360.0,"outliers":0,"flags":[]},"h":"70d20c11"} @@0c768e03@@
@@BENCH-RAW@@ {"i":8,"s":[108513,108408,108357,108361,108402,108381,108234,108321,108416,108495,108387,108397,108343,108331,108422]} @@cd2c9fb5@@
I (18286) bench: [9/71] c565.fast1.rotcw.sram.async2      3737482 ns/iter  368.77 ns/px  cv 0.06%
@@BENCH-CELL@@ {"t":"cell","i":9,"id":"c565.fast2.upright.psram.sync","g":"cube","ax":{"fmt":"565","font":"saira_regular","size":18.0,"ratio":1.0000,"path":"blit/alpha","orient":"upright","mem":"psram","rend":"sync","alpha":255,"halign":0,"corpus":0},"w":{"rows":12,"glyphs":161,"chars":175,"src_px":13512,"dest_px":13512},"m":{"reps":16,"n":15,"min":102122,"med":102133,"max":102193,"mean":102139.2,"sd":16.9},"d":{"ns_iter":6383312,"ns_px":472.42},"q":{"cv":0.02,"spread":0.07,"mhz":360.0,"outliers":0,"flags":[]},"h":"ecacce31"} @@4b14d2e6@@
@@BENCH-RAW@@ {"i":9,"s":[102128,102128,102122,102133,102138,102132,102143,102193,102150,102158,102132,102135,102131,102136,102129]} @@a2cc85f9@@
I (19866) bench: [10/71] c565.fast2.upright.psram.sync     6383312 ns/iter  472.42 ns/px  cv 0.02%
@@BENCH-CELL@@ {"t":"cell","i":10,"id":"c565.fast2.upright.psram.async2","g":"cube","ax":{"fmt":"565","font":"saira_regular","size":18.0,"ratio":1.0000,"path":"blit/alpha","orient":"upright","mem":"psram","rend":"async2","alpha":255,"halign":0,"corpus":0},"w":{"rows":12,"glyphs":161,"chars":175,"src_px":13512,"dest_px":13512},"m":{"reps":23,"n":15,"min":99261,"med":99353,"max":99440,"mean":99353.6,"sd":44.3},"d":{"ns_iter":4319695,"ns_px":319.69},"q":{"cv":0.04,"spread":0.18,"mhz":360.0,"outliers":0,"flags":[]},"h":"ecacce31"} @@a7ee467e@@
@@BENCH-RAW@@ {"i":10,"s":[99440,99355,99382,99272,99347,99339,99362,99340,99387,99349,99261,99365,99416,99353,99336]} @@04a56e90@@
I (21396) bench: [11/71] c565.fast2.upright.psram.async2   4319695 ns/iter  319.69 ns/px  cv 0.04%
@@BENCH-CELL@@ {"t":"cell","i":11,"id":"c565.fast2.upright.sram.sync","g":"cube","ax":{"fmt":"565","font":"saira_regular","size":18.0,"ratio":1.0000,"path":"blit/alpha","orient":"upright","mem":"sram","rend":"sync","alpha":255,"halign":0,"corpus":0},"w":{"rows":12,"glyphs":161,"chars":175,"src_px":13512,"dest_px":13512},"m":{"reps":17,"n":15,"min":108530,"med":108549,"max":108587,"mean":108553.6,"sd":15.5},"d":{"ns_iter":6385235,"ns_px":472.56},"q":{"cv":0.01,"spread":0.05,"mhz":360.0,"outliers":0,"flags":[]},"h":"ecacce31"} @@dc47cec2@@
@@BENCH-RAW@@ {"i":11,"s":[108555,108581,108566,108569,108556,108549,108587,108541,108542,108548,108540,108545,108541,108554,108530]} @@84766dbc@@
I (23076) bench: [12/71] c565.fast2.upright.sram.sync      6385235 ns/iter  472.56 ns/px  cv 0.01%
@@BENCH-CELL@@ {"t":"cell","i":12,"id":"c565.fast2.upright.sram.async2","g":"cube","ax":{"fmt":"565","font":"saira_regular","size":18.0,"ratio":1.0000,"path":"blit/alpha","orient":"upright","mem":"sram","rend":"async2","alpha":255,"halign":0,"corpus":0},"w":{"rows":12,"glyphs":161,"chars":175,"src_px":13512,"dest_px":13512},"m":{"reps":24,"n":15,"min":103510,"med":103644,"max":103734,"mean":103630.7,"sd":63.2},"d":{"ns_iter":4318500,"ns_px":319.60},"q":{"cv":0.06,"spread":0.22,"mhz":360.0,"outliers":0,"flags":[]},"h":"ecacce31"} @@86334885@@
@@BENCH-RAW@@ {"i":12,"s":[103675,103554,103669,103669,103712,103630,103644,103590,103632,103583,103647,103682,103510,103734,103529]} @@df00b11a@@
I (24666) bench: [13/71] c565.fast2.upright.sram.async2    4318500 ns/iter  319.60 ns/px  cv 0.06%
@@BENCH-CELL@@ {"t":"cell","i":13,"id":"c565.fast2.rotcw.psram.sync","g":"cube","ax":{"fmt":"565","font":"saira_regular","size":18.0,"ratio":1.0000,"path":"blit/alpha","orient":"rotcw","mem":"psram","rend":"sync","alpha":255,"halign":0,"corpus":0},"w":{"rows":12,"glyphs":161,"chars":175,"src_px":13512,"dest_px":13512},"m":{"reps":15,"n":15,"min":96763,"med":96797,"max":96936,"mean":96814.1,"sd":38.6},"d":{"ns_iter":6453133,"ns_px":477.59},"q":{"cv":0.04,"spread":0.18,"mhz":360.0,"outliers":0,"flags":[]},"h":"70889db9"} @@11bcff1f@@
@@BENCH-RAW@@ {"i":13,"s":[96763,96789,96787,96823,96832,96845,96936,96828,96797,96795,96825,96793,96807,96797,96794]} @@d8d042e5@@
I (26166) bench: [14/71] c565.fast2.rotcw.psram.sync       6453133 ns/iter  477.59 ns/px  cv 0.04%
@@BENCH-CELL@@ {"t":"cell","i":14,"id":"c565.fast2.rotcw.psram.async2","g":"cube","ax":{"fmt":"565","font":"saira_regular","size":18.0,"ratio":1.0000,"path":"blit/alpha","orient":"rotcw","mem":"psram","rend":"async2","alpha":255,"halign":0,"corpus":0},"w":{"rows":12,"glyphs":161,"chars":175,"src_px":13512,"dest_px":13512},"m":{"reps":20,"n":15,"min":93591,"med":93746,"max":93976,"mean":93745.1,"sd":92.5},"d":{"ns_iter":4687300,"ns_px":346.90},"q":{"cv":0.10,"spread":0.41,"mhz":360.0,"outliers":0,"flags":[]},"h":"70889db9"} @@14c46227@@
@@BENCH-RAW@@ {"i":14,"s":[93828,93976,93802,93726,93640,93759,93604,93591,93743,93804,93773,93746,93732,93678,93774]} @@0e1f04e3@@
I (27616) bench: [15/71] c565.fast2.rotcw.psram.async2     4687300 ns/iter  346.90 ns/px  cv 0.10%
@@BENCH-CELL@@ {"t":"cell","i":15,"id":"c565.fast2.rotcw.sram.sync","g":"cube","ax":{"fmt":"565","font":"saira_regular","size":18.0,"ratio":1.0000,"path":"blit/alpha","orient":"rotcw","mem":"sram","rend":"sync","alpha":255,"halign":0,"corpus":0},"w":{"rows":12,"glyphs":161,"chars":175,"src_px":13512,"dest_px":13512},"m":{"reps":17,"n":15,"min":109036,"med":109052,"max":109093,"mean":109053.4,"sd":12.9},"d":{"ns_iter":6414823,"ns_px":474.75},"q":{"cv":0.01,"spread":0.05,"mhz":360.0,"outliers":0,"flags":[]},"h":"70889db9"} @@0e5faa2f@@
@@BENCH-RAW@@ {"i":15,"s":[109054,109044,109052,109049,109053,109072,109093,109050,109036,109052,109044,109052,109046,109052,109052]} @@e9d11237@@
I (29296) bench: [16/71] c565.fast2.rotcw.sram.sync        6414823 ns/iter  474.75 ns/px  cv 0.01%
@@BENCH-CELL@@ {"t":"cell","i":16,"id":"c565.fast2.rotcw.sram.async2","g":"cube","ax":{"fmt":"565","font":"saira_regular","size":18.0,"ratio":1.0000,"path":"blit/alpha","orient":"rotcw","mem":"sram","rend":"async2","alpha":255,"halign":0,"corpus":0},"w":{"rows":12,"glyphs":161,"chars":175,"src_px":13512,"dest_px":13512},"m":{"reps":23,"n":15,"min":104820,"med":104906,"max":104998,"mean":104907.9,"sd":50.8},"d":{"ns_iter":4561130,"ns_px":337.56},"q":{"cv":0.05,"spread":0.17,"mhz":360.0,"outliers":0,"flags":[]},"h":"70889db9"} @@3083bf17@@
@@BENCH-RAW@@ {"i":16,"s":[104943,104957,104820,104904,104825,104829,104898,104905,104912,104906,104907,104903,104982,104929,104998]} @@960fa171@@
I (30906) bench: [17/71] c565.fast2.rotcw.sram.async2      4561130 ns/iter  337.56 ns/px  cv 0.05%
@@BENCH-CELL@@ {"t":"cell","i":17,"id":"c565.shader.upright.psram.sync","g":"cube","ax":{"fmt":"565","font":"saira_regular","size":27.0,"ratio":1.5000,"path":"shader/aa","orient":"upright","mem":"psram","rend":"sync","alpha":255,"halign":0,"corpus":0},"w":{"rows":8,"glyphs":92,"chars":100,"src_px":7701,"dest_px":18002},"m":{"reps":1,"n":12,"min":136175,"med":136274,"max":136481,"mean":136283.2,"sd":83.1},"d":{"ns_iter":136274000,"ns_px":7569.94},"q":{"cv":0.06,"spread":0.22,"mhz":360.0,"outliers":0,"flags":[]},"h":"f8db19ed"} @@89a034f1@@
@@BENCH-RAW@@ {"i":17,"s":[136481,136392,136222,136255,136238,136175,136250,136187,136338,136292,136274,136294]} @@b6f3c4db@@
I (33116) bench: [18/71] c565.shader.upright.psram.sync   136274000 ns/iter  7569.94 ns/px  cv 0.06%
@@BENCH-CELL@@ {"t":"cell","i":18,"id":"c565.shader.upright.psram.async2","g":"cube","ax":{"fmt":"565","font":"saira_regular","size":27.0,"ratio":1.5000,"path":"shader/aa","orient":"upright","mem":"psram","rend":"async2","alpha":255,"halign":0,"corpus":0},"w":{"rows":8,"glyphs":92,"chars":100,"src_px":7701,"dest_px":18002},"m":{"reps":2,"n":12,"min":137699,"med":137750,"max":137982,"mean":137770.4,"sd":69.8},"d":{"ns_iter":68875000,"ns_px":3825.96},"q":{"cv":0.05,"spread":0.21,"mhz":360.0,"outliers":0,"flags":[]},"h":"f8db19ed"} @@82ae7ed0@@
@@BENCH-RAW@@ {"i":18,"s":[137812,137982,137739,137769,137792,137725,137742,137758,137699,137737,137750,137740]} @@1e72df64@@
I (35066) bench: [19/71] c565.shader.upright.psram.async2 68875000 ns/iter  3825.96 ns/px  cv 0.05%
@@BENCH-CELL@@ {"t":"cell","i":19,"id":"c565.shader.upright.sram.sync","g":"cube","ax":{"fmt":"565","font":"saira_regular","size":27.0,"ratio":1.5000,"path":"shader/aa","orient":"upright","mem":"sram","rend":"sync","alpha":255,"halign":0,"corpus":0},"w":{"rows":8,"glyphs":92,"chars":100,"src_px":7701,"dest_px":18002},"m":{"reps":1,"n":12,"min":136177,"med":136292,"max":136323,"mean":136274.9,"sd":42.3},"d":{"ns_iter":136292000,"ns_px":7570.94},"q":{"cv":0.03,"spread":0.11,"mhz":360.0,"outliers":0,"flags":[]},"h":"f8db19ed"} @@d3fe9496@@
@@BENCH-RAW@@ {"i":19,"s":[136272,136177,136306,136215,136323,136237,136292,136280,136273,136307,136310,136307]} @@bbbd0681@@
I (37266) bench: [20/71] c565.shader.upright.sram.sync    136292000 ns/iter  7570.94 ns/px  cv 0.03%
@@BENCH-CELL@@ {"t":"cell","i":20,"id":"c565.shader.upright.sram.async2","g":"cube","ax":{"fmt":"565","font":"saira_regular","size":27.0,"ratio":1.5000,"path":"shader/aa","orient":"upright","mem":"sram","rend":"async2","alpha":255,"halign":0,"corpus":0},"w":{"rows":8,"glyphs":92,"chars":100,"src_px":7701,"dest_px":18002},"m":{"reps":2,"n":12,"min":137626,"med":137738,"max":137815,"mean":137714.6,"sd":57.4},"d":{"ns_iter":68869000,"ns_px":3825.63},"q":{"cv":0.04,"spread":0.14,"mhz":360.0,"outliers":0,"flags":[]},"h":"f8db19ed"} @@0a0e6991@@
@@BENCH-RAW@@ {"i":20,"s":[137626,137633,137745,137716,137726,137815,137640,137775,137749,137669,137743,137738]} @@6e9a89e7@@
I (39216) bench: [21/71] c565.shader.upright.sram.async2  68869000 ns/iter  3825.63 ns/px  cv 0.04%
@@BENCH-CELL@@ {"t":"cell","i":21,"id":"c565.shader.rotcw.psram.sync","g":"cube","ax":{"fmt":"565","font":"saira_regular","size":27.0,"ratio":1.5000,"path":"shader/aa","orient":"rotcw","mem":"psram","rend":"sync","alpha":255,"halign":0,"corpus":0},"w":{"rows":8,"glyphs":92,"chars":100,"src_px":7701,"dest_px":18002},"m":{"reps":1,"n":13,"min":129391,"med":129466,"max":129524,"mean":129461.5,"sd":32.0},"d":{"ns_iter":129466000,"ns_px":7191.76},"q":{"cv":0.02,"spread":0.10,"mhz":360.0,"outliers":0,"flags":[]},"h":"796ae951"} @@e23121b1@@
@@BENCH-RAW@@ {"i":21,"s":[129391,129504,129470,129437,129436,129475,129524,129472,129466,129475,129466,129443,129441]} @@77ac8f7c@@
I (41446) bench: [22/71] c565.shader.rotcw.psram.sync     129466000 ns/iter  7191.76 ns/px  cv 0.02%
@@BENCH-CELL@@ {"t":"cell","i":22,"id":"c565.shader.rotcw.psram.async2","g":"cube","ax":{"fmt":"565","font":"saira_regular","size":27.0,"ratio":1.5000,"path":"shader/aa","orient":"rotcw","mem":"psram","rend":"async2","alpha":255,"halign":0,"corpus":0},"w":{"rows":8,"glyphs":92,"chars":100,"src_px":7701,"dest_px":18002},"m":{"reps":2,"n":12,"min":136713,"med":136799,"max":136934,"mean":136809.0,"sd":68.2},"d":{"ns_iter":68399500,"ns_px":3799.55},"q":{"cv":0.05,"spread":0.16,"mhz":360.0,"outliers":0,"flags":[]},"h":"796ae951"} @@cc94e351@@
@@BENCH-RAW@@ {"i":22,"s":[136934,136736,136818,136799,136713,136775,136781,136741,136789,136925,136879,136818]} @@d5cde008@@
I (43386) bench: [23/71] c565.shader.rotcw.psram.async2   68399500 ns/iter  3799.55 ns/px  cv 0.05%
@@BENCH-CELL@@ {"t":"cell","i":23,"id":"c565.shader.rotcw.sram.sync","g":"cube","ax":{"fmt":"565","font":"saira_regular","size":27.0,"ratio":1.5000,"path":"shader/aa","orient":"rotcw","mem":"sram","rend":"sync","alpha":255,"halign":0,"corpus":0},"w":{"rows":8,"glyphs":92,"chars":100,"src_px":7701,"dest_px":18002},"m":{"reps":1,"n":13,"min":129166,"med":129204,"max":129247,"mean":129208.5,"sd":23.5},"d":{"ns_iter":129204000,"ns_px":7177.20},"q":{"cv":0.02,"spread":0.06,"mhz":360.0,"outliers":0,"flags":[]},"h":"796ae951"} @@fea71cdc@@
@@BENCH-RAW@@ {"i":23,"s":[129247,129221,129238,129204,129196,129166,129196,129196,129187,129182,129214,129240,129223]} @@56308460@@
I (45596) bench: [24/71] c565.shader.rotcw.sram.sync      129204000 ns/iter  7177.20 ns/px  cv 0.02%
@@BENCH-CELL@@ {"t":"cell","i":24,"id":"c565.shader.rotcw.sram.async2","g":"cube","ax":{"fmt":"565","font":"saira_regular","size":27.0,"ratio":1.5000,"path":"shader/aa","orient":"rotcw","mem":"sram","rend":"async2","alpha":255,"halign":0,"corpus":0},"w":{"rows":8,"glyphs":92,"chars":100,"src_px":7701,"dest_px":18002},"m":{"reps":2,"n":12,"min":136066,"med":136153,"max":136219,"mean":136148.9,"sd":41.3},"d":{"ns_iter":68076500,"ns_px":3781.61},"q":{"cv":0.03,"spread":0.11,"mhz":360.0,"outliers":0,"flags":[]},"h":"796ae951"} @@ae5c1d38@@
@@BENCH-RAW@@ {"i":24,"s":[136159,136168,136187,136150,136153,136143,136202,136219,136123,136109,136108,136066]} @@03b8fe09@@
I (47526) bench: [25/71] c565.shader.rotcw.sram.async2    68076500 ns/iter  3781.61 ns/px  cv 0.03%
@@BENCH-CELL@@ {"t":"cell","i":25,"id":"c888.fast1.upright.psram.sync","g":"cube","ax":{"fmt":"888","font":"sky","size":9.0,"ratio":1.0000,"path":"blit/direct","orient":"upright","mem":"psram","rend":"sync","alpha":255,"halign":0,"corpus":0},"w":{"rows":23,"glyphs":373,"chars":397,"src_px":10135,"dest_px":10135},"m":{"reps":41,"n":15,"min":84558,"med":84666,"max":84836,"mean":84666.7,"sd":67.1},"d":{"ns_iter":2065024,"ns_px":203.75},"q":{"cv":0.08,"spread":0.33,"mhz":360.0,"outliers":0,"flags":[]},"h":"601bd481"} @@171ed7a4@@
@@BENCH-RAW@@ {"i":25,"s":[84680,84688,84645,84694,84663,84667,84717,84637,84666,84614,84558,84631,84559,84836,84745]} @@8b3674e4@@
I (48836) bench: [26/71] c888.fast1.upright.psram.sync     2065024 ns/iter  203.75 ns/px  cv 0.08%
@@BENCH-CELL@@ {"t":"cell","i":26,"id":"c888.fast1.upright.psram.async2","g":"cube","ax":{"fmt":"888","font":"sky","size":9.0,"ratio":1.0000,"path":"blit/direct","orient":"upright","mem":"psram","rend":"async2","alpha":255,"halign":0,"corpus":0},"w":{"rows":23,"glyphs":373,"chars":397,"src_px":10135,"dest_px":10135},"m":{"reps":27,"n":15,"min":99767,"med":99962,"max":100225,"mean":99967.2,"sd":113.8},"d":{"ns_iter":3702296,"ns_px":365.30},"q":{"cv":0.11,"spread":0.46,"mhz":360.0,"outliers":0,"flags":[]},"h":"601bd481"} @@3018c6aa@@
@@BENCH-RAW@@ {"i":26,"s":[99906,100015,99767,99849,99969,99833,100021,100225,99929,100110,99886,100002,99939,100095,99962]} @@6a057972@@
I (50376) bench: [27/71] c888.fast1.upright.psram.async2   3702296 ns/iter  365.30 ns/px  cv 0.11%
@@BENCH-CELL@@ {"t":"cell","i":27,"id":"c888.fast1.upright.sram.sync","g":"cube","ax":{"fmt":"888","font":"sky","size":9.0,"ratio":1.0000,"path":"blit/direct","orient":"upright","mem":"sram","rend":"sync","alpha":255,"halign":0,"corpus":0},"w":{"rows":23,"glyphs":373,"chars":397,"src_px":10135,"dest_px":10135},"m":{"reps":49,"n":15,"min":100868,"med":100962,"max":101069,"mean":100967.9,"sd":63.9},"d":{"ns_iter":2060448,"ns_px":203.30},"q":{"cv":0.06,"spread":0.20,"mhz":360.0,"outliers":0,"flags":[]},"h":"601bd481"} @@1d367392@@
@@BENCH-RAW@@ {"i":27,"s":[100992,101032,100936,100919,100929,100987,100943,100868,100884,100898,101069,101064,101064,100971,100962]} @@43e7089a@@
I (51926) bench: [28/71] c888.fast1.upright.sram.sync      2060448 ns/iter  203.30 ns/px  cv 0.06%
@@BENCH-CELL@@ {"t":"cell","i":28,"id":"c888.fast1.upright.sram.async2","g":"cube","ax":{"fmt":"888","font":"sky","size":9.0,"ratio":1.0000,"path":"blit/direct","orient":"upright","mem":"sram","rend":"async2","alpha":255,"halign":0,"corpus":0},"w":{"rows":23,"glyphs":373,"chars":397,"src_px":10135,"dest_px":10135},"m":{"reps":30,"n":15,"min":111078,"med":111276,"max":111447,"mean":111263.7,"sd":85.0},"d":{"ns_iter":3709200,"ns_px":365.98},"q":{"cv":0.08,"spread":0.33,"mhz":360.0,"outliers":0,"flags":[]},"h":"601bd481"} @@9986e288@@
@@BENCH-RAW@@ {"i":28,"s":[111143,111078,111296,111228,111267,111232,111447,111292,111276,111340,111332,111287,111190,111225,111323]} @@f45093f5@@
I (53626) bench: [29/71] c888.fast1.upright.sram.async2    3709200 ns/iter  365.98 ns/px  cv 0.08%
@@BENCH-CELL@@ {"t":"cell","i":29,"id":"c888.fast1.rotcw.psram.sync","g":"cube","ax":{"fmt":"888","font":"sky","size":9.0,"ratio":1.0000,"path":"blit/direct","orient":"rotcw","mem":"psram","rend":"sync","alpha":255,"halign":0,"corpus":0},"w":{"rows":23,"glyphs":373,"chars":397,"src_px":10135,"dest_px":10135},"m":{"reps":35,"n":15,"min":81819,"med":81899,"max":82121,"mean":81913.7,"sd":77.1},"d":{"ns_iter":2339971,"ns_px":230.88},"q":{"cv":0.09,"spread":0.37,"mhz":360.0,"outliers":0,"flags":[]},"h":"333c04c9"} @@a6e79810@@
@@BENCH-RAW@@ {"i":29,"s":[81912,82121,81929,81891,81912,81841,81899,81896,81862,81819,81918,81865,82066,81910,81865]} @@3185ffc1@@
I (54896) bench: [30/71] c888.fast1.rotcw.psram.sync       2339971 ns/iter  230.88 ns/px  cv 0.09%
@@BENCH-CELL@@ {"t":"cell","i":30,"id":"c888.fast1.rotcw.psram.async2","g":"cube","ax":{"fmt":"888","font":"sky","size":9.0,"ratio":1.0000,"path":"blit/direct","orient":"rotcw","mem":"psram","rend":"async2","alpha":255,"halign":0,"corpus":0},"w":{"rows":23,"glyphs":373,"chars":397,"src_px":10135,"dest_px":10135},"m":{"reps":25,"n":15,"min":101006,"med":101107,"max":101356,"mean":101113.7,"sd":79.5},"d":{"ns_iter":4044280,"ns_px":399.04},"q":{"cv":0.08,"spread":0.35,"mhz":360.0,"outliers":0,"flags":[]},"h":"333c04c9"} @@995fdaa3@@
@@BENCH-RAW@@ {"i":30,"s":[101085,101108,101061,101006,101058,101088,101145,101356,101045,101158,101181,101107,101109,101147,101052]} @@7029060c@@
I (56456) bench: [31/71] c888.fast1.rotcw.psram.async2     4044280 ns/iter  399.04 ns/px  cv 0.08%
@@BENCH-CELL@@ {"t":"cell","i":31,"id":"c888.fast1.rotcw.sram.sync","g":"cube","ax":{"fmt":"888","font":"sky","size":9.0,"ratio":1.0000,"path":"blit/direct","orient":"rotcw","mem":"sram","rend":"sync","alpha":255,"halign":0,"corpus":0},"w":{"rows":23,"glyphs":373,"chars":397,"src_px":10135,"dest_px":10135},"m":{"reps":48,"n":15,"min":99912,"med":100003,"max":100168,"mean":100019.9,"sd":60.8},"d":{"ns_iter":2083395,"ns_px":205.56},"q":{"cv":0.06,"spread":0.26,"mhz":360.0,"outliers":0,"flags":[]},"h":"333c04c9"} @@e3032479@@
@@BENCH-RAW@@ {"i":31,"s":[100054,100105,100168,100015,100041,99983,99984,99984,99964,99912,100003,99981,100001,100022,100081]} @@4c0fa516@@
I (57986) bench: [32/71] c888.fast1.rotcw.sram.sync        2083395 ns/iter  205.56 ns/px  cv 0.06%
@@BENCH-CELL@@ {"t":"cell","i":32,"id":"c888.fast1.rotcw.sram.async2","g":"cube","ax":{"fmt":"888","font":"sky","size":9.0,"ratio":1.0000,"path":"blit/direct","orient":"rotcw","mem":"sram","rend":"async2","alpha":255,"halign":0,"corpus":0},"w":{"rows":23,"glyphs":373,"chars":397,"src_px":10135,"dest_px":10135},"m":{"reps":29,"n":15,"min":110278,"med":110406,"max":110652,"mean":110434.1,"sd":104.7},"d":{"ns_iter":3807103,"ns_px":375.64},"q":{"cv":0.09,"spread":0.34,"mhz":360.0,"outliers":0,"flags":[]},"h":"333c04c9"} @@9a2857cf@@
@@BENCH-RAW@@ {"i":32,"s":[110330,110377,110589,110382,110480,110652,110530,110369,110427,110525,110503,110278,110304,110360,110406]} @@a90f2d2c@@
I (59676) bench: [33/71] c888.fast1.rotcw.sram.async2      3807103 ns/iter  375.64 ns/px  cv 0.09%
@@BENCH-CELL@@ {"t":"cell","i":33,"id":"c888.fast2.upright.psram.sync","g":"cube","ax":{"fmt":"888","font":"saira_regular","size":18.0,"ratio":1.0000,"path":"blit/alpha","orient":"upright","mem":"psram","rend":"sync","alpha":255,"halign":0,"corpus":0},"w":{"rows":12,"glyphs":161,"chars":175,"src_px":13512,"dest_px":13512},"m":{"reps":16,"n":15,"min":96864,"med":96892,"max":97014,"mean":96906.4,"sd":43.4},"d":{"ns_iter":6055750,"ns_px":448.18},"q":{"cv":0.04,"spread":0.15,"mhz":360.0,"outliers":0,"flags":[]},"h":"34ac5a26"} @@5bc01b8e@@
@@BENCH-RAW@@ {"i":33,"s":[97014,96956,96941,96934,96935,96944,96892,96867,96866,96877,96894,96869,96876,96864,96867]} @@04800471@@
I (61186) bench: [34/71] c888.fast2.upright.psram.sync     6055750 ns/iter  448.18 ns/px  cv 0.04%
@@BENCH-CELL@@ {"t":"cell","i":34,"id":"c888.fast2.upright.psram.async2","g":"cube","ax":{"fmt":"888","font":"saira_regular","size":18.0,"ratio":1.0000,"path":"blit/alpha","orient":"upright","mem":"psram","rend":"async2","alpha":255,"halign":0,"corpus":0},"w":{"rows":12,"glyphs":161,"chars":175,"src_px":13512,"dest_px":13512},"m":{"reps":23,"n":15,"min":95994,"med":96055,"max":96113,"mean":96052.9,"sd":40.9},"d":{"ns_iter":4176304,"ns_px":309.08},"q":{"cv":0.04,"spread":0.12,"mhz":360.0,"outliers":0,"flags":[]},"h":"34ac5a26"} @@4a7e67ae@@
@@BENCH-RAW@@ {"i":34,"s":[96110,96023,96055,95998,96022,96113,96112,96094,96003,96019,95994,96044,96080,96061,96066]} @@a944df4c@@
I (62676) bench: [35/71] c888.fast2.upright.psram.async2   4176304 ns/iter  309.08 ns/px  cv 0.04%
@@BENCH-CELL@@ {"t":"cell","i":35,"id":"c888.fast2.upright.sram.sync","g":"cube","ax":{"fmt":"888","font":"saira_regular","size":18.0,"ratio":1.0000,"path":"blit/alpha","orient":"upright","mem":"sram","rend":"sync","alpha":255,"halign":0,"corpus":0},"w":{"rows":12,"glyphs":161,"chars":175,"src_px":13512,"dest_px":13512},"m":{"reps":18,"n":15,"min":108988,"med":108996,"max":109050,"mean":109004.3,"sd":15.8},"d":{"ns_iter":6055333,"ns_px":448.14},"q":{"cv":0.01,"spread":0.06,"mhz":360.0,"outliers":0,"flags":[]},"h":"34ac5a26"} @@93fb32d1@@
@@BENCH-RAW@@ {"i":35,"s":[108996,109050,108991,109018,109012,109012,109013,109016,108988,108994,109002,108995,108989,108995,108994]} @@90ab2fd6@@
I (64356) bench: [36/71] c888.fast2.upright.sram.sync      6055333 ns/iter  448.14 ns/px  cv 0.01%
@@BENCH-CELL@@ {"t":"cell","i":36,"id":"c888.fast2.upright.sram.async2","g":"cube","ax":{"fmt":"888","font":"saira_regular","size":18.0,"ratio":1.0000,"path":"blit/alpha","orient":"upright","mem":"sram","rend":"async2","alpha":255,"halign":0,"corpus":0},"w":{"rows":12,"glyphs":161,"chars":175,"src_px":13512,"dest_px":13512},"m":{"reps":25,"n":15,"min":104195,"med":104249,"max":104320,"mean":104253.1,"sd":31.7},"d":{"ns_iter":4169960,"ns_px":308.61},"q":{"cv":0.03,"spread":0.12,"mhz":360.0,"outliers":0,"flags":[]},"h":"34ac5a26"} @@1dce1731@@
@@BENCH-RAW@@ {"i":36,"s":[104226,104195,104320,104259,104249,104262,104223,104266,104238,104304,104231,104288,104243,104264,104229]} @@28e0c1d7@@
I (65956) bench: [37/71] c888.fast2.upright.sram.async2    4169960 ns/iter  308.61 ns/px  cv 0.03%
@@BENCH-CELL@@ {"t":"cell","i":37,"id":"c888.fast2.rotcw.psram.sync","g":"cube","ax":{"fmt":"888","font":"saira_regular","size":18.0,"ratio":1.0000,"path":"blit/alpha","orient":"rotcw","mem":"psram","rend":"sync","alpha":255,"halign":0,"corpus":0},"w":{"rows":12,"glyphs":161,"chars":175,"src_px":13512,"dest_px":13512},"m":{"reps":15,"n":15,"min":95480,"med":95579,"max":95708,"mean":95571.3,"sd":60.9},"d":{"ns_iter":6371933,"ns_px":471.58},"q":{"cv":0.06,"spread":0.24,"mhz":360.0,"outliers":0,"flags":[]},"h":"de65743c"} @@83b34534@@
@@BENCH-RAW@@ {"i":37,"s":[95589,95596,95630,95491,95536,95480,95515,95523,95579,95590,95708,95662,95590,95548,95533]} @@ebf6b479@@
I (67446) bench: [38/71] c888.fast2.rotcw.psram.sync       6371933 ns/iter  471.58 ns/px  cv 0.06%
@@BENCH-CELL@@ {"t":"cell","i":38,"id":"c888.fast2.rotcw.psram.async2","g":"cube","ax":{"fmt":"888","font":"saira_regular","size":18.0,"ratio":1.0000,"path":"blit/alpha","orient":"rotcw","mem":"psram","rend":"async2","alpha":255,"halign":0,"corpus":0},"w":{"rows":12,"glyphs":161,"chars":175,"src_px":13512,"dest_px":13512},"m":{"reps":20,"n":15,"min":94479,"med":94579,"max":94860,"mean":94592.9,"sd":96.3},"d":{"ns_iter":4728950,"ns_px":349.98},"q":{"cv":0.10,"spread":0.40,"mhz":360.0,"outliers":0,"flags":[]},"h":"de65743c"} @@73dd578f@@
@@BENCH-RAW@@ {"i":38,"s":[94639,94632,94479,94571,94489,94860,94602,94547,94498,94640,94502,94579,94592,94718,94545]} @@223e8080@@
I (68916) bench: [39/71] c888.fast2.rotcw.psram.async2     4728950 ns/iter  349.98 ns/px  cv 0.10%
@@BENCH-CELL@@ {"t":"cell","i":39,"id":"c888.fast2.rotcw.sram.sync","g":"cube","ax":{"fmt":"888","font":"saira_regular","size":18.0,"ratio":1.0000,"path":"blit/alpha","orient":"rotcw","mem":"sram","rend":"sync","alpha":255,"halign":0,"corpus":0},"w":{"rows":12,"glyphs":161,"chars":175,"src_px":13512,"dest_px":13512},"m":{"reps":18,"n":15,"min":109511,"med":109517,"max":109566,"mean":109523.1,"sd":13.9},"d":{"ns_iter":6084277,"ns_px":450.29},"q":{"cv":0.01,"spread":0.05,"mhz":360.0,"outliers":0,"flags":[]},"h":"de65743c"} @@386ece63@@
@@BENCH-RAW@@ {"i":39,"s":[109566,109527,109514,109517,109513,109521,109518,109517,109540,109535,109521,109511,109517,109516,109513]} @@74073760@@
I (70606) bench: [40/71] c888.fast2.rotcw.sram.sync        6084277 ns/iter  450.29 ns/px  cv 0.01%
@@BENCH-CELL@@ {"t":"cell","i":40,"id":"c888.fast2.rotcw.sram.async2","g":"cube","ax":{"fmt":"888","font":"saira_regular","size":18.0,"ratio":1.0000,"path":"blit/alpha","orient":"rotcw","mem":"sram","rend":"async2","alpha":255,"halign":0,"corpus":0},"w":{"rows":12,"glyphs":161,"chars":175,"src_px":13512,"dest_px":13512},"m":{"reps":24,"n":15,"min":105815,"med":105892,"max":105953,"mean":105884.0,"sd":33.3},"d":{"ns_iter":4412166,"ns_px":326.54},"q":{"cv":0.03,"spread":0.13,"mhz":360.0,"outliers":0,"flags":[]},"h":"de65743c"} @@548e836c@@
@@BENCH-RAW@@ {"i":40,"s":[105842,105864,105892,105953,105919,105903,105893,105897,105865,105877,105815,105908,105898,105892,105842]} @@05a6d76a@@
I (72236) bench: [41/71] c888.fast2.rotcw.sram.async2      4412166 ns/iter  326.54 ns/px  cv 0.03%
@@BENCH-CELL@@ {"t":"cell","i":41,"id":"c888.shader.upright.psram.sync","g":"cube","ax":{"fmt":"888","font":"saira_regular","size":27.0,"ratio":1.5000,"path":"shader/aa","orient":"upright","mem":"psram","rend":"sync","alpha":255,"halign":0,"corpus":0},"w":{"rows":8,"glyphs":92,"chars":100,"src_px":7701,"dest_px":18002},"m":{"reps":1,"n":12,"min":133227,"med":133565,"max":133721,"mean":133501.8,"sd":148.6},"d":{"ns_iter":133565000,"ns_px":7419.45},"q":{"cv":0.11,"spread":0.37,"mhz":360.0,"outliers":0,"flags":[]},"h":"839de335"} @@c0f848b6@@
@@BENCH-RAW@@ {"i":41,"s":[133227,133283,133316,133542,133406,133624,133586,133585,133550,133565,133616,133721]} @@b6848945@@
I (74396) bench: [42/71] c888.shader.upright.psram.sync   133565000 ns/iter  7419.45 ns/px  cv 0.11%
@@BENCH-CELL@@ {"t":"cell","i":42,"id":"c888.shader.upright.psram.async2","g":"cube","ax":{"fmt":"888","font":"saira_regular","size":27.0,"ratio":1.5000,"path":"shader/aa","orient":"upright","mem":"psram","rend":"async2","alpha":255,"halign":0,"corpus":0},"w":{"rows":8,"glyphs":92,"chars":100,"src_px":7701,"dest_px":18002},"m":{"reps":2,"n":12,"min":136951,"med":137057,"max":137151,"mean":137041.8,"sd":54.3},"d":{"ns_iter":68528500,"ns_px":3806.72},"q":{"cv":0.04,"spread":0.15,"mhz":360.0,"outliers":0,"flags":[]},"h":"839de335"} @@969eb6b7@@
@@BENCH-RAW@@ {"i":42,"s":[136983,137043,137057,137081,137151,137088,137038,137059,136966,136951,137072,137012]} @@68902ed8@@
I (76346) bench: [43/71] c888.shader.upright.psram.async2 68528500 ns/iter  3806.72 ns/px  cv 0.04%
@@BENCH-CELL@@ {"t":"cell","i":43,"id":"c888.shader.upright.sram.sync","g":"cube","ax":{"fmt":"888","font":"saira_regular","size":27.0,"ratio":1.5000,"path":"shader/aa","orient":"upright","mem":"sram","rend":"sync","alpha":255,"halign":0,"corpus":0},"w":{"rows":8,"glyphs":92,"chars":100,"src_px":7701,"dest_px":18002},"m":{"reps":1,"n":12,"min":133069,"med":133207,"max":133279,"mean":133195.3,"sd":69.3},"d":{"ns_iter":133207000,"ns_px":7399.57},"q":{"cv":0.05,"spread":0.16,"mhz":360.0,"outliers":0,"flags":[]},"h":"839de335"} @@dfbc18d4@@
@@BENCH-RAW@@ {"i":43,"s":[133184,133207,133107,133279,133111,133228,133276,133152,133199,133264,133069,133268]} @@0b06f85e@@
I (78496) bench: [44/71] c888.shader.upright.sram.sync    133207000 ns/iter  7399.57 ns/px  cv 0.05%
@@BENCH-CELL@@ {"t":"cell","i":44,"id":"c888.shader.upright.sram.async2","g":"cube","ax":{"fmt":"888","font":"saira_regular","size":27.0,"ratio":1.5000,"path":"shader/aa","orient":"upright","mem":"sram","rend":"async2","alpha":255,"halign":0,"corpus":0},"w":{"rows":8,"glyphs":92,"chars":100,"src_px":7701,"dest_px":18002},"m":{"reps":2,"n":12,"min":136863,"med":136933,"max":137029,"mean":136925.8,"sd":49.4},"d":{"ns_iter":68466500,"ns_px":3803.27},"q":{"cv":0.04,"spread":0.12,"mhz":360.0,"outliers":0,"flags":[]},"h":"839de335"} @@d5ba90ef@@
@@BENCH-RAW@@ {"i":44,"s":[136863,136930,136978,137029,136908,136933,136953,136863,136890,136863,136934,136966]} @@fef1f5cb@@
I (80436) bench: [45/71] c888.shader.upright.sram.async2  68466500 ns/iter  3803.27 ns/px  cv 0.04%
@@BENCH-CELL@@ {"t":"cell","i":45,"id":"c888.shader.rotcw.psram.sync","g":"cube","ax":{"fmt":"888","font":"saira_regular","size":27.0,"ratio":1.5000,"path":"shader/aa","orient":"rotcw","mem":"psram","rend":"sync","alpha":255,"halign":0,"corpus":0},"w":{"rows":8,"glyphs":92,"chars":100,"src_px":7701,"dest_px":18002},"m":{"reps":1,"n":13,"min":128908,"med":128949,"max":129076,"mean":128961.2,"sd":45.1},"d":{"ns_iter":128949000,"ns_px":7163.04},"q":{"cv":0.04,"spread":0.13,"mhz":360.0,"outliers":0,"flags":[]},"h":"dd1828a1"} @@98425561@@
@@BENCH-RAW@@ {"i":45,"s":[129002,128968,128916,128908,129076,128933,128964,128975,128949,128939,128944,128912,129010]} @@d65cbc68@@
I (82656) bench: [46/71] c888.shader.rotcw.psram.sync     128949000 ns/iter  7163.04 ns/px  cv 0.04%
@@BENCH-CELL@@ {"t":"cell","i":46,"id":"c888.shader.rotcw.psram.async2","g":"cube","ax":{"fmt":"888","font":"saira_regular","size":27.0,"ratio":1.5000,"path":"shader/aa","orient":"rotcw","mem":"psram","rend":"async2","alpha":255,"halign":0,"corpus":0},"w":{"rows":8,"glyphs":92,"chars":100,"src_px":7701,"dest_px":18002},"m":{"reps":2,"n":12,"min":136260,"med":136319,"max":136479,"mean":136331.6,"sd":70.1},"d":{"ns_iter":68159500,"ns_px":3786.22},"q":{"cv":0.05,"spread":0.16,"mhz":360.0,"outliers":0,"flags":[]},"h":"dd1828a1"} @@09a3b9c9@@
@@BENCH-RAW@@ {"i":46,"s":[136307,136355,136440,136278,136479,136401,136319,136325,136290,136260,136262,136263]} @@edcc4e5d@@
I (84596) bench: [47/71] c888.shader.rotcw.psram.async2   68159500 ns/iter  3786.22 ns/px  cv 0.05%
@@BENCH-CELL@@ {"t":"cell","i":47,"id":"c888.shader.rotcw.sram.sync","g":"cube","ax":{"fmt":"888","font":"saira_regular","size":27.0,"ratio":1.5000,"path":"shader/aa","orient":"rotcw","mem":"sram","rend":"sync","alpha":255,"halign":0,"corpus":0},"w":{"rows":8,"glyphs":92,"chars":100,"src_px":7701,"dest_px":18002},"m":{"reps":1,"n":13,"min":128439,"med":128482,"max":128587,"mean":128485.3,"sd":35.6},"d":{"ns_iter":128482000,"ns_px":7137.10},"q":{"cv":0.03,"spread":0.12,"mhz":360.0,"outliers":0,"flags":[]},"h":"dd1828a1"} @@568c23ea@@
@@BENCH-RAW@@ {"i":47,"s":[128511,128587,128492,128484,128482,128442,128492,128482,128477,128468,128497,128439,128456]} @@ebc0fb74@@
I (86806) bench: [48/71] c888.shader.rotcw.sram.sync      128482000 ns/iter  7137.10 ns/px  cv 0.03%
@@BENCH-CELL@@ {"t":"cell","i":48,"id":"c888.shader.rotcw.sram.async2","g":"cube","ax":{"fmt":"888","font":"saira_regular","size":27.0,"ratio":1.5000,"path":"shader/aa","orient":"rotcw","mem":"sram","rend":"async2","alpha":255,"halign":0,"corpus":0},"w":{"rows":8,"glyphs":92,"chars":100,"src_px":7701,"dest_px":18002},"m":{"reps":2,"n":12,"min":135171,"med":135383,"max":135427,"mean":135343.5,"sd":83.1},"d":{"ns_iter":67691500,"ns_px":3760.22},"q":{"cv":0.06,"spread":0.19,"mhz":360.0,"outliers":0,"flags":[]},"h":"dd1828a1"} @@5169fbbe@@
@@BENCH-RAW@@ {"i":48,"s":[135406,135415,135383,135427,135230,135349,135255,135426,135324,135311,135425,135171]} @@abb310d5@@
I (88726) bench: [49/71] c888.shader.rotcw.sram.async2    67691500 ns/iter  3760.22 ns/px  cv 0.06%
@@BENCH-CELL@@ {"t":"cell","i":49,"id":"orient.rotccw","g":"orient","ax":{"fmt":"888","font":"saira_regular","size":18.0,"ratio":1.0000,"path":"blit/alpha","orient":"rotccw","mem":"psram","rend":"async2","alpha":255,"halign":0,"corpus":0},"w":{"rows":12,"glyphs":161,"chars":175,"src_px":13512,"dest_px":13512},"m":{"reps":20,"n":15,"min":93180,"med":93326,"max":93631,"mean":93352.7,"sd":109.4},"d":{"ns_iter":4666300,"ns_px":345.34},"q":{"cv":0.12,"spread":0.48,"mhz":360.0,"outliers":0,"flags":[]},"h":"e16cec42"} @@8af28e8a@@
@@BENCH-RAW@@ {"i":49,"s":[93337,93180,93467,93265,93321,93350,93454,93303,93355,93631,93326,93314,93214,93304,93469]} @@c4f50f65@@
I (90176) bench: [50/71] orient.rotccw                     4666300 ns/iter  345.34 ns/px  cv 0.12%
@@BENCH-CELL@@ {"t":"cell","i":50,"id":"orient.rothalf","g":"orient","ax":{"fmt":"888","font":"saira_regular","size":18.0,"ratio":1.0000,"path":"blit/alpha","orient":"rothalf","mem":"psram","rend":"async2","alpha":255,"halign":0,"corpus":0},"w":{"rows":12,"glyphs":161,"chars":175,"src_px":13512,"dest_px":13512},"m":{"reps":21,"n":15,"min":94896,"med":94937,"max":94996,"mean":94937.5,"sd":29.7},"d":{"ns_iter":4520809,"ns_px":334.58},"q":{"cv":0.03,"spread":0.11,"mhz":360.0,"outliers":0,"flags":[]},"h":"a6066584"} @@4e1da9e7@@
@@BENCH-RAW@@ {"i":50,"s":[94962,94952,94964,94915,94996,94975,94898,94952,94916,94916,94937,94896,94921,94959,94903]} @@e233fd53@@
I (91646) bench: [51/71] orient.rothalf                    4520809 ns/iter  334.58 ns/px  cv 0.03%
@@BENCH-CELL@@ {"t":"cell","i":51,"id":"orient.fliph","g":"orient","ax":{"fmt":"888","font":"saira_regular","size":18.0,"ratio":1.0000,"path":"blit/alpha","orient":"fliph","mem":"psram","rend":"async2","alpha":255,"halign":0,"corpus":0},"w":{"rows":12,"glyphs":161,"chars":175,"src_px":13512,"dest_px":13512},"m":{"reps":22,"n":15,"min":91836,"med":91934,"max":92030,"mean":91937.1,"sd":47.9},"d":{"ns_iter":4178818,"ns_px":309.27},"q":{"cv":0.05,"spread":0.21,"mhz":360.0,"outliers":0,"flags":[]},"h":"abc61a88"} @@765ffe2c@@
@@BENCH-RAW@@ {"i":51,"s":[91949,91944,91911,91959,91836,91976,91900,91934,92000,91931,92030,91864,91923,91977,91922]} @@e28ce857@@
I (93066) bench: [52/71] orient.fliph                      4178818 ns/iter  309.27 ns/px  cv 0.05%
@@BENCH-CELL@@ {"t":"cell","i":52,"id":"orient.rotccwfliph","g":"orient","ax":{"fmt":"888","font":"saira_regular","size":18.0,"ratio":1.0000,"path":"blit/alpha","orient":"rotccwfliph","mem":"psram","rend":"async2","alpha":255,"halign":0,"corpus":0},"w":{"rows":12,"glyphs":161,"chars":175,"src_px":13512,"dest_px":13512},"m":{"reps":20,"n":15,"min":93986,"med":94051,"max":94205,"mean":94079.7,"sd":70.8},"d":{"ns_iter":4702550,"ns_px":348.03},"q":{"cv":0.08,"spread":0.23,"mhz":360.0,"outliers":0,"flags":[]},"h":"5262d8d8"} @@ea8b5a99@@
@@BENCH-RAW@@ {"i":52,"s":[93986,94016,94025,94022,94099,94205,94185,94115,94041,94075,94159,94184,94021,94051,94011]} @@298f5304@@
I (94526) bench: [53/71] orient.rotccwfliph                4702550 ns/iter  348.03 ns/px  cv 0.08%
@@BENCH-CELL@@ {"t":"cell","i":53,"id":"orient.rothalffliph","g":"orient","ax":{"fmt":"888","font":"saira_regular","size":18.0,"ratio":1.0000,"path":"blit/alpha","orient":"rothalffliph","mem":"psram","rend":"async2","alpha":255,"halign":0,"corpus":0},"w":{"rows":12,"glyphs":161,"chars":175,"src_px":13512,"dest_px":13512},"m":{"reps":21,"n":15,"min":95259,"med":95313,"max":95508,"mean":95323.1,"sd":55.7},"d":{"ns_iter":4538714,"ns_px":335.90},"q":{"cv":0.06,"spread":0.26,"mhz":360.0,"outliers":0,"flags":[]},"h":"418c2762"} @@d6d7bd4b@@
@@BENCH-RAW@@ {"i":53,"s":[95313,95508,95351,95316,95306,95279,95340,95326,95339,95329,95259,95302,95313,95302,95264]} @@49172e65@@
I (96006) bench: [54/71] orient.rothalffliph               4538714 ns/iter  335.90 ns/px  cv 0.06%
@@BENCH-CELL@@ {"t":"cell","i":54,"id":"orient.rotcwfliph","g":"orient","ax":{"fmt":"888","font":"saira_regular","size":18.0,"ratio":1.0000,"path":"blit/alpha","orient":"rotcwfliph","mem":"psram","rend":"async2","alpha":255,"halign":0,"corpus":0},"w":{"rows":12,"glyphs":161,"chars":175,"src_px":13512,"dest_px":13512},"m":{"reps":20,"n":15,"min":94211,"med":94340,"max":94585,"mean":94353.9,"sd":99.1},"d":{"ns_iter":4717000,"ns_px":349.10},"q":{"cv":0.10,"spread":0.40,"mhz":360.0,"outliers":0,"flags":[]},"h":"0e714186"} @@38dbf3ea@@
@@BENCH-RAW@@ {"i":54,"s":[94308,94422,94257,94391,94307,94245,94211,94585,94359,94278,94498,94456,94340,94287,94365]} @@5a51acd6@@
I (97466) bench: [55/71] orient.rotcwfliph                 4717000 ns/iter  349.10 ns/px  cv 0.10%
@@BENCH-CELL@@ {"t":"cell","i":55,"id":"font.sky@18","g":"font","ax":{"fmt":"888","font":"sky","size":18.0,"ratio":2.0000,"path":"blit/direct","orient":"rotcw","mem":"psram","rend":"async2","alpha":255,"halign":0,"corpus":0},"w":{"rows":12,"glyphs":148,"chars":162,"src_px":4014,"dest_px":16056},"m":{"reps":32,"n":15,"min":84591,"med":84864,"max":85000,"mean":84827.0,"sd":111.3},"d":{"ns_iter":2652000,"ns_px":165.17},"q":{"cv":0.13,"spread":0.48,"mhz":360.0,"outliers":0,"flags":[]},"h":"a32b1e1d"} @@487de830@@
@@BENCH-RAW@@ {"i":55,"s":[84591,85000,84918,84894,84777,84853,84838,84880,84719,84673,84864,84673,84884,84920,84921]} @@8d272c1d@@
I (98776) bench: [56/71] font.sky@18                       2652000 ns/iter  165.17 ns/px  cv 0.13%
@@BENCH-CELL@@ {"t":"cell","i":56,"id":"font.sky@27","g":"font","ax":{"fmt":"888","font":"sky","size":27.0,"ratio":3.0000,"path":"blit/direct","orient":"rotcw","mem":"psram","rend":"async2","alpha":255,"halign":0,"corpus":0},"w":{"rows":8,"glyphs":80,"chars":85,"src_px":2161,"dest_px":19449},"m":{"reps":35,"n":15,"min":80327,"med":80528,"max":80868,"mean":80537.9,"sd":140.2},"d":{"ns_iter":2300800,"ns_px":118.30},"q":{"cv":0.17,"spread":0.67,"mhz":360.0,"outliers":0,"flags":[]},"h":"4bc0b3f9"} @@22e89b3e@@
@@BENCH-RAW@@ {"i":56,"s":[80419,80327,80390,80640,80645,80681,80648,80479,80603,80368,80444,80868,80469,80528,80559]} @@abc54ff3@@
I (100026) bench: [57/71] font.sky@27                       2300800 ns/iter  118.30 ns/px  cv 0.17%
@@BENCH-CELL@@ {"t":"cell","i":57,"id":"font.skymono@9","g":"font","ax":{"fmt":"888","font":"sky_mono","size":9.0,"ratio":1.0000,"path":"blit/direct","orient":"rotcw","mem":"psram","rend":"async2","alpha":255,"halign":0,"corpus":0},"w":{"rows":23,"glyphs":373,"chars":397,"src_px":23499,"dest_px":23499},"m":{"reps":22,"n":15,"min":98962,"med":99184,"max":99358,"mean":99157.6,"sd":97.2},"d":{"ns_iter":4508363,"ns_px":191.85},"q":{"cv":0.10,"spread":0.40,"mhz":360.0,"outliers":0,"flags":[]},"h":"6335b160"} @@dffcaa16@@
@@BENCH-RAW@@ {"i":57,"s":[99016,98962,99077,99047,99127,99212,99195,99358,99152,99237,99184,99192,99214,99146,99245]} @@740e90dd@@
I (101556) bench: [58/71] font.skymono@9                    4508363 ns/iter  191.85 ns/px  cv 0.10%
@@BENCH-CELL@@ {"t":"cell","i":58,"id":"font.sky@13","g":"font","ax":{"fmt":"888","font":"sky","size":13.0,"ratio":1.4444,"path":"shader/pal","orient":"rotcw","mem":"psram","rend":"async2","alpha":255,"halign":0,"corpus":0},"w":{"rows":17,"glyphs":239,"chars":255,"src_px":6321,"dest_px":12530},"m":{"reps":2,"n":15,"min":112072,"med":112108,"max":112249,"mean":112139.2,"sd":56.2},"d":{"ns_iter":56054000,"ns_px":4473.58},"q":{"cv":0.05,"spread":0.16,"mhz":360.0,"outliers":0,"flags":[]},"h":"254ec85e"} @@5937d2a0@@
@@BENCH-RAW@@ {"i":58,"s":[112243,112249,112163,112107,112096,112108,112109,112072,112100,112097,112190,112201,112165,112082,112106]} @@884e0834@@
I (103496) bench: [59/71] font.sky@13                      56054000 ns/iter  4473.58 ns/px  cv 0.05%
@@BENCH-CELL@@ {"t":"cell","i":59,"id":"font.saira@36","g":"font","ax":{"fmt":"888","font":"saira_regular","size":36.0,"ratio":2.0000,"path":"blit/alpha","orient":"rotcw","mem":"psram","rend":"async2","alpha":255,"halign":0,"corpus":0},"w":{"rows":6,"glyphs":56,"chars":61,"src_px":4710,"dest_px":18840},"m":{"reps":19,"n":15,"min":93308,"med":93463,"max":93539,"mean":93440.7,"sd":75.8},"d":{"ns_iter":4919105,"ns_px":261.10},"q":{"cv":0.08,"spread":0.25,"mhz":360.0,"outliers":0,"flags":[]},"h":"972d0991"} @@561de21d@@
@@BENCH-RAW@@ {"i":59,"s":[93492,93503,93434,93502,93539,93372,93382,93531,93463,93344,93451,93308,93505,93310,93474]} @@34339b6b@@
I (104946) bench: [60/71] font.saira@36                     4919105 ns/iter  261.10 ns/px  cv 0.08%
@@BENCH-CELL@@ {"t":"cell","i":60,"id":"font.marker@22","g":"font","ax":{"fmt":"888","font":"marker","size":22.0,"ratio":1.0000,"path":"blit/alpha","orient":"rotcw","mem":"psram","rend":"async2","alpha":255,"halign":0,"corpus":0},"w":{"rows":10,"glyphs":125,"chars":136,"src_px":22847,"dest_px":22847},"m":{"reps":15,"n":15,"min":104402,"med":104574,"max":104796,"mean":104565.6,"sd":113.5},"d":{"ns_iter":6971600,"ns_px":305.14},"q":{"cv":0.11,"spread":0.38,"mhz":360.0,"outliers":0,"flags":[]},"h":"59dd778c"} @@eed16933@@
@@BENCH-RAW@@ {"i":60,"s":[104796,104574,104452,104493,104712,104621,104411,104618,104545,104529,104631,104408,104635,104402,104657]} @@a18530cd@@
I (106576) bench: [61/71] font.marker@22                    6971600 ns/iter  305.14 ns/px  cv 0.11%
@@BENCH-CELL@@ {"t":"cell","i":61,"id":"font.marker@33","g":"font","ax":{"fmt":"888","font":"marker","size":33.0,"ratio":1.5000,"path":"shader/aa","orient":"rotcw","mem":"psram","rend":"async2","alpha":255,"halign":0,"corpus":0},"w":{"rows":7,"glyphs":71,"chars":76,"src_px":13008,"dest_px":29868},"m":{"reps":1,"n":15,"min":110010,"med":110082,"max":110134,"mean":110077.7,"sd":33.3},"d":{"ns_iter":110082000,"ns_px":3685.62},"q":{"cv":0.03,"spread":0.11,"mhz":360.0,"outliers":0,"flags":[]},"h":"aed9f152"} @@f3ab14d3@@
@@BENCH-RAW@@ {"i":61,"s":[110082,110061,110082,110113,110038,110083,110110,110052,110134,110073,110039,110124,110095,110070,110010]} @@11c6e96b@@
I (108696) bench: [62/71] font.marker@33                   110082000 ns/iter  3685.62 ns/px  cv 0.03%
@@BENCH-CELL@@ {"t":"cell","i":62,"id":"font.condensed@45","g":"font","ax":{"fmt":"888","font":"saira_condensed","size":45.0,"ratio":1.0000,"path":"blit/alpha","orient":"rotcw","mem":"psram","rend":"async2","alpha":255,"halign":0,"corpus":0},"w":{"rows":5,"glyphs":47,"chars":51,"src_px":19237,"dest_px":19237},"m":{"reps":19,"n":15,"min":90638,"med":90685,"max":90825,"mean":90693.8,"sd":48.8},"d":{"ns_iter":4772894,"ns_px":248.11},"q":{"cv":0.05,"spread":0.21,"mhz":360.0,"outliers":0,"flags":[]},"h":"7bcb728d"} @@6fc2f2f0@@
@@BENCH-RAW@@ {"i":62,"s":[90778,90697,90649,90638,90685,90675,90678,90712,90645,90691,90677,90715,90647,90695,90825]} @@c5cd0799@@
I (110096) bench: [63/71] font.condensed@45                 4772894 ns/iter  248.11 ns/px  cv 0.05%
@@BENCH-CELL@@ {"t":"cell","i":63,"id":"font.saira@27.noaa","g":"font","ax":{"fmt":"888","font":"saira_regular_noaa","size":27.0,"ratio":1.5000,"path":"shader/plain","orient":"rotcw","mem":"psram","rend":"async2","alpha":255,"halign":0,"corpus":0},"w":{"rows":8,"glyphs":92,"chars":100,"src_px":7701,"dest_px":18002},"m":{"reps":2,"n":13,"min":124698,"med":124726,"max":124759,"mean":124724.3,"sd":18.9},"d":{"ns_iter":62363000,"ns_px":3464.23},"q":{"cv":0.02,"spread":0.05,"mhz":360.0,"outliers":0,"flags":[]},"h":"9c31759b"} @@0c9edf58@@
@@BENCH-RAW@@ {"i":63,"s":[124698,124703,124754,124741,124759,124726,124726,124709,124703,124738,124728,124710,124721]} @@77926d21@@
I (112006) bench: [64/71] font.saira@27.noaa               62363000 ns/iter  3464.23 ns/px  cv 0.02%
@@BENCH-CELL@@ {"t":"cell","i":64,"id":"rend.async1","g":"rend","ax":{"fmt":"888","font":"saira_regular","size":18.0,"ratio":1.0000,"path":"blit/alpha","orient":"rotcw","mem":"psram","rend":"async1","alpha":255,"halign":0,"corpus":0},"w":{"rows":12,"glyphs":161,"chars":175,"src_px":13512,"dest_px":13512},"m":{"reps":14,"n":15,"min":101614,"med":101711,"max":101922,"mean":101720.9,"sd":78.9},"d":{"ns_iter":7265071,"ns_px":537.68},"q":{"cv":0.08,"spread":0.30,"mhz":360.0,"outliers":0,"flags":[]},"h":"de65743c"} @@3c1fe115@@
@@BENCH-RAW@@ {"i":64,"s":[101767,101829,101740,101737,101660,101780,101692,101717,101703,101922,101686,101711,101614,101632,101623]} @@9b4a1aca@@
I (113586) bench: [65/71] rend.async1                       7265071 ns/iter  537.68 ns/px  cv 0.08%
@@BENCH-CELL@@ {"t":"cell","i":65,"id":"alpha.fast1.a128","g":"alpha","ax":{"fmt":"888","font":"sky","size":9.0,"ratio":1.0000,"path":"blit/alpha","orient":"rotcw","mem":"psram","rend":"async2","alpha":128,"halign":0,"corpus":0},"w":{"rows":23,"glyphs":373,"chars":397,"src_px":10135,"dest_px":10135},"m":{"reps":18,"n":15,"min":100067,"med":100255,"max":100397,"mean":100240.0,"sd":95.7},"d":{"ns_iter":5569722,"ns_px":549.55},"q":{"cv":0.10,"spread":0.33,"mhz":360.0,"outliers":0,"flags":[]},"h":"cc2eccc5"} @@e8bb0166@@
@@BENCH-RAW@@ {"i":65,"s":[100253,100115,100397,100281,100379,100328,100161,100258,100072,100228,100288,100067,100264,100255,100254]} @@f9e818a1@@
I (115136) bench: [66/71] alpha.fast1.a128                  5569722 ns/iter  549.55 ns/px  cv 0.10%
@@BENCH-CELL@@ {"t":"cell","i":66,"id":"alpha.fast2.a128","g":"alpha","ax":{"fmt":"888","font":"saira_regular","size":18.0,"ratio":1.0000,"path":"blit/alpha","orient":"rotcw","mem":"psram","rend":"async2","alpha":128,"halign":0,"corpus":0},"w":{"rows":12,"glyphs":161,"chars":175,"src_px":13512,"dest_px":13512},"m":{"reps":20,"n":15,"min":94430,"med":94537,"max":94757,"mean":94547.0,"sd":79.7},"d":{"ns_iter":4726850,"ns_px":349.83},"q":{"cv":0.08,"spread":0.35,"mhz":360.0,"outliers":0,"flags":[]},"h":"012c199d"} @@f61484ba@@
@@BENCH-RAW@@ {"i":66,"s":[94574,94601,94539,94528,94539,94478,94465,94531,94585,94757,94663,94491,94537,94487,94430]} @@43a358ce@@
I (116606) bench: [67/71] alpha.fast2.a128                  4726850 ns/iter  349.83 ns/px  cv 0.08%
@@BENCH-CELL@@ {"t":"cell","i":67,"id":"len.short","g":"len","ax":{"fmt":"888","font":"saira_regular","size":18.0,"ratio":1.0000,"path":"blit/alpha","orient":"rotcw","mem":"psram","rend":"async2","alpha":255,"halign":0,"corpus":1},"w":{"rows":12,"glyphs":82,"chars":83,"src_px":7336,"dest_px":7336},"m":{"reps":32,"n":15,"min":92867,"med":92933,"max":93057,"mean":92945.1,"sd":49.2},"d":{"ns_iter":2904156,"ns_px":395.88},"q":{"cv":0.05,"spread":0.20,"mhz":360.0,"outliers":0,"flags":[]},"h":"450061c8"} @@2d9a4557@@
@@BENCH-RAW@@ {"i":67,"s":[92943,92941,92923,92867,93007,92979,92871,92903,92933,92932,93003,92925,92926,93057,92966]} @@a017c439@@
I (118036) bench: [68/71] len.short                         2904156 ns/iter  395.88 ns/px  cv 0.05%
@@BENCH-CELL@@ {"t":"cell","i":68,"id":"len.long","g":"len","ax":{"fmt":"888","font":"saira_regular","size":18.0,"ratio":1.0000,"path":"blit/alpha","orient":"rotcw","mem":"psram","rend":"async2","alpha":255,"halign":0,"corpus":2},"w":{"rows":12,"glyphs":273,"chars":315,"src_px":22206,"dest_px":22206},"m":{"reps":14,"n":15,"min":106736,"med":106979,"max":107427,"mean":107021.0,"sd":188.6},"d":{"ns_iter":7641357,"ns_px":344.11},"q":{"cv":0.18,"spread":0.65,"mhz":360.0,"outliers":0,"flags":[]},"h":"504a97ad"} @@ddc814aa@@
@@BENCH-RAW@@ {"i":68,"s":[107427,107154,106979,106916,106830,107151,106999,106869,106736,106965,107410,107055,106986,106952,106886]} @@9017bafd@@
I (119706) bench: [69/71] len.long                          7641357 ns/iter  344.11 ns/px  cv 0.18%
@@BENCH-CELL@@ {"t":"cell","i":69,"id":"align.center","g":"align","ax":{"fmt":"888","font":"saira_regular","size":18.0,"ratio":1.0000,"path":"blit/alpha","orient":"rotcw","mem":"psram","rend":"async2","alpha":255,"halign":1,"corpus":0},"w":{"rows":12,"glyphs":161,"chars":175,"src_px":13512,"dest_px":13512},"m":{"reps":20,"n":15,"min":95095,"med":95219,"max":95342,"mean":95220.1,"sd":67.5},"d":{"ns_iter":4760950,"ns_px":352.35},"q":{"cv":0.07,"spread":0.26,"mhz":360.0,"outliers":0,"flags":[]},"h":"4f91d280"} @@f67fbccb@@
@@BENCH-RAW@@ {"i":69,"s":[95129,95223,95219,95323,95188,95342,95281,95212,95156,95254,95294,95177,95095,95181,95228]} @@acf40922@@
I (121176) bench: [70/71] align.center                      4760950 ns/iter  352.35 ns/px  cv 0.07%
@@BENCH-CELL@@ {"t":"cell","i":70,"id":"drift.last","g":"drift","ax":{"fmt":"888","font":"saira_regular","size":18.0,"ratio":1.0000,"path":"blit/alpha","orient":"rotcw","mem":"psram","rend":"async2","alpha":255,"halign":0,"corpus":0},"w":{"rows":12,"glyphs":161,"chars":175,"src_px":13512,"dest_px":13512},"m":{"reps":20,"n":15,"min":94391,"med":94536,"max":94718,"mean":94545.1,"sd":92.0},"d":{"ns_iter":4726800,"ns_px":349.82},"q":{"cv":0.10,"spread":0.35,"mhz":360.0,"outliers":0,"flags":[]},"h":"de65743c"} @@800b0d31@@
@@BENCH-RAW@@ {"i":70,"s":[94718,94431,94391,94566,94578,94511,94699,94476,94476,94548,94475,94677,94579,94515,94536]} @@864b6b93@@
I (122646) bench: [71/71] drift.last                        4726800 ns/iter  349.82 ns/px  cv 0.10%
@@BENCH-END@@ {"t":"end","cells":71,"total_us":117836677,"status":"ok"} @@8cc6201a@@
