@@BENCH-BEGIN@@ {"t":"begin","schema":1,"cells":71,"boot_us":5547794,"reset":3,"build":{"app_git":"2f4dc9e0daf8","app_dirty":true,"app_branch":"main","pax_git":"964533a6d894","pax_dirty":false,"pax_branch":"main","idf":"v6.0.2","opt":"Og","app_ver":"2f4dc9e-dirty","app_date":"Aug 20 2026 12:29:51"},"hw":{"chip":"esp32p4","rev":103,"cores":2,"cpu_mhz_nom":360,"cpu_mhz_meas":359.99,"l2_kb":128,"l2_line":64,"psram":true},"cfg":{"pm_enable":true,"pm_lock":true,"tick_hz":100,"wdt":false,"pax":{"bounds_check":false,"orientation":true,"async":"multithread","range_setter":true,"range_merger":true,"fixed_point":true,"long_fixed_point":true,"queue_size":32,"sso_len":32}},"mem":{"tile_dim":256,"int_addr":"0x4ff40700","psram_addr":"0x4811a900","int_free":324567,"int_largest":192512,"psram_free":30524228},"bench":{"n_samples":15,"warmup":2,"target_sample_us":110000,"cell_budget_us":2000000,"corpus_ver":1,"join_placement":"per_sample","driver_core":0,"driver_prio":5,"scrub_bytes":524288}} @@d0e8f054@@
@@BENCH-CELL@@ {"t":"cell","i":0,"id":"drift.first","g":"drift","ax":{"fmt":"888","font":"saira_regular","size":18.0,"ratio":1.0000,"path":"blit/alpha","orient":"rotcw","mem":"psram","rend":"async2","alpha":255,"halign":0,"corpus":0},"w":{"rows":12,"glyphs":161,"chars":175,"src_px":13512,"dest_px":13512},"m":{"reps":20,"n":15,"min":101634,"med":101773,"max":102132,"mean":101790.7,"sd":108.6},"d":{"ns_iter":5088650,"ns_px":376.60},"q":{"cv":0.11,"spread":0.49,"mhz":360.0,"outliers":0,"flags":[]},"h":"de65743c"} @@03ae9388@@
@@BENCH-RAW@@ {"i":0,"s":[101773,102132,101798,101798,101900,101746,101827,101794,101731,101752,101719,101808,101634,101704,101744]} @@d084a9ad@@
I (8413) bench: [1/71] drift.first                       5088650 ns/iter  376.60 ns/px  cv 0.11%
@@BENCH-CELL@@ {"t":"cell","i":1,"id":"c565.fast1.upright.psram.sync","g":"cube","ax":{"fmt":"565","font":"sky","size":9.0,"ratio":1.0000,"path":"blit/direct","orient":"upright","mem":"psram","rend":"sync","alpha":255,"halign":0,"corpus":0},"w":{"rows":23,"glyphs":373,"chars":397,"src_px":10135,"dest_px":10135},"m":{"reps":41,"n":15,"min":89259,"med":89451,"max":89608,"mean":89437.3,"sd":91.1},"d":{"ns_iter":2181731,"ns_px":215.27},"q":{"cv":0.10,"spread":0.39,"mhz":360.0,"outliers":0,"flags":[]},"h":"16b7abd1"} @@a12fd09e@@
@@BENCH-RAW@@ {"i":1,"s":[89286,89424,89406,89259,89453,89311,89440,89608,89556,89516,89474,89465,89451,89446,89465]} @@37cc956b@@
I (9793) bench: [2/71] c565.fast1.upright.psram.sync     2181731 ns/iter  215.27 ns/px  cv 0.10%
@@BENCH-CELL@@ {"t":"cell","i":2,"id":"c565.fast1.upright.psram.async2","g":"cube","ax":{"fmt":"565","font":"sky","size":9.0,"ratio":1.0000,"path":"blit/direct","orient":"upright","mem":"psram","rend":"async2","alpha":255,"halign":0,"corpus":0},"w":{"rows":23,"glyphs":373,"chars":397,"src_px":10135,"dest_px":10135},"m":{"reps":27,"n":15,"min":106643,"med":106746,"max":106933,"mean":106748.9,"sd":81.8},"d":{"ns_iter":3953555,"ns_px":390.09},"q":{"cv":0.08,"spread":0.27,"mhz":360.0,"outliers":0,"flags":[]},"h":"16b7abd1"} @@8819f717@@
@@BENCH-RAW@@ {"i":2,"s":[106643,106727,106933,106835,106820,106721,106837,106746,106771,106666,106649,106769,106647,106684,106786]} @@8f192d72@@
I (11433) bench: [3/71] c565.fast1.upright.psram.async2   3953555 ns/iter  390.09 ns/px  cv 0.08%
@@BENCH-CELL@@ {"t":"cell","i":3,"id":"c565.fast1.upright.sram.sync","g":"cube","ax":{"fmt":"565","font":"sky","size":9.0,"ratio":1.0000,"path":"blit/direct","orient":"upright","mem":"sram","rend":"sync","alpha":255,"halign":0,"corpus":0},"w":{"rows":23,"glyphs":373,"chars":397,"src_px":10135,"dest_px":10135},"m":{"reps":46,"n":15,"min":100494,"med":100541,"max":100699,"mean":100557.9,"sd":51.1},"d":{"ns_iter":2185673,"ns_px":215.66},"q":{"cv":0.05,"spread":0.20,"mhz":360.0,"outliers":0,"flags":[]},"h":"16b7abd1"} @@a31f59a8@@
@@BENCH-RAW@@ {"i":3,"s":[100536,100521,100565,100601,100524,100621,100593,100699,100565,100520,100506,100541,100541,100542,100494]} @@5c34b758@@
I (12973) bench: [4/71] c565.fast1.upright.sram.sync      2185673 ns/iter  215.66 ns/px  cv 0.05%
@@BENCH-CELL@@ {"t":"cell","i":4,"id":"c565.fast1.upright.sram.async2","g":"cube","ax":{"fmt":"565","font":"sky","size":9.0,"ratio":1.0000,"path":"blit/direct","orient":"upright","mem":"sram","rend":"async2","alpha":255,"halign":0,"corpus":0},"w":{"rows":23,"glyphs":373,"chars":397,"src_px":10135,"dest_px":10135},"m":{"reps":29,"n":15,"min":114231,"med":114504,"max":114693,"mean":114493.3,"sd":120.8},"d":{"ns_iter":3948413,"ns_px":389.58},"q":{"cv":0.11,"spread":0.40,"mhz":360.0,"outliers":0,"flags":[]},"h":"16b7abd1"} @@ff116390@@
@@BENCH-RAW@@ {"i":4,"s":[114523,114693,114658,114539,114447,114402,114558,114480,114652,114392,114231,114323,114517,114504,114480]} @@7ce10347@@
I (14723) bench: [5/71] c565.fast1.upright.sram.async2    3948413 ns/iter  389.58 ns/px  cv 0.11%
@@BENCH-CELL@@ {"t":"cell","i":5,"id":"c565.fast1.rotcw.psram.sync","g":"cube","ax":{"fmt":"565","font":"sky","size":9.0,"ratio":1.0000,"path":"blit/direct","orient":"rotcw","mem":"psram","rend":"sync","alpha":255,"halign":0,"corpus":0},"w":{"rows":23,"glyphs":373,"chars":397,"src_px":10135,"dest_px":10135},"m":{"reps":36,"n":15,"min":78826,"med":78914,"max":79106,"mean":78934.1,"sd":83.4},"d":{"ns_iter":2192055,"ns_px":216.29},"q":{"cv":0.11,"spread":0.35,"mhz":360.0,"outliers":0,"flags":[]},"h":"70d20c11"} @@fca0b331@@
@@BENCH-RAW@@ {"i":5,"s":[78871,78846,78826,78868,79106,78983,79038,78947,78836,78993,79055,78914,78881,78888,78960]} @@38caedf5@@
I (15943) bench: [6/71] c565.fast1.rotcw.psram.sync       2192055 ns/iter  216.29 ns/px  cv 0.11%
@@BENCH-CELL@@ {"t":"cell","i":6,"id":"c565.fast1.rotcw.psram.async2","g":"cube","ax":{"fmt":"565","font":"sky","size":9.0,"ratio":1.0000,"path":"blit/direct","orient":"rotcw","mem":"psram","rend":"async2","alpha":255,"halign":0,"corpus":0},"w":{"rows":23,"glyphs":373,"chars":397,"src_px":10135,"dest_px":10135},"m":{"reps":24,"n":15,"min":97860,"med":98054,"max":98314,"mean":98072.3,"sd":132.7},"d":{"ns_iter":4085583,"ns_px":403.12},"q":{"cv":0.14,"spread":0.46,"mhz":360.0,"outliers":0,"flags":[]},"h":"70d20c11"} @@03ff2a11@@
@@BENCH-RAW@@ {"i":6,"s":[97955,98314,98144,98166,97860,97982,98054,97943,97886,98024,98153,98201,97988,98253,98162]} @@9271daec@@
I (17453) bench: [7/71] c565.fast1.rotcw.psram.async2     4085583 ns/iter  403.12 ns/px  cv 0.14%
@@BENCH-CELL@@ {"t":"cell","i":7,"id":"c565.fast1.rotcw.sram.sync","g":"cube","ax":{"fmt":"565","font":"sky","size":9.0,"ratio":1.0000,"path":"blit/direct","orient":"rotcw","mem":"sram","rend":"sync","alpha":255,"halign":0,"corpus":0},"w":{"rows":23,"glyphs":373,"chars":397,"src_px":10135,"dest_px":10135},"m":{"reps":46,"n":15,"min":100816,"med":101035,"max":101145,"mean":101021.2,"sd":71.2},"d":{"ns_iter":2196413,"ns_px":216.72},"q":{"cv":0.07,"spread":0.33,"mhz":360.0,"outliers":0,"flags":[]},"h":"70d20c11"} @@b6d48614@@
@@BENCH-RAW@@ {"i":7,"s":[101026,101035,101039,101075,101056,101078,101145,101009,101033,101035,101036,100975,100816,101028,100932]} @@be14c57a@@
I (19003) bench: [8/71] c565.fast1.rotcw.sram.sync        2196413 ns/iter  216.72 ns/px  cv 0.07%
@@BENCH-CELL@@ {"t":"cell","i":8,"id":"c565.fast1.rotcw.sram.async2","g":"cube","ax":{"fmt":"565","font":"sky","size":9.0,"ratio":1.0000,"path":"blit/direct","orient":"rotcw","mem":"sram","rend":"async2","alpha":255,"halign":0,"corpus":0},"w":{"rows":23,"glyphs":373,"chars":397,"src_px":10135,"dest_px":10135},"m":{"reps":28,"n":15,"min":113569,"med":113653,"max":113817,"mean":113665.6,"sd":80.0},"d":{"ns_iter":4059035,"ns_px":400.50},"q":{"cv":0.07,"spread":0.22,"mhz":360.0,"outliers":0,"flags":[]},"h":"70d20c11"} @@cdab5a73@@
@@BENCH-RAW@@ {"i":8,"s":[113569,113705,113732,113588,113746,113584,113817,113816,113679,113589,113653,113640,113623,113580,113663]} @@b844d50a@@
I (20743) bench: [9/71] c565.fast1.rotcw.sram.async2      4059035 ns/iter  400.50 ns/px  cv 0.07%
@@BENCH-CELL@@ {"t":"cell","i":9,"id":"c565.fast2.upright.psram.sync","g":"cube","ax":{"fmt":"565","font":"saira_regular","size":18.0,"ratio":1.0000,"path":"blit/alpha","orient":"upright","mem":"psram","rend":"sync","alpha":255,"halign":0,"corpus":0},"w":{"rows":12,"glyphs":161,"chars":175,"src_px":13512,"dest_px":13512},"m":{"reps":16,"n":15,"min":101519,"med":101577,"max":101639,"mean":101581.3,"sd":41.1},"d":{"ns_iter":6348562,"ns_px":469.85},"q":{"cv":0.04,"spread":0.12,"mhz":360.0,"outliers":0,"flags":[]},"h":"ecacce31"} @@079b3baa@@
@@BENCH-RAW@@ {"i":9,"s":[101634,101639,101563,101557,101569,101627,101519,101542,101577,101521,101529,101617,101630,101590,101605]} @@61e88cd7@@
I (22323) bench: [10/71] c565.fast2.upright.psram.sync     6348562 ns/iter  469.85 ns/px  cv 0.04%
@@BENCH-CELL@@ {"t":"cell","i":10,"id":"c565.fast2.upright.psram.async2","g":"cube","ax":{"fmt":"565","font":"saira_regular","size":18.0,"ratio":1.0000,"path":"blit/alpha","orient":"upright","mem":"psram","rend":"async2","alpha":255,"halign":0,"corpus":0},"w":{"rows":12,"glyphs":161,"chars":175,"src_px":13512,"dest_px":13512},"m":{"reps":22,"n":15,"min":97229,"med":97324,"max":97508,"mean":97327.7,"sd":62.2},"d":{"ns_iter":4423818,"ns_px":327.40},"q":{"cv":0.06,"spread":0.29,"mhz":360.0,"outliers":0,"flags":[]},"h":"ecacce31"} @@893e392e@@
@@BENCH-RAW@@ {"i":10,"s":[97349,97305,97313,97291,97231,97325,97314,97373,97361,97508,97331,97324,97346,97229,97315]} @@aee10d57@@
I (23823) bench: [11/71] c565.fast2.upright.psram.async2   4423818 ns/iter  327.40 ns/px  cv 0.06%
@@BENCH-CELL@@ {"t":"cell","i":11,"id":"c565.fast2.upright.sram.sync","g":"cube","ax":{"fmt":"565","font":"saira_regular","size":18.0,"ratio":1.0000,"path":"blit/alpha","orient":"upright","mem":"sram","rend":"sync","alpha":255,"halign":0,"corpus":0},"w":{"rows":12,"glyphs":161,"chars":175,"src_px":13512,"dest_px":13512},"m":{"reps":17,"n":15,"min":107804,"med":107951,"max":108100,"mean":107951.9,"sd":80.3},"d":{"ns_iter":6350058,"ns_px":469.96},"q":{"cv":0.07,"spread":0.27,"mhz":360.0,"outliers":0,"flags":[]},"h":"ecacce31"} @@9f8b9a56@@
@@BENCH-RAW@@ {"i":11,"s":[107866,107864,107804,107867,107987,108008,107907,108053,108100,108042,108003,107986,107913,107951,107927]} @@c9ddf928@@
I (25483) bench: [12/71] c565.fast2.upright.sram.sync      6350058 ns/iter  469.96 ns/px  cv 0.07%
@@BENCH-CELL@@ {"t":"cell","i":12,"id":"c565.fast2.upright.sram.async2","g":"cube","ax":{"fmt":"565","font":"saira_regular","size":18.0,"ratio":1.0000,"path":"blit/alpha","orient":"upright","mem":"sram","rend":"async2","alpha":255,"halign":0,"corpus":0},"w":{"rows":12,"glyphs":161,"chars":175,"src_px":13512,"dest_px":13512},"m":{"reps":24,"n":15,"min":106149,"med":106234,"max":106353,"mean":106234.7,"sd":62.9},"d":{"ns_iter":4426416,"ns_px":327.59},"q":{"cv":0.06,"spread":0.19,"mhz":360.0,"outliers":0,"flags":[]},"h":"ecacce31"} @@72faa3e1@@
@@BENCH-RAW@@ {"i":12,"s":[106185,106149,106180,106286,106204,106155,106180,106306,106300,106163,106269,106271,106234,106286,106353]} @@bacdd3ee@@
I (27123) bench: [13/71] c565.fast2.upright.sram.async2    4426416 ns/iter  327.59 ns/px  cv 0.06%
@@BENCH-CELL@@ {"t":"cell","i":13,"id":"c565.fast2.rotcw.psram.sync","g":"cube","ax":{"fmt":"565","font":"saira_regular","size":18.0,"ratio":1.0000,"path":"blit/alpha","orient":"rotcw","mem":"psram","rend":"sync","alpha":255,"halign":0,"corpus":0},"w":{"rows":12,"glyphs":161,"chars":175,"src_px":13512,"dest_px":13512},"m":{"reps":15,"n":15,"min":95793,"med":95898,"max":96034,"mean":95896.9,"sd":64.5},"d":{"ns_iter":6393200,"ns_px":473.15},"q":{"cv":0.07,"spread":0.25,"mhz":360.0,"outliers":0,"flags":[]},"h":"70889db9"} @@133f8912@@
@@BENCH-RAW@@ {"i":13,"s":[95944,95876,95973,95829,95851,95937,95935,95813,95833,95884,95900,95898,96034,95954,95793]} @@1fef6621@@
I (28613) bench: [14/71] c565.fast2.rotcw.psram.sync       6393200 ns/iter  473.15 ns/px  cv 0.07%
@@BENCH-CELL@@ {"t":"cell","i":14,"id":"c565.fast2.rotcw.psram.async2","g":"cube","ax":{"fmt":"565","font":"saira_regular","size":18.0,"ratio":1.0000,"path":"blit/alpha","orient":"rotcw","mem":"psram","rend":"async2","alpha":255,"halign":0,"corpus":0},"w":{"rows":12,"glyphs":161,"chars":175,"src_px":13512,"dest_px":13512},"m":{"reps":19,"n":15,"min":91063,"med":91157,"max":91394,"mean":91193.5,"sd":92.3},"d":{"ns_iter":4797736,"ns_px":355.07},"q":{"cv":0.10,"spread":0.36,"mhz":360.0,"outliers":0,"flags":[]},"h":"70889db9"} @@fe7745ef@@
@@BENCH-RAW@@ {"i":14,"s":[91394,91231,91225,91112,91312,91187,91144,91129,91333,91157,91249,91150,91063,91095,91121]} @@3fbc0a71@@
I (30023) bench: [15/71] c565.fast2.rotcw.psram.async2     4797736 ns/iter  355.07 ns/px  cv 0.10%
@@BENCH-CELL@@ {"t":"cell","i":15,"id":"c565.fast2.rotcw.sram.sync","g":"cube","ax":{"fmt":"565","font":"saira_regular","size":18.0,"ratio":1.0000,"path":"blit/alpha","orient":"rotcw","mem":"sram","rend":"sync","alpha":255,"halign":0,"corpus":0},"w":{"rows":12,"glyphs":161,"chars":175,"src_px":13512,"dest_px":13512},"m":{"reps":17,"n":15,"min":108326,"med":108466,"max":108566,"mean":108469.1,"sd":57.5},"d":{"ns_iter":6380352,"ns_px":472.20},"q":{"cv":0.05,"spread":0.22,"mhz":360.0,"outliers":0,"flags":[]},"h":"70889db9"} @@e18dc3e7@@
@@BENCH-RAW@@ {"i":15,"s":[108326,108443,108447,108566,108476,108548,108488,108536,108507,108480,108426,108407,108464,108457,108466]} @@3ece2885@@
I (31693) bench: [16/71] c565.fast2.rotcw.sram.sync        6380352 ns/iter  472.20 ns/px  cv 0.05%
@@BENCH-CELL@@ {"t":"cell","i":16,"id":"c565.fast2.rotcw.sram.async2","g":"cube","ax":{"fmt":"565","font":"saira_regular","size":18.0,"ratio":1.0000,"path":"blit/alpha","orient":"rotcw","mem":"sram","rend":"async2","alpha":255,"halign":0,"corpus":0},"w":{"rows":12,"glyphs":161,"chars":175,"src_px":13512,"dest_px":13512},"m":{"reps":23,"n":15,"min":108346,"med":108455,"max":108552,"mean":108455.7,"sd":68.5},"d":{"ns_iter":4715434,"ns_px":348.98},"q":{"cv":0.06,"spread":0.19,"mhz":360.0,"outliers":0,"flags":[]},"h":"70889db9"} @@8e576c99@@
@@BENCH-RAW@@ {"i":16,"s":[108473,108523,108423,108455,108447,108369,108511,108421,108552,108546,108360,108381,108485,108543,108346]} @@c440122c@@
I (33363) bench: [17/71] c565.fast2.rotcw.sram.async2      4715434 ns/iter  348.98 ns/px  cv 0.06%
@@BENCH-CELL@@ {"t":"cell","i":17,"id":"c565.shader.upright.psram.sync","g":"cube","ax":{"fmt":"565","font":"saira_regular","size":27.0,"ratio":1.5000,"path":"shader/aa","orient":"upright","mem":"psram","rend":"sync","alpha":255,"halign":0,"corpus":0},"w":{"rows":8,"glyphs":92,"chars":100,"src_px":7701,"dest_px":18002},"m":{"reps":1,"n":13,"min":130752,"med":130783,"max":130800,"mean":130778.1,"sd":13.6},"d":{"ns_iter":130783000,"ns_px":7264.92},"q":{"cv":0.01,"spread":0.04,"mhz":360.0,"outliers":0,"flags":[]},"h":"f8db19ed"} @@869f745d@@
@@BENCH-RAW@@ {"i":17,"s":[130783,130758,130752,130771,130767,130800,130790,130785,130783,130795,130768,130779,130784]} @@5847a499@@
I (35613) bench: [18/71] c565.shader.upright.psram.sync   130783000 ns/iter  7264.92 ns/px  cv 0.01%
@@BENCH-CELL@@ {"t":"cell","i":18,"id":"c565.shader.upright.psram.async2","g":"cube","ax":{"fmt":"565","font":"saira_regular","size":27.0,"ratio":1.5000,"path":"shader/aa","orient":"upright","mem":"psram","rend":"async2","alpha":255,"halign":0,"corpus":0},"w":{"rows":8,"glyphs":92,"chars":100,"src_px":7701,"dest_px":18002},"m":{"reps":2,"n":12,"min":133784,"med":133821,"max":133942,"mean":133827.3,"sd":44.8},"d":{"ns_iter":66910500,"ns_px":3716.84},"q":{"cv":0.03,"spread":0.12,"mhz":360.0,"outliers":0,"flags":[]},"h":"f8db19ed"} @@4f808bc8@@
@@BENCH-RAW@@ {"i":18,"s":[133800,133845,133821,133784,133826,133858,133799,133802,133791,133942,133876,133784]} @@1f32bde1@@
I (37513) bench: [19/71] c565.shader.upright.psram.async2 66910500 ns/iter  3716.84 ns/px  cv 0.03%
@@BENCH-CELL@@ {"t":"cell","i":19,"id":"c565.shader.upright.sram.sync","g":"cube","ax":{"fmt":"565","font":"saira_regular","size":27.0,"ratio":1.5000,"path":"shader/aa","orient":"upright","mem":"sram","rend":"sync","alpha":255,"halign":0,"corpus":0},"w":{"rows":8,"glyphs":92,"chars":100,"src_px":7701,"dest_px":18002},"m":{"reps":1,"n":13,"min":130679,"med":130723,"max":130743,"mean":130716.5,"sd":21.5},"d":{"ns_iter":130723000,"ns_px":7261.58},"q":{"cv":0.02,"spread":0.05,"mhz":360.0,"outliers":0,"flags":[]},"h":"f8db19ed"} @@be9a8476@@
@@BENCH-RAW@@ {"i":19,"s":[130734,130713,130679,130715,130710,130738,130723,130679,130687,130740,130724,130743,130729]} @@f47dd467@@
I (39753) bench: [20/71] c565.shader.upright.sram.sync    130723000 ns/iter  7261.58 ns/px  cv 0.02%
@@BENCH-CELL@@ {"t":"cell","i":20,"id":"c565.shader.upright.sram.async2","g":"cube","ax":{"fmt":"565","font":"saira_regular","size":27.0,"ratio":1.5000,"path":"shader/aa","orient":"upright","mem":"sram","rend":"async2","alpha":255,"halign":0,"corpus":0},"w":{"rows":8,"glyphs":92,"chars":100,"src_px":7701,"dest_px":18002},"m":{"reps":2,"n":12,"min":133632,"med":133666,"max":133763,"mean":133672.2,"sd":35.3},"d":{"ns_iter":66833000,"ns_px":3712.53},"q":{"cv":0.03,"spread":0.10,"mhz":360.0,"outliers":0,"flags":[]},"h":"f8db19ed"} @@bfca1e73@@
@@BENCH-RAW@@ {"i":20,"s":[133763,133666,133648,133674,133642,133648,133723,133673,133657,133680,133661,133632]} @@384cd0cb@@
I (41653) bench: [21/71] c565.shader.upright.sram.async2  66833000 ns/iter  3712.53 ns/px  cv 0.03%
@@BENCH-CELL@@ {"t":"cell","i":21,"id":"c565.shader.rotcw.psram.sync","g":"cube","ax":{"fmt":"565","font":"saira_regular","size":27.0,"ratio":1.5000,"path":"shader/aa","orient":"rotcw","mem":"psram","rend":"sync","alpha":255,"halign":0,"corpus":0},"w":{"rows":8,"glyphs":92,"chars":100,"src_px":7701,"dest_px":18002},"m":{"reps":1,"n":13,"min":126087,"med":126129,"max":126181,"mean":126133.3,"sd":28.7},"d":{"ns_iter":126129000,"ns_px":7006.39},"q":{"cv":0.02,"spread":0.07,"mhz":360.0,"outliers":0,"flags":[]},"h":"796ae951"} @@7885e6e1@@
@@BENCH-RAW@@ {"i":21,"s":[126181,126139,126141,126117,126177,126115,126129,126087,126105,126111,126115,126138,126178]} @@b5388f79@@
I (43823) bench: [22/71] c565.shader.rotcw.psram.sync     126129000 ns/iter  7006.39 ns/px  cv 0.02%
@@BENCH-CELL@@ {"t":"cell","i":22,"id":"c565.shader.rotcw.psram.async2","g":"cube","ax":{"fmt":"565","font":"saira_regular","size":27.0,"ratio":1.5000,"path":"shader/aa","orient":"rotcw","mem":"psram","rend":"async2","alpha":255,"halign":0,"corpus":0},"w":{"rows":8,"glyphs":92,"chars":100,"src_px":7701,"dest_px":18002},"m":{"reps":2,"n":12,"min":133560,"med":133625,"max":133687,"mean":133620.3,"sd":35.1},"d":{"ns_iter":66812500,"ns_px":3711.39},"q":{"cv":0.03,"spread":0.10,"mhz":360.0,"outliers":0,"flags":[]},"h":"796ae951"} @@98a119f7@@
@@BENCH-RAW@@ {"i":22,"s":[133655,133659,133637,133595,133625,133687,133634,133604,133560,133588,133619,133581]} @@a3d51470@@
I (45713) bench: [23/71] c565.shader.rotcw.psram.async2   66812500 ns/iter  3711.39 ns/px  cv 0.03%
@@BENCH-CELL@@ {"t":"cell","i":23,"id":"c565.shader.rotcw.sram.sync","g":"cube","ax":{"fmt":"565","font":"saira_regular","size":27.0,"ratio":1.5000,"path":"shader/aa","orient":"rotcw","mem":"sram","rend":"sync","alpha":255,"halign":0,"corpus":0},"w":{"rows":8,"glyphs":92,"chars":100,"src_px":7701,"dest_px":18002},"m":{"reps":1,"n":13,"min":125770,"med":125793,"max":125833,"mean":125793.5,"sd":16.0},"d":{"ns_iter":125793000,"ns_px":6987.72},"q":{"cv":0.01,"spread":0.05,"mhz":360.0,"outliers":0,"flags":[]},"h":"796ae951"} @@5baa9773@@
@@BENCH-RAW@@ {"i":23,"s":[125788,125783,125803,125776,125776,125770,125791,125793,125804,125810,125794,125833,125795]} @@8cd8790a@@
I (47883) bench: [24/71] c565.shader.rotcw.sram.sync      125793000 ns/iter  6987.72 ns/px  cv 0.01%
@@BENCH-CELL@@ {"t":"cell","i":24,"id":"c565.shader.rotcw.sram.async2","g":"cube","ax":{"fmt":"565","font":"saira_regular","size":27.0,"ratio":1.5000,"path":"shader/aa","orient":"rotcw","mem":"sram","rend":"async2","alpha":255,"halign":0,"corpus":0},"w":{"rows":8,"glyphs":92,"chars":100,"src_px":7701,"dest_px":18002},"m":{"reps":2,"n":12,"min":132925,"med":132984,"max":133035,"mean":132973.2,"sd":39.2},"d":{"ns_iter":66492000,"ns_px":3693.59},"q":{"cv":0.03,"spread":0.08,"mhz":360.0,"outliers":0,"flags":[]},"h":"796ae951"} @@45ee92b1@@
@@BENCH-RAW@@ {"i":24,"s":[133015,133035,132963,132934,132949,132991,132984,132925,132995,132926,132930,133031]} @@e123dfc9@@
I (49763) bench: [25/71] c565.shader.rotcw.sram.async2    66492000 ns/iter  3693.59 ns/px  cv 0.03%
@@BENCH-CELL@@ {"t":"cell","i":25,"id":"c888.fast1.upright.psram.sync","g":"cube","ax":{"fmt":"888","font":"sky","size":9.0,"ratio":1.0000,"path":"blit/direct","orient":"upright","mem":"psram","rend":"sync","alpha":255,"halign":0,"corpus":0},"w":{"rows":23,"glyphs":373,"chars":397,"src_px":10135,"dest_px":10135},"m":{"reps":37,"n":15,"min":85599,"med":85704,"max":85835,"mean":85702.9,"sd":67.4},"d":{"ns_iter":2316324,"ns_px":228.55},"q":{"cv":0.08,"spread":0.28,"mhz":360.0,"outliers":0,"flags":[]},"h":"601bd481"} @@526f3fe9@@
@@BENCH-RAW@@ {"i":25,"s":[85641,85651,85650,85611,85677,85716,85789,85835,85800,85754,85728,85704,85599,85671,85717]} @@83a9716e@@
I (51083) bench: [26/71] c888.fast1.upright.psram.sync     2316324 ns/iter  228.55 ns/px  cv 0.08%
@@BENCH-CELL@@ {"t":"cell","i":26,"id":"c888.fast1.upright.psram.async2","g":"cube","ax":{"fmt":"888","font":"sky","size":9.0,"ratio":1.0000,"path":"blit/direct","orient":"upright","mem":"psram","rend":"async2","alpha":255,"halign":0,"corpus":0},"w":{"rows":23,"glyphs":373,"chars":397,"src_px":10135,"dest_px":10135},"m":{"reps":25,"n":15,"min":100469,"med":100578,"max":100649,"mean":100573.9,"sd":57.7},"d":{"ns_iter":4023120,"ns_px":396.95},"q":{"cv":0.06,"spread":0.18,"mhz":360.0,"outliers":0,"flags":[]},"h":"601bd481"} @@a78e10d9@@
@@BENCH-RAW@@ {"i":26,"s":[100611,100546,100624,100488,100518,100649,100578,100635,100596,100648,100569,100626,100503,100469,100549]} @@764b631f@@
I (52643) bench: [27/71] c888.fast1.upright.psram.async2   4023120 ns/iter  396.95 ns/px  cv 0.06%
@@BENCH-CELL@@ {"t":"cell","i":27,"id":"c888.fast1.upright.sram.sync","g":"cube","ax":{"fmt":"888","font":"sky","size":9.0,"ratio":1.0000,"path":"blit/direct","orient":"upright","mem":"sram","rend":"sync","alpha":255,"halign":0,"corpus":0},"w":{"rows":23,"glyphs":373,"chars":397,"src_px":10135,"dest_px":10135},"m":{"reps":44,"n":15,"min":101853,"med":101940,"max":102163,"mean":101957.5,"sd":82.7},"d":{"ns_iter":2316818,"ns_px":228.60},"q":{"cv":0.08,"spread":0.30,"mhz":360.0,"outliers":0,"flags":[]},"h":"601bd481"} @@0334b7f8@@
@@BENCH-RAW@@ {"i":27,"s":[102163,102076,102039,101883,101853,101882,101940,101951,101894,101870,101924,101958,101937,101976,102017]} @@04a264f1@@
I (54203) bench: [28/71] c888.fast1.upright.sram.sync      2316818 ns/iter  228.60 ns/px  cv 0.08%
@@BENCH-CELL@@ {"t":"cell","i":28,"id":"c888.fast1.upright.sram.async2","g":"cube","ax":{"fmt":"888","font":"sky","size":9.0,"ratio":1.0000,"path":"blit/direct","orient":"upright","mem":"sram","rend":"async2","alpha":255,"halign":0,"corpus":0},"w":{"rows":23,"glyphs":373,"chars":397,"src_px":10135,"dest_px":10135},"m":{"reps":28,"n":15,"min":112591,"med":112694,"max":112919,"mean":112712.5,"sd":88.0},"d":{"ns_iter":4024785,"ns_px":397.12},"q":{"cv":0.08,"spread":0.29,"mhz":360.0,"outliers":0,"flags":[]},"h":"601bd481"} @@53a6f5ae@@
@@BENCH-RAW@@ {"i":28,"s":[112686,112750,112919,112750,112830,112837,112609,112701,112625,112694,112682,112665,112652,112697,112591]} @@ae133065@@
I (55933) bench: [29/71] c888.fast1.upright.sram.async2    4024785 ns/iter  397.12 ns/px  cv 0.08%
@@BENCH-CELL@@ {"t":"cell","i":29,"id":"c888.fast1.rotcw.psram.sync","g":"cube","ax":{"fmt":"888","font":"sky","size":9.0,"ratio":1.0000,"path":"blit/direct","orient":"rotcw","mem":"psram","rend":"sync","alpha":255,"halign":0,"corpus":0},"w":{"rows":23,"glyphs":373,"chars":397,"src_px":10135,"dest_px":10135},"m":{"reps":32,"n":15,"min":83021,"med":83157,"max":83438,"mean":83186.9,"sd":113.3},"d":{"ns_iter":2598656,"ns_px":256.40},"q":{"cv":0.14,"spread":0.50,"mhz":360.0,"outliers":0,"flags":[]},"h":"333c04c9"} @@e6ea3d32@@
@@BENCH-RAW@@ {"i":29,"s":[83153,83157,83339,83269,83212,83191,83101,83146,83323,83438,83227,83021,83122,83057,83048]} @@59f0a177@@
I (57223) bench: [30/71] c888.fast1.rotcw.psram.sync       2598656 ns/iter  256.40 ns/px  cv 0.14%
@@BENCH-CELL@@ {"t":"cell","i":30,"id":"c888.fast1.rotcw.psram.async2","g":"cube","ax":{"fmt":"888","font":"sky","size":9.0,"ratio":1.0000,"path":"blit/direct","orient":"rotcw","mem":"psram","rend":"async2","alpha":255,"halign":0,"corpus":0},"w":{"rows":23,"glyphs":373,"chars":397,"src_px":10135,"dest_px":10135},"m":{"reps":23,"n":15,"min":101622,"med":101863,"max":102064,"mean":101875.3,"sd":102.2},"d":{"ns_iter":4428826,"ns_px":436.98},"q":{"cv":0.10,"spread":0.43,"mhz":360.0,"outliers":0,"flags":[]},"h":"333c04c9"} @@79e3b526@@
@@BENCH-RAW@@ {"i":30,"s":[101852,101932,101825,101784,101863,101986,101844,101956,101873,101927,101978,101790,101622,101833,102064]} @@73636b7a@@
I (58793) bench: [31/71] c888.fast1.rotcw.psram.async2     4428826 ns/iter  436.98 ns/px  cv 0.10%
@@BENCH-CELL@@ {"t":"cell","i":31,"id":"c888.fast1.rotcw.sram.sync","g":"cube","ax":{"fmt":"888","font":"sky","size":9.0,"ratio":1.0000,"path":"blit/direct","orient":"rotcw","mem":"sram","rend":"sync","alpha":255,"halign":0,"corpus":0},"w":{"rows":23,"glyphs":373,"chars":397,"src_px":10135,"dest_px":10135},"m":{"reps":43,"n":15,"min":100961,"med":101120,"max":101212,"mean":101090.5,"sd":77.5},"d":{"ns_iter":2351627,"ns_px":232.03},"q":{"cv":0.08,"spread":0.25,"mhz":360.0,"outliers":0,"flags":[]},"h":"333c04c9"} @@f4ce31ba@@
@@BENCH-RAW@@ {"i":31,"s":[101176,101058,101212,101181,101122,100973,100983,100961,101013,101120,101148,101131,101136,101094,101049]} @@aa9df8c3@@
I (60343) bench: [32/71] c888.fast1.rotcw.sram.sync        2351627 ns/iter  232.03 ns/px  cv 0.08%
@@BENCH-CELL@@ {"t":"cell","i":32,"id":"c888.fast1.rotcw.sram.async2","g":"cube","ax":{"fmt":"888","font":"sky","size":9.0,"ratio":1.0000,"path":"blit/direct","orient":"rotcw","mem":"sram","rend":"async2","alpha":255,"halign":0,"corpus":0},"w":{"rows":23,"glyphs":373,"chars":397,"src_px":10135,"dest_px":10135},"m":{"reps":27,"n":15,"min":111508,"med":111734,"max":111894,"mean":111726.8,"sd":82.9},"d":{"ns_iter":4138296,"ns_px":408.32},"q":{"cv":0.07,"spread":0.35,"mhz":360.0,"outliers":0,"flags":[]},"h":"333c04c9"} @@8e1c1ac4@@
@@BENCH-RAW@@ {"i":32,"s":[111894,111808,111695,111739,111755,111656,111799,111508,111702,111698,111747,111663,111727,111777,111734]} @@3d8acfbb@@
I (62063) bench: [33/71] c888.fast1.rotcw.sram.async2      4138296 ns/iter  408.32 ns/px  cv 0.07%
@@BENCH-CELL@@ {"t":"cell","i":33,"id":"c888.fast2.upright.psram.sync","g":"cube","ax":{"fmt":"888","font":"saira_regular","size":18.0,"ratio":1.0000,"path":"blit/alpha","orient":"upright","mem":"psram","rend":"sync","alpha":255,"halign":0,"corpus":0},"w":{"rows":12,"glyphs":161,"chars":175,"src_px":13512,"dest_px":13512},"m":{"reps":16,"n":15,"min":102728,"med":102740,"max":102781,"mean":102743.6,"sd":13.7},"d":{"ns_iter":6421250,"ns_px":475.23},"q":{"cv":0.01,"spread":0.05,"mhz":360.0,"outliers":0,"flags":[]},"h":"34ac5a26"} @@5eefca91@@
@@BENCH-RAW@@ {"i":33,"s":[102763,102747,102754,102741,102752,102739,102737,102781,102729,102733,102740,102728,102733,102743,102734]} @@2564217e@@
I (63663) bench: [34/71] c888.fast2.upright.psram.sync     6421250 ns/iter  475.23 ns/px  cv 0.01%
@@BENCH-CELL@@ {"t":"cell","i":34,"id":"c888.fast2.upright.psram.async2","g":"cube","ax":{"fmt":"888","font":"saira_regular","size":18.0,"ratio":1.0000,"path":"blit/alpha","orient":"upright","mem":"psram","rend":"async2","alpha":255,"halign":0,"corpus":0},"w":{"rows":12,"glyphs":161,"chars":175,"src_px":13512,"dest_px":13512},"m":{"reps":21,"n":15,"min":93999,"med":94031,"max":94078,"mean":94042.7,"sd":25.1},"d":{"ns_iter":4477666,"ns_px":331.38},"q":{"cv":0.03,"spread":0.08,"mhz":360.0,"outliers":0,"flags":[]},"h":"34ac5a26"} @@b36393ab@@
@@BENCH-RAW@@ {"i":34,"s":[94076,94022,94055,94024,94030,94050,94065,94031,94075,94072,94017,94030,93999,94078,94016]} @@5467e559@@
I (65123) bench: [35/71] c888.fast2.upright.psram.async2   4477666 ns/iter  331.38 ns/px  cv 0.03%
@@BENCH-CELL@@ {"t":"cell","i":35,"id":"c888.fast2.upright.sram.sync","g":"cube","ax":{"fmt":"888","font":"saira_regular","size":18.0,"ratio":1.0000,"path":"blit/alpha","orient":"upright","mem":"sram","rend":"sync","alpha":255,"halign":0,"corpus":0},"w":{"rows":12,"glyphs":161,"chars":175,"src_px":13512,"dest_px":13512},"m":{"reps":17,"n":15,"min":109144,"med":109157,"max":109186,"mean":109159.4,"sd":11.2},"d":{"ns_iter":6421000,"ns_px":475.21},"q":{"cv":0.01,"spread":0.04,"mhz":360.0,"outliers":0,"flags":[]},"h":"34ac5a26"} @@736235a5@@
@@BENCH-RAW@@ {"i":35,"s":[109148,109157,109144,109157,109177,109172,109162,109186,109165,109150,109155,109149,109158,109152,109159]} @@29d656e9@@
I (66803) bench: [36/71] c888.fast2.upright.sram.sync      6421000 ns/iter  475.21 ns/px  cv 0.01%
@@BENCH-CELL@@ {"t":"cell","i":36,"id":"c888.fast2.upright.sram.async2","g":"cube","ax":{"fmt":"888","font":"saira_regular","size":18.0,"ratio":1.0000,"path":"blit/alpha","orient":"upright","mem":"sram","rend":"async2","alpha":255,"halign":0,"corpus":0},"w":{"rows":12,"glyphs":161,"chars":175,"src_px":13512,"dest_px":13512},"m":{"reps":24,"n":15,"min":107546,"med":107598,"max":107764,"mean":107622.4,"sd":62.6},"d":{"ns_iter":4483250,"ns_px":331.80},"q":{"cv":0.06,"spread":0.20,"mhz":360.0,"outliers":0,"flags":[]},"h":"34ac5a26"} @@a3363d1c@@
@@BENCH-RAW@@ {"i":36,"s":[107559,107598,107595,107617,107584,107546,107623,107574,107752,107592,107686,107641,107764,107621,107584]} @@3e59e5c9@@
I (68463) bench: [37/71] c888.fast2.upright.sram.async2    4483250 ns/iter  331.80 ns/px  cv 0.06%
@@BENCH-CELL@@ {"t":"cell","i":37,"id":"c888.fast2.rotcw.psram.sync","g":"cube","ax":{"fmt":"888","font":"saira_regular","size":18.0,"ratio":1.0000,"path":"blit/alpha","orient":"rotcw","mem":"psram","rend":"sync","alpha":255,"halign":0,"corpus":0},"w":{"rows":12,"glyphs":161,"chars":175,"src_px":13512,"dest_px":13512},"m":{"reps":15,"n":15,"min":100184,"med":100350,"max":100505,"mean":100350.3,"sd":73.7},"d":{"ns_iter":6690000,"ns_px":495.12},"q":{"cv":0.07,"spread":0.32,"mhz":360.0,"outliers":0,"flags":[]},"h":"de65743c"} @@24e5b9bd@@
@@BENCH-RAW@@ {"i":37,"s":[100350,100349,100184,100380,100367,100505,100462,100278,100382,100298,100311,100299,100358,100401,100331]} @@702965e2@@
I (70023) bench: [38/71] c888.fast2.rotcw.psram.sync       6690000 ns/iter  495.12 ns/px  cv 0.07%
@@BENCH-CELL@@ {"t":"cell","i":38,"id":"c888.fast2.rotcw.psram.async2","g":"cube","ax":{"fmt":"888","font":"saira_regular","size":18.0,"ratio":1.0000,"path":"blit/alpha","orient":"rotcw","mem":"psram","rend":"async2","alpha":255,"halign":0,"corpus":0},"w":{"rows":12,"glyphs":161,"chars":175,"src_px":13512,"dest_px":13512},"m":{"reps":19,"n":15,"min":97031,"med":97124,"max":97278,"mean":97131.9,"sd":69.1},"d":{"ns_iter":5111789,"ns_px":378.31},"q":{"cv":0.07,"spread":0.25,"mhz":360.0,"outliers":0,"flags":[]},"h":"de65743c"} @@68274cc9@@
@@BENCH-RAW@@ {"i":38,"s":[97236,97153,97235,97072,97105,97031,97094,97040,97130,97124,97150,97083,97101,97278,97146]} @@348f4092@@
I (71533) bench: [39/71] c888.fast2.rotcw.psram.async2     5111789 ns/iter  378.31 ns/px  cv 0.07%
@@BENCH-CELL@@ {"t":"cell","i":39,"id":"c888.fast2.rotcw.sram.sync","g":"cube","ax":{"fmt":"888","font":"saira_regular","size":18.0,"ratio":1.0000,"path":"blit/alpha","orient":"rotcw","mem":"sram","rend":"sync","alpha":255,"halign":0,"corpus":0},"w":{"rows":12,"glyphs":161,"chars":175,"src_px":13512,"dest_px":13512},"m":{"reps":17,"n":15,"min":109585,"med":109604,"max":109647,"mean":109608.3,"sd":14.0},"d":{"ns_iter":6447294,"ns_px":477.15},"q":{"cv":0.01,"spread":0.06,"mhz":360.0,"outliers":0,"flags":[]},"h":"de65743c"} @@a5b6ad94@@
@@BENCH-RAW@@ {"i":39,"s":[109585,109603,109610,109620,109616,109647,109602,109616,109600,109592,109604,109614,109614,109597,109604]} @@add14bde@@
I (73223) bench: [40/71] c888.fast2.rotcw.sram.sync        6447294 ns/iter  477.15 ns/px  cv 0.01%
@@BENCH-CELL@@ {"t":"cell","i":40,"id":"c888.fast2.rotcw.sram.async2","g":"cube","ax":{"fmt":"888","font":"saira_regular","size":18.0,"ratio":1.0000,"path":"blit/alpha","orient":"rotcw","mem":"sram","rend":"async2","alpha":255,"halign":0,"corpus":0},"w":{"rows":12,"glyphs":161,"chars":175,"src_px":13512,"dest_px":13512},"m":{"reps":22,"n":15,"min":104631,"med":104670,"max":104754,"mean":104678.7,"sd":34.0},"d":{"ns_iter":4757727,"ns_px":352.11},"q":{"cv":0.03,"spread":0.12,"mhz":360.0,"outliers":0,"flags":[]},"h":"de65743c"} @@291b9dc2@@
@@BENCH-RAW@@ {"i":40,"s":[104631,104651,104657,104754,104722,104691,104689,104704,104661,104692,104719,104639,104648,104670,104652]} @@44d21563@@
I (74843) bench: [41/71] c888.fast2.rotcw.sram.async2      4757727 ns/iter  352.11 ns/px  cv 0.03%
@@BENCH-CELL@@ {"t":"cell","i":41,"id":"c888.shader.upright.psram.sync","g":"cube","ax":{"fmt":"888","font":"saira_regular","size":27.0,"ratio":1.5000,"path":"shader/aa","orient":"upright","mem":"psram","rend":"sync","alpha":255,"halign":0,"corpus":0},"w":{"rows":8,"glyphs":92,"chars":100,"src_px":7701,"dest_px":18002},"m":{"reps":1,"n":13,"min":130954,"med":131003,"max":131036,"mean":131001.2,"sd":22.8},"d":{"ns_iter":131003000,"ns_px":7277.14},"q":{"cv":0.02,"spread":0.06,"mhz":360.0,"outliers":0,"flags":[]},"h":"839de335"} @@9f6c3c3e@@
@@BENCH-RAW@@ {"i":41,"s":[131033,130989,131008,131002,130954,130967,131009,131036,131022,131013,130988,130991,131003]} @@f188cecc@@
I (77093) bench: [42/71] c888.shader.upright.psram.sync   131003000 ns/iter  7277.14 ns/px  cv 0.02%
@@BENCH-CELL@@ {"t":"cell","i":42,"id":"c888.shader.upright.psram.async2","g":"cube","ax":{"fmt":"888","font":"saira_regular","size":27.0,"ratio":1.5000,"path":"shader/aa","orient":"upright","mem":"psram","rend":"async2","alpha":255,"halign":0,"corpus":0},"w":{"rows":8,"glyphs":92,"chars":100,"src_px":7701,"dest_px":18002},"m":{"reps":2,"n":12,"min":134002,"med":134029,"max":134096,"mean":134033.7,"sd":26.1},"d":{"ns_iter":67014500,"ns_px":3722.61},"q":{"cv":0.02,"spread":0.07,"mhz":360.0,"outliers":0,"flags":[]},"h":"839de335"} @@4c729ddc@@
@@BENCH-RAW@@ {"i":42,"s":[134096,134061,134052,134007,134012,134010,134028,134029,134020,134002,134045,134042]} @@7d0807bb@@
I (79003) bench: [43/71] c888.shader.upright.psram.async2 67014500 ns/iter  3722.61 ns/px  cv 0.02%
@@BENCH-CELL@@ {"t":"cell","i":43,"id":"c888.shader.upright.sram.sync","g":"cube","ax":{"fmt":"888","font":"saira_regular","size":27.0,"ratio":1.5000,"path":"shader/aa","orient":"upright","mem":"sram","rend":"sync","alpha":255,"halign":0,"corpus":0},"w":{"rows":8,"glyphs":92,"chars":100,"src_px":7701,"dest_px":18002},"m":{"reps":1,"n":13,"min":130917,"med":130972,"max":131088,"mean":130973.2,"sd":38.7},"d":{"ns_iter":130972000,"ns_px":7275.41},"q":{"cv":0.03,"spread":0.13,"mhz":360.0,"outliers":0,"flags":[]},"h":"839de335"} @@01d1dc89@@
@@BENCH-RAW@@ {"i":43,"s":[130917,130977,130969,130972,131088,130979,130951,130973,130927,130964,130979,130967,130989]} @@e3c6ec21@@
I (81253) bench: [44/71] c888.shader.upright.sram.sync    130972000 ns/iter  7275.41 ns/px  cv 0.03%
@@BENCH-CELL@@ {"t":"cell","i":44,"id":"c888.shader.upright.sram.async2","g":"cube","ax":{"fmt":"888","font":"saira_regular","size":27.0,"ratio":1.5000,"path":"shader/aa","orient":"upright","mem":"sram","rend":"async2","alpha":255,"halign":0,"corpus":0},"w":{"rows":8,"glyphs":92,"chars":100,"src_px":7701,"dest_px":18002},"m":{"reps":2,"n":12,"min":133803,"med":133840,"max":133880,"mean":133837.0,"sd":21.6},"d":{"ns_iter":66920000,"ns_px":3717.36},"q":{"cv":0.02,"spread":0.06,"mhz":360.0,"outliers":0,"flags":[]},"h":"839de335"} @@742c9dac@@
@@BENCH-RAW@@ {"i":44,"s":[133817,133856,133803,133826,133826,133880,133846,133840,133810,133863,133831,133846]} @@cb3c9758@@
I (83153) bench: [45/71] c888.shader.upright.sram.async2  66920000 ns/iter  3717.36 ns/px  cv 0.02%
@@BENCH-CELL@@ {"t":"cell","i":45,"id":"c888.shader.rotcw.psram.sync","g":"cube","ax":{"fmt":"888","font":"saira_regular","size":27.0,"ratio":1.5000,"path":"shader/aa","orient":"rotcw","mem":"psram","rend":"sync","alpha":255,"halign":0,"corpus":0},"w":{"rows":8,"glyphs":92,"chars":100,"src_px":7701,"dest_px":18002},"m":{"reps":1,"n":13,"min":126571,"med":126649,"max":126754,"mean":126643.2,"sd":51.3},"d":{"ns_iter":126649000,"ns_px":7035.27},"q":{"cv":0.04,"spread":0.14,"mhz":360.0,"outliers":0,"flags":[]},"h":"dd1828a1"} @@e12b6ab4@@
@@BENCH-RAW@@ {"i":45,"s":[126669,126604,126616,126591,126571,126578,126610,126649,126754,126678,126693,126668,126680]} @@095a8491@@
I (85333) bench: [46/71] c888.shader.rotcw.psram.sync     126649000 ns/iter  7035.27 ns/px  cv 0.04%
@@BENCH-CELL@@ {"t":"cell","i":46,"id":"c888.shader.rotcw.psram.async2","g":"cube","ax":{"fmt":"888","font":"saira_regular","size":27.0,"ratio":1.5000,"path":"shader/aa","orient":"rotcw","mem":"psram","rend":"async2","alpha":255,"halign":0,"corpus":0},"w":{"rows":8,"glyphs":92,"chars":100,"src_px":7701,"dest_px":18002},"m":{"reps":2,"n":12,"min":134192,"med":134266,"max":134351,"mean":134263.2,"sd":46.2},"d":{"ns_iter":67133000,"ns_px":3729.20},"q":{"cv":0.03,"spread":0.12,"mhz":360.0,"outliers":0,"flags":[]},"h":"dd1828a1"} @@3f94d0c5@@
@@BENCH-RAW@@ {"i":46,"s":[134326,134272,134351,134310,134284,134239,134221,134266,134252,134192,134207,134239]} @@4acbcc70@@
I (87243) bench: [47/71] c888.shader.rotcw.psram.async2   67133000 ns/iter  3729.20 ns/px  cv 0.03%
@@BENCH-CELL@@ {"t":"cell","i":47,"id":"c888.shader.rotcw.sram.sync","g":"cube","ax":{"fmt":"888","font":"saira_regular","size":27.0,"ratio":1.5000,"path":"shader/aa","orient":"rotcw","mem":"sram","rend":"sync","alpha":255,"halign":0,"corpus":0},"w":{"rows":8,"glyphs":92,"chars":100,"src_px":7701,"dest_px":18002},"m":{"reps":1,"n":13,"min":126073,"med":126094,"max":126166,"mean":126098.5,"sd":21.1},"d":{"ns_iter":126094000,"ns_px":7004.44},"q":{"cv":0.02,"spread":0.07,"mhz":360.0,"outliers":0,"flags":[]},"h":"dd1828a1"} @@4c5b5dd8@@
@@BENCH-RAW@@ {"i":47,"s":[126091,126073,126094,126093,126166,126090,126104,126105,126087,126094,126094,126087,126103]} @@c9b2cc02@@
I (89413) bench: [48/71] c888.shader.rotcw.sram.sync      126094000 ns/iter  7004.44 ns/px  cv 0.02%
@@BENCH-CELL@@ {"t":"cell","i":48,"id":"c888.shader.rotcw.sram.async2","g":"cube","ax":{"fmt":"888","font":"saira_regular","size":27.0,"ratio":1.5000,"path":"shader/aa","orient":"rotcw","mem":"sram","rend":"async2","alpha":255,"halign":0,"corpus":0},"w":{"rows":8,"glyphs":92,"chars":100,"src_px":7701,"dest_px":18002},"m":{"reps":2,"n":12,"min":133164,"med":133270,"max":133313,"mean":133247.9,"sd":52.4},"d":{"ns_iter":66635000,"ns_px":3701.53},"q":{"cv":0.04,"spread":0.11,"mhz":360.0,"outliers":0,"flags":[]},"h":"dd1828a1"} @@c7ba81e1@@
@@BENCH-RAW@@ {"i":48,"s":[133281,133229,133287,133313,133305,133170,133307,133209,133254,133270,133186,133164]} @@f5a48c2f@@
I (91303) bench: [49/71] c888.shader.rotcw.sram.async2    66635000 ns/iter  3701.53 ns/px  cv 0.04%
@@BENCH-CELL@@ {"t":"cell","i":49,"id":"orient.rotccw","g":"orient","ax":{"fmt":"888","font":"saira_regular","size":18.0,"ratio":1.0000,"path":"blit/alpha","orient":"rotccw","mem":"psram","rend":"async2","alpha":255,"halign":0,"corpus":0},"w":{"rows":12,"glyphs":161,"chars":175,"src_px":13512,"dest_px":13512},"m":{"reps":19,"n":15,"min":96098,"med":96190,"max":96385,"mean":96213.4,"sd":75.5},"d":{"ns_iter":5062631,"ns_px":374.68},"q":{"cv":0.08,"spread":0.30,"mhz":360.0,"outliers":0,"flags":[]},"h":"e16cec42"} @@ed8cfc3d@@
@@BENCH-RAW@@ {"i":49,"s":[96309,96263,96186,96270,96286,96172,96190,96160,96123,96241,96187,96130,96098,96201,96385]} @@4a714e2c@@
I (92803) bench: [50/71] orient.rotccw                     5062631 ns/iter  374.68 ns/px  cv 0.08%
@@BENCH-CELL@@ {"t":"cell","i":50,"id":"orient.rothalf","g":"orient","ax":{"fmt":"888","font":"saira_regular","size":18.0,"ratio":1.0000,"path":"blit/alpha","orient":"rothalf","mem":"psram","rend":"async2","alpha":255,"halign":0,"corpus":0},"w":{"rows":12,"glyphs":161,"chars":175,"src_px":13512,"dest_px":13512},"m":{"reps":20,"n":15,"min":97048,"med":97092,"max":97246,"mean":97103.1,"sd":46.4},"d":{"ns_iter":4854600,"ns_px":359.28},"q":{"cv":0.05,"spread":0.20,"mhz":360.0,"outliers":0,"flags":[]},"h":"a6066584"} @@a00f5ec5@@
@@BENCH-RAW@@ {"i":50,"s":[97124,97078,97129,97090,97082,97060,97048,97104,97062,97246,97096,97092,97149,97108,97079]} @@2529b440@@
I (94303) bench: [51/71] orient.rothalf                    4854600 ns/iter  359.28 ns/px  cv 0.05%
@@BENCH-CELL@@ {"t":"cell","i":51,"id":"orient.fliph","g":"orient","ax":{"fmt":"888","font":"saira_regular","size":18.0,"ratio":1.0000,"path":"blit/alpha","orient":"fliph","mem":"psram","rend":"async2","alpha":255,"halign":0,"corpus":0},"w":{"rows":12,"glyphs":161,"chars":175,"src_px":13512,"dest_px":13512},"m":{"reps":21,"n":15,"min":93977,"med":94062,"max":94148,"mean":94064.9,"sd":40.5},"d":{"ns_iter":4479142,"ns_px":331.49},"q":{"cv":0.04,"spread":0.18,"mhz":360.0,"outliers":0,"flags":[]},"h":"abc61a88"} @@e6fc2ea7@@
@@BENCH-RAW@@ {"i":51,"s":[94048,93977,94040,94046,94073,94062,94108,94102,94058,94014,94040,94148,94065,94088,94105]} @@3da3f3ea@@
I (95763) bench: [52/71] orient.fliph                      4479142 ns/iter  331.49 ns/px  cv 0.04%
@@BENCH-CELL@@ {"t":"cell","i":52,"id":"orient.rotccwfliph","g":"orient","ax":{"fmt":"888","font":"saira_regular","size":18.0,"ratio":1.0000,"path":"blit/alpha","orient":"rotccwfliph","mem":"psram","rend":"async2","alpha":255,"halign":0,"corpus":0},"w":{"rows":12,"glyphs":161,"chars":175,"src_px":13512,"dest_px":13512},"m":{"reps":19,"n":15,"min":95339,"med":95527,"max":95697,"mean":95519.5,"sd":103.9},"d":{"ns_iter":5027736,"ns_px":372.09},"q":{"cv":0.11,"spread":0.37,"mhz":360.0,"outliers":0,"flags":[]},"h":"5262d8d8"} @@f566c42c@@
@@BENCH-RAW@@ {"i":52,"s":[95339,95527,95697,95470,95527,95646,95397,95604,95620,95432,95588,95525,95610,95389,95422]} @@e3c0c3f3@@
I (97253) bench: [53/71] orient.rotccwfliph                5027736 ns/iter  372.09 ns/px  cv 0.11%
@@BENCH-CELL@@ {"t":"cell","i":53,"id":"orient.rothalffliph","g":"orient","ax":{"fmt":"888","font":"saira_regular","size":18.0,"ratio":1.0000,"path":"blit/alpha","orient":"rothalffliph","mem":"psram","rend":"async2","alpha":255,"halign":0,"corpus":0},"w":{"rows":12,"glyphs":161,"chars":175,"src_px":13512,"dest_px":13512},"m":{"reps":20,"n":15,"min":97197,"med":97239,"max":97369,"mean":97250.4,"sd":43.6},"d":{"ns_iter":4861950,"ns_px":359.82},"q":{"cv":0.04,"spread":0.18,"mhz":360.0,"outliers":0,"flags":[]},"h":"418c2762"} @@cbf46b41@@
@@BENCH-RAW@@ {"i":53,"s":[97250,97230,97208,97284,97239,97369,97197,97230,97248,97201,97227,97247,97313,97275,97238]} @@c17c98ad@@
I (98753) bench: [54/71] orient.rothalffliph               4861950 ns/iter  359.82 ns/px  cv 0.04%
@@BENCH-CELL@@ {"t":"cell","i":54,"id":"orient.rotcwfliph","g":"orient","ax":{"fmt":"888","font":"saira_regular","size":18.0,"ratio":1.0000,"path":"blit/alpha","orient":"rotcwfliph","mem":"psram","rend":"async2","alpha":255,"halign":0,"corpus":0},"w":{"rows":12,"glyphs":161,"chars":175,"src_px":13512,"dest_px":13512},"m":{"reps":19,"n":15,"min":96186,"med":96426,"max":96768,"mean":96448.3,"sd":147.6},"d":{"ns_iter":5075052,"ns_px":375.60},"q":{"cv":0.15,"spread":0.60,"mhz":360.0,"outliers":0,"flags":[]},"h":"0e714186"} @@4078a436@@
@@BENCH-RAW@@ {"i":54,"s":[96768,96327,96383,96410,96590,96186,96288,96426,96462,96338,96433,96591,96335,96573,96615]} @@c80e3d55@@
I (100253) bench: [55/71] orient.rotcwfliph                 5075052 ns/iter  375.60 ns/px  cv 0.15%
@@BENCH-CELL@@ {"t":"cell","i":55,"id":"font.sky@18","g":"font","ax":{"fmt":"888","font":"sky","size":18.0,"ratio":2.0000,"path":"blit/direct","orient":"rotcw","mem":"psram","rend":"async2","alpha":255,"halign":0,"corpus":0},"w":{"rows":12,"glyphs":148,"chars":162,"src_px":4014,"dest_px":16056},"m":{"reps":29,"n":15,"min":85450,"med":85665,"max":85959,"mean":85651.9,"sd":132.9},"d":{"ns_iter":2953965,"ns_px":183.98},"q":{"cv":0.16,"spread":0.59,"mhz":360.0,"outliers":0,"flags":[]},"h":"a32b1e1d"} @@cbebe6df@@
@@BENCH-RAW@@ {"i":55,"s":[85739,85474,85766,85683,85694,85494,85610,85959,85665,85631,85450,85781,85737,85581,85515]} @@3496d148@@
I (101583) bench: [56/71] font.sky@18                       2953965 ns/iter  183.98 ns/px  cv 0.16%
@@BENCH-CELL@@ {"t":"cell","i":56,"id":"font.sky@27","g":"font","ax":{"fmt":"888","font":"sky","size":27.0,"ratio":3.0000,"path":"blit/direct","orient":"rotcw","mem":"psram","rend":"async2","alpha":255,"halign":0,"corpus":0},"w":{"rows":8,"glyphs":80,"chars":85,"src_px":2161,"dest_px":19449},"m":{"reps":33,"n":15,"min":83070,"med":83200,"max":83440,"mean":83203.8,"sd":107.8},"d":{"ns_iter":2521212,"ns_px":129.63},"q":{"cv":0.13,"spread":0.44,"mhz":360.0,"outliers":0,"flags":[]},"h":"4bc0b3f9"} @@c2430553@@
@@BENCH-RAW@@ {"i":56,"s":[83173,83070,83077,83440,83369,83083,83180,83108,83101,83208,83210,83200,83287,83321,83230]} @@ab42ab78@@
I (102873) bench: [57/71] font.sky@27                       2521212 ns/iter  129.63 ns/px  cv 0.13%
@@BENCH-CELL@@ {"t":"cell","i":57,"id":"font.skymono@9","g":"font","ax":{"fmt":"888","font":"sky_mono","size":9.0,"ratio":1.0000,"path":"blit/direct","orient":"rotcw","mem":"psram","rend":"async2","alpha":255,"halign":0,"corpus":0},"w":{"rows":23,"glyphs":373,"chars":397,"src_px":23499,"dest_px":23499},"m":{"reps":20,"n":15,"min":100118,"med":100190,"max":100446,"mean":100239.8,"sd":104.7},"d":{"ns_iter":5009500,"ns_px":213.18},"q":{"cv":0.10,"spread":0.33,"mhz":360.0,"outliers":0,"flags":[]},"h":"6335b160"} @@11e84c17@@
@@BENCH-RAW@@ {"i":57,"s":[100184,100118,100443,100161,100207,100385,100187,100166,100190,100178,100144,100257,100199,100332,100446]} @@b7bec48c@@
I (104423) bench: [58/71] font.skymono@9                    5009500 ns/iter  213.18 ns/px  cv 0.10%
@@BENCH-CELL@@ {"t":"cell","i":58,"id":"font.sky@13","g":"font","ax":{"fmt":"888","font":"sky","size":13.0,"ratio":1.4444,"path":"shader/pal","orient":"rotcw","mem":"psram","rend":"async2","alpha":255,"halign":0,"corpus":0},"w":{"rows":17,"glyphs":239,"chars":255,"src_px":6321,"dest_px":12530},"m":{"reps":2,"n":15,"min":111862,"med":111939,"max":112021,"mean":111929.3,"sd":42.7},"d":{"ns_iter":55969500,"ns_px":4466.84},"q":{"cv":0.04,"spread":0.14,"mhz":360.0,"outliers":0,"flags":[]},"h":"254ec85e"} @@67e60698@@
@@BENCH-RAW@@ {"i":58,"s":[111959,111914,112021,111971,111947,111939,111956,111934,111955,111891,111863,111885,111862,111951,111891]} @@9fe8bde5@@
I (106353) bench: [59/71] font.sky@13                      55969500 ns/iter  4466.84 ns/px  cv 0.04%
@@BENCH-CELL@@ {"t":"cell","i":59,"id":"font.saira@36","g":"font","ax":{"fmt":"888","font":"saira_regular","size":36.0,"ratio":2.0000,"path":"blit/alpha","orient":"rotcw","mem":"psram","rend":"async2","alpha":255,"halign":0,"corpus":0},"w":{"rows":6,"glyphs":56,"chars":61,"src_px":4710,"dest_px":18840},"m":{"reps":18,"n":15,"min":95294,"med":95420,"max":95537,"mean":95404.7,"sd":64.1},"d":{"ns_iter":5301111,"ns_px":281.38},"q":{"cv":0.07,"spread":0.25,"mhz":360.0,"outliers":0,"flags":[]},"h":"972d0991"} @@b9c86ff4@@
@@BENCH-RAW@@ {"i":59,"s":[95294,95337,95420,95435,95456,95325,95462,95374,95374,95431,95537,95331,95479,95395,95420]} @@1483becd@@
I (107843) bench: [60/71] font.saira@36                     5301111 ns/iter  281.38 ns/px  cv 0.07%
@@BENCH-CELL@@ {"t":"cell","i":60,"id":"font.marker@22","g":"font","ax":{"fmt":"888","font":"marker","size":22.0,"ratio":1.0000,"path":"blit/alpha","orient":"rotcw","mem":"psram","rend":"async2","alpha":255,"halign":0,"corpus":0},"w":{"rows":10,"glyphs":125,"chars":136,"src_px":22847,"dest_px":22847},"m":{"reps":14,"n":15,"min":103042,"med":103216,"max":103383,"mean":103217.5,"sd":94.3},"d":{"ns_iter":7372571,"ns_px":322.69},"q":{"cv":0.09,"spread":0.33,"mhz":360.0,"outliers":0,"flags":[]},"h":"59dd778c"} @@8b6ef69c@@
@@BENCH-RAW@@ {"i":60,"s":[103351,103208,103115,103227,103042,103076,103383,103310,103185,103316,103216,103187,103249,103247,103150]} @@2ac17623@@
I (109453) bench: [61/71] font.marker@22                    7372571 ns/iter  322.69 ns/px  cv 0.09%
@@BENCH-CELL@@ {"t":"cell","i":61,"id":"font.marker@33","g":"font","ax":{"fmt":"888","font":"marker","size":33.0,"ratio":1.5000,"path":"shader/aa","orient":"rotcw","mem":"psram","rend":"async2","alpha":255,"halign":0,"corpus":0},"w":{"rows":7,"glyphs":71,"chars":76,"src_px":13008,"dest_px":29868},"m":{"reps":2,"n":7,"min":215812,"med":215853,"max":215991,"mean":215883.0,"sd":66.4},"d":{"ns_iter":107926500,"ns_px":3613.45},"q":{"cv":0.03,"spread":0.08,"mhz":360.0,"outliers":0,"flags":[]},"h":"aed9f152"} @@7ea7e4ba@@
@@BENCH-RAW@@ {"i":61,"s":[215911,215961,215829,215991,215824,215853,215812]} @@a5dab92b@@
I (111423) bench: [62/71] font.marker@33                   107926500 ns/iter  3613.45 ns/px  cv 0.03%
@@BENCH-CELL@@ {"t":"cell","i":62,"id":"font.condensed@45","g":"font","ax":{"fmt":"888","font":"saira_condensed","size":45.0,"ratio":1.0000,"path":"blit/alpha","orient":"rotcw","mem":"psram","rend":"async2","alpha":255,"halign":0,"corpus":0},"w":{"rows":5,"glyphs":47,"chars":51,"src_px":19237,"dest_px":19237},"m":{"reps":18,"n":15,"min":91886,"med":91947,"max":92049,"mean":91949.9,"sd":45.3},"d":{"ns_iter":5108166,"ns_px":265.54},"q":{"cv":0.05,"spread":0.18,"mhz":360.0,"outliers":0,"flags":[]},"h":"7bcb728d"} @@7b97054d@@
@@BENCH-RAW@@ {"i":62,"s":[92049,91980,91971,91892,91950,91947,91938,91886,91901,91983,92023,91943,91896,91956,91934]} @@953a3802@@
I (112853) bench: [63/71] font.condensed@45                 5108166 ns/iter  265.54 ns/px  cv 0.05%
@@BENCH-CELL@@ {"t":"cell","i":63,"id":"font.saira@27.noaa","g":"font","ax":{"fmt":"888","font":"saira_regular_noaa","size":27.0,"ratio":1.5000,"path":"shader/plain","orient":"rotcw","mem":"psram","rend":"async2","alpha":255,"halign":0,"corpus":0},"w":{"rows":8,"glyphs":92,"chars":100,"src_px":7701,"dest_px":18002},"m":{"reps":2,"n":13,"min":122981,"med":123024,"max":123096,"mean":123024.9,"sd":34.3},"d":{"ns_iter":61512000,"ns_px":3416.95},"q":{"cv":0.03,"spread":0.09,"mhz":360.0,"outliers":0,"flags":[]},"h":"9c31759b"} @@5c60f68e@@
@@BENCH-RAW@@ {"i":63,"s":[123059,123005,123055,123031,123065,123096,123024,122990,122981,122984,123029,123014,122991]} @@dcf56868@@
I (114733) bench: [64/71] font.saira@27.noaa               61512000 ns/iter  3416.95 ns/px  cv 0.03%
@@BENCH-CELL@@ {"t":"cell","i":64,"id":"rend.async1","g":"rend","ax":{"fmt":"888","font":"saira_regular","size":18.0,"ratio":1.0000,"path":"blit/alpha","orient":"rotcw","mem":"psram","rend":"async1","alpha":255,"halign":0,"corpus":0},"w":{"rows":12,"glyphs":161,"chars":175,"src_px":13512,"dest_px":13512},"m":{"reps":13,"n":15,"min":99701,"med":99806,"max":100032,"mean":99810.7,"sd":76.8},"d":{"ns_iter":7677384,"ns_px":568.19},"q":{"cv":0.08,"spread":0.33,"mhz":360.0,"outliers":0,"flags":[]},"h":"de65743c"} @@65ab8539@@
@@BENCH-RAW@@ {"i":64,"s":[100032,99747,99701,99806,99815,99802,99819,99837,99723,99727,99867,99866,99802,99780,99836]} @@fd78a1f8@@
I (116283) bench: [65/71] rend.async1                       7677384 ns/iter  568.19 ns/px  cv 0.08%
@@BENCH-CELL@@ {"t":"cell","i":65,"id":"alpha.fast1.a128","g":"alpha","ax":{"fmt":"888","font":"sky","size":9.0,"ratio":1.0000,"path":"blit/alpha","orient":"rotcw","mem":"psram","rend":"async2","alpha":128,"halign":0,"corpus":0},"w":{"rows":23,"glyphs":373,"chars":397,"src_px":10135,"dest_px":10135},"m":{"reps":17,"n":15,"min":102680,"med":102885,"max":103013,"mean":102866.9,"sd":87.4},"d":{"ns_iter":6052058,"ns_px":597.14},"q":{"cv":0.08,"spread":0.32,"mhz":360.0,"outliers":0,"flags":[]},"h":"cc2eccc5"} @@65573a68@@
@@BENCH-RAW@@ {"i":65,"s":[102808,102680,102756,102799,102763,102903,102872,102899,102920,102973,102941,102856,102935,102885,103013]} @@f5025269@@
I (117883) bench: [66/71] alpha.fast1.a128                  6052058 ns/iter  597.14 ns/px  cv 0.08%
@@BENCH-CELL@@ {"t":"cell","i":66,"id":"alpha.fast2.a128","g":"alpha","ax":{"fmt":"888","font":"saira_regular","size":18.0,"ratio":1.0000,"path":"blit/alpha","orient":"rotcw","mem":"psram","rend":"async2","alpha":128,"halign":0,"corpus":0},"w":{"rows":12,"glyphs":161,"chars":175,"src_px":13512,"dest_px":13512},"m":{"reps":19,"n":15,"min":96402,"med":96574,"max":96737,"mean":96565.9,"sd":103.2},"d":{"ns_iter":5082842,"ns_px":376.17},"q":{"cv":0.11,"spread":0.35,"mhz":360.0,"outliers":0,"flags":[]},"h":"012c199d"} @@95012a4b@@
@@BENCH-RAW@@ {"i":66,"s":[96558,96611,96512,96737,96574,96498,96583,96711,96402,96704,96665,96455,96478,96413,96587]} @@1bba77de@@
I (119383) bench: [67/71] alpha.fast2.a128                  5082842 ns/iter  376.17 ns/px  cv 0.11%
@@BENCH-CELL@@ {"t":"cell","i":67,"id":"len.short","g":"len","ax":{"fmt":"888","font":"saira_regular","size":18.0,"ratio":1.0000,"path":"blit/alpha","orient":"rotcw","mem":"psram","rend":"async2","alpha":255,"halign":0,"corpus":1},"w":{"rows":12,"glyphs":82,"chars":83,"src_px":7336,"dest_px":7336},"m":{"reps":29,"n":15,"min":90374,"med":90426,"max":90619,"mean":90439.7,"sd":58.0},"d":{"ns_iter":3118137,"ns_px":425.05},"q":{"cv":0.06,"spread":0.27,"mhz":360.0,"outliers":0,"flags":[]},"h":"450061c8"} @@00f706b3@@
@@BENCH-RAW@@ {"i":67,"s":[90475,90426,90426,90377,90619,90443,90374,90438,90452,90384,90421,90485,90418,90396,90461]} @@ea0fe2b8@@
I (120783) bench: [68/71] len.short                         3118137 ns/iter  425.05 ns/px  cv 0.06%
@@BENCH-CELL@@ {"t":"cell","i":68,"id":"len.long","g":"len","ax":{"fmt":"888","font":"saira_regular","size":18.0,"ratio":1.0000,"path":"blit/alpha","orient":"rotcw","mem":"psram","rend":"async2","alpha":255,"halign":0,"corpus":2},"w":{"rows":12,"glyphs":273,"chars":315,"src_px":22206,"dest_px":22206},"m":{"reps":13,"n":15,"min":105297,"med":105489,"max":105806,"mean":105514.6,"sd":139.5},"d":{"ns_iter":8114538,"ns_px":365.42},"q":{"cv":0.13,"spread":0.48,"mhz":360.0,"outliers":0,"flags":[]},"h":"504a97ad"} @@28f1f9f6@@
@@BENCH-RAW@@ {"i":68,"s":[105806,105604,105567,105450,105559,105297,105701,105694,105509,105489,105466,105391,105467,105420,105299]} @@2f0caa77@@
I (122423) bench: [69/71] len.long                          8114538 ns/iter  365.42 ns/px  cv 0.13%
@@BENCH-CELL@@ {"t":"cell","i":69,"id":"align.center","g":"align","ax":{"fmt":"888","font":"saira_regular","size":18.0,"ratio":1.0000,"path":"blit/alpha","orient":"rotcw","mem":"psram","rend":"async2","alpha":255,"halign":1,"corpus":0},"w":{"rows":12,"glyphs":161,"chars":175,"src_px":13512,"dest_px":13512},"m":{"reps":19,"n":15,"min":97170,"med":97282,"max":97505,"mean":97299.5,"sd":100.8},"d":{"ns_iter":5120105,"ns_px":378.93},"q":{"cv":0.10,"spread":0.34,"mhz":360.0,"outliers":0,"flags":[]},"h":"4f91d280"} @@a9520029@@
@@BENCH-RAW@@ {"i":69,"s":[97384,97170,97282,97306,97215,97263,97211,97478,97268,97328,97327,97389,97175,97192,97505]} @@71dff07e@@
I (123933) bench: [70/71] align.center                      5120105 ns/iter  378.93 ns/px  cv 0.10%
@@BENCH-CELL@@ {"t":"cell","i":70,"id":"drift.last","g":"drift","ax":{"fmt":"888","font":"saira_regular","size":18.0,"ratio":1.0000,"path":"blit/alpha","orient":"rotcw","mem":"psram","rend":"async2","alpha":255,"halign":0,"corpus":0},"w":{"rows":12,"glyphs":161,"chars":175,"src_px":13512,"dest_px":13512},"m":{"reps":19,"n":15,"min":96441,"med":96553,"max":96753,"mean":96563.7,"sd":88.5},"d":{"ns_iter":5081736,"ns_px":376.09},"q":{"cv":0.09,"spread":0.32,"mhz":360.0,"outliers":0,"flags":[]},"h":"de65743c"} @@dc0e723c@@
@@BENCH-RAW@@ {"i":70,"s":[96573,96553,96753,96586,96521,96442,96526,96441,96608,96631,96607,96545,96717,96463,96490]} @@bca51768@@
I (125433) bench: [71/71] drift.last                        5081736 ns/iter  376.09 ns/px  cv 0.09%
@@BENCH-END@@ {"t":"end","cells":71,"total_us":118648846,"status":"ok"} @@12755c73@@
